[0.154s] DEBUG:colcon:Command line arguments: ['/usr/bin/colcon', 'build', '--packages-select', 'raspbot_patrol']
[0.154s] DEBUG:colcon:Parsed command line arguments: Namespace(log_base=None, log_level=None, verb_name='build', build_base='build', install_base='install', merge_install=False, symlink_install=False, test_result_base=None, continue_on_error=False, executor='parallel', parallel_workers=4, event_handlers=None, ignore_user_meta=False, metas=['./colcon.meta'], base_paths=['.'], packages_ignore=None, packages_ignore_regex=None, paths=None, packages_up_to=None, packages_up_to_regex=None, packages_above=None, packages_above_and_dependencies=None, packages_above_depth=None, packages_select_by_dep=None, packages_skip_by_dep=None, packages_skip_up_to=None, packages_select_build_failed=False, packages_skip_build_finished=False, packages_select_test_failures=False, packages_skip_test_passed=False, packages_select=['raspbot_patrol'], packages_skip=None, packages_select_regex=None, packages_skip_regex=None, packages_start=None, packages_end=None, allow_overriding=[], cmake_args=None, cmake_target=None, cmake_target_skip_unavailable=False, cmake_clean_cache=False, cmake_clean_first=False, cmake_force_configure=False, ament_cmake_args=None, catkin_cmake_args=None, catkin_skip_building_tests=False, verb_parser=<colcon_defaults.argument_parser.defaults.DefaultArgumentsDecorator object at 0x71f92ed64c40>, verb_extension=<colcon_core.verb.build.BuildVerb object at 0x71f92ed64730>, main=<bound method BuildVerb.main of <colcon_core.verb.build.BuildVerb object at 0x71f92ed64730>>)
[0.522s] Level 1:colcon.colcon_core.package_discovery:discover_packages(colcon_meta) check parameters
[0.522s] Level 1:colcon.colcon_core.package_discovery:discover_packages(recursive) check parameters
[0.522s] Level 1:colcon.colcon_core.package_discovery:discover_packages(ignore) check parameters
[0.522s] Level 1:colcon.colcon_core.package_discovery:discover_packages(path) check parameters
[0.522s] Level 1:colcon.colcon_core.package_discovery:discover_packages(colcon_meta) discover
[0.522s] Level 1:colcon.colcon_core.package_discovery:discover_packages(recursive) discover
[0.522s] INFO:colcon.colcon_core.package_discovery:Crawling recursively for packages in '/home/yahboom/S26_RobotProgramming_Iron/final_ws'
[0.522s] Level 1:colcon.colcon_core.package_identification:_identify(.) by extensions ['ignore', 'ignore_ament_install']
[0.522s] Level 1:colcon.colcon_core.package_identification:_identify(.) by extension 'ignore'
[0.523s] Level 1:colcon.colcon_core.package_identification:_identify(.) by extension 'ignore_ament_install'
[0.523s] Level 1:colcon.colcon_core.package_identification:_identify(.) by extensions ['colcon_pkg']
[0.523s] Level 1:colcon.colcon_core.package_identification:_identify(.) by extension 'colcon_pkg'
[0.523s] Level 1:colcon.colcon_core.package_identification:_identify(.) by extensions ['colcon_meta']
[0.523s] Level 1:colcon.colcon_core.package_identification:_identify(.) by extension 'colcon_meta'
[0.523s] Level 1:colcon.colcon_core.package_identification:_identify(.) by extensions ['ros']
[0.523s] Level 1:colcon.colcon_core.package_identification:_identify(.) by extension 'ros'
[0.534s] Level 1:colcon.colcon_core.package_identification:_identify(.) by extensions ['cmake', 'python']
[0.534s] Level 1:colcon.colcon_core.package_identification:_identify(.) by extension 'cmake'
[0.534s] Level 1:colcon.colcon_core.package_identification:_identify(.) by extension 'python'
[0.534s] Level 1:colcon.colcon_core.package_identification:_identify(.) by extensions ['python_setup_py']
[0.534s] Level 1:colcon.colcon_core.package_identification:_identify(.) by extension 'python_setup_py'
[0.534s] Level 1:colcon.colcon_core.package_identification:_identify(build) by extensions ['ignore', 'ignore_ament_install']
[0.534s] Level 1:colcon.colcon_core.package_identification:_identify(build) by extension 'ignore'
[0.534s] Level 1:colcon.colcon_core.package_identification:_identify(build) ignored
[0.535s] Level 1:colcon.colcon_core.package_identification:_identify(install) by extensions ['ignore', 'ignore_ament_install']
[0.535s] Level 1:colcon.colcon_core.package_identification:_identify(install) by extension 'ignore'
[0.535s] Level 1:colcon.colcon_core.package_identification:_identify(install) ignored
[0.535s] Level 1:colcon.colcon_core.package_identification:_identify(log) by extensions ['ignore', 'ignore_ament_install']
[0.535s] Level 1:colcon.colcon_core.package_identification:_identify(log) by extension 'ignore'
[0.535s] Level 1:colcon.colcon_core.package_identification:_identify(log) ignored
[0.535s] Level 1:colcon.colcon_core.package_identification:_identify(src) by extensions ['ignore', 'ignore_ament_install']
[0.535s] Level 1:colcon.colcon_core.package_identification:_identify(src) by extension 'ignore'
[0.535s] Level 1:colcon.colcon_core.package_identification:_identify(src) by extension 'ignore_ament_install'
[0.535s] Level 1:colcon.colcon_core.package_identification:_identify(src) by extensions ['colcon_pkg']
[0.535s] Level 1:colcon.colcon_core.package_identification:_identify(src) by extension 'colcon_pkg'
[0.535s] Level 1:colcon.colcon_core.package_identification:_identify(src) by extensions ['colcon_meta']
[0.535s] Level 1:colcon.colcon_core.package_identification:_identify(src) by extension 'colcon_meta'
[0.535s] Level 1:colcon.colcon_core.package_identification:_identify(src) by extensions ['ros']
[0.535s] Level 1:colcon.colcon_core.package_identification:_identify(src) by extension 'ros'
[0.535s] Level 1:colcon.colcon_core.package_identification:_identify(src) by extensions ['cmake', 'python']
[0.536s] Level 1:colcon.colcon_core.package_identification:_identify(src) by extension 'cmake'
[0.536s] Level 1:colcon.colcon_core.package_identification:_identify(src) by extension 'python'
[0.536s] Level 1:colcon.colcon_core.package_identification:_identify(src) by extensions ['python_setup_py']
[0.536s] Level 1:colcon.colcon_core.package_identification:_identify(src) by extension 'python_setup_py'
[0.536s] Level 1:colcon.colcon_core.package_identification:_identify(src/raspbot_patrol) by extensions ['ignore', 'ignore_ament_install']
[0.536s] Level 1:colcon.colcon_core.package_identification:_identify(src/raspbot_patrol) by extension 'ignore'
[0.536s] Level 1:colcon.colcon_core.package_identification:_identify(src/raspbot_patrol) by extension 'ignore_ament_install'
[0.536s] Level 1:colcon.colcon_core.package_identification:_identify(src/raspbot_patrol) by extensions ['colcon_pkg']
[0.536s] Level 1:colcon.colcon_core.package_identification:_identify(src/raspbot_patrol) by extension 'colcon_pkg'
[0.536s] Level 1:colcon.colcon_core.package_identification:_identify(src/raspbot_patrol) by extensions ['colcon_meta']
[0.536s] Level 1:colcon.colcon_core.package_identification:_identify(src/raspbot_patrol) by extension 'colcon_meta'
[0.536s] Level 1:colcon.colcon_core.package_identification:_identify(src/raspbot_patrol) by extensions ['ros']
[0.536s] Level 1:colcon.colcon_core.package_identification:_identify(src/raspbot_patrol) by extension 'ros'
[0.538s] DEBUG:colcon.colcon_core.package_identification:Package 'src/raspbot_patrol' with type 'ros.ament_cmake' and name 'raspbot_patrol'
[0.538s] Level 1:colcon.colcon_core.package_discovery:discover_packages(recursive) using defaults
[0.538s] Level 1:colcon.colcon_core.package_discovery:discover_packages(ignore) discover
[0.538s] Level 1:colcon.colcon_core.package_discovery:discover_packages(ignore) using defaults
[0.538s] Level 1:colcon.colcon_core.package_discovery:discover_packages(path) discover
[0.538s] Level 1:colcon.colcon_core.package_discovery:discover_packages(path) using defaults
[0.578s] Level 1:colcon.colcon_core.package_discovery:discover_packages(prefix_path) check parameters
[0.579s] Level 1:colcon.colcon_core.package_discovery:discover_packages(prefix_path) discover
[0.582s] DEBUG:colcon.colcon_installed_package_information.package_discovery:Found 2 installed packages in /home/yahboom/gmapping_ws/install
[0.585s] DEBUG:colcon.colcon_installed_package_information.package_discovery:Found 377 installed packages in /opt/ros/humble
[0.587s] Level 1:colcon.colcon_core.package_discovery:discover_packages(prefix_path) using defaults
[0.638s] Level 5:colcon.colcon_core.verb:set package 'raspbot_patrol' build argument 'cmake_args' from command line to 'None'
[0.639s] Level 5:colcon.colcon_core.verb:set package 'raspbot_patrol' build argument 'cmake_target' from command line to 'None'
[0.639s] Level 5:colcon.colcon_core.verb:set package 'raspbot_patrol' build argument 'cmake_target_skip_unavailable' from command line to 'False'
[0.639s] Level 5:colcon.colcon_core.verb:set package 'raspbot_patrol' build argument 'cmake_clean_cache' from command line to 'False'
[0.639s] Level 5:colcon.colcon_core.verb:set package 'raspbot_patrol' build argument 'cmake_clean_first' from command line to 'False'
[0.639s] Level 5:colcon.colcon_core.verb:set package 'raspbot_patrol' build argument 'cmake_force_configure' from command line to 'False'
[0.639s] Level 5:colcon.colcon_core.verb:set package 'raspbot_patrol' build argument 'ament_cmake_args' from command line to 'None'
[0.639s] Level 5:colcon.colcon_core.verb:set package 'raspbot_patrol' build argument 'catkin_cmake_args' from command line to 'None'
[0.639s] Level 5:colcon.colcon_core.verb:set package 'raspbot_patrol' build argument 'catkin_skip_building_tests' from command line to 'False'
[0.639s] DEBUG:colcon.colcon_core.verb:Building package 'raspbot_patrol' with the following arguments: {'ament_cmake_args': None, 'build_base': '/home/yahboom/S26_RobotProgramming_Iron/final_ws/build/raspbot_patrol', 'catkin_cmake_args': None, 'catkin_skip_building_tests': False, 'cmake_args': None, 'cmake_clean_cache': False, 'cmake_clean_first': False, 'cmake_force_configure': False, 'cmake_target': None, 'cmake_target_skip_unavailable': False, 'install_base': '/home/yahboom/S26_RobotProgramming_Iron/final_ws/install/raspbot_patrol', 'merge_install': False, 'path': '/home/yahboom/S26_RobotProgramming_Iron/final_ws/src/raspbot_patrol', 'symlink_install': False, 'test_result_base': None}
[0.639s] INFO:colcon.colcon_core.executor:Executing jobs using 'parallel' executor
[0.640s] DEBUG:colcon.colcon_parallel_executor.executor.parallel:run_until_complete
[0.640s] INFO:colcon.colcon_ros.task.ament_cmake.build:Building ROS package in '/home/yahboom/S26_RobotProgramming_Iron/final_ws/src/raspbot_patrol' with build type 'ament_cmake'
[0.640s] INFO:colcon.colcon_cmake.task.cmake.build:Building CMake package in '/home/yahboom/S26_RobotProgramming_Iron/final_ws/src/raspbot_patrol'
[0.646s] INFO:colcon.colcon_core.plugin_system:Skipping extension 'colcon_core.shell.bat': Not used on non-Windows systems
[0.647s] INFO:colcon.colcon_core.shell:Skip shell extension 'powershell' for command environment: Not usable outside of PowerShell
[0.647s] DEBUG:colcon.colcon_core.shell:Skip shell extension 'dsv' for command environment
[0.661s] DEBUG:colcon.colcon_core.event_handler.log_command:Invoking command in '/home/yahboom/S26_RobotProgramming_Iron/final_ws/build/raspbot_patrol': CMAKE_PREFIX_PATH=${CMAKE_PREFIX_PATH}:/opt/ros/humble /usr/bin/cmake /home/yahboom/S26_RobotProgramming_Iron/final_ws/src/raspbot_patrol -DCMAKE_INSTALL_PREFIX=/home/yahboom/S26_RobotProgramming_Iron/final_ws/install/raspbot_patrol
[4.828s] DEBUG:colcon.colcon_core.event_handler.log_command:Invoked command in '/home/yahboom/S26_RobotProgramming_Iron/final_ws/build/raspbot_patrol' returned '0': CMAKE_PREFIX_PATH=${CMAKE_PREFIX_PATH}:/opt/ros/humble /usr/bin/cmake /home/yahboom/S26_RobotProgramming_Iron/final_ws/src/raspbot_patrol -DCMAKE_INSTALL_PREFIX=/home/yahboom/S26_RobotProgramming_Iron/final_ws/install/raspbot_patrol
[4.831s] DEBUG:colcon.colcon_core.event_handler.log_command:Invoking command in '/home/yahboom/S26_RobotProgramming_Iron/final_ws/build/raspbot_patrol': CMAKE_PREFIX_PATH=${CMAKE_PREFIX_PATH}:/opt/ros/humble /usr/bin/cmake --build /home/yahboom/S26_RobotProgramming_Iron/final_ws/build/raspbot_patrol -- -j4 -l4
[10.355s] DEBUG:colcon.colcon_core.event_handler.log_command:Invoked command in '/home/yahboom/S26_RobotProgramming_Iron/final_ws/build/raspbot_patrol' returned '0': CMAKE_PREFIX_PATH=${CMAKE_PREFIX_PATH}:/opt/ros/humble /usr/bin/cmake --build /home/yahboom/S26_RobotProgramming_Iron/final_ws/build/raspbot_patrol -- -j4 -l4
[10.677s] DEBUG:colcon.colcon_core.event_handler.log_command:Invoking command in '/home/yahboom/S26_RobotProgramming_Iron/final_ws/build/raspbot_patrol': CMAKE_PREFIX_PATH=${CMAKE_PREFIX_PATH}:/opt/ros/humble /usr/bin/cmake --install /home/yahboom/S26_RobotProgramming_Iron/final_ws/build/raspbot_patrol
[10.811s] Level 1:colcon.colcon_core.environment:create_environment_scripts_only(raspbot_patrol)
[10.812s] DEBUG:colcon.colcon_core.event_handler.log_command:Invoked command in '/home/yahboom/S26_RobotProgramming_Iron/final_ws/build/raspbot_patrol' returned '0': CMAKE_PREFIX_PATH=${CMAKE_PREFIX_PATH}:/opt/ros/humble /usr/bin/cmake --install /home/yahboom/S26_RobotProgramming_Iron/final_ws/build/raspbot_patrol
[10.818s] Level 1:colcon.colcon_core.environment:checking '/home/yahboom/S26_RobotProgramming_Iron/final_ws/install/raspbot_patrol' for CMake module files
[10.819s] Level 1:colcon.colcon_core.environment:checking '/home/yahboom/S26_RobotProgramming_Iron/final_ws/install/raspbot_patrol' for CMake config files
[10.820s] Level 1:colcon.colcon_core.shell:create_environment_hook('raspbot_patrol', 'cmake_prefix_path')
[10.820s] INFO:colcon.colcon_core.shell:Creating environment hook '/home/yahboom/S26_RobotProgramming_Iron/final_ws/install/raspbot_patrol/share/raspbot_patrol/hook/cmake_prefix_path.ps1'
[10.821s] INFO:colcon.colcon_core.shell:Creating environment descriptor '/home/yahboom/S26_RobotProgramming_Iron/final_ws/install/raspbot_patrol/share/raspbot_patrol/hook/cmake_prefix_path.dsv'
[10.822s] INFO:colcon.colcon_core.shell:Creating environment hook '/home/yahboom/S26_RobotProgramming_Iron/final_ws/install/raspbot_patrol/share/raspbot_patrol/hook/cmake_prefix_path.sh'
[10.822s] Level 1:colcon.colcon_core.environment:checking '/home/yahboom/S26_RobotProgramming_Iron/final_ws/install/raspbot_patrol/lib'
[10.823s] Level 1:colcon.colcon_core.shell:create_environment_hook('raspbot_patrol', 'ld_library_path_lib')
[10.823s] INFO:colcon.colcon_core.shell:Creating environment hook '/home/yahboom/S26_RobotProgramming_Iron/final_ws/install/raspbot_patrol/share/raspbot_patrol/hook/ld_library_path_lib.ps1'
[10.823s] INFO:colcon.colcon_core.shell:Creating environment descriptor '/home/yahboom/S26_RobotProgramming_Iron/final_ws/install/raspbot_patrol/share/raspbot_patrol/hook/ld_library_path_lib.dsv'
[10.824s] INFO:colcon.colcon_core.shell:Creating environment hook '/home/yahboom/S26_RobotProgramming_Iron/final_ws/install/raspbot_patrol/share/raspbot_patrol/hook/ld_library_path_lib.sh'
[10.824s] Level 1:colcon.colcon_core.environment:checking '/home/yahboom/S26_RobotProgramming_Iron/final_ws/install/raspbot_patrol/bin'
[10.824s] Level 1:colcon.colcon_core.environment:checking '/home/yahboom/S26_RobotProgramming_Iron/final_ws/install/raspbot_patrol/lib/pkgconfig/raspbot_patrol.pc'
[10.824s] Level 1:colcon.colcon_core.environment:checking '/home/yahboom/S26_RobotProgramming_Iron/final_ws/install/raspbot_patrol/lib/python3.10/site-packages'
[10.824s] Level 1:colcon.colcon_core.environment:checking '/home/yahboom/S26_RobotProgramming_Iron/final_ws/install/raspbot_patrol/bin'
[10.825s] INFO:colcon.colcon_core.shell:Creating package script '/home/yahboom/S26_RobotProgramming_Iron/final_ws/install/raspbot_patrol/share/raspbot_patrol/package.ps1'
[10.825s] INFO:colcon.colcon_core.shell:Creating package descriptor '/home/yahboom/S26_RobotProgramming_Iron/final_ws/install/raspbot_patrol/share/raspbot_patrol/package.dsv'
[10.826s] INFO:colcon.colcon_core.shell:Creating package script '/home/yahboom/S26_RobotProgramming_Iron/final_ws/install/raspbot_patrol/share/raspbot_patrol/package.sh'
[10.827s] INFO:colcon.colcon_core.shell:Creating package script '/home/yahboom/S26_RobotProgramming_Iron/final_ws/install/raspbot_patrol/share/raspbot_patrol/package.bash'
[10.827s] INFO:colcon.colcon_core.shell:Creating package script '/home/yahboom/S26_RobotProgramming_Iron/final_ws/install/raspbot_patrol/share/raspbot_patrol/package.zsh'
[10.827s] Level 1:colcon.colcon_core.environment:create_file_with_runtime_dependencies(/home/yahboom/S26_RobotProgramming_Iron/final_ws/install/raspbot_patrol/share/colcon-core/packages/raspbot_patrol)
[11.150s] Level 1:colcon.colcon_core.environment:create_environment_scripts_only(raspbot_patrol)
[11.150s] Level 1:colcon.colcon_core.environment:checking '/home/yahboom/S26_RobotProgramming_Iron/final_ws/install/raspbot_patrol' for CMake module files
[11.151s] Level 1:colcon.colcon_core.environment:checking '/home/yahboom/S26_RobotProgramming_Iron/final_ws/install/raspbot_patrol' for CMake config files
[11.152s] Level 1:colcon.colcon_core.shell:create_environment_hook('raspbot_patrol', 'cmake_prefix_path')
[11.152s] INFO:colcon.colcon_core.shell:Creating environment hook '/home/yahboom/S26_RobotProgramming_Iron/final_ws/install/raspbot_patrol/share/raspbot_patrol/hook/cmake_prefix_path.ps1'
[11.152s] INFO:colcon.colcon_core.shell:Creating environment descriptor '/home/yahboom/S26_RobotProgramming_Iron/final_ws/install/raspbot_patrol/share/raspbot_patrol/hook/cmake_prefix_path.dsv'
[11.153s] INFO:colcon.colcon_core.shell:Creating environment hook '/home/yahboom/S26_RobotProgramming_Iron/final_ws/install/raspbot_patrol/share/raspbot_patrol/hook/cmake_prefix_path.sh'
[11.154s] Level 1:colcon.colcon_core.environment:checking '/home/yahboom/S26_RobotProgramming_Iron/final_ws/install/raspbot_patrol/lib'
[11.154s] Level 1:colcon.colcon_core.shell:create_environment_hook('raspbot_patrol', 'ld_library_path_lib')
[11.154s] INFO:colcon.colcon_core.shell:Creating environment hook '/home/yahboom/S26_RobotProgramming_Iron/final_ws/install/raspbot_patrol/share/raspbot_patrol/hook/ld_library_path_lib.ps1'
[11.154s] INFO:colcon.colcon_core.shell:Creating environment descriptor '/home/yahboom/S26_RobotProgramming_Iron/final_ws/install/raspbot_patrol/share/raspbot_patrol/hook/ld_library_path_lib.dsv'
[11.155s] INFO:colcon.colcon_core.shell:Creating environment hook '/home/yahboom/S26_RobotProgramming_Iron/final_ws/install/raspbot_patrol/share/raspbot_patrol/hook/ld_library_path_lib.sh'
[11.155s] Level 1:colcon.colcon_core.environment:checking '/home/yahboom/S26_RobotProgramming_Iron/final_ws/install/raspbot_patrol/bin'
[11.156s] Level 1:colcon.colcon_core.environment:checking '/home/yahboom/S26_RobotProgramming_Iron/final_ws/install/raspbot_patrol/lib/pkgconfig/raspbot_patrol.pc'
[11.156s] Level 1:colcon.colcon_core.environment:checking '/home/yahboom/S26_RobotProgramming_Iron/final_ws/install/raspbot_patrol/lib/python3.10/site-packages'
[11.156s] Level 1:colcon.colcon_core.environment:checking '/home/yahboom/S26_RobotProgramming_Iron/final_ws/install/raspbot_patrol/bin'
[11.156s] INFO:colcon.colcon_core.shell:Creating package script '/home/yahboom/S26_RobotProgramming_Iron/final_ws/install/raspbot_patrol/share/raspbot_patrol/package.ps1'
[11.157s] INFO:colcon.colcon_core.shell:Creating package descriptor '/home/yahboom/S26_RobotProgramming_Iron/final_ws/install/raspbot_patrol/share/raspbot_patrol/package.dsv'
[11.157s] INFO:colcon.colcon_core.shell:Creating package script '/home/yahboom/S26_RobotProgramming_Iron/final_ws/install/raspbot_patrol/share/raspbot_patrol/package.sh'
[11.158s] INFO:colcon.colcon_core.shell:Creating package script '/home/yahboom/S26_RobotProgramming_Iron/final_ws/install/raspbot_patrol/share/raspbot_patrol/package.bash'
[11.158s] INFO:colcon.colcon_core.shell:Creating package script '/home/yahboom/S26_RobotProgramming_Iron/final_ws/install/raspbot_patrol/share/raspbot_patrol/package.zsh'
[11.159s] Level 1:colcon.colcon_core.environment:create_file_with_runtime_dependencies(/home/yahboom/S26_RobotProgramming_Iron/final_ws/install/raspbot_patrol/share/colcon-core/packages/raspbot_patrol)
[11.159s] DEBUG:colcon.colcon_parallel_executor.executor.parallel:closing loop
[11.159s] DEBUG:colcon.colcon_parallel_executor.executor.parallel:loop closed
[11.159s] DEBUG:colcon.colcon_parallel_executor.executor.parallel:run_until_complete finished with '0'
[11.159s] DEBUG:colcon.colcon_core.event_reactor:joining thread
[11.170s] INFO:colcon.colcon_core.plugin_system:Skipping extension 'colcon_notification.desktop_notification.terminal_notifier': Not used on non-Darwin systems
[11.171s] INFO:colcon.colcon_core.plugin_system:Skipping extension 'colcon_notification.desktop_notification.win32': Not used on non-Windows systems
[11.171s] INFO:colcon.colcon_notification.desktop_notification:Sending desktop notification using 'notify2'
[11.196s] DEBUG:colcon.colcon_core.event_reactor:joined thread
[11.197s] INFO:colcon.colcon_core.shell:Creating prefix script '/home/yahboom/S26_RobotProgramming_Iron/final_ws/install/local_setup.ps1'
[11.198s] INFO:colcon.colcon_core.shell:Creating prefix util module '/home/yahboom/S26_RobotProgramming_Iron/final_ws/install/_local_setup_util_ps1.py'
[11.199s] INFO:colcon.colcon_core.shell:Creating prefix chain script '/home/yahboom/S26_RobotProgramming_Iron/final_ws/install/setup.ps1'
[11.200s] INFO:colcon.colcon_core.shell:Creating prefix script '/home/yahboom/S26_RobotProgramming_Iron/final_ws/install/local_setup.sh'
[11.200s] INFO:colcon.colcon_core.shell:Creating prefix util module '/home/yahboom/S26_RobotProgramming_Iron/final_ws/install/_local_setup_util_sh.py'
[11.200s] INFO:colcon.colcon_core.shell:Creating prefix chain script '/home/yahboom/S26_RobotProgramming_Iron/final_ws/install/setup.sh'
[11.202s] INFO:colcon.colcon_core.shell:Creating prefix script '/home/yahboom/S26_RobotProgramming_Iron/final_ws/install/local_setup.bash'
[11.202s] INFO:colcon.colcon_core.shell:Creating prefix chain script '/home/yahboom/S26_RobotProgramming_Iron/final_ws/install/setup.bash'
[11.203s] INFO:colcon.colcon_core.shell:Creating prefix script '/home/yahboom/S26_RobotProgramming_Iron/final_ws/install/local_setup.zsh'
[11.203s] INFO:colcon.colcon_core.shell:Creating prefix chain script '/home/yahboom/S26_RobotProgramming_Iron/final_ws/install/setup.zsh'
