[0.913s] Invoking command in '/home/yahboom/Desktop/S26_RobotProgramming_Iron/Lab4/chuang/intro_ws/src/python_parameters': PYTHONPATH=/home/yahboom/Desktop/S26_RobotProgramming_Iron/Lab4/chuang/intro_ws/build/python_parameters/prefix_override:/home/yahboom/Desktop/S26_RobotProgramming_Iron/Lab4/chuang/intro_ws/install/python_parameters/lib/python3.10/site-packages:${PYTHONPATH} /usr/bin/python3 -W ignore:setup.py install is deprecated setup.py egg_info --egg-base ../../build/python_parameters build --build-base /home/yahboom/Desktop/S26_RobotProgramming_Iron/Lab4/chuang/intro_ws/build/python_parameters/build install --record /home/yahboom/Desktop/S26_RobotProgramming_Iron/Lab4/chuang/intro_ws/build/python_parameters/install.log --single-version-externally-managed install_data
[1.259s] running egg_info
[1.260s] creating ../../build/python_parameters/python_parameters.egg-info
[1.260s] writing ../../build/python_parameters/python_parameters.egg-info/PKG-INFO
[1.261s] writing dependency_links to ../../build/python_parameters/python_parameters.egg-info/dependency_links.txt
[1.261s] writing entry points to ../../build/python_parameters/python_parameters.egg-info/entry_points.txt
[1.261s] writing requirements to ../../build/python_parameters/python_parameters.egg-info/requires.txt
[1.261s] writing top-level names to ../../build/python_parameters/python_parameters.egg-info/top_level.txt
[1.262s] writing manifest file '../../build/python_parameters/python_parameters.egg-info/SOURCES.txt'
[1.263s] reading manifest file '../../build/python_parameters/python_parameters.egg-info/SOURCES.txt'
[1.264s] writing manifest file '../../build/python_parameters/python_parameters.egg-info/SOURCES.txt'
[1.265s] running build
[1.265s] running build_py
[1.265s] creating /home/yahboom/Desktop/S26_RobotProgramming_Iron/Lab4/chuang/intro_ws/build/python_parameters/build
[1.265s] creating /home/yahboom/Desktop/S26_RobotProgramming_Iron/Lab4/chuang/intro_ws/build/python_parameters/build/lib
[1.265s] creating /home/yahboom/Desktop/S26_RobotProgramming_Iron/Lab4/chuang/intro_ws/build/python_parameters/build/lib/python_parameters
[1.266s] copying python_parameters/__init__.py -> /home/yahboom/Desktop/S26_RobotProgramming_Iron/Lab4/chuang/intro_ws/build/python_parameters/build/lib/python_parameters
[1.266s] copying python_parameters/python_parameters_node.py -> /home/yahboom/Desktop/S26_RobotProgramming_Iron/Lab4/chuang/intro_ws/build/python_parameters/build/lib/python_parameters
[1.266s] running install
[1.266s] running install_lib
[1.267s] creating /home/yahboom/Desktop/S26_RobotProgramming_Iron/Lab4/chuang/intro_ws/install/python_parameters/lib/python3.10/site-packages/python_parameters
[1.267s] copying /home/yahboom/Desktop/S26_RobotProgramming_Iron/Lab4/chuang/intro_ws/build/python_parameters/build/lib/python_parameters/__init__.py -> /home/yahboom/Desktop/S26_RobotProgramming_Iron/Lab4/chuang/intro_ws/install/python_parameters/lib/python3.10/site-packages/python_parameters
[1.267s] copying /home/yahboom/Desktop/S26_RobotProgramming_Iron/Lab4/chuang/intro_ws/build/python_parameters/build/lib/python_parameters/python_parameters_node.py -> /home/yahboom/Desktop/S26_RobotProgramming_Iron/Lab4/chuang/intro_ws/install/python_parameters/lib/python3.10/site-packages/python_parameters
[1.268s] byte-compiling /home/yahboom/Desktop/S26_RobotProgramming_Iron/Lab4/chuang/intro_ws/install/python_parameters/lib/python3.10/site-packages/python_parameters/__init__.py to __init__.cpython-310.pyc
[1.269s] byte-compiling /home/yahboom/Desktop/S26_RobotProgramming_Iron/Lab4/chuang/intro_ws/install/python_parameters/lib/python3.10/site-packages/python_parameters/python_parameters_node.py to python_parameters_node.cpython-310.pyc
[1.269s] running install_data
[1.270s] creating /home/yahboom/Desktop/S26_RobotProgramming_Iron/Lab4/chuang/intro_ws/install/python_parameters/share/ament_index
[1.270s] creating /home/yahboom/Desktop/S26_RobotProgramming_Iron/Lab4/chuang/intro_ws/install/python_parameters/share/ament_index/resource_index
[1.270s] creating /home/yahboom/Desktop/S26_RobotProgramming_Iron/Lab4/chuang/intro_ws/install/python_parameters/share/ament_index/resource_index/packages
[1.270s] copying resource/python_parameters -> /home/yahboom/Desktop/S26_RobotProgramming_Iron/Lab4/chuang/intro_ws/install/python_parameters/share/ament_index/resource_index/packages
[1.270s] copying package.xml -> /home/yahboom/Desktop/S26_RobotProgramming_Iron/Lab4/chuang/intro_ws/install/python_parameters/share/python_parameters
[1.270s] running install_egg_info
[1.273s] Copying ../../build/python_parameters/python_parameters.egg-info to /home/yahboom/Desktop/S26_RobotProgramming_Iron/Lab4/chuang/intro_ws/install/python_parameters/lib/python3.10/site-packages/python_parameters-0.0.0-py3.10.egg-info
[1.275s] running install_scripts
[1.308s] Installing minimal_param_node script to /home/yahboom/Desktop/S26_RobotProgramming_Iron/Lab4/chuang/intro_ws/install/python_parameters/lib/python_parameters
[1.309s] writing list of installed files to '/home/yahboom/Desktop/S26_RobotProgramming_Iron/Lab4/chuang/intro_ws/build/python_parameters/install.log'
[1.331s] Invoked command in '/home/yahboom/Desktop/S26_RobotProgramming_Iron/Lab4/chuang/intro_ws/src/python_parameters' returned '0': PYTHONPATH=/home/yahboom/Desktop/S26_RobotProgramming_Iron/Lab4/chuang/intro_ws/build/python_parameters/prefix_override:/home/yahboom/Desktop/S26_RobotProgramming_Iron/Lab4/chuang/intro_ws/install/python_parameters/lib/python3.10/site-packages:${PYTHONPATH} /usr/bin/python3 -W ignore:setup.py install is deprecated setup.py egg_info --egg-base ../../build/python_parameters build --build-base /home/yahboom/Desktop/S26_RobotProgramming_Iron/Lab4/chuang/intro_ws/build/python_parameters/build install --record /home/yahboom/Desktop/S26_RobotProgramming_Iron/Lab4/chuang/intro_ws/build/python_parameters/install.log --single-version-externally-managed install_data
