[0.057s] Invoking command in '/home/yahboom/intro_ws/build/turtle_interfaces': CMAKE_PREFIX_PATH=${CMAKE_PREFIX_PATH}:/home/yahboom/intro_ws/install/turtle_test:/home/yahboom/intro_ws/install/examples_rclpy_pointcloud_publisher:/home/yahboom/intro_ws/install/examples_rclpy_minimal_subscriber:/home/yahboom/intro_ws/install/examples_rclpy_minimal_service:/home/yahboom/intro_ws/install/examples_rclpy_minimal_publisher:/home/yahboom/intro_ws/install/examples_rclpy_minimal_client:/home/yahboom/intro_ws/install/examples_rclpy_minimal_action_server:/home/yahboom/intro_ws/install/examples_rclpy_minimal_action_client:/home/yahboom/intro_ws/install/examples_rclpy_guard_conditions:/home/yahboom/intro_ws/install/examples_rclpy_executors:/home/yahboom/cartoros2/install/yahboomcar_nav:/home/yahboom/cartoros2/install/yahboomcar_ctrl:/home/yahboom/cartoros2/install/yahboom_visual:/home/yahboom/cartoros2/install/yahboom_dog_joint_state:/home/yahboom/cartoros2/install/yahboom_description:/home/yahboom/cartoros2/install/yahboom_color_identify_server:/home/yahboom/cartoros2/install/yahboom_bringup:/home/yahboom/cartoros2/install/yahboom_base:/home/yahboom/cartoros2/install/yahboom_app_save_map:/home/yahboom/cartoros2/install/update_map:/home/yahboom/cartoros2/install/rosboard:/home/yahboom/cartoros2/install/path_planner_server:/home/yahboom/cartoros2/install/nav2_simple_commander:/home/yahboom/cartoros2/install/nav2_gazebo_spawner:/home/yahboom/cartoros2/install/localization_server:/home/yahboom/cartoros2/install/laserscan_to_point_pulisher:/home/yahboom/yahboomcar_ws/install/yahboom_dog_example:/opt/ros/humble /usr/bin/cmake /home/yahboom/intro_ws/src/turtle_interfaces -DCMAKE_INSTALL_PREFIX=/home/yahboom/intro_ws/install/turtle_interfaces
[0.266s] -- The C compiler identification is GNU 11.4.0
[0.423s] -- The CXX compiler identification is GNU 11.4.0
[0.446s] -- Detecting C compiler ABI info
[0.693s] -- Detecting C compiler ABI info - done
[0.709s] -- Check for working C compiler: /usr/bin/cc - skipped
[0.709s] -- Detecting C compile features
[0.710s] -- Detecting C compile features - done
[0.717s] -- Detecting CXX compiler ABI info
[0.992s] -- Detecting CXX compiler ABI info - done
[1.007s] -- Check for working CXX compiler: /usr/bin/c++ - skipped
[1.008s] -- Detecting CXX compile features
[1.009s] -- Detecting CXX compile features - done
[1.043s] -- Found ament_cmake: 1.3.12 (/opt/ros/humble/share/ament_cmake/cmake)
[1.677s] -- Found Python3: /usr/bin/python3 (found version "3.10.12") found components: Interpreter 
[2.356s] -- Found rosidl_default_generators: 1.2.0 (/opt/ros/humble/share/rosidl_default_generators/cmake)
[2.436s] -- Using all available rosidl_typesupport_c: rosidl_typesupport_fastrtps_c;rosidl_typesupport_introspection_c
[2.534s] -- Found rosidl_adapter: 3.1.8 (/opt/ros/humble/share/rosidl_adapter/cmake)
[2.896s] -- Using all available rosidl_typesupport_cpp: rosidl_typesupport_fastrtps_cpp;rosidl_typesupport_introspection_cpp
[3.177s] -- Found ament_lint_auto: 0.12.14 (/opt/ros/humble/share/ament_lint_auto/cmake)
[4.579s] -- Found ament_cmake_ros: 0.10.0 (/opt/ros/humble/share/ament_cmake_ros/cmake)
[5.389s] -- Using all available rosidl_typesupport_c: rosidl_typesupport_fastrtps_c;rosidl_typesupport_introspection_c
[6.300s] -- Using all available rosidl_typesupport_cpp: rosidl_typesupport_fastrtps_cpp;rosidl_typesupport_introspection_cpp
[6.407s] -- Found PythonInterp: /usr/bin/python3 (found suitable version "3.10.12", minimum required is "3.6") 
[6.444s] -- Found python_cmake_module: 0.10.0 (/opt/ros/humble/share/python_cmake_module/cmake)
[6.604s] -- Found PythonLibs: /usr/lib/x86_64-linux-gnu/libpython3.10.so (found suitable version "3.10.12", minimum required is "3.5") 
[6.604s] -- Using PYTHON_EXECUTABLE: /usr/bin/python3
[6.604s] -- Using PYTHON_INCLUDE_DIRS: /usr/include/python3.10
[6.604s] -- Using PYTHON_LIBRARIES: /usr/lib/x86_64-linux-gnu/libpython3.10.so
[6.686s] -- Found PythonExtra: .so  
[7.060s] -- Added test 'lint_cmake' to check CMake code style
[7.068s] -- Added test 'xmllint' to check XML markup files
[7.119s] -- Configuring done
[7.202s] -- Generating done
[7.228s] -- Build files have been written to: /home/yahboom/intro_ws/build/turtle_interfaces
[7.252s] Invoked command in '/home/yahboom/intro_ws/build/turtle_interfaces' returned '0': CMAKE_PREFIX_PATH=${CMAKE_PREFIX_PATH}:/home/yahboom/intro_ws/install/turtle_test:/home/yahboom/intro_ws/install/examples_rclpy_pointcloud_publisher:/home/yahboom/intro_ws/install/examples_rclpy_minimal_subscriber:/home/yahboom/intro_ws/install/examples_rclpy_minimal_service:/home/yahboom/intro_ws/install/examples_rclpy_minimal_publisher:/home/yahboom/intro_ws/install/examples_rclpy_minimal_client:/home/yahboom/intro_ws/install/examples_rclpy_minimal_action_server:/home/yahboom/intro_ws/install/examples_rclpy_minimal_action_client:/home/yahboom/intro_ws/install/examples_rclpy_guard_conditions:/home/yahboom/intro_ws/install/examples_rclpy_executors:/home/yahboom/cartoros2/install/yahboomcar_nav:/home/yahboom/cartoros2/install/yahboomcar_ctrl:/home/yahboom/cartoros2/install/yahboom_visual:/home/yahboom/cartoros2/install/yahboom_dog_joint_state:/home/yahboom/cartoros2/install/yahboom_description:/home/yahboom/cartoros2/install/yahboom_color_identify_server:/home/yahboom/cartoros2/install/yahboom_bringup:/home/yahboom/cartoros2/install/yahboom_base:/home/yahboom/cartoros2/install/yahboom_app_save_map:/home/yahboom/cartoros2/install/update_map:/home/yahboom/cartoros2/install/rosboard:/home/yahboom/cartoros2/install/path_planner_server:/home/yahboom/cartoros2/install/nav2_simple_commander:/home/yahboom/cartoros2/install/nav2_gazebo_spawner:/home/yahboom/cartoros2/install/localization_server:/home/yahboom/cartoros2/install/laserscan_to_point_pulisher:/home/yahboom/yahboomcar_ws/install/yahboom_dog_example:/opt/ros/humble /usr/bin/cmake /home/yahboom/intro_ws/src/turtle_interfaces -DCMAKE_INSTALL_PREFIX=/home/yahboom/intro_ws/install/turtle_interfaces
[7.253s] Invoking command in '/home/yahboom/intro_ws/build/turtle_interfaces': CMAKE_PREFIX_PATH=${CMAKE_PREFIX_PATH}:/home/yahboom/intro_ws/install/turtle_test:/home/yahboom/intro_ws/install/examples_rclpy_pointcloud_publisher:/home/yahboom/intro_ws/install/examples_rclpy_minimal_subscriber:/home/yahboom/intro_ws/install/examples_rclpy_minimal_service:/home/yahboom/intro_ws/install/examples_rclpy_minimal_publisher:/home/yahboom/intro_ws/install/examples_rclpy_minimal_client:/home/yahboom/intro_ws/install/examples_rclpy_minimal_action_server:/home/yahboom/intro_ws/install/examples_rclpy_minimal_action_client:/home/yahboom/intro_ws/install/examples_rclpy_guard_conditions:/home/yahboom/intro_ws/install/examples_rclpy_executors:/home/yahboom/cartoros2/install/yahboomcar_nav:/home/yahboom/cartoros2/install/yahboomcar_ctrl:/home/yahboom/cartoros2/install/yahboom_visual:/home/yahboom/cartoros2/install/yahboom_dog_joint_state:/home/yahboom/cartoros2/install/yahboom_description:/home/yahboom/cartoros2/install/yahboom_color_identify_server:/home/yahboom/cartoros2/install/yahboom_bringup:/home/yahboom/cartoros2/install/yahboom_base:/home/yahboom/cartoros2/install/yahboom_app_save_map:/home/yahboom/cartoros2/install/update_map:/home/yahboom/cartoros2/install/rosboard:/home/yahboom/cartoros2/install/path_planner_server:/home/yahboom/cartoros2/install/nav2_simple_commander:/home/yahboom/cartoros2/install/nav2_gazebo_spawner:/home/yahboom/cartoros2/install/localization_server:/home/yahboom/cartoros2/install/laserscan_to_point_pulisher:/home/yahboom/yahboomcar_ws/install/yahboom_dog_example:/opt/ros/humble /usr/bin/cmake --build /home/yahboom/intro_ws/build/turtle_interfaces -- -j4 -l4
[7.425s] [  2%] [34m[1mGenerating C code for ROS interfaces[0m
[7.475s] [  4%] [34m[1mGenerating C++ code for ROS interfaces[0m
[7.503s] [  4%] Built target ament_cmake_python_copy_turtle_interfaces
[8.314s] running egg_info
[8.315s] creating turtle_interfaces.egg-info
[8.315s] writing turtle_interfaces.egg-info/PKG-INFO
[8.316s] writing dependency_links to turtle_interfaces.egg-info/dependency_links.txt
[8.316s] writing top-level names to turtle_interfaces.egg-info/top_level.txt
[8.318s] writing manifest file 'turtle_interfaces.egg-info/SOURCES.txt'
[8.322s] reading manifest file 'turtle_interfaces.egg-info/SOURCES.txt'
[8.323s] writing manifest file 'turtle_interfaces.egg-info/SOURCES.txt'
[8.404s] [  4%] Built target ament_cmake_python_build_turtle_interfaces_egg
[8.923s] [  6%] [32mBuilding C object CMakeFiles/turtle_interfaces__rosidl_generator_c.dir/rosidl_generator_c/turtle_interfaces/msg/detail/turtle_pose__functions.c.o[0m
[8.932s] [  8%] [32mBuilding C object CMakeFiles/turtle_interfaces__rosidl_generator_c.dir/rosidl_generator_c/turtle_interfaces/action/detail/make_square__functions.c.o[0m
[8.933s] [ 10%] [32mBuilding C object CMakeFiles/turtle_interfaces__rosidl_generator_c.dir/rosidl_generator_c/turtle_interfaces/srv/detail/set_colors__functions.c.o[0m
[9.079s] [ 10%] Built target turtle_interfaces__cpp
[9.128s] [ 12%] [34m[1mGenerating C++ type support dispatch for ROS interfaces[0m
[9.135s] [ 14%] [34m[1mGenerating C++ type support for eProsima Fast-RTPS[0m
[9.146s] [ 17%] [34m[1mGenerating C++ introspection for ROS interfaces[0m
[9.283s] [ 19%] [32m[1mLinking C shared library libturtle_interfaces__rosidl_generator_c.so[0m
[9.422s] [ 19%] Built target turtle_interfaces__rosidl_generator_c
[9.472s] [ 21%] [34m[1mGenerating C type support for eProsima Fast-RTPS[0m
[10.159s] [ 23%] [32mBuilding CXX object CMakeFiles/turtle_interfaces__rosidl_typesupport_cpp.dir/rosidl_typesupport_cpp/turtle_interfaces/msg/turtle_pose__type_support.cpp.o[0m
[10.493s] [ 25%] [32mBuilding CXX object CMakeFiles/turtle_interfaces__rosidl_typesupport_fastrtps_cpp.dir/rosidl_typesupport_fastrtps_cpp/turtle_interfaces/msg/detail/dds_fastrtps/turtle_pose__type_support.cpp.o[0m
[10.519s] [ 27%] [32mBuilding CXX object CMakeFiles/turtle_interfaces__rosidl_typesupport_introspection_cpp.dir/rosidl_typesupport_introspection_cpp/turtle_interfaces/msg/detail/turtle_pose__type_support.cpp.o[0m
[10.773s] [ 29%] [32mBuilding CXX object CMakeFiles/turtle_interfaces__rosidl_typesupport_fastrtps_c.dir/rosidl_typesupport_fastrtps_c/turtle_interfaces/msg/detail/turtle_pose__type_support_c.cpp.o[0m
[10.789s] [ 31%] [32mBuilding CXX object CMakeFiles/turtle_interfaces__rosidl_typesupport_cpp.dir/rosidl_typesupport_cpp/turtle_interfaces/srv/set_colors__type_support.cpp.o[0m
[11.378s] [ 34%] [32mBuilding CXX object CMakeFiles/turtle_interfaces__rosidl_typesupport_introspection_cpp.dir/rosidl_typesupport_introspection_cpp/turtle_interfaces/srv/detail/set_colors__type_support.cpp.o[0m
[11.396s] [ 36%] [32mBuilding CXX object CMakeFiles/turtle_interfaces__rosidl_typesupport_cpp.dir/rosidl_typesupport_cpp/turtle_interfaces/action/make_square__type_support.cpp.o[0m
[11.506s] [ 38%] [32mBuilding CXX object CMakeFiles/turtle_interfaces__rosidl_typesupport_fastrtps_c.dir/rosidl_typesupport_fastrtps_c/turtle_interfaces/srv/detail/set_colors__type_support_c.cpp.o[0m
[11.536s] [ 40%] [32mBuilding CXX object CMakeFiles/turtle_interfaces__rosidl_typesupport_fastrtps_cpp.dir/rosidl_typesupport_fastrtps_cpp/turtle_interfaces/srv/detail/dds_fastrtps/set_colors__type_support.cpp.o[0m
[12.258s] [ 42%] [32mBuilding CXX object CMakeFiles/turtle_interfaces__rosidl_typesupport_introspection_cpp.dir/rosidl_typesupport_introspection_cpp/turtle_interfaces/action/detail/make_square__type_support.cpp.o[0m
[12.333s] [ 44%] [32mBuilding CXX object CMakeFiles/turtle_interfaces__rosidl_typesupport_fastrtps_c.dir/rosidl_typesupport_fastrtps_c/turtle_interfaces/action/detail/make_square__type_support_c.cpp.o[0m
[12.447s] [ 46%] [32m[1mLinking CXX shared library libturtle_interfaces__rosidl_typesupport_cpp.so[0m
[12.481s] [ 48%] [32mBuilding CXX object CMakeFiles/turtle_interfaces__rosidl_typesupport_fastrtps_cpp.dir/rosidl_typesupport_fastrtps_cpp/turtle_interfaces/action/detail/dds_fastrtps/make_square__type_support.cpp.o[0m
[12.602s] [ 48%] Built target turtle_interfaces__rosidl_typesupport_cpp
[12.658s] [ 51%] [34m[1mGenerating C introspection for ROS interfaces[0m
[13.283s] [ 53%] [32m[1mLinking CXX shared library libturtle_interfaces__rosidl_typesupport_fastrtps_c.so[0m
[13.527s] [ 53%] Built target turtle_interfaces__rosidl_typesupport_fastrtps_c
[13.582s] [ 55%] [34m[1mGenerating C type support dispatch for ROS interfaces[0m
[13.632s] [ 57%] [32m[1mLinking CXX shared library libturtle_interfaces__rosidl_typesupport_introspection_cpp.so[0m
[13.805s] [ 59%] [32m[1mLinking CXX shared library libturtle_interfaces__rosidl_typesupport_fastrtps_cpp.so[0m
[13.871s] [ 59%] Built target turtle_interfaces__rosidl_typesupport_introspection_cpp
[13.921s] [ 61%] [32mBuilding C object CMakeFiles/turtle_interfaces__rosidl_typesupport_introspection_c.dir/rosidl_typesupport_introspection_c/turtle_interfaces/msg/detail/turtle_pose__type_support.c.o[0m
[13.921s] [ 63%] [32mBuilding C object CMakeFiles/turtle_interfaces__rosidl_typesupport_introspection_c.dir/rosidl_typesupport_introspection_c/turtle_interfaces/srv/detail/set_colors__type_support.c.o[0m
[14.052s] [ 65%] [32mBuilding C object CMakeFiles/turtle_interfaces__rosidl_typesupport_introspection_c.dir/rosidl_typesupport_introspection_c/turtle_interfaces/action/detail/make_square__type_support.c.o[0m
[14.063s] [ 65%] Built target turtle_interfaces__rosidl_typesupport_fastrtps_cpp
[14.207s] [ 68%] [32m[1mLinking C shared library libturtle_interfaces__rosidl_typesupport_introspection_c.so[0m
[14.337s] [ 68%] Built target turtle_interfaces__rosidl_typesupport_introspection_c
[14.540s] [ 70%] [32mBuilding CXX object CMakeFiles/turtle_interfaces__rosidl_typesupport_c.dir/rosidl_typesupport_c/turtle_interfaces/msg/turtle_pose__type_support.cpp.o[0m
[14.541s] [ 74%] [32mBuilding CXX object CMakeFiles/turtle_interfaces__rosidl_typesupport_c.dir/rosidl_typesupport_c/turtle_interfaces/action/make_square__type_support.cpp.o[0m
[14.541s] [ 74%] [32mBuilding CXX object CMakeFiles/turtle_interfaces__rosidl_typesupport_c.dir/rosidl_typesupport_c/turtle_interfaces/srv/set_colors__type_support.cpp.o[0m
[14.696s] [ 76%] [32m[1mLinking CXX shared library libturtle_interfaces__rosidl_typesupport_c.so[0m
[14.842s] [ 76%] Built target turtle_interfaces__rosidl_typesupport_c
[14.935s] [ 76%] Built target turtle_interfaces
[15.030s] [ 78%] [34m[1mGenerating Python code for ROS interfaces[0m
[17.111s] [ 78%] Built target turtle_interfaces__py
[17.207s] [ 80%] [32mBuilding C object CMakeFiles/turtle_interfaces__rosidl_generator_py.dir/rosidl_generator_py/turtle_interfaces/msg/_turtle_pose_s.c.o[0m
[17.209s] [ 85%] [32mBuilding C object CMakeFiles/turtle_interfaces__rosidl_generator_py.dir/rosidl_generator_py/turtle_interfaces/srv/_set_colors_s.c.o[0m
[17.209s] [ 85%] [32mBuilding C object CMakeFiles/turtle_interfaces__rosidl_generator_py.dir/rosidl_generator_py/turtle_interfaces/action/_make_square_s.c.o[0m
[17.755s] [ 87%] [32m[1mLinking C shared library rosidl_generator_py/turtle_interfaces/libturtle_interfaces__rosidl_generator_py.so[0m
[17.903s] [ 87%] Built target turtle_interfaces__rosidl_generator_py
[18.002s] [ 89%] [32mBuilding C object CMakeFiles/turtle_interfaces__rosidl_typesupport_introspection_c__pyext.dir/rosidl_generator_py/turtle_interfaces/_turtle_interfaces_s.ep.rosidl_typesupport_introspection_c.c.o[0m
[18.002s] [ 91%] [32mBuilding C object CMakeFiles/turtle_interfaces__rosidl_typesupport_c__pyext.dir/rosidl_generator_py/turtle_interfaces/_turtle_interfaces_s.ep.rosidl_typesupport_c.c.o[0m
[18.003s] [ 93%] [32mBuilding C object CMakeFiles/turtle_interfaces__rosidl_typesupport_fastrtps_c__pyext.dir/rosidl_generator_py/turtle_interfaces/_turtle_interfaces_s.ep.rosidl_typesupport_fastrtps_c.c.o[0m
[18.325s] [ 95%] [32m[1mLinking C shared library rosidl_generator_py/turtle_interfaces/turtle_interfaces_s__rosidl_typesupport_introspection_c.cpython-310-x86_64-linux-gnu.so[0m
[18.337s] [ 97%] [32m[1mLinking C shared library rosidl_generator_py/turtle_interfaces/turtle_interfaces_s__rosidl_typesupport_fastrtps_c.cpython-310-x86_64-linux-gnu.so[0m
[18.337s] [100%] [32m[1mLinking C shared library rosidl_generator_py/turtle_interfaces/turtle_interfaces_s__rosidl_typesupport_c.cpython-310-x86_64-linux-gnu.so[0m
[18.475s] [100%] Built target turtle_interfaces__rosidl_typesupport_introspection_c__pyext
[18.490s] [100%] Built target turtle_interfaces__rosidl_typesupport_fastrtps_c__pyext
[18.493s] [100%] Built target turtle_interfaces__rosidl_typesupport_c__pyext
[18.536s] Invoked command in '/home/yahboom/intro_ws/build/turtle_interfaces' returned '0': CMAKE_PREFIX_PATH=${CMAKE_PREFIX_PATH}:/home/yahboom/intro_ws/install/turtle_test:/home/yahboom/intro_ws/install/examples_rclpy_pointcloud_publisher:/home/yahboom/intro_ws/install/examples_rclpy_minimal_subscriber:/home/yahboom/intro_ws/install/examples_rclpy_minimal_service:/home/yahboom/intro_ws/install/examples_rclpy_minimal_publisher:/home/yahboom/intro_ws/install/examples_rclpy_minimal_client:/home/yahboom/intro_ws/install/examples_rclpy_minimal_action_server:/home/yahboom/intro_ws/install/examples_rclpy_minimal_action_client:/home/yahboom/intro_ws/install/examples_rclpy_guard_conditions:/home/yahboom/intro_ws/install/examples_rclpy_executors:/home/yahboom/cartoros2/install/yahboomcar_nav:/home/yahboom/cartoros2/install/yahboomcar_ctrl:/home/yahboom/cartoros2/install/yahboom_visual:/home/yahboom/cartoros2/install/yahboom_dog_joint_state:/home/yahboom/cartoros2/install/yahboom_description:/home/yahboom/cartoros2/install/yahboom_color_identify_server:/home/yahboom/cartoros2/install/yahboom_bringup:/home/yahboom/cartoros2/install/yahboom_base:/home/yahboom/cartoros2/install/yahboom_app_save_map:/home/yahboom/cartoros2/install/update_map:/home/yahboom/cartoros2/install/rosboard:/home/yahboom/cartoros2/install/path_planner_server:/home/yahboom/cartoros2/install/nav2_simple_commander:/home/yahboom/cartoros2/install/nav2_gazebo_spawner:/home/yahboom/cartoros2/install/localization_server:/home/yahboom/cartoros2/install/laserscan_to_point_pulisher:/home/yahboom/yahboomcar_ws/install/yahboom_dog_example:/opt/ros/humble /usr/bin/cmake --build /home/yahboom/intro_ws/build/turtle_interfaces -- -j4 -l4
[18.573s] Invoking command in '/home/yahboom/intro_ws/build/turtle_interfaces': CMAKE_PREFIX_PATH=${CMAKE_PREFIX_PATH}:/home/yahboom/intro_ws/install/turtle_test:/home/yahboom/intro_ws/install/examples_rclpy_pointcloud_publisher:/home/yahboom/intro_ws/install/examples_rclpy_minimal_subscriber:/home/yahboom/intro_ws/install/examples_rclpy_minimal_service:/home/yahboom/intro_ws/install/examples_rclpy_minimal_publisher:/home/yahboom/intro_ws/install/examples_rclpy_minimal_client:/home/yahboom/intro_ws/install/examples_rclpy_minimal_action_server:/home/yahboom/intro_ws/install/examples_rclpy_minimal_action_client:/home/yahboom/intro_ws/install/examples_rclpy_guard_conditions:/home/yahboom/intro_ws/install/examples_rclpy_executors:/home/yahboom/cartoros2/install/yahboomcar_nav:/home/yahboom/cartoros2/install/yahboomcar_ctrl:/home/yahboom/cartoros2/install/yahboom_visual:/home/yahboom/cartoros2/install/yahboom_dog_joint_state:/home/yahboom/cartoros2/install/yahboom_description:/home/yahboom/cartoros2/install/yahboom_color_identify_server:/home/yahboom/cartoros2/install/yahboom_bringup:/home/yahboom/cartoros2/install/yahboom_base:/home/yahboom/cartoros2/install/yahboom_app_save_map:/home/yahboom/cartoros2/install/update_map:/home/yahboom/cartoros2/install/rosboard:/home/yahboom/cartoros2/install/path_planner_server:/home/yahboom/cartoros2/install/nav2_simple_commander:/home/yahboom/cartoros2/install/nav2_gazebo_spawner:/home/yahboom/cartoros2/install/localization_server:/home/yahboom/cartoros2/install/laserscan_to_point_pulisher:/home/yahboom/yahboomcar_ws/install/yahboom_dog_example:/opt/ros/humble /usr/bin/cmake --install /home/yahboom/intro_ws/build/turtle_interfaces
[18.607s] -- Install configuration: ""
[18.608s] -- Installing: /home/yahboom/intro_ws/install/turtle_interfaces/share/ament_index/resource_index/rosidl_interfaces/turtle_interfaces
[18.608s] -- Installing: /home/yahboom/intro_ws/install/turtle_interfaces/include/turtle_interfaces/turtle_interfaces
[18.609s] -- Installing: /home/yahboom/intro_ws/install/turtle_interfaces/include/turtle_interfaces/turtle_interfaces/action
[18.609s] -- Installing: /home/yahboom/intro_ws/install/turtle_interfaces/include/turtle_interfaces/turtle_interfaces/action/detail
[18.610s] -- Installing: /home/yahboom/intro_ws/install/turtle_interfaces/include/turtle_interfaces/turtle_interfaces/action/detail/make_square__struct.h
[18.610s] -- Installing: /home/yahboom/intro_ws/install/turtle_interfaces/include/turtle_interfaces/turtle_interfaces/action/detail/make_square__type_support.h
[18.610s] -- Installing: /home/yahboom/intro_ws/install/turtle_interfaces/include/turtle_interfaces/turtle_interfaces/action/detail/make_square__functions.c
[18.611s] -- Installing: /home/yahboom/intro_ws/install/turtle_interfaces/include/turtle_interfaces/turtle_interfaces/action/detail/make_square__functions.h
[18.611s] -- Installing: /home/yahboom/intro_ws/install/turtle_interfaces/include/turtle_interfaces/turtle_interfaces/action/make_square.h
[18.611s] -- Installing: /home/yahboom/intro_ws/install/turtle_interfaces/include/turtle_interfaces/turtle_interfaces/srv
[18.612s] -- Installing: /home/yahboom/intro_ws/install/turtle_interfaces/include/turtle_interfaces/turtle_interfaces/srv/set_colors.h
[18.612s] -- Installing: /home/yahboom/intro_ws/install/turtle_interfaces/include/turtle_interfaces/turtle_interfaces/srv/detail
[18.612s] -- Installing: /home/yahboom/intro_ws/install/turtle_interfaces/include/turtle_interfaces/turtle_interfaces/srv/detail/set_colors__struct.h
[18.612s] -- Installing: /home/yahboom/intro_ws/install/turtle_interfaces/include/turtle_interfaces/turtle_interfaces/srv/detail/set_colors__type_support.h
[18.613s] -- Installing: /home/yahboom/intro_ws/install/turtle_interfaces/include/turtle_interfaces/turtle_interfaces/srv/detail/set_colors__functions.c
[18.613s] -- Installing: /home/yahboom/intro_ws/install/turtle_interfaces/include/turtle_interfaces/turtle_interfaces/srv/detail/set_colors__functions.h
[18.613s] -- Installing: /home/yahboom/intro_ws/install/turtle_interfaces/include/turtle_interfaces/turtle_interfaces/msg
[18.614s] -- Installing: /home/yahboom/intro_ws/install/turtle_interfaces/include/turtle_interfaces/turtle_interfaces/msg/detail
[18.614s] -- Installing: /home/yahboom/intro_ws/install/turtle_interfaces/include/turtle_interfaces/turtle_interfaces/msg/detail/turtle_pose__functions.c
[18.614s] -- Installing: /home/yahboom/intro_ws/install/turtle_interfaces/include/turtle_interfaces/turtle_interfaces/msg/detail/turtle_pose__functions.h
[18.614s] -- Installing: /home/yahboom/intro_ws/install/turtle_interfaces/include/turtle_interfaces/turtle_interfaces/msg/detail/turtle_pose__struct.h
[18.614s] -- Installing: /home/yahboom/intro_ws/install/turtle_interfaces/include/turtle_interfaces/turtle_interfaces/msg/detail/turtle_pose__type_support.h
[18.614s] -- Installing: /home/yahboom/intro_ws/install/turtle_interfaces/include/turtle_interfaces/turtle_interfaces/msg/turtle_pose.h
[18.614s] -- Installing: /home/yahboom/intro_ws/install/turtle_interfaces/include/turtle_interfaces/turtle_interfaces/msg/rosidl_generator_c__visibility_control.h
[18.615s] -- Installing: /home/yahboom/intro_ws/install/turtle_interfaces/share/turtle_interfaces/environment/library_path.sh
[18.615s] -- Installing: /home/yahboom/intro_ws/install/turtle_interfaces/share/turtle_interfaces/environment/library_path.dsv
[18.615s] -- Installing: /home/yahboom/intro_ws/install/turtle_interfaces/lib/libturtle_interfaces__rosidl_generator_c.so
[18.615s] -- Set runtime path of "/home/yahboom/intro_ws/install/turtle_interfaces/lib/libturtle_interfaces__rosidl_generator_c.so" to ""
[18.616s] -- Up-to-date: /home/yahboom/intro_ws/install/turtle_interfaces/include/turtle_interfaces/turtle_interfaces
[18.616s] -- Up-to-date: /home/yahboom/intro_ws/install/turtle_interfaces/include/turtle_interfaces/turtle_interfaces/action
[18.616s] -- Up-to-date: /home/yahboom/intro_ws/install/turtle_interfaces/include/turtle_interfaces/turtle_interfaces/action/detail
[18.616s] -- Installing: /home/yahboom/intro_ws/install/turtle_interfaces/include/turtle_interfaces/turtle_interfaces/action/detail/make_square__rosidl_typesupport_fastrtps_c.h
[18.616s] -- Up-to-date: /home/yahboom/intro_ws/install/turtle_interfaces/include/turtle_interfaces/turtle_interfaces/srv
[18.617s] -- Up-to-date: /home/yahboom/intro_ws/install/turtle_interfaces/include/turtle_interfaces/turtle_interfaces/srv/detail
[18.617s] -- Installing: /home/yahboom/intro_ws/install/turtle_interfaces/include/turtle_interfaces/turtle_interfaces/srv/detail/set_colors__rosidl_typesupport_fastrtps_c.h
[18.617s] -- Up-to-date: /home/yahboom/intro_ws/install/turtle_interfaces/include/turtle_interfaces/turtle_interfaces/msg
[18.617s] -- Up-to-date: /home/yahboom/intro_ws/install/turtle_interfaces/include/turtle_interfaces/turtle_interfaces/msg/detail
[18.617s] -- Installing: /home/yahboom/intro_ws/install/turtle_interfaces/include/turtle_interfaces/turtle_interfaces/msg/detail/turtle_pose__rosidl_typesupport_fastrtps_c.h
[18.618s] -- Installing: /home/yahboom/intro_ws/install/turtle_interfaces/include/turtle_interfaces/turtle_interfaces/msg/rosidl_typesupport_fastrtps_c__visibility_control.h
[18.618s] -- Installing: /home/yahboom/intro_ws/install/turtle_interfaces/lib/libturtle_interfaces__rosidl_typesupport_fastrtps_c.so
[18.619s] -- Set runtime path of "/home/yahboom/intro_ws/install/turtle_interfaces/lib/libturtle_interfaces__rosidl_typesupport_fastrtps_c.so" to ""
[18.619s] -- Up-to-date: /home/yahboom/intro_ws/install/turtle_interfaces/include/turtle_interfaces/turtle_interfaces
[18.620s] -- Up-to-date: /home/yahboom/intro_ws/install/turtle_interfaces/include/turtle_interfaces/turtle_interfaces/action
[18.620s] -- Up-to-date: /home/yahboom/intro_ws/install/turtle_interfaces/include/turtle_interfaces/turtle_interfaces/action/detail
[18.620s] -- Installing: /home/yahboom/intro_ws/install/turtle_interfaces/include/turtle_interfaces/turtle_interfaces/action/detail/make_square__type_support.c
[18.621s] -- Installing: /home/yahboom/intro_ws/install/turtle_interfaces/include/turtle_interfaces/turtle_interfaces/action/detail/make_square__rosidl_typesupport_introspection_c.h
[18.621s] -- Up-to-date: /home/yahboom/intro_ws/install/turtle_interfaces/include/turtle_interfaces/turtle_interfaces/srv
[18.621s] -- Up-to-date: /home/yahboom/intro_ws/install/turtle_interfaces/include/turtle_interfaces/turtle_interfaces/srv/detail
[18.621s] -- Installing: /home/yahboom/intro_ws/install/turtle_interfaces/include/turtle_interfaces/turtle_interfaces/srv/detail/set_colors__type_support.c
[18.621s] -- Installing: /home/yahboom/intro_ws/install/turtle_interfaces/include/turtle_interfaces/turtle_interfaces/srv/detail/set_colors__rosidl_typesupport_introspection_c.h
[18.621s] -- Up-to-date: /home/yahboom/intro_ws/install/turtle_interfaces/include/turtle_interfaces/turtle_interfaces/msg
[18.622s] -- Up-to-date: /home/yahboom/intro_ws/install/turtle_interfaces/include/turtle_interfaces/turtle_interfaces/msg/detail
[18.622s] -- Installing: /home/yahboom/intro_ws/install/turtle_interfaces/include/turtle_interfaces/turtle_interfaces/msg/detail/turtle_pose__rosidl_typesupport_introspection_c.h
[18.622s] -- Installing: /home/yahboom/intro_ws/install/turtle_interfaces/include/turtle_interfaces/turtle_interfaces/msg/detail/turtle_pose__type_support.c
[18.622s] -- Installing: /home/yahboom/intro_ws/install/turtle_interfaces/include/turtle_interfaces/turtle_interfaces/msg/rosidl_typesupport_introspection_c__visibility_control.h
[18.622s] -- Installing: /home/yahboom/intro_ws/install/turtle_interfaces/lib/libturtle_interfaces__rosidl_typesupport_introspection_c.so
[18.622s] -- Set runtime path of "/home/yahboom/intro_ws/install/turtle_interfaces/lib/libturtle_interfaces__rosidl_typesupport_introspection_c.so" to ""
[18.623s] -- Installing: /home/yahboom/intro_ws/install/turtle_interfaces/lib/libturtle_interfaces__rosidl_typesupport_c.so
[18.623s] -- Set runtime path of "/home/yahboom/intro_ws/install/turtle_interfaces/lib/libturtle_interfaces__rosidl_typesupport_c.so" to ""
[18.624s] -- Up-to-date: /home/yahboom/intro_ws/install/turtle_interfaces/include/turtle_interfaces/turtle_interfaces
[18.624s] -- Up-to-date: /home/yahboom/intro_ws/install/turtle_interfaces/include/turtle_interfaces/turtle_interfaces/action
[18.624s] -- Up-to-date: /home/yahboom/intro_ws/install/turtle_interfaces/include/turtle_interfaces/turtle_interfaces/action/detail
[18.624s] -- Installing: /home/yahboom/intro_ws/install/turtle_interfaces/include/turtle_interfaces/turtle_interfaces/action/detail/make_square__builder.hpp
[18.624s] -- Installing: /home/yahboom/intro_ws/install/turtle_interfaces/include/turtle_interfaces/turtle_interfaces/action/detail/make_square__traits.hpp
[18.624s] -- Installing: /home/yahboom/intro_ws/install/turtle_interfaces/include/turtle_interfaces/turtle_interfaces/action/detail/make_square__type_support.hpp
[18.625s] -- Installing: /home/yahboom/intro_ws/install/turtle_interfaces/include/turtle_interfaces/turtle_interfaces/action/detail/make_square__struct.hpp
[18.625s] -- Installing: /home/yahboom/intro_ws/install/turtle_interfaces/include/turtle_interfaces/turtle_interfaces/action/make_square.hpp
[18.626s] -- Up-to-date: /home/yahboom/intro_ws/install/turtle_interfaces/include/turtle_interfaces/turtle_interfaces/srv
[18.626s] -- Up-to-date: /home/yahboom/intro_ws/install/turtle_interfaces/include/turtle_interfaces/turtle_interfaces/srv/detail
[18.626s] -- Installing: /home/yahboom/intro_ws/install/turtle_interfaces/include/turtle_interfaces/turtle_interfaces/srv/detail/set_colors__type_support.hpp
[18.626s] -- Installing: /home/yahboom/intro_ws/install/turtle_interfaces/include/turtle_interfaces/turtle_interfaces/srv/detail/set_colors__builder.hpp
[18.627s] -- Installing: /home/yahboom/intro_ws/install/turtle_interfaces/include/turtle_interfaces/turtle_interfaces/srv/detail/set_colors__traits.hpp
[18.627s] -- Installing: /home/yahboom/intro_ws/install/turtle_interfaces/include/turtle_interfaces/turtle_interfaces/srv/detail/set_colors__struct.hpp
[18.628s] -- Installing: /home/yahboom/intro_ws/install/turtle_interfaces/include/turtle_interfaces/turtle_interfaces/srv/set_colors.hpp
[18.628s] -- Up-to-date: /home/yahboom/intro_ws/install/turtle_interfaces/include/turtle_interfaces/turtle_interfaces/msg
[18.629s] -- Installing: /home/yahboom/intro_ws/install/turtle_interfaces/include/turtle_interfaces/turtle_interfaces/msg/rosidl_generator_cpp__visibility_control.hpp
[18.630s] -- Up-to-date: /home/yahboom/intro_ws/install/turtle_interfaces/include/turtle_interfaces/turtle_interfaces/msg/detail
[18.630s] -- Installing: /home/yahboom/intro_ws/install/turtle_interfaces/include/turtle_interfaces/turtle_interfaces/msg/detail/turtle_pose__type_support.hpp
[18.630s] -- Installing: /home/yahboom/intro_ws/install/turtle_interfaces/include/turtle_interfaces/turtle_interfaces/msg/detail/turtle_pose__builder.hpp
[18.631s] -- Installing: /home/yahboom/intro_ws/install/turtle_interfaces/include/turtle_interfaces/turtle_interfaces/msg/detail/turtle_pose__traits.hpp
[18.631s] -- Installing: /home/yahboom/intro_ws/install/turtle_interfaces/include/turtle_interfaces/turtle_interfaces/msg/detail/turtle_pose__struct.hpp
[18.631s] -- Installing: /home/yahboom/intro_ws/install/turtle_interfaces/include/turtle_interfaces/turtle_interfaces/msg/turtle_pose.hpp
[18.631s] -- Up-to-date: /home/yahboom/intro_ws/install/turtle_interfaces/include/turtle_interfaces/turtle_interfaces
[18.632s] -- Up-to-date: /home/yahboom/intro_ws/install/turtle_interfaces/include/turtle_interfaces/turtle_interfaces/action
[18.632s] -- Up-to-date: /home/yahboom/intro_ws/install/turtle_interfaces/include/turtle_interfaces/turtle_interfaces/action/detail
[18.632s] -- Installing: /home/yahboom/intro_ws/install/turtle_interfaces/include/turtle_interfaces/turtle_interfaces/action/detail/make_square__rosidl_typesupport_fastrtps_cpp.hpp
[18.632s] -- Installing: /home/yahboom/intro_ws/install/turtle_interfaces/include/turtle_interfaces/turtle_interfaces/action/detail/dds_fastrtps
[18.633s] -- Up-to-date: /home/yahboom/intro_ws/install/turtle_interfaces/include/turtle_interfaces/turtle_interfaces/srv
[18.633s] -- Up-to-date: /home/yahboom/intro_ws/install/turtle_interfaces/include/turtle_interfaces/turtle_interfaces/srv/detail
[18.633s] -- Installing: /home/yahboom/intro_ws/install/turtle_interfaces/include/turtle_interfaces/turtle_interfaces/srv/detail/set_colors__rosidl_typesupport_fastrtps_cpp.hpp
[18.633s] -- Installing: /home/yahboom/intro_ws/install/turtle_interfaces/include/turtle_interfaces/turtle_interfaces/srv/detail/dds_fastrtps
[18.633s] -- Up-to-date: /home/yahboom/intro_ws/install/turtle_interfaces/include/turtle_interfaces/turtle_interfaces/msg
[18.634s] -- Up-to-date: /home/yahboom/intro_ws/install/turtle_interfaces/include/turtle_interfaces/turtle_interfaces/msg/detail
[18.634s] -- Installing: /home/yahboom/intro_ws/install/turtle_interfaces/include/turtle_interfaces/turtle_interfaces/msg/detail/dds_fastrtps
[18.634s] -- Installing: /home/yahboom/intro_ws/install/turtle_interfaces/include/turtle_interfaces/turtle_interfaces/msg/detail/turtle_pose__rosidl_typesupport_fastrtps_cpp.hpp
[18.634s] -- Installing: /home/yahboom/intro_ws/install/turtle_interfaces/include/turtle_interfaces/turtle_interfaces/msg/rosidl_typesupport_fastrtps_cpp__visibility_control.h
[18.634s] -- Installing: /home/yahboom/intro_ws/install/turtle_interfaces/lib/libturtle_interfaces__rosidl_typesupport_fastrtps_cpp.so
[18.634s] -- Set runtime path of "/home/yahboom/intro_ws/install/turtle_interfaces/lib/libturtle_interfaces__rosidl_typesupport_fastrtps_cpp.so" to ""
[18.634s] -- Up-to-date: /home/yahboom/intro_ws/install/turtle_interfaces/include/turtle_interfaces/turtle_interfaces
[18.635s] -- Up-to-date: /home/yahboom/intro_ws/install/turtle_interfaces/include/turtle_interfaces/turtle_interfaces/action
[18.635s] -- Up-to-date: /home/yahboom/intro_ws/install/turtle_interfaces/include/turtle_interfaces/turtle_interfaces/action/detail
[18.635s] -- Installing: /home/yahboom/intro_ws/install/turtle_interfaces/include/turtle_interfaces/turtle_interfaces/action/detail/make_square__rosidl_typesupport_introspection_cpp.hpp
[18.635s] -- Installing: /home/yahboom/intro_ws/install/turtle_interfaces/include/turtle_interfaces/turtle_interfaces/action/detail/make_square__type_support.cpp
[18.635s] -- Up-to-date: /home/yahboom/intro_ws/install/turtle_interfaces/include/turtle_interfaces/turtle_interfaces/srv
[18.635s] -- Up-to-date: /home/yahboom/intro_ws/install/turtle_interfaces/include/turtle_interfaces/turtle_interfaces/srv/detail
[18.636s] -- Installing: /home/yahboom/intro_ws/install/turtle_interfaces/include/turtle_interfaces/turtle_interfaces/srv/detail/set_colors__type_support.cpp
[18.637s] -- Installing: /home/yahboom/intro_ws/install/turtle_interfaces/include/turtle_interfaces/turtle_interfaces/srv/detail/set_colors__rosidl_typesupport_introspection_cpp.hpp
[18.637s] -- Up-to-date: /home/yahboom/intro_ws/install/turtle_interfaces/include/turtle_interfaces/turtle_interfaces/msg
[18.637s] -- Up-to-date: /home/yahboom/intro_ws/install/turtle_interfaces/include/turtle_interfaces/turtle_interfaces/msg/detail
[18.638s] -- Installing: /home/yahboom/intro_ws/install/turtle_interfaces/include/turtle_interfaces/turtle_interfaces/msg/detail/turtle_pose__rosidl_typesupport_introspection_cpp.hpp
[18.638s] -- Installing: /home/yahboom/intro_ws/install/turtle_interfaces/include/turtle_interfaces/turtle_interfaces/msg/detail/turtle_pose__type_support.cpp
[18.638s] -- Installing: /home/yahboom/intro_ws/install/turtle_interfaces/lib/libturtle_interfaces__rosidl_typesupport_introspection_cpp.so
[18.638s] -- Set runtime path of "/home/yahboom/intro_ws/install/turtle_interfaces/lib/libturtle_interfaces__rosidl_typesupport_introspection_cpp.so" to ""
[18.639s] -- Installing: /home/yahboom/intro_ws/install/turtle_interfaces/lib/libturtle_interfaces__rosidl_typesupport_cpp.so
[18.639s] -- Set runtime path of "/home/yahboom/intro_ws/install/turtle_interfaces/lib/libturtle_interfaces__rosidl_typesupport_cpp.so" to ""
[18.640s] -- Installing: /home/yahboom/intro_ws/install/turtle_interfaces/share/turtle_interfaces/environment/pythonpath.sh
[18.640s] -- Installing: /home/yahboom/intro_ws/install/turtle_interfaces/share/turtle_interfaces/environment/pythonpath.dsv
[18.640s] -- Installing: /home/yahboom/intro_ws/install/turtle_interfaces/local/lib/python3.10/dist-packages/turtle_interfaces-0.0.0-py3.10.egg-info
[18.641s] -- Installing: /home/yahboom/intro_ws/install/turtle_interfaces/local/lib/python3.10/dist-packages/turtle_interfaces-0.0.0-py3.10.egg-info/top_level.txt
[18.641s] -- Installing: /home/yahboom/intro_ws/install/turtle_interfaces/local/lib/python3.10/dist-packages/turtle_interfaces-0.0.0-py3.10.egg-info/PKG-INFO
[18.641s] -- Installing: /home/yahboom/intro_ws/install/turtle_interfaces/local/lib/python3.10/dist-packages/turtle_interfaces-0.0.0-py3.10.egg-info/dependency_links.txt
[18.642s] -- Installing: /home/yahboom/intro_ws/install/turtle_interfaces/local/lib/python3.10/dist-packages/turtle_interfaces-0.0.0-py3.10.egg-info/SOURCES.txt
[18.642s] -- Installing: /home/yahboom/intro_ws/install/turtle_interfaces/local/lib/python3.10/dist-packages/turtle_interfaces
[18.642s] -- Installing: /home/yahboom/intro_ws/install/turtle_interfaces/local/lib/python3.10/dist-packages/turtle_interfaces/libturtle_interfaces__rosidl_generator_py.so
[18.643s] -- Installing: /home/yahboom/intro_ws/install/turtle_interfaces/local/lib/python3.10/dist-packages/turtle_interfaces/action
[18.643s] -- Installing: /home/yahboom/intro_ws/install/turtle_interfaces/local/lib/python3.10/dist-packages/turtle_interfaces/action/_make_square.py
[18.643s] -- Installing: /home/yahboom/intro_ws/install/turtle_interfaces/local/lib/python3.10/dist-packages/turtle_interfaces/action/__init__.py
[18.643s] -- Installing: /home/yahboom/intro_ws/install/turtle_interfaces/local/lib/python3.10/dist-packages/turtle_interfaces/action/_make_square_s.c
[18.644s] -- Installing: /home/yahboom/intro_ws/install/turtle_interfaces/local/lib/python3.10/dist-packages/turtle_interfaces/_turtle_interfaces_s.ep.rosidl_typesupport_c.c
[18.644s] -- Installing: /home/yahboom/intro_ws/install/turtle_interfaces/local/lib/python3.10/dist-packages/turtle_interfaces/srv
[18.644s] -- Installing: /home/yahboom/intro_ws/install/turtle_interfaces/local/lib/python3.10/dist-packages/turtle_interfaces/srv/__init__.py
[18.644s] -- Installing: /home/yahboom/intro_ws/install/turtle_interfaces/local/lib/python3.10/dist-packages/turtle_interfaces/srv/_set_colors.py
[18.644s] -- Installing: /home/yahboom/intro_ws/install/turtle_interfaces/local/lib/python3.10/dist-packages/turtle_interfaces/srv/_set_colors_s.c
[18.644s] -- Installing: /home/yahboom/intro_ws/install/turtle_interfaces/local/lib/python3.10/dist-packages/turtle_interfaces/turtle_interfaces_s__rosidl_typesupport_introspection_c.cpython-310-x86_64-linux-gnu.so
[18.644s] -- Installing: /home/yahboom/intro_ws/install/turtle_interfaces/local/lib/python3.10/dist-packages/turtle_interfaces/__init__.py
[18.644s] -- Installing: /home/yahboom/intro_ws/install/turtle_interfaces/local/lib/python3.10/dist-packages/turtle_interfaces/turtle_interfaces_s__rosidl_typesupport_fastrtps_c.cpython-310-x86_64-linux-gnu.so
[18.644s] -- Installing: /home/yahboom/intro_ws/install/turtle_interfaces/local/lib/python3.10/dist-packages/turtle_interfaces/_turtle_interfaces_s.ep.rosidl_typesupport_introspection_c.c
[18.645s] -- Installing: /home/yahboom/intro_ws/install/turtle_interfaces/local/lib/python3.10/dist-packages/turtle_interfaces/msg
[18.645s] -- Installing: /home/yahboom/intro_ws/install/turtle_interfaces/local/lib/python3.10/dist-packages/turtle_interfaces/msg/_turtle_pose.py
[18.645s] -- Installing: /home/yahboom/intro_ws/install/turtle_interfaces/local/lib/python3.10/dist-packages/turtle_interfaces/msg/__init__.py
[18.645s] -- Installing: /home/yahboom/intro_ws/install/turtle_interfaces/local/lib/python3.10/dist-packages/turtle_interfaces/msg/_turtle_pose_s.c
[18.645s] -- Installing: /home/yahboom/intro_ws/install/turtle_interfaces/local/lib/python3.10/dist-packages/turtle_interfaces/turtle_interfaces_s__rosidl_typesupport_c.cpython-310-x86_64-linux-gnu.so
[18.646s] -- Installing: /home/yahboom/intro_ws/install/turtle_interfaces/local/lib/python3.10/dist-packages/turtle_interfaces/_turtle_interfaces_s.ep.rosidl_typesupport_fastrtps_c.c
[18.816s] Listing '/home/yahboom/intro_ws/install/turtle_interfaces/local/lib/python3.10/dist-packages/turtle_interfaces'...
[18.817s] Compiling '/home/yahboom/intro_ws/install/turtle_interfaces/local/lib/python3.10/dist-packages/turtle_interfaces/__init__.py'...
[18.817s] Listing '/home/yahboom/intro_ws/install/turtle_interfaces/local/lib/python3.10/dist-packages/turtle_interfaces/action'...
[18.817s] Compiling '/home/yahboom/intro_ws/install/turtle_interfaces/local/lib/python3.10/dist-packages/turtle_interfaces/action/__init__.py'...
[18.817s] Compiling '/home/yahboom/intro_ws/install/turtle_interfaces/local/lib/python3.10/dist-packages/turtle_interfaces/action/_make_square.py'...
[18.817s] Listing '/home/yahboom/intro_ws/install/turtle_interfaces/local/lib/python3.10/dist-packages/turtle_interfaces/msg'...
[18.817s] Compiling '/home/yahboom/intro_ws/install/turtle_interfaces/local/lib/python3.10/dist-packages/turtle_interfaces/msg/__init__.py'...
[18.817s] Compiling '/home/yahboom/intro_ws/install/turtle_interfaces/local/lib/python3.10/dist-packages/turtle_interfaces/msg/_turtle_pose.py'...
[18.817s] Listing '/home/yahboom/intro_ws/install/turtle_interfaces/local/lib/python3.10/dist-packages/turtle_interfaces/srv'...
[18.818s] Compiling '/home/yahboom/intro_ws/install/turtle_interfaces/local/lib/python3.10/dist-packages/turtle_interfaces/srv/__init__.py'...
[18.818s] Compiling '/home/yahboom/intro_ws/install/turtle_interfaces/local/lib/python3.10/dist-packages/turtle_interfaces/srv/_set_colors.py'...
[18.828s] -- Installing: /home/yahboom/intro_ws/install/turtle_interfaces/local/lib/python3.10/dist-packages/turtle_interfaces/turtle_interfaces_s__rosidl_typesupport_fastrtps_c.cpython-310-x86_64-linux-gnu.so
[18.829s] -- Set runtime path of "/home/yahboom/intro_ws/install/turtle_interfaces/local/lib/python3.10/dist-packages/turtle_interfaces/turtle_interfaces_s__rosidl_typesupport_fastrtps_c.cpython-310-x86_64-linux-gnu.so" to ""
[18.829s] -- Installing: /home/yahboom/intro_ws/install/turtle_interfaces/local/lib/python3.10/dist-packages/turtle_interfaces/turtle_interfaces_s__rosidl_typesupport_introspection_c.cpython-310-x86_64-linux-gnu.so
[18.831s] -- Set runtime path of "/home/yahboom/intro_ws/install/turtle_interfaces/local/lib/python3.10/dist-packages/turtle_interfaces/turtle_interfaces_s__rosidl_typesupport_introspection_c.cpython-310-x86_64-linux-gnu.so" to ""
[18.831s] -- Installing: /home/yahboom/intro_ws/install/turtle_interfaces/local/lib/python3.10/dist-packages/turtle_interfaces/turtle_interfaces_s__rosidl_typesupport_c.cpython-310-x86_64-linux-gnu.so
[18.832s] -- Set runtime path of "/home/yahboom/intro_ws/install/turtle_interfaces/local/lib/python3.10/dist-packages/turtle_interfaces/turtle_interfaces_s__rosidl_typesupport_c.cpython-310-x86_64-linux-gnu.so" to ""
[18.832s] -- Installing: /home/yahboom/intro_ws/install/turtle_interfaces/lib/libturtle_interfaces__rosidl_generator_py.so
[18.833s] -- Set runtime path of "/home/yahboom/intro_ws/install/turtle_interfaces/lib/libturtle_interfaces__rosidl_generator_py.so" to ""
[18.833s] -- Installing: /home/yahboom/intro_ws/install/turtle_interfaces/share/turtle_interfaces/msg/TurtlePose.idl
[18.834s] -- Installing: /home/yahboom/intro_ws/install/turtle_interfaces/share/turtle_interfaces/srv/SetColors.idl
[18.834s] -- Installing: /home/yahboom/intro_ws/install/turtle_interfaces/share/turtle_interfaces/action/MakeSquare.idl
[18.835s] -- Installing: /home/yahboom/intro_ws/install/turtle_interfaces/share/turtle_interfaces/msg/TurtlePose.msg
[18.835s] -- Installing: /home/yahboom/intro_ws/install/turtle_interfaces/share/turtle_interfaces/srv/SetColors.srv
[18.835s] -- Installing: /home/yahboom/intro_ws/install/turtle_interfaces/share/turtle_interfaces/srv/SetColors_Request.msg
[18.835s] -- Installing: /home/yahboom/intro_ws/install/turtle_interfaces/share/turtle_interfaces/srv/SetColors_Response.msg
[18.836s] -- Installing: /home/yahboom/intro_ws/install/turtle_interfaces/share/turtle_interfaces/action/MakeSquare.action
[18.836s] -- Installing: /home/yahboom/intro_ws/install/turtle_interfaces/share/ament_index/resource_index/package_run_dependencies/turtle_interfaces
[18.836s] -- Installing: /home/yahboom/intro_ws/install/turtle_interfaces/share/ament_index/resource_index/parent_prefix_path/turtle_interfaces
[18.837s] -- Installing: /home/yahboom/intro_ws/install/turtle_interfaces/share/turtle_interfaces/environment/ament_prefix_path.sh
[18.837s] -- Installing: /home/yahboom/intro_ws/install/turtle_interfaces/share/turtle_interfaces/environment/ament_prefix_path.dsv
[18.837s] -- Installing: /home/yahboom/intro_ws/install/turtle_interfaces/share/turtle_interfaces/environment/path.sh
[18.837s] -- Installing: /home/yahboom/intro_ws/install/turtle_interfaces/share/turtle_interfaces/environment/path.dsv
[18.837s] -- Installing: /home/yahboom/intro_ws/install/turtle_interfaces/share/turtle_interfaces/local_setup.bash
[18.838s] -- Installing: /home/yahboom/intro_ws/install/turtle_interfaces/share/turtle_interfaces/local_setup.sh
[18.838s] -- Installing: /home/yahboom/intro_ws/install/turtle_interfaces/share/turtle_interfaces/local_setup.zsh
[18.839s] -- Installing: /home/yahboom/intro_ws/install/turtle_interfaces/share/turtle_interfaces/local_setup.dsv
[18.839s] -- Installing: /home/yahboom/intro_ws/install/turtle_interfaces/share/turtle_interfaces/package.dsv
[18.840s] -- Installing: /home/yahboom/intro_ws/install/turtle_interfaces/share/ament_index/resource_index/packages/turtle_interfaces
[18.842s] -- Installing: /home/yahboom/intro_ws/install/turtle_interfaces/share/turtle_interfaces/cmake/export_turtle_interfaces__rosidl_generator_cExport.cmake
[18.842s] -- Installing: /home/yahboom/intro_ws/install/turtle_interfaces/share/turtle_interfaces/cmake/export_turtle_interfaces__rosidl_generator_cExport-noconfig.cmake
[18.842s] -- Installing: /home/yahboom/intro_ws/install/turtle_interfaces/share/turtle_interfaces/cmake/export_turtle_interfaces__rosidl_typesupport_fastrtps_cExport.cmake
[18.842s] -- Installing: /home/yahboom/intro_ws/install/turtle_interfaces/share/turtle_interfaces/cmake/export_turtle_interfaces__rosidl_typesupport_fastrtps_cExport-noconfig.cmake
[18.843s] -- Installing: /home/yahboom/intro_ws/install/turtle_interfaces/share/turtle_interfaces/cmake/turtle_interfaces__rosidl_typesupport_introspection_cExport.cmake
[18.843s] -- Installing: /home/yahboom/intro_ws/install/turtle_interfaces/share/turtle_interfaces/cmake/turtle_interfaces__rosidl_typesupport_introspection_cExport-noconfig.cmake
[18.843s] -- Installing: /home/yahboom/intro_ws/install/turtle_interfaces/share/turtle_interfaces/cmake/turtle_interfaces__rosidl_typesupport_cExport.cmake
[18.843s] -- Installing: /home/yahboom/intro_ws/install/turtle_interfaces/share/turtle_interfaces/cmake/turtle_interfaces__rosidl_typesupport_cExport-noconfig.cmake
[18.844s] -- Installing: /home/yahboom/intro_ws/install/turtle_interfaces/share/turtle_interfaces/cmake/export_turtle_interfaces__rosidl_generator_cppExport.cmake
[18.844s] -- Installing: /home/yahboom/intro_ws/install/turtle_interfaces/share/turtle_interfaces/cmake/export_turtle_interfaces__rosidl_typesupport_fastrtps_cppExport.cmake
[18.844s] -- Installing: /home/yahboom/intro_ws/install/turtle_interfaces/share/turtle_interfaces/cmake/export_turtle_interfaces__rosidl_typesupport_fastrtps_cppExport-noconfig.cmake
[18.845s] -- Installing: /home/yahboom/intro_ws/install/turtle_interfaces/share/turtle_interfaces/cmake/turtle_interfaces__rosidl_typesupport_introspection_cppExport.cmake
[18.845s] -- Installing: /home/yahboom/intro_ws/install/turtle_interfaces/share/turtle_interfaces/cmake/turtle_interfaces__rosidl_typesupport_introspection_cppExport-noconfig.cmake
[18.845s] -- Installing: /home/yahboom/intro_ws/install/turtle_interfaces/share/turtle_interfaces/cmake/turtle_interfaces__rosidl_typesupport_cppExport.cmake
[18.845s] -- Installing: /home/yahboom/intro_ws/install/turtle_interfaces/share/turtle_interfaces/cmake/turtle_interfaces__rosidl_typesupport_cppExport-noconfig.cmake
[18.845s] -- Installing: /home/yahboom/intro_ws/install/turtle_interfaces/share/turtle_interfaces/cmake/export_turtle_interfaces__rosidl_generator_pyExport.cmake
[18.846s] -- Installing: /home/yahboom/intro_ws/install/turtle_interfaces/share/turtle_interfaces/cmake/export_turtle_interfaces__rosidl_generator_pyExport-noconfig.cmake
[18.846s] -- Installing: /home/yahboom/intro_ws/install/turtle_interfaces/share/turtle_interfaces/cmake/rosidl_cmake-extras.cmake
[18.847s] -- Installing: /home/yahboom/intro_ws/install/turtle_interfaces/share/turtle_interfaces/cmake/ament_cmake_export_dependencies-extras.cmake
[18.847s] -- Installing: /home/yahboom/intro_ws/install/turtle_interfaces/share/turtle_interfaces/cmake/ament_cmake_export_include_directories-extras.cmake
[18.847s] -- Installing: /home/yahboom/intro_ws/install/turtle_interfaces/share/turtle_interfaces/cmake/ament_cmake_export_libraries-extras.cmake
[18.848s] -- Installing: /home/yahboom/intro_ws/install/turtle_interfaces/share/turtle_interfaces/cmake/ament_cmake_export_targets-extras.cmake
[18.848s] -- Installing: /home/yahboom/intro_ws/install/turtle_interfaces/share/turtle_interfaces/cmake/rosidl_cmake_export_typesupport_targets-extras.cmake
[18.848s] -- Installing: /home/yahboom/intro_ws/install/turtle_interfaces/share/turtle_interfaces/cmake/rosidl_cmake_export_typesupport_libraries-extras.cmake
[18.848s] -- Installing: /home/yahboom/intro_ws/install/turtle_interfaces/share/turtle_interfaces/cmake/turtle_interfacesConfig.cmake
[18.849s] -- Installing: /home/yahboom/intro_ws/install/turtle_interfaces/share/turtle_interfaces/cmake/turtle_interfacesConfig-version.cmake
[18.849s] -- Installing: /home/yahboom/intro_ws/install/turtle_interfaces/share/turtle_interfaces/package.xml
[18.854s] Invoked command in '/home/yahboom/intro_ws/build/turtle_interfaces' returned '0': CMAKE_PREFIX_PATH=${CMAKE_PREFIX_PATH}:/home/yahboom/intro_ws/install/turtle_test:/home/yahboom/intro_ws/install/examples_rclpy_pointcloud_publisher:/home/yahboom/intro_ws/install/examples_rclpy_minimal_subscriber:/home/yahboom/intro_ws/install/examples_rclpy_minimal_service:/home/yahboom/intro_ws/install/examples_rclpy_minimal_publisher:/home/yahboom/intro_ws/install/examples_rclpy_minimal_client:/home/yahboom/intro_ws/install/examples_rclpy_minimal_action_server:/home/yahboom/intro_ws/install/examples_rclpy_minimal_action_client:/home/yahboom/intro_ws/install/examples_rclpy_guard_conditions:/home/yahboom/intro_ws/install/examples_rclpy_executors:/home/yahboom/cartoros2/install/yahboomcar_nav:/home/yahboom/cartoros2/install/yahboomcar_ctrl:/home/yahboom/cartoros2/install/yahboom_visual:/home/yahboom/cartoros2/install/yahboom_dog_joint_state:/home/yahboom/cartoros2/install/yahboom_description:/home/yahboom/cartoros2/install/yahboom_color_identify_server:/home/yahboom/cartoros2/install/yahboom_bringup:/home/yahboom/cartoros2/install/yahboom_base:/home/yahboom/cartoros2/install/yahboom_app_save_map:/home/yahboom/cartoros2/install/update_map:/home/yahboom/cartoros2/install/rosboard:/home/yahboom/cartoros2/install/path_planner_server:/home/yahboom/cartoros2/install/nav2_simple_commander:/home/yahboom/cartoros2/install/nav2_gazebo_spawner:/home/yahboom/cartoros2/install/localization_server:/home/yahboom/cartoros2/install/laserscan_to_point_pulisher:/home/yahboom/yahboomcar_ws/install/yahboom_dog_example:/opt/ros/humble /usr/bin/cmake --install /home/yahboom/intro_ws/build/turtle_interfaces
