[3.417s] Invoking command in '/home/yahboom/intro_ws/src/examples/rclpy/executors': PYTHONPATH=/home/yahboom/intro_ws/build/examples_rclpy_executors/prefix_override:/usr/lib/python3/dist-packages/colcon_core/task/python/colcon_distutils_commands:/home/yahboom/intro_ws/install/examples_rclpy_executors/lib/python3.10/site-packages:${PYTHONPATH} /usr/bin/python3 -W ignore:setup.py install is deprecated -W ignore:easy_install command is deprecated setup.py egg_info --egg-base ../../../../build/examples_rclpy_executors build --build-base /home/yahboom/intro_ws/build/examples_rclpy_executors/build install --record /home/yahboom/intro_ws/build/examples_rclpy_executors/install.log --single-version-externally-managed install_data
[4.300s] running egg_info
[4.302s] creating ../../../../build/examples_rclpy_executors/examples_rclpy_executors.egg-info
[4.302s] writing ../../../../build/examples_rclpy_executors/examples_rclpy_executors.egg-info/PKG-INFO
[4.303s] writing dependency_links to ../../../../build/examples_rclpy_executors/examples_rclpy_executors.egg-info/dependency_links.txt
[4.307s] writing entry points to ../../../../build/examples_rclpy_executors/examples_rclpy_executors.egg-info/entry_points.txt
[4.308s] writing requirements to ../../../../build/examples_rclpy_executors/examples_rclpy_executors.egg-info/requires.txt
[4.308s] writing top-level names to ../../../../build/examples_rclpy_executors/examples_rclpy_executors.egg-info/top_level.txt
[4.309s] writing manifest file '../../../../build/examples_rclpy_executors/examples_rclpy_executors.egg-info/SOURCES.txt'
[4.325s] reading manifest file '../../../../build/examples_rclpy_executors/examples_rclpy_executors.egg-info/SOURCES.txt'
[4.325s] writing manifest file '../../../../build/examples_rclpy_executors/examples_rclpy_executors.egg-info/SOURCES.txt'
[4.325s] running build
[4.325s] running build_py
[4.326s] creating /home/yahboom/intro_ws/build/examples_rclpy_executors/build
[4.326s] creating /home/yahboom/intro_ws/build/examples_rclpy_executors/build/lib
[4.326s] creating /home/yahboom/intro_ws/build/examples_rclpy_executors/build/lib/examples_rclpy_executors
[4.326s] copying examples_rclpy_executors/custom_callback_group.py -> /home/yahboom/intro_ws/build/examples_rclpy_executors/build/lib/examples_rclpy_executors
[4.330s] copying examples_rclpy_executors/__init__.py -> /home/yahboom/intro_ws/build/examples_rclpy_executors/build/lib/examples_rclpy_executors
[4.333s] copying examples_rclpy_executors/callback_group.py -> /home/yahboom/intro_ws/build/examples_rclpy_executors/build/lib/examples_rclpy_executors
[4.335s] copying examples_rclpy_executors/talker.py -> /home/yahboom/intro_ws/build/examples_rclpy_executors/build/lib/examples_rclpy_executors
[4.337s] copying examples_rclpy_executors/custom_executor.py -> /home/yahboom/intro_ws/build/examples_rclpy_executors/build/lib/examples_rclpy_executors
[4.339s] copying examples_rclpy_executors/listener.py -> /home/yahboom/intro_ws/build/examples_rclpy_executors/build/lib/examples_rclpy_executors
[4.341s] copying examples_rclpy_executors/composed.py -> /home/yahboom/intro_ws/build/examples_rclpy_executors/build/lib/examples_rclpy_executors
[4.344s] running install
[4.345s] running install_lib
[4.348s] creating /home/yahboom/intro_ws/install/examples_rclpy_executors/lib/python3.10/site-packages/examples_rclpy_executors
[4.348s] copying /home/yahboom/intro_ws/build/examples_rclpy_executors/build/lib/examples_rclpy_executors/custom_callback_group.py -> /home/yahboom/intro_ws/install/examples_rclpy_executors/lib/python3.10/site-packages/examples_rclpy_executors
[4.349s] copying /home/yahboom/intro_ws/build/examples_rclpy_executors/build/lib/examples_rclpy_executors/__init__.py -> /home/yahboom/intro_ws/install/examples_rclpy_executors/lib/python3.10/site-packages/examples_rclpy_executors
[4.349s] copying /home/yahboom/intro_ws/build/examples_rclpy_executors/build/lib/examples_rclpy_executors/callback_group.py -> /home/yahboom/intro_ws/install/examples_rclpy_executors/lib/python3.10/site-packages/examples_rclpy_executors
[4.350s] copying /home/yahboom/intro_ws/build/examples_rclpy_executors/build/lib/examples_rclpy_executors/talker.py -> /home/yahboom/intro_ws/install/examples_rclpy_executors/lib/python3.10/site-packages/examples_rclpy_executors
[4.351s] copying /home/yahboom/intro_ws/build/examples_rclpy_executors/build/lib/examples_rclpy_executors/custom_executor.py -> /home/yahboom/intro_ws/install/examples_rclpy_executors/lib/python3.10/site-packages/examples_rclpy_executors
[4.351s] copying /home/yahboom/intro_ws/build/examples_rclpy_executors/build/lib/examples_rclpy_executors/listener.py -> /home/yahboom/intro_ws/install/examples_rclpy_executors/lib/python3.10/site-packages/examples_rclpy_executors
[4.352s] copying /home/yahboom/intro_ws/build/examples_rclpy_executors/build/lib/examples_rclpy_executors/composed.py -> /home/yahboom/intro_ws/install/examples_rclpy_executors/lib/python3.10/site-packages/examples_rclpy_executors
[4.355s] byte-compiling /home/yahboom/intro_ws/install/examples_rclpy_executors/lib/python3.10/site-packages/examples_rclpy_executors/custom_callback_group.py to custom_callback_group.cpython-310.pyc
[4.358s] byte-compiling /home/yahboom/intro_ws/install/examples_rclpy_executors/lib/python3.10/site-packages/examples_rclpy_executors/__init__.py to __init__.cpython-310.pyc
[4.359s] byte-compiling /home/yahboom/intro_ws/install/examples_rclpy_executors/lib/python3.10/site-packages/examples_rclpy_executors/callback_group.py to callback_group.cpython-310.pyc
[4.362s] byte-compiling /home/yahboom/intro_ws/install/examples_rclpy_executors/lib/python3.10/site-packages/examples_rclpy_executors/talker.py to talker.cpython-310.pyc
[4.362s] byte-compiling /home/yahboom/intro_ws/install/examples_rclpy_executors/lib/python3.10/site-packages/examples_rclpy_executors/custom_executor.py to custom_executor.cpython-310.pyc
[4.364s] byte-compiling /home/yahboom/intro_ws/install/examples_rclpy_executors/lib/python3.10/site-packages/examples_rclpy_executors/listener.py to listener.cpython-310.pyc
[4.369s] byte-compiling /home/yahboom/intro_ws/install/examples_rclpy_executors/lib/python3.10/site-packages/examples_rclpy_executors/composed.py to composed.cpython-310.pyc
[4.373s] running install_data
[4.373s] creating /home/yahboom/intro_ws/install/examples_rclpy_executors/share/ament_index
[4.374s] creating /home/yahboom/intro_ws/install/examples_rclpy_executors/share/ament_index/resource_index
[4.376s] creating /home/yahboom/intro_ws/install/examples_rclpy_executors/share/ament_index/resource_index/packages
[4.376s] copying resource/examples_rclpy_executors -> /home/yahboom/intro_ws/install/examples_rclpy_executors/share/ament_index/resource_index/packages
[4.376s] copying package.xml -> /home/yahboom/intro_ws/install/examples_rclpy_executors/share/examples_rclpy_executors
[4.377s] running install_egg_info
[4.384s] Copying ../../../../build/examples_rclpy_executors/examples_rclpy_executors.egg-info to /home/yahboom/intro_ws/install/examples_rclpy_executors/lib/python3.10/site-packages/examples_rclpy_executors-0.15.5-py3.10.egg-info
[4.393s] running install_scripts
[4.457s] Installing callback_group script to /home/yahboom/intro_ws/install/examples_rclpy_executors/lib/examples_rclpy_executors
[4.458s] Installing composed script to /home/yahboom/intro_ws/install/examples_rclpy_executors/lib/examples_rclpy_executors
[4.459s] Installing custom_callback_group script to /home/yahboom/intro_ws/install/examples_rclpy_executors/lib/examples_rclpy_executors
[4.459s] Installing custom_executor script to /home/yahboom/intro_ws/install/examples_rclpy_executors/lib/examples_rclpy_executors
[4.460s] Installing listener script to /home/yahboom/intro_ws/install/examples_rclpy_executors/lib/examples_rclpy_executors
[4.461s] Installing talker script to /home/yahboom/intro_ws/install/examples_rclpy_executors/lib/examples_rclpy_executors
[4.461s] writing list of installed files to '/home/yahboom/intro_ws/build/examples_rclpy_executors/install.log'
[4.528s] Invoked command in '/home/yahboom/intro_ws/src/examples/rclpy/executors' returned '0': PYTHONPATH=/home/yahboom/intro_ws/build/examples_rclpy_executors/prefix_override:/usr/lib/python3/dist-packages/colcon_core/task/python/colcon_distutils_commands:/home/yahboom/intro_ws/install/examples_rclpy_executors/lib/python3.10/site-packages:${PYTHONPATH} /usr/bin/python3 -W ignore:setup.py install is deprecated -W ignore:easy_install command is deprecated setup.py egg_info --egg-base ../../../../build/examples_rclpy_executors build --build-base /home/yahboom/intro_ws/build/examples_rclpy_executors/build install --record /home/yahboom/intro_ws/build/examples_rclpy_executors/install.log --single-version-externally-managed install_data
