[0.113s] Invoking command in '/home/yahboom/S26_RobotProgramming_Iron/Lab4/Flynn/roscourse_ws/build/turtle_interfaces': CMAKE_PREFIX_PATH=${CMAKE_PREFIX_PATH}:/home/yahboom/cartoros2/install/yahboomcar_nav:/home/yahboom/cartoros2/install/yahboomcar_ctrl:/home/yahboom/cartoros2/install/yahboom_visual:/home/yahboom/cartoros2/install/yahboom_dog_joint_state:/home/yahboom/cartoros2/install/yahboom_description:/home/yahboom/cartoros2/install/yahboom_color_identify_server:/home/yahboom/cartoros2/install/yahboom_bringup:/home/yahboom/cartoros2/install/yahboom_base:/home/yahboom/cartoros2/install/yahboom_app_save_map:/home/yahboom/cartoros2/install/update_map:/home/yahboom/cartoros2/install/rosboard:/home/yahboom/cartoros2/install/path_planner_server:/home/yahboom/cartoros2/install/nav2_simple_commander:/home/yahboom/cartoros2/install/nav2_gazebo_spawner:/home/yahboom/cartoros2/install/localization_server:/home/yahboom/cartoros2/install/laserscan_to_point_pulisher:/home/yahboom/yahboomcar_ws/install/yahboom_dog_example:/opt/ros/humble /usr/bin/cmake /home/yahboom/S26_RobotProgramming_Iron/Lab4/Flynn/roscourse_ws/src/turtle_interfaces -DCMAKE_INSTALL_PREFIX=/home/yahboom/S26_RobotProgramming_Iron/Lab4/Flynn/roscourse_ws/install/turtle_interfaces
[0.915s] -- The C compiler identification is GNU 11.4.0
[0.915s] -- The CXX compiler identification is GNU 11.4.0
[0.915s] -- Detecting C compiler ABI info
[0.918s] -- Detecting C compiler ABI info - done
[0.918s] -- Check for working C compiler: /usr/bin/cc - skipped
[0.918s] -- Detecting C compile features
[0.920s] -- Detecting C compile features - done
[0.920s] -- Detecting CXX compiler ABI info
[1.097s] -- Detecting CXX compiler ABI info - done
[1.114s] -- Check for working CXX compiler: /usr/bin/c++ - skipped
[1.114s] -- Detecting CXX compile features
[1.115s] -- Detecting CXX compile features - done
[1.144s] -- Found ament_cmake: 1.3.12 (/opt/ros/humble/share/ament_cmake/cmake)
[1.734s] -- Found Python3: /usr/bin/python3 (found version "3.10.12") found components: Interpreter 
[2.335s] -- Found ament_lint_auto: 0.12.14 (/opt/ros/humble/share/ament_lint_auto/cmake)
[2.755s] -- Found geometry_msgs: 4.9.0 (/opt/ros/humble/share/geometry_msgs/cmake)
[3.078s] -- Found rosidl_generator_c: 3.1.8 (/opt/ros/humble/share/rosidl_generator_c/cmake)
[3.135s] -- Found rosidl_adapter: 3.1.8 (/opt/ros/humble/share/rosidl_adapter/cmake)
[3.201s] -- Found rosidl_generator_cpp: 3.1.8 (/opt/ros/humble/share/rosidl_generator_cpp/cmake)
[3.281s] -- Using all available rosidl_typesupport_c: rosidl_typesupport_fastrtps_c;rosidl_typesupport_introspection_c
[3.396s] -- Using all available rosidl_typesupport_cpp: rosidl_typesupport_fastrtps_cpp;rosidl_typesupport_introspection_cpp
[3.567s] -- Found rosidl_default_generators: 1.2.0 (/opt/ros/humble/share/rosidl_default_generators/cmake)
[4.408s] -- Found ament_cmake_ros: 0.10.0 (/opt/ros/humble/share/ament_cmake_ros/cmake)
[5.761s] -- Using all available rosidl_typesupport_c: rosidl_typesupport_fastrtps_c;rosidl_typesupport_introspection_c
[6.266s] -- Using all available rosidl_typesupport_cpp: rosidl_typesupport_fastrtps_cpp;rosidl_typesupport_introspection_cpp
[6.351s] -- Found PythonInterp: /usr/bin/python3 (found suitable version "3.10.12", minimum required is "3.6") 
[6.379s] -- Found python_cmake_module: 0.10.0 (/opt/ros/humble/share/python_cmake_module/cmake)
[6.478s] -- Found PythonLibs: /usr/lib/x86_64-linux-gnu/libpython3.10.so (found suitable version "3.10.12", minimum required is "3.5") 
[6.478s] -- Using PYTHON_EXECUTABLE: /usr/bin/python3
[6.478s] -- Using PYTHON_INCLUDE_DIRS: /usr/include/python3.10
[6.478s] -- Using PYTHON_LIBRARIES: /usr/lib/x86_64-linux-gnu/libpython3.10.so
[6.557s] -- Found PythonExtra: .so  
[6.875s] -- Added test 'lint_cmake' to check CMake code style
[6.882s] -- Added test 'xmllint' to check XML markup files
[6.900s] -- Configuring done
[6.989s] -- Generating done
[7.018s] -- Build files have been written to: /home/yahboom/S26_RobotProgramming_Iron/Lab4/Flynn/roscourse_ws/build/turtle_interfaces
[7.039s] Invoked command in '/home/yahboom/S26_RobotProgramming_Iron/Lab4/Flynn/roscourse_ws/build/turtle_interfaces' returned '0': CMAKE_PREFIX_PATH=${CMAKE_PREFIX_PATH}:/home/yahboom/cartoros2/install/yahboomcar_nav:/home/yahboom/cartoros2/install/yahboomcar_ctrl:/home/yahboom/cartoros2/install/yahboom_visual:/home/yahboom/cartoros2/install/yahboom_dog_joint_state:/home/yahboom/cartoros2/install/yahboom_description:/home/yahboom/cartoros2/install/yahboom_color_identify_server:/home/yahboom/cartoros2/install/yahboom_bringup:/home/yahboom/cartoros2/install/yahboom_base:/home/yahboom/cartoros2/install/yahboom_app_save_map:/home/yahboom/cartoros2/install/update_map:/home/yahboom/cartoros2/install/rosboard:/home/yahboom/cartoros2/install/path_planner_server:/home/yahboom/cartoros2/install/nav2_simple_commander:/home/yahboom/cartoros2/install/nav2_gazebo_spawner:/home/yahboom/cartoros2/install/localization_server:/home/yahboom/cartoros2/install/laserscan_to_point_pulisher:/home/yahboom/yahboomcar_ws/install/yahboom_dog_example:/opt/ros/humble /usr/bin/cmake /home/yahboom/S26_RobotProgramming_Iron/Lab4/Flynn/roscourse_ws/src/turtle_interfaces -DCMAKE_INSTALL_PREFIX=/home/yahboom/S26_RobotProgramming_Iron/Lab4/Flynn/roscourse_ws/install/turtle_interfaces
[7.045s] Invoking command in '/home/yahboom/S26_RobotProgramming_Iron/Lab4/Flynn/roscourse_ws/build/turtle_interfaces': CMAKE_PREFIX_PATH=${CMAKE_PREFIX_PATH}:/home/yahboom/cartoros2/install/yahboomcar_nav:/home/yahboom/cartoros2/install/yahboomcar_ctrl:/home/yahboom/cartoros2/install/yahboom_visual:/home/yahboom/cartoros2/install/yahboom_dog_joint_state:/home/yahboom/cartoros2/install/yahboom_description:/home/yahboom/cartoros2/install/yahboom_color_identify_server:/home/yahboom/cartoros2/install/yahboom_bringup:/home/yahboom/cartoros2/install/yahboom_base:/home/yahboom/cartoros2/install/yahboom_app_save_map:/home/yahboom/cartoros2/install/update_map:/home/yahboom/cartoros2/install/rosboard:/home/yahboom/cartoros2/install/path_planner_server:/home/yahboom/cartoros2/install/nav2_simple_commander:/home/yahboom/cartoros2/install/nav2_gazebo_spawner:/home/yahboom/cartoros2/install/localization_server:/home/yahboom/cartoros2/install/laserscan_to_point_pulisher:/home/yahboom/yahboomcar_ws/install/yahboom_dog_example:/opt/ros/humble /usr/bin/cmake --build /home/yahboom/S26_RobotProgramming_Iron/Lab4/Flynn/roscourse_ws/build/turtle_interfaces -- -j4 -l4
[7.218s] [  2%] [34m[1mGenerating C code for ROS interfaces[0m
[7.267s] [  4%] [34m[1mGenerating C++ code for ROS interfaces[0m
[7.303s] [  4%] Built target ament_cmake_python_copy_turtle_interfaces
[8.072s] running egg_info
[8.074s] creating turtle_interfaces.egg-info
[8.075s] writing turtle_interfaces.egg-info/PKG-INFO
[8.075s] writing dependency_links to turtle_interfaces.egg-info/dependency_links.txt
[8.077s] writing top-level names to turtle_interfaces.egg-info/top_level.txt
[8.077s] writing manifest file 'turtle_interfaces.egg-info/SOURCES.txt'
[8.084s] reading manifest file 'turtle_interfaces.egg-info/SOURCES.txt'
[8.084s] writing manifest file 'turtle_interfaces.egg-info/SOURCES.txt'
[8.167s] [  4%] Built target ament_cmake_python_build_turtle_interfaces_egg
[8.345s] [  4%] Built target turtle_interfaces__cpp
[8.399s] [  6%] [34m[1mGenerating C++ introspection for ROS interfaces[0m
[8.400s] [  8%] [34m[1mGenerating C++ type support for eProsima Fast-RTPS[0m
[8.402s] [ 10%] [34m[1mGenerating C++ type support dispatch for ROS interfaces[0m
[8.434s] [ 12%] [32mBuilding C object CMakeFiles/turtle_interfaces__rosidl_generator_c.dir/rosidl_generator_c/turtle_interfaces/msg/detail/turtle_msg__functions.c.o[0m
[8.646s] [ 14%] [32mBuilding C object CMakeFiles/turtle_interfaces__rosidl_generator_c.dir/rosidl_generator_c/turtle_interfaces/srv/detail/set_pose__functions.c.o[0m
[8.860s] [ 17%] [32mBuilding C object CMakeFiles/turtle_interfaces__rosidl_generator_c.dir/rosidl_generator_c/turtle_interfaces/srv/detail/set_color__functions.c.o[0m
[9.065s] [ 19%] [32m[1mLinking C shared library libturtle_interfaces__rosidl_generator_c.so[0m
[9.192s] [ 21%] [32mBuilding CXX object CMakeFiles/turtle_interfaces__rosidl_typesupport_cpp.dir/rosidl_typesupport_cpp/turtle_interfaces/msg/turtle_msg__type_support.cpp.o[0m
[9.215s] [ 21%] Built target turtle_interfaces__rosidl_generator_c
[9.287s] [ 23%] [32mBuilding CXX object CMakeFiles/turtle_interfaces__rosidl_typesupport_cpp.dir/rosidl_typesupport_cpp/turtle_interfaces/srv/set_pose__type_support.cpp.o[0m
[9.347s] [ 25%] [32mBuilding CXX object CMakeFiles/turtle_interfaces__rosidl_typesupport_introspection_cpp.dir/rosidl_typesupport_introspection_cpp/turtle_interfaces/msg/detail/turtle_msg__type_support.cpp.o[0m
[9.409s] [ 27%] [32mBuilding CXX object CMakeFiles/turtle_interfaces__rosidl_typesupport_fastrtps_cpp.dir/rosidl_typesupport_fastrtps_cpp/turtle_interfaces/msg/detail/dds_fastrtps/turtle_msg__type_support.cpp.o[0m
[9.901s] [ 29%] [32mBuilding CXX object CMakeFiles/turtle_interfaces__rosidl_typesupport_introspection_cpp.dir/rosidl_typesupport_introspection_cpp/turtle_interfaces/srv/detail/set_pose__type_support.cpp.o[0m
[9.945s] [ 31%] [32mBuilding CXX object CMakeFiles/turtle_interfaces__rosidl_typesupport_cpp.dir/rosidl_typesupport_cpp/turtle_interfaces/srv/set_color__type_support.cpp.o[0m
[10.233s] [ 34%] [34m[1mGenerating C type support for eProsima Fast-RTPS[0m
[10.315s] [ 36%] [32mBuilding CXX object CMakeFiles/turtle_interfaces__rosidl_typesupport_fastrtps_cpp.dir/rosidl_typesupport_fastrtps_cpp/turtle_interfaces/srv/detail/dds_fastrtps/set_pose__type_support.cpp.o[0m
[10.642s] [ 38%] [32m[1mLinking CXX shared library libturtle_interfaces__rosidl_typesupport_cpp.so[0m
[10.756s] [ 40%] [32mBuilding CXX object CMakeFiles/turtle_interfaces__rosidl_typesupport_introspection_cpp.dir/rosidl_typesupport_introspection_cpp/turtle_interfaces/srv/detail/set_color__type_support.cpp.o[0m
[10.810s] [ 40%] Built target turtle_interfaces__rosidl_typesupport_cpp
[10.861s] [ 42%] [32mBuilding CXX object CMakeFiles/turtle_interfaces__rosidl_typesupport_fastrtps_cpp.dir/rosidl_typesupport_fastrtps_cpp/turtle_interfaces/srv/detail/dds_fastrtps/set_color__type_support.cpp.o[0m
[11.246s] [ 44%] [32mBuilding CXX object CMakeFiles/turtle_interfaces__rosidl_typesupport_fastrtps_c.dir/rosidl_typesupport_fastrtps_c/turtle_interfaces/msg/detail/turtle_msg__type_support_c.cpp.o[0m
[11.260s] [ 46%] [34m[1mGenerating C introspection for ROS interfaces[0m
[11.639s] [ 48%] [32m[1mLinking CXX shared library libturtle_interfaces__rosidl_typesupport_introspection_cpp.so[0m
[11.836s] [ 51%] [32m[1mLinking CXX shared library libturtle_interfaces__rosidl_typesupport_fastrtps_cpp.so[0m
[11.873s] [ 51%] Built target turtle_interfaces__rosidl_typesupport_introspection_cpp
[11.924s] [ 53%] [34m[1mGenerating C type support dispatch for ROS interfaces[0m
[11.992s] [ 55%] [32mBuilding CXX object CMakeFiles/turtle_interfaces__rosidl_typesupport_fastrtps_c.dir/rosidl_typesupport_fastrtps_c/turtle_interfaces/srv/detail/set_pose__type_support_c.cpp.o[0m
[12.092s] [ 55%] Built target turtle_interfaces__rosidl_typesupport_fastrtps_cpp
[12.143s] [ 57%] [32mBuilding CXX object CMakeFiles/turtle_interfaces__rosidl_typesupport_fastrtps_c.dir/rosidl_typesupport_fastrtps_c/turtle_interfaces/srv/detail/set_color__type_support_c.cpp.o[0m
[12.258s] [ 59%] [32mBuilding C object CMakeFiles/turtle_interfaces__rosidl_typesupport_introspection_c.dir/rosidl_typesupport_introspection_c/turtle_interfaces/msg/detail/turtle_msg__type_support.c.o[0m
[12.392s] [ 61%] [32mBuilding C object CMakeFiles/turtle_interfaces__rosidl_typesupport_introspection_c.dir/rosidl_typesupport_introspection_c/turtle_interfaces/srv/detail/set_pose__type_support.c.o[0m
[12.513s] [ 63%] [32mBuilding C object CMakeFiles/turtle_interfaces__rosidl_typesupport_introspection_c.dir/rosidl_typesupport_introspection_c/turtle_interfaces/srv/detail/set_color__type_support.c.o[0m
[12.636s] [ 65%] [32m[1mLinking C shared library libturtle_interfaces__rosidl_typesupport_introspection_c.so[0m
[12.702s] [ 68%] [32mBuilding CXX object CMakeFiles/turtle_interfaces__rosidl_typesupport_c.dir/rosidl_typesupport_c/turtle_interfaces/msg/turtle_msg__type_support.cpp.o[0m
[12.759s] [ 70%] [32mBuilding CXX object CMakeFiles/turtle_interfaces__rosidl_typesupport_c.dir/rosidl_typesupport_c/turtle_interfaces/srv/set_pose__type_support.cpp.o[0m
[12.762s] [ 70%] Built target turtle_interfaces__rosidl_typesupport_introspection_c
[12.802s] [ 72%] [32mBuilding CXX object CMakeFiles/turtle_interfaces__rosidl_typesupport_c.dir/rosidl_typesupport_c/turtle_interfaces/srv/set_color__type_support.cpp.o[0m
[12.912s] [ 74%] [32m[1mLinking CXX shared library libturtle_interfaces__rosidl_typesupport_c.so[0m
[13.022s] [ 76%] [32m[1mLinking CXX shared library libturtle_interfaces__rosidl_typesupport_fastrtps_c.so[0m
[13.061s] [ 76%] Built target turtle_interfaces__rosidl_typesupport_c
[13.239s] [ 76%] Built target turtle_interfaces__rosidl_typesupport_fastrtps_c
[13.334s] [ 76%] Built target turtle_interfaces
[13.432s] [ 78%] [34m[1mGenerating Python code for ROS interfaces[0m
[14.721s] [ 78%] Built target turtle_interfaces__py
[14.816s] [ 80%] [32mBuilding C object CMakeFiles/turtle_interfaces__rosidl_generator_py.dir/rosidl_generator_py/turtle_interfaces/msg/_turtle_msg_s.c.o[0m
[14.817s] [ 85%] [32mBuilding C object CMakeFiles/turtle_interfaces__rosidl_generator_py.dir/rosidl_generator_py/turtle_interfaces/srv/_set_color_s.c.o[0m
[14.817s] [ 85%] [32mBuilding C object CMakeFiles/turtle_interfaces__rosidl_generator_py.dir/rosidl_generator_py/turtle_interfaces/srv/_set_pose_s.c.o[0m
[15.085s] [ 87%] [32m[1mLinking C shared library rosidl_generator_py/turtle_interfaces/libturtle_interfaces__rosidl_generator_py.so[0m
[15.235s] [ 87%] Built target turtle_interfaces__rosidl_generator_py
[15.333s] [ 89%] [32mBuilding C object CMakeFiles/turtle_interfaces__rosidl_typesupport_introspection_c__pyext.dir/rosidl_generator_py/turtle_interfaces/_turtle_interfaces_s.ep.rosidl_typesupport_introspection_c.c.o[0m
[15.333s] [ 91%] [32mBuilding C object CMakeFiles/turtle_interfaces__rosidl_typesupport_c__pyext.dir/rosidl_generator_py/turtle_interfaces/_turtle_interfaces_s.ep.rosidl_typesupport_c.c.o[0m
[15.333s] [ 93%] [32mBuilding C object CMakeFiles/turtle_interfaces__rosidl_typesupport_fastrtps_c__pyext.dir/rosidl_generator_py/turtle_interfaces/_turtle_interfaces_s.ep.rosidl_typesupport_fastrtps_c.c.o[0m
[15.622s] [ 95%] [32m[1mLinking C shared library rosidl_generator_py/turtle_interfaces/turtle_interfaces_s__rosidl_typesupport_c.cpython-310-x86_64-linux-gnu.so[0m
[15.622s] [ 97%] [32m[1mLinking C shared library rosidl_generator_py/turtle_interfaces/turtle_interfaces_s__rosidl_typesupport_fastrtps_c.cpython-310-x86_64-linux-gnu.so[0m
[15.623s] [100%] [32m[1mLinking C shared library rosidl_generator_py/turtle_interfaces/turtle_interfaces_s__rosidl_typesupport_introspection_c.cpython-310-x86_64-linux-gnu.so[0m
[15.772s] [100%] Built target turtle_interfaces__rosidl_typesupport_fastrtps_c__pyext
[15.772s] [100%] Built target turtle_interfaces__rosidl_typesupport_introspection_c__pyext
[15.772s] [100%] Built target turtle_interfaces__rosidl_typesupport_c__pyext
[15.814s] Invoked command in '/home/yahboom/S26_RobotProgramming_Iron/Lab4/Flynn/roscourse_ws/build/turtle_interfaces' returned '0': CMAKE_PREFIX_PATH=${CMAKE_PREFIX_PATH}:/home/yahboom/cartoros2/install/yahboomcar_nav:/home/yahboom/cartoros2/install/yahboomcar_ctrl:/home/yahboom/cartoros2/install/yahboom_visual:/home/yahboom/cartoros2/install/yahboom_dog_joint_state:/home/yahboom/cartoros2/install/yahboom_description:/home/yahboom/cartoros2/install/yahboom_color_identify_server:/home/yahboom/cartoros2/install/yahboom_bringup:/home/yahboom/cartoros2/install/yahboom_base:/home/yahboom/cartoros2/install/yahboom_app_save_map:/home/yahboom/cartoros2/install/update_map:/home/yahboom/cartoros2/install/rosboard:/home/yahboom/cartoros2/install/path_planner_server:/home/yahboom/cartoros2/install/nav2_simple_commander:/home/yahboom/cartoros2/install/nav2_gazebo_spawner:/home/yahboom/cartoros2/install/localization_server:/home/yahboom/cartoros2/install/laserscan_to_point_pulisher:/home/yahboom/yahboomcar_ws/install/yahboom_dog_example:/opt/ros/humble /usr/bin/cmake --build /home/yahboom/S26_RobotProgramming_Iron/Lab4/Flynn/roscourse_ws/build/turtle_interfaces -- -j4 -l4
[15.851s] Invoking command in '/home/yahboom/S26_RobotProgramming_Iron/Lab4/Flynn/roscourse_ws/build/turtle_interfaces': CMAKE_PREFIX_PATH=${CMAKE_PREFIX_PATH}:/home/yahboom/cartoros2/install/yahboomcar_nav:/home/yahboom/cartoros2/install/yahboomcar_ctrl:/home/yahboom/cartoros2/install/yahboom_visual:/home/yahboom/cartoros2/install/yahboom_dog_joint_state:/home/yahboom/cartoros2/install/yahboom_description:/home/yahboom/cartoros2/install/yahboom_color_identify_server:/home/yahboom/cartoros2/install/yahboom_bringup:/home/yahboom/cartoros2/install/yahboom_base:/home/yahboom/cartoros2/install/yahboom_app_save_map:/home/yahboom/cartoros2/install/update_map:/home/yahboom/cartoros2/install/rosboard:/home/yahboom/cartoros2/install/path_planner_server:/home/yahboom/cartoros2/install/nav2_simple_commander:/home/yahboom/cartoros2/install/nav2_gazebo_spawner:/home/yahboom/cartoros2/install/localization_server:/home/yahboom/cartoros2/install/laserscan_to_point_pulisher:/home/yahboom/yahboomcar_ws/install/yahboom_dog_example:/opt/ros/humble /usr/bin/cmake --install /home/yahboom/S26_RobotProgramming_Iron/Lab4/Flynn/roscourse_ws/build/turtle_interfaces
[15.886s] -- Install configuration: ""
[15.887s] -- Installing: /home/yahboom/S26_RobotProgramming_Iron/Lab4/Flynn/roscourse_ws/install/turtle_interfaces/share/ament_index/resource_index/rosidl_interfaces/turtle_interfaces
[15.887s] -- Installing: /home/yahboom/S26_RobotProgramming_Iron/Lab4/Flynn/roscourse_ws/install/turtle_interfaces/include/turtle_interfaces/turtle_interfaces
[15.888s] -- Installing: /home/yahboom/S26_RobotProgramming_Iron/Lab4/Flynn/roscourse_ws/install/turtle_interfaces/include/turtle_interfaces/turtle_interfaces/srv
[15.888s] -- Installing: /home/yahboom/S26_RobotProgramming_Iron/Lab4/Flynn/roscourse_ws/install/turtle_interfaces/include/turtle_interfaces/turtle_interfaces/srv/detail
[15.888s] -- Installing: /home/yahboom/S26_RobotProgramming_Iron/Lab4/Flynn/roscourse_ws/install/turtle_interfaces/include/turtle_interfaces/turtle_interfaces/srv/detail/set_color__type_support.h
[15.888s] -- Installing: /home/yahboom/S26_RobotProgramming_Iron/Lab4/Flynn/roscourse_ws/install/turtle_interfaces/include/turtle_interfaces/turtle_interfaces/srv/detail/set_color__functions.h
[15.889s] -- Installing: /home/yahboom/S26_RobotProgramming_Iron/Lab4/Flynn/roscourse_ws/install/turtle_interfaces/include/turtle_interfaces/turtle_interfaces/srv/detail/set_pose__functions.h
[15.889s] -- Installing: /home/yahboom/S26_RobotProgramming_Iron/Lab4/Flynn/roscourse_ws/install/turtle_interfaces/include/turtle_interfaces/turtle_interfaces/srv/detail/set_color__functions.c
[15.889s] -- Installing: /home/yahboom/S26_RobotProgramming_Iron/Lab4/Flynn/roscourse_ws/install/turtle_interfaces/include/turtle_interfaces/turtle_interfaces/srv/detail/set_pose__struct.h
[15.890s] -- Installing: /home/yahboom/S26_RobotProgramming_Iron/Lab4/Flynn/roscourse_ws/install/turtle_interfaces/include/turtle_interfaces/turtle_interfaces/srv/detail/set_pose__type_support.h
[15.890s] -- Installing: /home/yahboom/S26_RobotProgramming_Iron/Lab4/Flynn/roscourse_ws/install/turtle_interfaces/include/turtle_interfaces/turtle_interfaces/srv/detail/set_color__struct.h
[15.890s] -- Installing: /home/yahboom/S26_RobotProgramming_Iron/Lab4/Flynn/roscourse_ws/install/turtle_interfaces/include/turtle_interfaces/turtle_interfaces/srv/detail/set_pose__functions.c
[15.891s] -- Installing: /home/yahboom/S26_RobotProgramming_Iron/Lab4/Flynn/roscourse_ws/install/turtle_interfaces/include/turtle_interfaces/turtle_interfaces/srv/set_pose.h
[15.891s] -- Installing: /home/yahboom/S26_RobotProgramming_Iron/Lab4/Flynn/roscourse_ws/install/turtle_interfaces/include/turtle_interfaces/turtle_interfaces/srv/set_color.h
[15.891s] -- Installing: /home/yahboom/S26_RobotProgramming_Iron/Lab4/Flynn/roscourse_ws/install/turtle_interfaces/include/turtle_interfaces/turtle_interfaces/msg
[15.891s] -- Installing: /home/yahboom/S26_RobotProgramming_Iron/Lab4/Flynn/roscourse_ws/install/turtle_interfaces/include/turtle_interfaces/turtle_interfaces/msg/detail
[15.892s] -- Installing: /home/yahboom/S26_RobotProgramming_Iron/Lab4/Flynn/roscourse_ws/install/turtle_interfaces/include/turtle_interfaces/turtle_interfaces/msg/detail/turtle_msg__functions.c
[15.892s] -- Installing: /home/yahboom/S26_RobotProgramming_Iron/Lab4/Flynn/roscourse_ws/install/turtle_interfaces/include/turtle_interfaces/turtle_interfaces/msg/detail/turtle_msg__type_support.h
[15.892s] -- Installing: /home/yahboom/S26_RobotProgramming_Iron/Lab4/Flynn/roscourse_ws/install/turtle_interfaces/include/turtle_interfaces/turtle_interfaces/msg/detail/turtle_msg__functions.h
[15.893s] -- Installing: /home/yahboom/S26_RobotProgramming_Iron/Lab4/Flynn/roscourse_ws/install/turtle_interfaces/include/turtle_interfaces/turtle_interfaces/msg/detail/turtle_msg__struct.h
[15.893s] -- Installing: /home/yahboom/S26_RobotProgramming_Iron/Lab4/Flynn/roscourse_ws/install/turtle_interfaces/include/turtle_interfaces/turtle_interfaces/msg/turtle_msg.h
[15.893s] -- Installing: /home/yahboom/S26_RobotProgramming_Iron/Lab4/Flynn/roscourse_ws/install/turtle_interfaces/include/turtle_interfaces/turtle_interfaces/msg/rosidl_generator_c__visibility_control.h
[15.893s] -- Installing: /home/yahboom/S26_RobotProgramming_Iron/Lab4/Flynn/roscourse_ws/install/turtle_interfaces/share/turtle_interfaces/environment/library_path.sh
[15.893s] -- Installing: /home/yahboom/S26_RobotProgramming_Iron/Lab4/Flynn/roscourse_ws/install/turtle_interfaces/share/turtle_interfaces/environment/library_path.dsv
[15.893s] -- Installing: /home/yahboom/S26_RobotProgramming_Iron/Lab4/Flynn/roscourse_ws/install/turtle_interfaces/lib/libturtle_interfaces__rosidl_generator_c.so
[15.894s] -- Set runtime path of "/home/yahboom/S26_RobotProgramming_Iron/Lab4/Flynn/roscourse_ws/install/turtle_interfaces/lib/libturtle_interfaces__rosidl_generator_c.so" to ""
[15.895s] -- Up-to-date: /home/yahboom/S26_RobotProgramming_Iron/Lab4/Flynn/roscourse_ws/install/turtle_interfaces/include/turtle_interfaces/turtle_interfaces
[15.895s] -- Up-to-date: /home/yahboom/S26_RobotProgramming_Iron/Lab4/Flynn/roscourse_ws/install/turtle_interfaces/include/turtle_interfaces/turtle_interfaces/srv
[15.895s] -- Up-to-date: /home/yahboom/S26_RobotProgramming_Iron/Lab4/Flynn/roscourse_ws/install/turtle_interfaces/include/turtle_interfaces/turtle_interfaces/srv/detail
[15.896s] -- Installing: /home/yahboom/S26_RobotProgramming_Iron/Lab4/Flynn/roscourse_ws/install/turtle_interfaces/include/turtle_interfaces/turtle_interfaces/srv/detail/set_color__rosidl_typesupport_fastrtps_c.h
[15.896s] -- Installing: /home/yahboom/S26_RobotProgramming_Iron/Lab4/Flynn/roscourse_ws/install/turtle_interfaces/include/turtle_interfaces/turtle_interfaces/srv/detail/set_pose__rosidl_typesupport_fastrtps_c.h
[15.896s] -- Up-to-date: /home/yahboom/S26_RobotProgramming_Iron/Lab4/Flynn/roscourse_ws/install/turtle_interfaces/include/turtle_interfaces/turtle_interfaces/msg
[15.896s] -- Up-to-date: /home/yahboom/S26_RobotProgramming_Iron/Lab4/Flynn/roscourse_ws/install/turtle_interfaces/include/turtle_interfaces/turtle_interfaces/msg/detail
[15.897s] -- Installing: /home/yahboom/S26_RobotProgramming_Iron/Lab4/Flynn/roscourse_ws/install/turtle_interfaces/include/turtle_interfaces/turtle_interfaces/msg/detail/turtle_msg__rosidl_typesupport_fastrtps_c.h
[15.897s] -- Installing: /home/yahboom/S26_RobotProgramming_Iron/Lab4/Flynn/roscourse_ws/install/turtle_interfaces/include/turtle_interfaces/turtle_interfaces/msg/rosidl_typesupport_fastrtps_c__visibility_control.h
[15.897s] -- Installing: /home/yahboom/S26_RobotProgramming_Iron/Lab4/Flynn/roscourse_ws/install/turtle_interfaces/lib/libturtle_interfaces__rosidl_typesupport_fastrtps_c.so
[15.897s] -- Set runtime path of "/home/yahboom/S26_RobotProgramming_Iron/Lab4/Flynn/roscourse_ws/install/turtle_interfaces/lib/libturtle_interfaces__rosidl_typesupport_fastrtps_c.so" to ""
[15.898s] -- Up-to-date: /home/yahboom/S26_RobotProgramming_Iron/Lab4/Flynn/roscourse_ws/install/turtle_interfaces/include/turtle_interfaces/turtle_interfaces
[15.898s] -- Up-to-date: /home/yahboom/S26_RobotProgramming_Iron/Lab4/Flynn/roscourse_ws/install/turtle_interfaces/include/turtle_interfaces/turtle_interfaces/srv
[15.898s] -- Installing: /home/yahboom/S26_RobotProgramming_Iron/Lab4/Flynn/roscourse_ws/install/turtle_interfaces/include/turtle_interfaces/turtle_interfaces/srv/set_pose.hpp
[15.898s] -- Up-to-date: /home/yahboom/S26_RobotProgramming_Iron/Lab4/Flynn/roscourse_ws/install/turtle_interfaces/include/turtle_interfaces/turtle_interfaces/srv/detail
[15.898s] -- Installing: /home/yahboom/S26_RobotProgramming_Iron/Lab4/Flynn/roscourse_ws/install/turtle_interfaces/include/turtle_interfaces/turtle_interfaces/srv/detail/set_color__struct.hpp
[15.898s] -- Installing: /home/yahboom/S26_RobotProgramming_Iron/Lab4/Flynn/roscourse_ws/install/turtle_interfaces/include/turtle_interfaces/turtle_interfaces/srv/detail/set_color__builder.hpp
[15.899s] -- Installing: /home/yahboom/S26_RobotProgramming_Iron/Lab4/Flynn/roscourse_ws/install/turtle_interfaces/include/turtle_interfaces/turtle_interfaces/srv/detail/set_pose__traits.hpp
[15.899s] -- Installing: /home/yahboom/S26_RobotProgramming_Iron/Lab4/Flynn/roscourse_ws/install/turtle_interfaces/include/turtle_interfaces/turtle_interfaces/srv/detail/set_color__traits.hpp
[15.899s] -- Installing: /home/yahboom/S26_RobotProgramming_Iron/Lab4/Flynn/roscourse_ws/install/turtle_interfaces/include/turtle_interfaces/turtle_interfaces/srv/detail/set_pose__builder.hpp
[15.900s] -- Installing: /home/yahboom/S26_RobotProgramming_Iron/Lab4/Flynn/roscourse_ws/install/turtle_interfaces/include/turtle_interfaces/turtle_interfaces/srv/detail/set_pose__struct.hpp
[15.901s] -- Installing: /home/yahboom/S26_RobotProgramming_Iron/Lab4/Flynn/roscourse_ws/install/turtle_interfaces/include/turtle_interfaces/turtle_interfaces/srv/detail/set_pose__type_support.hpp
[15.901s] -- Installing: /home/yahboom/S26_RobotProgramming_Iron/Lab4/Flynn/roscourse_ws/install/turtle_interfaces/include/turtle_interfaces/turtle_interfaces/srv/detail/set_color__type_support.hpp
[15.901s] -- Installing: /home/yahboom/S26_RobotProgramming_Iron/Lab4/Flynn/roscourse_ws/install/turtle_interfaces/include/turtle_interfaces/turtle_interfaces/srv/set_color.hpp
[15.902s] -- Up-to-date: /home/yahboom/S26_RobotProgramming_Iron/Lab4/Flynn/roscourse_ws/install/turtle_interfaces/include/turtle_interfaces/turtle_interfaces/msg
[15.902s] -- Installing: /home/yahboom/S26_RobotProgramming_Iron/Lab4/Flynn/roscourse_ws/install/turtle_interfaces/include/turtle_interfaces/turtle_interfaces/msg/rosidl_generator_cpp__visibility_control.hpp
[15.902s] -- Up-to-date: /home/yahboom/S26_RobotProgramming_Iron/Lab4/Flynn/roscourse_ws/install/turtle_interfaces/include/turtle_interfaces/turtle_interfaces/msg/detail
[15.903s] -- Installing: /home/yahboom/S26_RobotProgramming_Iron/Lab4/Flynn/roscourse_ws/install/turtle_interfaces/include/turtle_interfaces/turtle_interfaces/msg/detail/turtle_msg__traits.hpp
[15.903s] -- Installing: /home/yahboom/S26_RobotProgramming_Iron/Lab4/Flynn/roscourse_ws/install/turtle_interfaces/include/turtle_interfaces/turtle_interfaces/msg/detail/turtle_msg__type_support.hpp
[15.903s] -- Installing: /home/yahboom/S26_RobotProgramming_Iron/Lab4/Flynn/roscourse_ws/install/turtle_interfaces/include/turtle_interfaces/turtle_interfaces/msg/detail/turtle_msg__struct.hpp
[15.904s] -- Installing: /home/yahboom/S26_RobotProgramming_Iron/Lab4/Flynn/roscourse_ws/install/turtle_interfaces/include/turtle_interfaces/turtle_interfaces/msg/detail/turtle_msg__builder.hpp
[15.904s] -- Installing: /home/yahboom/S26_RobotProgramming_Iron/Lab4/Flynn/roscourse_ws/install/turtle_interfaces/include/turtle_interfaces/turtle_interfaces/msg/turtle_msg.hpp
[15.904s] -- Up-to-date: /home/yahboom/S26_RobotProgramming_Iron/Lab4/Flynn/roscourse_ws/install/turtle_interfaces/include/turtle_interfaces/turtle_interfaces
[15.904s] -- Up-to-date: /home/yahboom/S26_RobotProgramming_Iron/Lab4/Flynn/roscourse_ws/install/turtle_interfaces/include/turtle_interfaces/turtle_interfaces/srv
[15.904s] -- Up-to-date: /home/yahboom/S26_RobotProgramming_Iron/Lab4/Flynn/roscourse_ws/install/turtle_interfaces/include/turtle_interfaces/turtle_interfaces/srv/detail
[15.905s] -- Installing: /home/yahboom/S26_RobotProgramming_Iron/Lab4/Flynn/roscourse_ws/install/turtle_interfaces/include/turtle_interfaces/turtle_interfaces/srv/detail/set_color__rosidl_typesupport_fastrtps_cpp.hpp
[15.905s] -- Installing: /home/yahboom/S26_RobotProgramming_Iron/Lab4/Flynn/roscourse_ws/install/turtle_interfaces/include/turtle_interfaces/turtle_interfaces/srv/detail/set_pose__rosidl_typesupport_fastrtps_cpp.hpp
[15.906s] -- Installing: /home/yahboom/S26_RobotProgramming_Iron/Lab4/Flynn/roscourse_ws/install/turtle_interfaces/include/turtle_interfaces/turtle_interfaces/srv/detail/dds_fastrtps
[15.906s] -- Up-to-date: /home/yahboom/S26_RobotProgramming_Iron/Lab4/Flynn/roscourse_ws/install/turtle_interfaces/include/turtle_interfaces/turtle_interfaces/msg
[15.906s] -- Up-to-date: /home/yahboom/S26_RobotProgramming_Iron/Lab4/Flynn/roscourse_ws/install/turtle_interfaces/include/turtle_interfaces/turtle_interfaces/msg/detail
[15.906s] -- Installing: /home/yahboom/S26_RobotProgramming_Iron/Lab4/Flynn/roscourse_ws/install/turtle_interfaces/include/turtle_interfaces/turtle_interfaces/msg/detail/turtle_msg__rosidl_typesupport_fastrtps_cpp.hpp
[15.907s] -- Installing: /home/yahboom/S26_RobotProgramming_Iron/Lab4/Flynn/roscourse_ws/install/turtle_interfaces/include/turtle_interfaces/turtle_interfaces/msg/detail/dds_fastrtps
[15.907s] -- Installing: /home/yahboom/S26_RobotProgramming_Iron/Lab4/Flynn/roscourse_ws/install/turtle_interfaces/include/turtle_interfaces/turtle_interfaces/msg/rosidl_typesupport_fastrtps_cpp__visibility_control.h
[15.907s] -- Installing: /home/yahboom/S26_RobotProgramming_Iron/Lab4/Flynn/roscourse_ws/install/turtle_interfaces/lib/libturtle_interfaces__rosidl_typesupport_fastrtps_cpp.so
[15.907s] -- Set runtime path of "/home/yahboom/S26_RobotProgramming_Iron/Lab4/Flynn/roscourse_ws/install/turtle_interfaces/lib/libturtle_interfaces__rosidl_typesupport_fastrtps_cpp.so" to ""
[15.907s] -- Up-to-date: /home/yahboom/S26_RobotProgramming_Iron/Lab4/Flynn/roscourse_ws/install/turtle_interfaces/include/turtle_interfaces/turtle_interfaces
[15.907s] -- Up-to-date: /home/yahboom/S26_RobotProgramming_Iron/Lab4/Flynn/roscourse_ws/install/turtle_interfaces/include/turtle_interfaces/turtle_interfaces/srv
[15.908s] -- Up-to-date: /home/yahboom/S26_RobotProgramming_Iron/Lab4/Flynn/roscourse_ws/install/turtle_interfaces/include/turtle_interfaces/turtle_interfaces/srv/detail
[15.908s] -- Installing: /home/yahboom/S26_RobotProgramming_Iron/Lab4/Flynn/roscourse_ws/install/turtle_interfaces/include/turtle_interfaces/turtle_interfaces/srv/detail/set_color__type_support.c
[15.908s] -- Installing: /home/yahboom/S26_RobotProgramming_Iron/Lab4/Flynn/roscourse_ws/install/turtle_interfaces/include/turtle_interfaces/turtle_interfaces/srv/detail/set_pose__rosidl_typesupport_introspection_c.h
[15.909s] -- Installing: /home/yahboom/S26_RobotProgramming_Iron/Lab4/Flynn/roscourse_ws/install/turtle_interfaces/include/turtle_interfaces/turtle_interfaces/srv/detail/set_pose__type_support.c
[15.909s] -- Installing: /home/yahboom/S26_RobotProgramming_Iron/Lab4/Flynn/roscourse_ws/install/turtle_interfaces/include/turtle_interfaces/turtle_interfaces/srv/detail/set_color__rosidl_typesupport_introspection_c.h
[15.910s] -- Up-to-date: /home/yahboom/S26_RobotProgramming_Iron/Lab4/Flynn/roscourse_ws/install/turtle_interfaces/include/turtle_interfaces/turtle_interfaces/msg
[15.910s] -- Up-to-date: /home/yahboom/S26_RobotProgramming_Iron/Lab4/Flynn/roscourse_ws/install/turtle_interfaces/include/turtle_interfaces/turtle_interfaces/msg/detail
[15.910s] -- Installing: /home/yahboom/S26_RobotProgramming_Iron/Lab4/Flynn/roscourse_ws/install/turtle_interfaces/include/turtle_interfaces/turtle_interfaces/msg/detail/turtle_msg__rosidl_typesupport_introspection_c.h
[15.910s] -- Installing: /home/yahboom/S26_RobotProgramming_Iron/Lab4/Flynn/roscourse_ws/install/turtle_interfaces/include/turtle_interfaces/turtle_interfaces/msg/detail/turtle_msg__type_support.c
[15.911s] -- Installing: /home/yahboom/S26_RobotProgramming_Iron/Lab4/Flynn/roscourse_ws/install/turtle_interfaces/include/turtle_interfaces/turtle_interfaces/msg/rosidl_typesupport_introspection_c__visibility_control.h
[15.911s] -- Installing: /home/yahboom/S26_RobotProgramming_Iron/Lab4/Flynn/roscourse_ws/install/turtle_interfaces/lib/libturtle_interfaces__rosidl_typesupport_introspection_c.so
[15.911s] -- Set runtime path of "/home/yahboom/S26_RobotProgramming_Iron/Lab4/Flynn/roscourse_ws/install/turtle_interfaces/lib/libturtle_interfaces__rosidl_typesupport_introspection_c.so" to ""
[15.911s] -- Installing: /home/yahboom/S26_RobotProgramming_Iron/Lab4/Flynn/roscourse_ws/install/turtle_interfaces/lib/libturtle_interfaces__rosidl_typesupport_c.so
[15.911s] -- Set runtime path of "/home/yahboom/S26_RobotProgramming_Iron/Lab4/Flynn/roscourse_ws/install/turtle_interfaces/lib/libturtle_interfaces__rosidl_typesupport_c.so" to ""
[15.911s] -- Up-to-date: /home/yahboom/S26_RobotProgramming_Iron/Lab4/Flynn/roscourse_ws/install/turtle_interfaces/include/turtle_interfaces/turtle_interfaces
[15.911s] -- Up-to-date: /home/yahboom/S26_RobotProgramming_Iron/Lab4/Flynn/roscourse_ws/install/turtle_interfaces/include/turtle_interfaces/turtle_interfaces/srv
[15.912s] -- Up-to-date: /home/yahboom/S26_RobotProgramming_Iron/Lab4/Flynn/roscourse_ws/install/turtle_interfaces/include/turtle_interfaces/turtle_interfaces/srv/detail
[15.912s] -- Installing: /home/yahboom/S26_RobotProgramming_Iron/Lab4/Flynn/roscourse_ws/install/turtle_interfaces/include/turtle_interfaces/turtle_interfaces/srv/detail/set_color__type_support.cpp
[15.912s] -- Installing: /home/yahboom/S26_RobotProgramming_Iron/Lab4/Flynn/roscourse_ws/install/turtle_interfaces/include/turtle_interfaces/turtle_interfaces/srv/detail/set_pose__rosidl_typesupport_introspection_cpp.hpp
[15.912s] -- Installing: /home/yahboom/S26_RobotProgramming_Iron/Lab4/Flynn/roscourse_ws/install/turtle_interfaces/include/turtle_interfaces/turtle_interfaces/srv/detail/set_pose__type_support.cpp
[15.913s] -- Installing: /home/yahboom/S26_RobotProgramming_Iron/Lab4/Flynn/roscourse_ws/install/turtle_interfaces/include/turtle_interfaces/turtle_interfaces/srv/detail/set_color__rosidl_typesupport_introspection_cpp.hpp
[15.913s] -- Up-to-date: /home/yahboom/S26_RobotProgramming_Iron/Lab4/Flynn/roscourse_ws/install/turtle_interfaces/include/turtle_interfaces/turtle_interfaces/msg
[15.913s] -- Up-to-date: /home/yahboom/S26_RobotProgramming_Iron/Lab4/Flynn/roscourse_ws/install/turtle_interfaces/include/turtle_interfaces/turtle_interfaces/msg/detail
[15.913s] -- Installing: /home/yahboom/S26_RobotProgramming_Iron/Lab4/Flynn/roscourse_ws/install/turtle_interfaces/include/turtle_interfaces/turtle_interfaces/msg/detail/turtle_msg__type_support.cpp
[15.913s] -- Installing: /home/yahboom/S26_RobotProgramming_Iron/Lab4/Flynn/roscourse_ws/install/turtle_interfaces/include/turtle_interfaces/turtle_interfaces/msg/detail/turtle_msg__rosidl_typesupport_introspection_cpp.hpp
[15.913s] -- Installing: /home/yahboom/S26_RobotProgramming_Iron/Lab4/Flynn/roscourse_ws/install/turtle_interfaces/lib/libturtle_interfaces__rosidl_typesupport_introspection_cpp.so
[15.914s] -- Set runtime path of "/home/yahboom/S26_RobotProgramming_Iron/Lab4/Flynn/roscourse_ws/install/turtle_interfaces/lib/libturtle_interfaces__rosidl_typesupport_introspection_cpp.so" to ""
[15.914s] -- Installing: /home/yahboom/S26_RobotProgramming_Iron/Lab4/Flynn/roscourse_ws/install/turtle_interfaces/lib/libturtle_interfaces__rosidl_typesupport_cpp.so
[15.914s] -- Set runtime path of "/home/yahboom/S26_RobotProgramming_Iron/Lab4/Flynn/roscourse_ws/install/turtle_interfaces/lib/libturtle_interfaces__rosidl_typesupport_cpp.so" to ""
[15.914s] -- Installing: /home/yahboom/S26_RobotProgramming_Iron/Lab4/Flynn/roscourse_ws/install/turtle_interfaces/share/turtle_interfaces/environment/pythonpath.sh
[15.915s] -- Installing: /home/yahboom/S26_RobotProgramming_Iron/Lab4/Flynn/roscourse_ws/install/turtle_interfaces/share/turtle_interfaces/environment/pythonpath.dsv
[15.915s] -- Installing: /home/yahboom/S26_RobotProgramming_Iron/Lab4/Flynn/roscourse_ws/install/turtle_interfaces/local/lib/python3.10/dist-packages/turtle_interfaces-0.0.0-py3.10.egg-info
[15.916s] -- Installing: /home/yahboom/S26_RobotProgramming_Iron/Lab4/Flynn/roscourse_ws/install/turtle_interfaces/local/lib/python3.10/dist-packages/turtle_interfaces-0.0.0-py3.10.egg-info/top_level.txt
[15.916s] -- Installing: /home/yahboom/S26_RobotProgramming_Iron/Lab4/Flynn/roscourse_ws/install/turtle_interfaces/local/lib/python3.10/dist-packages/turtle_interfaces-0.0.0-py3.10.egg-info/PKG-INFO
[15.916s] -- Installing: /home/yahboom/S26_RobotProgramming_Iron/Lab4/Flynn/roscourse_ws/install/turtle_interfaces/local/lib/python3.10/dist-packages/turtle_interfaces-0.0.0-py3.10.egg-info/dependency_links.txt
[15.917s] -- Installing: /home/yahboom/S26_RobotProgramming_Iron/Lab4/Flynn/roscourse_ws/install/turtle_interfaces/local/lib/python3.10/dist-packages/turtle_interfaces-0.0.0-py3.10.egg-info/SOURCES.txt
[15.917s] -- Installing: /home/yahboom/S26_RobotProgramming_Iron/Lab4/Flynn/roscourse_ws/install/turtle_interfaces/local/lib/python3.10/dist-packages/turtle_interfaces
[15.917s] -- Installing: /home/yahboom/S26_RobotProgramming_Iron/Lab4/Flynn/roscourse_ws/install/turtle_interfaces/local/lib/python3.10/dist-packages/turtle_interfaces/libturtle_interfaces__rosidl_generator_py.so
[15.917s] -- Installing: /home/yahboom/S26_RobotProgramming_Iron/Lab4/Flynn/roscourse_ws/install/turtle_interfaces/local/lib/python3.10/dist-packages/turtle_interfaces/_turtle_interfaces_s.ep.rosidl_typesupport_c.c
[15.917s] -- Installing: /home/yahboom/S26_RobotProgramming_Iron/Lab4/Flynn/roscourse_ws/install/turtle_interfaces/local/lib/python3.10/dist-packages/turtle_interfaces/srv
[15.918s] -- Installing: /home/yahboom/S26_RobotProgramming_Iron/Lab4/Flynn/roscourse_ws/install/turtle_interfaces/local/lib/python3.10/dist-packages/turtle_interfaces/srv/_set_color.py
[15.918s] -- Installing: /home/yahboom/S26_RobotProgramming_Iron/Lab4/Flynn/roscourse_ws/install/turtle_interfaces/local/lib/python3.10/dist-packages/turtle_interfaces/srv/_set_pose_s.c
[15.918s] -- Installing: /home/yahboom/S26_RobotProgramming_Iron/Lab4/Flynn/roscourse_ws/install/turtle_interfaces/local/lib/python3.10/dist-packages/turtle_interfaces/srv/__init__.py
[15.919s] -- Installing: /home/yahboom/S26_RobotProgramming_Iron/Lab4/Flynn/roscourse_ws/install/turtle_interfaces/local/lib/python3.10/dist-packages/turtle_interfaces/srv/_set_color_s.c
[15.919s] -- Installing: /home/yahboom/S26_RobotProgramming_Iron/Lab4/Flynn/roscourse_ws/install/turtle_interfaces/local/lib/python3.10/dist-packages/turtle_interfaces/srv/_set_pose.py
[15.920s] -- Installing: /home/yahboom/S26_RobotProgramming_Iron/Lab4/Flynn/roscourse_ws/install/turtle_interfaces/local/lib/python3.10/dist-packages/turtle_interfaces/turtle_interfaces_s__rosidl_typesupport_introspection_c.cpython-310-x86_64-linux-gnu.so
[15.920s] -- Installing: /home/yahboom/S26_RobotProgramming_Iron/Lab4/Flynn/roscourse_ws/install/turtle_interfaces/local/lib/python3.10/dist-packages/turtle_interfaces/__init__.py
[15.920s] -- Installing: /home/yahboom/S26_RobotProgramming_Iron/Lab4/Flynn/roscourse_ws/install/turtle_interfaces/local/lib/python3.10/dist-packages/turtle_interfaces/turtle_interfaces_s__rosidl_typesupport_fastrtps_c.cpython-310-x86_64-linux-gnu.so
[15.920s] -- Installing: /home/yahboom/S26_RobotProgramming_Iron/Lab4/Flynn/roscourse_ws/install/turtle_interfaces/local/lib/python3.10/dist-packages/turtle_interfaces/_turtle_interfaces_s.ep.rosidl_typesupport_introspection_c.c
[15.921s] -- Installing: /home/yahboom/S26_RobotProgramming_Iron/Lab4/Flynn/roscourse_ws/install/turtle_interfaces/local/lib/python3.10/dist-packages/turtle_interfaces/msg
[15.921s] -- Installing: /home/yahboom/S26_RobotProgramming_Iron/Lab4/Flynn/roscourse_ws/install/turtle_interfaces/local/lib/python3.10/dist-packages/turtle_interfaces/msg/_turtle_msg.py
[15.921s] -- Installing: /home/yahboom/S26_RobotProgramming_Iron/Lab4/Flynn/roscourse_ws/install/turtle_interfaces/local/lib/python3.10/dist-packages/turtle_interfaces/msg/__init__.py
[15.921s] -- Installing: /home/yahboom/S26_RobotProgramming_Iron/Lab4/Flynn/roscourse_ws/install/turtle_interfaces/local/lib/python3.10/dist-packages/turtle_interfaces/msg/_turtle_msg_s.c
[15.921s] -- Installing: /home/yahboom/S26_RobotProgramming_Iron/Lab4/Flynn/roscourse_ws/install/turtle_interfaces/local/lib/python3.10/dist-packages/turtle_interfaces/turtle_interfaces_s__rosidl_typesupport_c.cpython-310-x86_64-linux-gnu.so
[15.921s] -- Installing: /home/yahboom/S26_RobotProgramming_Iron/Lab4/Flynn/roscourse_ws/install/turtle_interfaces/local/lib/python3.10/dist-packages/turtle_interfaces/_turtle_interfaces_s.ep.rosidl_typesupport_fastrtps_c.c
[16.061s] Listing '/home/yahboom/S26_RobotProgramming_Iron/Lab4/Flynn/roscourse_ws/install/turtle_interfaces/local/lib/python3.10/dist-packages/turtle_interfaces'...
[16.061s] Compiling '/home/yahboom/S26_RobotProgramming_Iron/Lab4/Flynn/roscourse_ws/install/turtle_interfaces/local/lib/python3.10/dist-packages/turtle_interfaces/__init__.py'...
[16.062s] Listing '/home/yahboom/S26_RobotProgramming_Iron/Lab4/Flynn/roscourse_ws/install/turtle_interfaces/local/lib/python3.10/dist-packages/turtle_interfaces/msg'...
[16.062s] Compiling '/home/yahboom/S26_RobotProgramming_Iron/Lab4/Flynn/roscourse_ws/install/turtle_interfaces/local/lib/python3.10/dist-packages/turtle_interfaces/msg/__init__.py'...
[16.062s] Compiling '/home/yahboom/S26_RobotProgramming_Iron/Lab4/Flynn/roscourse_ws/install/turtle_interfaces/local/lib/python3.10/dist-packages/turtle_interfaces/msg/_turtle_msg.py'...
[16.062s] Listing '/home/yahboom/S26_RobotProgramming_Iron/Lab4/Flynn/roscourse_ws/install/turtle_interfaces/local/lib/python3.10/dist-packages/turtle_interfaces/srv'...
[16.062s] Compiling '/home/yahboom/S26_RobotProgramming_Iron/Lab4/Flynn/roscourse_ws/install/turtle_interfaces/local/lib/python3.10/dist-packages/turtle_interfaces/srv/__init__.py'...
[16.062s] Compiling '/home/yahboom/S26_RobotProgramming_Iron/Lab4/Flynn/roscourse_ws/install/turtle_interfaces/local/lib/python3.10/dist-packages/turtle_interfaces/srv/_set_color.py'...
[16.062s] Compiling '/home/yahboom/S26_RobotProgramming_Iron/Lab4/Flynn/roscourse_ws/install/turtle_interfaces/local/lib/python3.10/dist-packages/turtle_interfaces/srv/_set_pose.py'...
[16.074s] -- Installing: /home/yahboom/S26_RobotProgramming_Iron/Lab4/Flynn/roscourse_ws/install/turtle_interfaces/local/lib/python3.10/dist-packages/turtle_interfaces/turtle_interfaces_s__rosidl_typesupport_fastrtps_c.cpython-310-x86_64-linux-gnu.so
[16.075s] -- Set runtime path of "/home/yahboom/S26_RobotProgramming_Iron/Lab4/Flynn/roscourse_ws/install/turtle_interfaces/local/lib/python3.10/dist-packages/turtle_interfaces/turtle_interfaces_s__rosidl_typesupport_fastrtps_c.cpython-310-x86_64-linux-gnu.so" to ""
[16.075s] -- Installing: /home/yahboom/S26_RobotProgramming_Iron/Lab4/Flynn/roscourse_ws/install/turtle_interfaces/local/lib/python3.10/dist-packages/turtle_interfaces/turtle_interfaces_s__rosidl_typesupport_introspection_c.cpython-310-x86_64-linux-gnu.so
[16.076s] -- Set runtime path of "/home/yahboom/S26_RobotProgramming_Iron/Lab4/Flynn/roscourse_ws/install/turtle_interfaces/local/lib/python3.10/dist-packages/turtle_interfaces/turtle_interfaces_s__rosidl_typesupport_introspection_c.cpython-310-x86_64-linux-gnu.so" to ""
[16.077s] -- Installing: /home/yahboom/S26_RobotProgramming_Iron/Lab4/Flynn/roscourse_ws/install/turtle_interfaces/local/lib/python3.10/dist-packages/turtle_interfaces/turtle_interfaces_s__rosidl_typesupport_c.cpython-310-x86_64-linux-gnu.so
[16.078s] -- Set runtime path of "/home/yahboom/S26_RobotProgramming_Iron/Lab4/Flynn/roscourse_ws/install/turtle_interfaces/local/lib/python3.10/dist-packages/turtle_interfaces/turtle_interfaces_s__rosidl_typesupport_c.cpython-310-x86_64-linux-gnu.so" to ""
[16.078s] -- Installing: /home/yahboom/S26_RobotProgramming_Iron/Lab4/Flynn/roscourse_ws/install/turtle_interfaces/lib/libturtle_interfaces__rosidl_generator_py.so
[16.079s] -- Set runtime path of "/home/yahboom/S26_RobotProgramming_Iron/Lab4/Flynn/roscourse_ws/install/turtle_interfaces/lib/libturtle_interfaces__rosidl_generator_py.so" to ""
[16.079s] -- Installing: /home/yahboom/S26_RobotProgramming_Iron/Lab4/Flynn/roscourse_ws/install/turtle_interfaces/share/turtle_interfaces/msg/TurtleMsg.idl
[16.080s] -- Installing: /home/yahboom/S26_RobotProgramming_Iron/Lab4/Flynn/roscourse_ws/install/turtle_interfaces/share/turtle_interfaces/srv/SetPose.idl
[16.081s] -- Installing: /home/yahboom/S26_RobotProgramming_Iron/Lab4/Flynn/roscourse_ws/install/turtle_interfaces/share/turtle_interfaces/srv/SetColor.idl
[16.081s] -- Installing: /home/yahboom/S26_RobotProgramming_Iron/Lab4/Flynn/roscourse_ws/install/turtle_interfaces/share/turtle_interfaces/msg/TurtleMsg.msg
[16.081s] -- Installing: /home/yahboom/S26_RobotProgramming_Iron/Lab4/Flynn/roscourse_ws/install/turtle_interfaces/share/turtle_interfaces/srv/SetPose.srv
[16.081s] -- Installing: /home/yahboom/S26_RobotProgramming_Iron/Lab4/Flynn/roscourse_ws/install/turtle_interfaces/share/turtle_interfaces/srv/SetPose_Request.msg
[16.082s] -- Installing: /home/yahboom/S26_RobotProgramming_Iron/Lab4/Flynn/roscourse_ws/install/turtle_interfaces/share/turtle_interfaces/srv/SetPose_Response.msg
[16.082s] -- Installing: /home/yahboom/S26_RobotProgramming_Iron/Lab4/Flynn/roscourse_ws/install/turtle_interfaces/share/turtle_interfaces/srv/SetColor.srv
[16.083s] -- Installing: /home/yahboom/S26_RobotProgramming_Iron/Lab4/Flynn/roscourse_ws/install/turtle_interfaces/share/turtle_interfaces/srv/SetColor_Request.msg
[16.083s] -- Installing: /home/yahboom/S26_RobotProgramming_Iron/Lab4/Flynn/roscourse_ws/install/turtle_interfaces/share/turtle_interfaces/srv/SetColor_Response.msg
[16.083s] -- Installing: /home/yahboom/S26_RobotProgramming_Iron/Lab4/Flynn/roscourse_ws/install/turtle_interfaces/share/ament_index/resource_index/package_run_dependencies/turtle_interfaces
[16.084s] -- Installing: /home/yahboom/S26_RobotProgramming_Iron/Lab4/Flynn/roscourse_ws/install/turtle_interfaces/share/ament_index/resource_index/parent_prefix_path/turtle_interfaces
[16.084s] -- Installing: /home/yahboom/S26_RobotProgramming_Iron/Lab4/Flynn/roscourse_ws/install/turtle_interfaces/share/turtle_interfaces/environment/ament_prefix_path.sh
[16.084s] -- Installing: /home/yahboom/S26_RobotProgramming_Iron/Lab4/Flynn/roscourse_ws/install/turtle_interfaces/share/turtle_interfaces/environment/ament_prefix_path.dsv
[16.084s] -- Installing: /home/yahboom/S26_RobotProgramming_Iron/Lab4/Flynn/roscourse_ws/install/turtle_interfaces/share/turtle_interfaces/environment/path.sh
[16.085s] -- Installing: /home/yahboom/S26_RobotProgramming_Iron/Lab4/Flynn/roscourse_ws/install/turtle_interfaces/share/turtle_interfaces/environment/path.dsv
[16.086s] -- Installing: /home/yahboom/S26_RobotProgramming_Iron/Lab4/Flynn/roscourse_ws/install/turtle_interfaces/share/turtle_interfaces/local_setup.bash
[16.086s] -- Installing: /home/yahboom/S26_RobotProgramming_Iron/Lab4/Flynn/roscourse_ws/install/turtle_interfaces/share/turtle_interfaces/local_setup.sh
[16.086s] -- Installing: /home/yahboom/S26_RobotProgramming_Iron/Lab4/Flynn/roscourse_ws/install/turtle_interfaces/share/turtle_interfaces/local_setup.zsh
[16.087s] -- Installing: /home/yahboom/S26_RobotProgramming_Iron/Lab4/Flynn/roscourse_ws/install/turtle_interfaces/share/turtle_interfaces/local_setup.dsv
[16.087s] -- Installing: /home/yahboom/S26_RobotProgramming_Iron/Lab4/Flynn/roscourse_ws/install/turtle_interfaces/share/turtle_interfaces/package.dsv
[16.087s] -- Installing: /home/yahboom/S26_RobotProgramming_Iron/Lab4/Flynn/roscourse_ws/install/turtle_interfaces/share/ament_index/resource_index/packages/turtle_interfaces
[16.087s] -- Installing: /home/yahboom/S26_RobotProgramming_Iron/Lab4/Flynn/roscourse_ws/install/turtle_interfaces/share/turtle_interfaces/cmake/export_turtle_interfaces__rosidl_generator_cExport.cmake
[16.087s] -- Installing: /home/yahboom/S26_RobotProgramming_Iron/Lab4/Flynn/roscourse_ws/install/turtle_interfaces/share/turtle_interfaces/cmake/export_turtle_interfaces__rosidl_generator_cExport-noconfig.cmake
[16.088s] -- Installing: /home/yahboom/S26_RobotProgramming_Iron/Lab4/Flynn/roscourse_ws/install/turtle_interfaces/share/turtle_interfaces/cmake/export_turtle_interfaces__rosidl_typesupport_fastrtps_cExport.cmake
[16.088s] -- Installing: /home/yahboom/S26_RobotProgramming_Iron/Lab4/Flynn/roscourse_ws/install/turtle_interfaces/share/turtle_interfaces/cmake/export_turtle_interfaces__rosidl_typesupport_fastrtps_cExport-noconfig.cmake
[16.089s] -- Installing: /home/yahboom/S26_RobotProgramming_Iron/Lab4/Flynn/roscourse_ws/install/turtle_interfaces/share/turtle_interfaces/cmake/export_turtle_interfaces__rosidl_generator_cppExport.cmake
[16.089s] -- Installing: /home/yahboom/S26_RobotProgramming_Iron/Lab4/Flynn/roscourse_ws/install/turtle_interfaces/share/turtle_interfaces/cmake/export_turtle_interfaces__rosidl_typesupport_fastrtps_cppExport.cmake
[16.090s] -- Installing: /home/yahboom/S26_RobotProgramming_Iron/Lab4/Flynn/roscourse_ws/install/turtle_interfaces/share/turtle_interfaces/cmake/export_turtle_interfaces__rosidl_typesupport_fastrtps_cppExport-noconfig.cmake
[16.091s] -- Installing: /home/yahboom/S26_RobotProgramming_Iron/Lab4/Flynn/roscourse_ws/install/turtle_interfaces/share/turtle_interfaces/cmake/turtle_interfaces__rosidl_typesupport_introspection_cExport.cmake
[16.091s] -- Installing: /home/yahboom/S26_RobotProgramming_Iron/Lab4/Flynn/roscourse_ws/install/turtle_interfaces/share/turtle_interfaces/cmake/turtle_interfaces__rosidl_typesupport_introspection_cExport-noconfig.cmake
[16.092s] -- Installing: /home/yahboom/S26_RobotProgramming_Iron/Lab4/Flynn/roscourse_ws/install/turtle_interfaces/share/turtle_interfaces/cmake/turtle_interfaces__rosidl_typesupport_cExport.cmake
[16.092s] -- Installing: /home/yahboom/S26_RobotProgramming_Iron/Lab4/Flynn/roscourse_ws/install/turtle_interfaces/share/turtle_interfaces/cmake/turtle_interfaces__rosidl_typesupport_cExport-noconfig.cmake
[16.092s] -- Installing: /home/yahboom/S26_RobotProgramming_Iron/Lab4/Flynn/roscourse_ws/install/turtle_interfaces/share/turtle_interfaces/cmake/turtle_interfaces__rosidl_typesupport_introspection_cppExport.cmake
[16.092s] -- Installing: /home/yahboom/S26_RobotProgramming_Iron/Lab4/Flynn/roscourse_ws/install/turtle_interfaces/share/turtle_interfaces/cmake/turtle_interfaces__rosidl_typesupport_introspection_cppExport-noconfig.cmake
[16.092s] -- Installing: /home/yahboom/S26_RobotProgramming_Iron/Lab4/Flynn/roscourse_ws/install/turtle_interfaces/share/turtle_interfaces/cmake/turtle_interfaces__rosidl_typesupport_cppExport.cmake
[16.092s] -- Installing: /home/yahboom/S26_RobotProgramming_Iron/Lab4/Flynn/roscourse_ws/install/turtle_interfaces/share/turtle_interfaces/cmake/turtle_interfaces__rosidl_typesupport_cppExport-noconfig.cmake
[16.093s] -- Installing: /home/yahboom/S26_RobotProgramming_Iron/Lab4/Flynn/roscourse_ws/install/turtle_interfaces/share/turtle_interfaces/cmake/export_turtle_interfaces__rosidl_generator_pyExport.cmake
[16.093s] -- Installing: /home/yahboom/S26_RobotProgramming_Iron/Lab4/Flynn/roscourse_ws/install/turtle_interfaces/share/turtle_interfaces/cmake/export_turtle_interfaces__rosidl_generator_pyExport-noconfig.cmake
[16.094s] -- Installing: /home/yahboom/S26_RobotProgramming_Iron/Lab4/Flynn/roscourse_ws/install/turtle_interfaces/share/turtle_interfaces/cmake/rosidl_cmake-extras.cmake
[16.094s] -- Installing: /home/yahboom/S26_RobotProgramming_Iron/Lab4/Flynn/roscourse_ws/install/turtle_interfaces/share/turtle_interfaces/cmake/ament_cmake_export_dependencies-extras.cmake
[16.094s] -- Installing: /home/yahboom/S26_RobotProgramming_Iron/Lab4/Flynn/roscourse_ws/install/turtle_interfaces/share/turtle_interfaces/cmake/ament_cmake_export_include_directories-extras.cmake
[16.095s] -- Installing: /home/yahboom/S26_RobotProgramming_Iron/Lab4/Flynn/roscourse_ws/install/turtle_interfaces/share/turtle_interfaces/cmake/ament_cmake_export_libraries-extras.cmake
[16.095s] -- Installing: /home/yahboom/S26_RobotProgramming_Iron/Lab4/Flynn/roscourse_ws/install/turtle_interfaces/share/turtle_interfaces/cmake/ament_cmake_export_targets-extras.cmake
[16.095s] -- Installing: /home/yahboom/S26_RobotProgramming_Iron/Lab4/Flynn/roscourse_ws/install/turtle_interfaces/share/turtle_interfaces/cmake/rosidl_cmake_export_typesupport_targets-extras.cmake
[16.095s] -- Installing: /home/yahboom/S26_RobotProgramming_Iron/Lab4/Flynn/roscourse_ws/install/turtle_interfaces/share/turtle_interfaces/cmake/rosidl_cmake_export_typesupport_libraries-extras.cmake
[16.095s] -- Installing: /home/yahboom/S26_RobotProgramming_Iron/Lab4/Flynn/roscourse_ws/install/turtle_interfaces/share/turtle_interfaces/cmake/turtle_interfacesConfig.cmake
[16.096s] -- Installing: /home/yahboom/S26_RobotProgramming_Iron/Lab4/Flynn/roscourse_ws/install/turtle_interfaces/share/turtle_interfaces/cmake/turtle_interfacesConfig-version.cmake
[16.096s] -- Installing: /home/yahboom/S26_RobotProgramming_Iron/Lab4/Flynn/roscourse_ws/install/turtle_interfaces/share/turtle_interfaces/package.xml
[16.101s] Invoked command in '/home/yahboom/S26_RobotProgramming_Iron/Lab4/Flynn/roscourse_ws/build/turtle_interfaces' returned '0': CMAKE_PREFIX_PATH=${CMAKE_PREFIX_PATH}:/home/yahboom/cartoros2/install/yahboomcar_nav:/home/yahboom/cartoros2/install/yahboomcar_ctrl:/home/yahboom/cartoros2/install/yahboom_visual:/home/yahboom/cartoros2/install/yahboom_dog_joint_state:/home/yahboom/cartoros2/install/yahboom_description:/home/yahboom/cartoros2/install/yahboom_color_identify_server:/home/yahboom/cartoros2/install/yahboom_bringup:/home/yahboom/cartoros2/install/yahboom_base:/home/yahboom/cartoros2/install/yahboom_app_save_map:/home/yahboom/cartoros2/install/update_map:/home/yahboom/cartoros2/install/rosboard:/home/yahboom/cartoros2/install/path_planner_server:/home/yahboom/cartoros2/install/nav2_simple_commander:/home/yahboom/cartoros2/install/nav2_gazebo_spawner:/home/yahboom/cartoros2/install/localization_server:/home/yahboom/cartoros2/install/laserscan_to_point_pulisher:/home/yahboom/yahboomcar_ws/install/yahboom_dog_example:/opt/ros/humble /usr/bin/cmake --install /home/yahboom/S26_RobotProgramming_Iron/Lab4/Flynn/roscourse_ws/build/turtle_interfaces
