[0.281s] DEBUG:colcon:Command line arguments: ['/usr/bin/colcon', 'build', '--packages-select', 'turtle_interfaces']
[0.282s] DEBUG:colcon:Parsed command line arguments: Namespace(log_base=None, log_level=None, verb_name='build', build_base='build', install_base='install', merge_install=False, symlink_install=False, test_result_base=None, continue_on_error=False, executor='parallel', parallel_workers=4, event_handlers=None, ignore_user_meta=False, metas=['./colcon.meta'], base_paths=['.'], packages_ignore=None, packages_ignore_regex=None, paths=None, packages_up_to=None, packages_up_to_regex=None, packages_above=None, packages_above_and_dependencies=None, packages_above_depth=None, packages_select_by_dep=None, packages_skip_by_dep=None, packages_skip_up_to=None, packages_select_build_failed=False, packages_skip_build_finished=False, packages_select_test_failures=False, packages_skip_test_passed=False, packages_select=['turtle_interfaces'], packages_skip=None, packages_select_regex=None, packages_skip_regex=None, packages_start=None, packages_end=None, allow_overriding=[], cmake_args=None, cmake_target=None, cmake_target_skip_unavailable=False, cmake_clean_cache=False, cmake_clean_first=False, cmake_force_configure=False, ament_cmake_args=None, catkin_cmake_args=None, catkin_skip_building_tests=False, verb_parser=<colcon_defaults.argument_parser.defaults.DefaultArgumentsDecorator object at 0x76011f232140>, verb_extension=<colcon_core.verb.build.BuildVerb object at 0x76011f231c30>, main=<bound method BuildVerb.main of <colcon_core.verb.build.BuildVerb object at 0x76011f231c30>>)
[1.070s] Level 1:colcon.colcon_core.package_discovery:discover_packages(colcon_meta) check parameters
[1.070s] Level 1:colcon.colcon_core.package_discovery:discover_packages(recursive) check parameters
[1.070s] Level 1:colcon.colcon_core.package_discovery:discover_packages(ignore) check parameters
[1.070s] Level 1:colcon.colcon_core.package_discovery:discover_packages(path) check parameters
[1.070s] Level 1:colcon.colcon_core.package_discovery:discover_packages(colcon_meta) discover
[1.070s] Level 1:colcon.colcon_core.package_discovery:discover_packages(recursive) discover
[1.071s] INFO:colcon.colcon_core.package_discovery:Crawling recursively for packages in '/home/yahboom/Desktop/S26_RobotProgramming_Iron/Lab4/chuang/intro_ws/src/turtle_interfaces'
[1.071s] Level 1:colcon.colcon_core.package_identification:_identify(.) by extensions ['ignore', 'ignore_ament_install']
[1.071s] Level 1:colcon.colcon_core.package_identification:_identify(.) by extension 'ignore'
[1.071s] Level 1:colcon.colcon_core.package_identification:_identify(.) by extension 'ignore_ament_install'
[1.071s] Level 1:colcon.colcon_core.package_identification:_identify(.) by extensions ['colcon_pkg']
[1.072s] Level 1:colcon.colcon_core.package_identification:_identify(.) by extension 'colcon_pkg'
[1.072s] Level 1:colcon.colcon_core.package_identification:_identify(.) by extensions ['colcon_meta']
[1.072s] Level 1:colcon.colcon_core.package_identification:_identify(.) by extension 'colcon_meta'
[1.072s] Level 1:colcon.colcon_core.package_identification:_identify(.) by extensions ['ros']
[1.072s] Level 1:colcon.colcon_core.package_identification:_identify(.) by extension 'ros'
[1.107s] DEBUG:colcon.colcon_core.package_identification:Package '.' with type 'ros.ament_cmake' and name 'turtle_interfaces'
[1.107s] Level 1:colcon.colcon_core.package_discovery:discover_packages(recursive) using defaults
[1.107s] Level 1:colcon.colcon_core.package_discovery:discover_packages(ignore) discover
[1.107s] Level 1:colcon.colcon_core.package_discovery:discover_packages(ignore) using defaults
[1.107s] Level 1:colcon.colcon_core.package_discovery:discover_packages(path) discover
[1.107s] Level 1:colcon.colcon_core.package_discovery:discover_packages(path) using defaults
[1.187s] Level 1:colcon.colcon_core.package_discovery:discover_packages(prefix_path) check parameters
[1.187s] Level 1:colcon.colcon_core.package_discovery:discover_packages(prefix_path) discover
[1.249s] DEBUG:colcon.colcon_installed_package_information.package_discovery:Found 1 installed packages in /home/yahboom/Desktop/S26_RobotProgramming_Iron/Lab4/chuang/intro_ws/src/turtle_interfaces/install
[1.251s] DEBUG:colcon.colcon_installed_package_information.package_discovery:Found 19 installed packages in /home/yahboom/yahboomcar_ws/install
[1.253s] DEBUG:colcon.colcon_installed_package_information.package_discovery:Found 2 installed packages in /home/yahboom/gmapping_ws/install
[1.258s] DEBUG:colcon.colcon_installed_package_information.package_discovery:Found 76 installed packages in /home/yahboom/cartoros2/install
[1.266s] DEBUG:colcon.colcon_installed_package_information.package_discovery:Found 343 installed packages in /opt/ros/humble
[1.273s] Level 1:colcon.colcon_core.package_discovery:discover_packages(prefix_path) using defaults
[1.383s] Level 5:colcon.colcon_core.verb:set package 'turtle_interfaces' build argument 'cmake_args' from command line to 'None'
[1.383s] Level 5:colcon.colcon_core.verb:set package 'turtle_interfaces' build argument 'cmake_target' from command line to 'None'
[1.383s] Level 5:colcon.colcon_core.verb:set package 'turtle_interfaces' build argument 'cmake_target_skip_unavailable' from command line to 'False'
[1.383s] Level 5:colcon.colcon_core.verb:set package 'turtle_interfaces' build argument 'cmake_clean_cache' from command line to 'False'
[1.383s] Level 5:colcon.colcon_core.verb:set package 'turtle_interfaces' build argument 'cmake_clean_first' from command line to 'False'
[1.383s] Level 5:colcon.colcon_core.verb:set package 'turtle_interfaces' build argument 'cmake_force_configure' from command line to 'False'
[1.383s] Level 5:colcon.colcon_core.verb:set package 'turtle_interfaces' build argument 'ament_cmake_args' from command line to 'None'
[1.383s] Level 5:colcon.colcon_core.verb:set package 'turtle_interfaces' build argument 'catkin_cmake_args' from command line to 'None'
[1.383s] Level 5:colcon.colcon_core.verb:set package 'turtle_interfaces' build argument 'catkin_skip_building_tests' from command line to 'False'
[1.383s] DEBUG:colcon.colcon_core.verb:Building package 'turtle_interfaces' with the following arguments: {'ament_cmake_args': None, 'build_base': '/home/yahboom/Desktop/S26_RobotProgramming_Iron/Lab4/chuang/intro_ws/src/turtle_interfaces/build/turtle_interfaces', 'catkin_cmake_args': None, 'catkin_skip_building_tests': False, 'cmake_args': None, 'cmake_clean_cache': False, 'cmake_clean_first': False, 'cmake_force_configure': False, 'cmake_target': None, 'cmake_target_skip_unavailable': False, 'install_base': '/home/yahboom/Desktop/S26_RobotProgramming_Iron/Lab4/chuang/intro_ws/src/turtle_interfaces/install/turtle_interfaces', 'merge_install': False, 'path': '/home/yahboom/Desktop/S26_RobotProgramming_Iron/Lab4/chuang/intro_ws/src/turtle_interfaces', 'symlink_install': False, 'test_result_base': None}
[1.384s] INFO:colcon.colcon_core.executor:Executing jobs using 'parallel' executor
[1.386s] DEBUG:colcon.colcon_parallel_executor.executor.parallel:run_until_complete
[1.386s] INFO:colcon.colcon_ros.task.ament_cmake.build:Building ROS package in '/home/yahboom/Desktop/S26_RobotProgramming_Iron/Lab4/chuang/intro_ws/src/turtle_interfaces' with build type 'ament_cmake'
[1.387s] INFO:colcon.colcon_cmake.task.cmake.build:Building CMake package in '/home/yahboom/Desktop/S26_RobotProgramming_Iron/Lab4/chuang/intro_ws/src/turtle_interfaces'
[1.394s] INFO:colcon.colcon_core.plugin_system:Skipping extension 'colcon_core.shell.bat': Not used on non-Windows systems
[1.395s] INFO:colcon.colcon_core.shell:Skip shell extension 'powershell' for command environment: Not usable outside of PowerShell
[1.395s] DEBUG:colcon.colcon_core.shell:Skip shell extension 'dsv' for command environment
[1.437s] DEBUG:colcon.colcon_core.event_handler.log_command:Invoking command in '/home/yahboom/Desktop/S26_RobotProgramming_Iron/Lab4/chuang/intro_ws/src/turtle_interfaces/build/turtle_interfaces': CMAKE_PREFIX_PATH=${CMAKE_PREFIX_PATH}:/home/yahboom/cartoros2/install/yahboomcar_nav:/home/yahboom/cartoros2/install/yahboomcar_ctrl:/home/yahboom/cartoros2/install/yahboom_visual:/home/yahboom/cartoros2/install/yahboom_dog_joint_state:/home/yahboom/cartoros2/install/yahboom_description:/home/yahboom/cartoros2/install/yahboom_color_identify_server:/home/yahboom/cartoros2/install/yahboom_bringup:/home/yahboom/cartoros2/install/yahboom_base:/home/yahboom/cartoros2/install/yahboom_app_save_map:/home/yahboom/cartoros2/install/update_map:/home/yahboom/cartoros2/install/rosboard:/home/yahboom/cartoros2/install/path_planner_server:/home/yahboom/cartoros2/install/nav2_simple_commander:/home/yahboom/cartoros2/install/nav2_gazebo_spawner:/home/yahboom/cartoros2/install/localization_server:/home/yahboom/cartoros2/install/laserscan_to_point_pulisher:/home/yahboom/yahboomcar_ws/install/yahboom_dog_example:/opt/ros/humble: /usr/bin/cmake /home/yahboom/Desktop/S26_RobotProgramming_Iron/Lab4/chuang/intro_ws/src/turtle_interfaces -DCMAKE_INSTALL_PREFIX=/home/yahboom/Desktop/S26_RobotProgramming_Iron/Lab4/chuang/intro_ws/src/turtle_interfaces/install/turtle_interfaces
[5.782s] DEBUG:colcon.colcon_core.event_handler.log_command:Invoked command in '/home/yahboom/Desktop/S26_RobotProgramming_Iron/Lab4/chuang/intro_ws/src/turtle_interfaces/build/turtle_interfaces' returned '0': CMAKE_PREFIX_PATH=${CMAKE_PREFIX_PATH}:/home/yahboom/cartoros2/install/yahboomcar_nav:/home/yahboom/cartoros2/install/yahboomcar_ctrl:/home/yahboom/cartoros2/install/yahboom_visual:/home/yahboom/cartoros2/install/yahboom_dog_joint_state:/home/yahboom/cartoros2/install/yahboom_description:/home/yahboom/cartoros2/install/yahboom_color_identify_server:/home/yahboom/cartoros2/install/yahboom_bringup:/home/yahboom/cartoros2/install/yahboom_base:/home/yahboom/cartoros2/install/yahboom_app_save_map:/home/yahboom/cartoros2/install/update_map:/home/yahboom/cartoros2/install/rosboard:/home/yahboom/cartoros2/install/path_planner_server:/home/yahboom/cartoros2/install/nav2_simple_commander:/home/yahboom/cartoros2/install/nav2_gazebo_spawner:/home/yahboom/cartoros2/install/localization_server:/home/yahboom/cartoros2/install/laserscan_to_point_pulisher:/home/yahboom/yahboomcar_ws/install/yahboom_dog_example:/opt/ros/humble: /usr/bin/cmake /home/yahboom/Desktop/S26_RobotProgramming_Iron/Lab4/chuang/intro_ws/src/turtle_interfaces -DCMAKE_INSTALL_PREFIX=/home/yahboom/Desktop/S26_RobotProgramming_Iron/Lab4/chuang/intro_ws/src/turtle_interfaces/install/turtle_interfaces
[5.783s] DEBUG:colcon.colcon_core.event_handler.log_command:Invoking command in '/home/yahboom/Desktop/S26_RobotProgramming_Iron/Lab4/chuang/intro_ws/src/turtle_interfaces/build/turtle_interfaces': CMAKE_PREFIX_PATH=${CMAKE_PREFIX_PATH}:/home/yahboom/cartoros2/install/yahboomcar_nav:/home/yahboom/cartoros2/install/yahboomcar_ctrl:/home/yahboom/cartoros2/install/yahboom_visual:/home/yahboom/cartoros2/install/yahboom_dog_joint_state:/home/yahboom/cartoros2/install/yahboom_description:/home/yahboom/cartoros2/install/yahboom_color_identify_server:/home/yahboom/cartoros2/install/yahboom_bringup:/home/yahboom/cartoros2/install/yahboom_base:/home/yahboom/cartoros2/install/yahboom_app_save_map:/home/yahboom/cartoros2/install/update_map:/home/yahboom/cartoros2/install/rosboard:/home/yahboom/cartoros2/install/path_planner_server:/home/yahboom/cartoros2/install/nav2_simple_commander:/home/yahboom/cartoros2/install/nav2_gazebo_spawner:/home/yahboom/cartoros2/install/localization_server:/home/yahboom/cartoros2/install/laserscan_to_point_pulisher:/home/yahboom/yahboomcar_ws/install/yahboom_dog_example:/opt/ros/humble: /usr/bin/cmake --build /home/yahboom/Desktop/S26_RobotProgramming_Iron/Lab4/chuang/intro_ws/src/turtle_interfaces/build/turtle_interfaces -- -j4 -l4
[21.880s] DEBUG:colcon.colcon_core.event_handler.log_command:Invoked command in '/home/yahboom/Desktop/S26_RobotProgramming_Iron/Lab4/chuang/intro_ws/src/turtle_interfaces/build/turtle_interfaces' returned '0': CMAKE_PREFIX_PATH=${CMAKE_PREFIX_PATH}:/home/yahboom/cartoros2/install/yahboomcar_nav:/home/yahboom/cartoros2/install/yahboomcar_ctrl:/home/yahboom/cartoros2/install/yahboom_visual:/home/yahboom/cartoros2/install/yahboom_dog_joint_state:/home/yahboom/cartoros2/install/yahboom_description:/home/yahboom/cartoros2/install/yahboom_color_identify_server:/home/yahboom/cartoros2/install/yahboom_bringup:/home/yahboom/cartoros2/install/yahboom_base:/home/yahboom/cartoros2/install/yahboom_app_save_map:/home/yahboom/cartoros2/install/update_map:/home/yahboom/cartoros2/install/rosboard:/home/yahboom/cartoros2/install/path_planner_server:/home/yahboom/cartoros2/install/nav2_simple_commander:/home/yahboom/cartoros2/install/nav2_gazebo_spawner:/home/yahboom/cartoros2/install/localization_server:/home/yahboom/cartoros2/install/laserscan_to_point_pulisher:/home/yahboom/yahboomcar_ws/install/yahboom_dog_example:/opt/ros/humble: /usr/bin/cmake --build /home/yahboom/Desktop/S26_RobotProgramming_Iron/Lab4/chuang/intro_ws/src/turtle_interfaces/build/turtle_interfaces -- -j4 -l4
[22.598s] DEBUG:colcon.colcon_core.event_handler.log_command:Invoking command in '/home/yahboom/Desktop/S26_RobotProgramming_Iron/Lab4/chuang/intro_ws/src/turtle_interfaces/build/turtle_interfaces': CMAKE_PREFIX_PATH=${CMAKE_PREFIX_PATH}:/home/yahboom/cartoros2/install/yahboomcar_nav:/home/yahboom/cartoros2/install/yahboomcar_ctrl:/home/yahboom/cartoros2/install/yahboom_visual:/home/yahboom/cartoros2/install/yahboom_dog_joint_state:/home/yahboom/cartoros2/install/yahboom_description:/home/yahboom/cartoros2/install/yahboom_color_identify_server:/home/yahboom/cartoros2/install/yahboom_bringup:/home/yahboom/cartoros2/install/yahboom_base:/home/yahboom/cartoros2/install/yahboom_app_save_map:/home/yahboom/cartoros2/install/update_map:/home/yahboom/cartoros2/install/rosboard:/home/yahboom/cartoros2/install/path_planner_server:/home/yahboom/cartoros2/install/nav2_simple_commander:/home/yahboom/cartoros2/install/nav2_gazebo_spawner:/home/yahboom/cartoros2/install/localization_server:/home/yahboom/cartoros2/install/laserscan_to_point_pulisher:/home/yahboom/yahboomcar_ws/install/yahboom_dog_example:/opt/ros/humble: /usr/bin/cmake --install /home/yahboom/Desktop/S26_RobotProgramming_Iron/Lab4/chuang/intro_ws/src/turtle_interfaces/build/turtle_interfaces
[22.853s] Level 1:colcon.colcon_core.environment:create_environment_scripts_only(turtle_interfaces)
[22.854s] DEBUG:colcon.colcon_core.event_handler.log_command:Invoked command in '/home/yahboom/Desktop/S26_RobotProgramming_Iron/Lab4/chuang/intro_ws/src/turtle_interfaces/build/turtle_interfaces' returned '0': CMAKE_PREFIX_PATH=${CMAKE_PREFIX_PATH}:/home/yahboom/cartoros2/install/yahboomcar_nav:/home/yahboom/cartoros2/install/yahboomcar_ctrl:/home/yahboom/cartoros2/install/yahboom_visual:/home/yahboom/cartoros2/install/yahboom_dog_joint_state:/home/yahboom/cartoros2/install/yahboom_description:/home/yahboom/cartoros2/install/yahboom_color_identify_server:/home/yahboom/cartoros2/install/yahboom_bringup:/home/yahboom/cartoros2/install/yahboom_base:/home/yahboom/cartoros2/install/yahboom_app_save_map:/home/yahboom/cartoros2/install/update_map:/home/yahboom/cartoros2/install/rosboard:/home/yahboom/cartoros2/install/path_planner_server:/home/yahboom/cartoros2/install/nav2_simple_commander:/home/yahboom/cartoros2/install/nav2_gazebo_spawner:/home/yahboom/cartoros2/install/localization_server:/home/yahboom/cartoros2/install/laserscan_to_point_pulisher:/home/yahboom/yahboomcar_ws/install/yahboom_dog_example:/opt/ros/humble: /usr/bin/cmake --install /home/yahboom/Desktop/S26_RobotProgramming_Iron/Lab4/chuang/intro_ws/src/turtle_interfaces/build/turtle_interfaces
[22.865s] Level 1:colcon.colcon_core.environment:checking '/home/yahboom/Desktop/S26_RobotProgramming_Iron/Lab4/chuang/intro_ws/src/turtle_interfaces/install/turtle_interfaces' for CMake module files
[22.867s] Level 1:colcon.colcon_core.environment:checking '/home/yahboom/Desktop/S26_RobotProgramming_Iron/Lab4/chuang/intro_ws/src/turtle_interfaces/install/turtle_interfaces' for CMake config files
[22.868s] Level 1:colcon.colcon_core.shell:create_environment_hook('turtle_interfaces', 'cmake_prefix_path')
[22.869s] INFO:colcon.colcon_core.shell:Creating environment hook '/home/yahboom/Desktop/S26_RobotProgramming_Iron/Lab4/chuang/intro_ws/src/turtle_interfaces/install/turtle_interfaces/share/turtle_interfaces/hook/cmake_prefix_path.ps1'
[22.870s] INFO:colcon.colcon_core.shell:Creating environment descriptor '/home/yahboom/Desktop/S26_RobotProgramming_Iron/Lab4/chuang/intro_ws/src/turtle_interfaces/install/turtle_interfaces/share/turtle_interfaces/hook/cmake_prefix_path.dsv'
[22.871s] INFO:colcon.colcon_core.shell:Creating environment hook '/home/yahboom/Desktop/S26_RobotProgramming_Iron/Lab4/chuang/intro_ws/src/turtle_interfaces/install/turtle_interfaces/share/turtle_interfaces/hook/cmake_prefix_path.sh'
[22.872s] Level 1:colcon.colcon_core.environment:checking '/home/yahboom/Desktop/S26_RobotProgramming_Iron/Lab4/chuang/intro_ws/src/turtle_interfaces/install/turtle_interfaces/lib'
[22.872s] Level 1:colcon.colcon_core.shell:create_environment_hook('turtle_interfaces', 'ld_library_path_lib')
[22.873s] INFO:colcon.colcon_core.shell:Creating environment hook '/home/yahboom/Desktop/S26_RobotProgramming_Iron/Lab4/chuang/intro_ws/src/turtle_interfaces/install/turtle_interfaces/share/turtle_interfaces/hook/ld_library_path_lib.ps1'
[22.873s] INFO:colcon.colcon_core.shell:Creating environment descriptor '/home/yahboom/Desktop/S26_RobotProgramming_Iron/Lab4/chuang/intro_ws/src/turtle_interfaces/install/turtle_interfaces/share/turtle_interfaces/hook/ld_library_path_lib.dsv'
[22.874s] INFO:colcon.colcon_core.shell:Creating environment hook '/home/yahboom/Desktop/S26_RobotProgramming_Iron/Lab4/chuang/intro_ws/src/turtle_interfaces/install/turtle_interfaces/share/turtle_interfaces/hook/ld_library_path_lib.sh'
[22.875s] Level 1:colcon.colcon_core.environment:checking '/home/yahboom/Desktop/S26_RobotProgramming_Iron/Lab4/chuang/intro_ws/src/turtle_interfaces/install/turtle_interfaces/bin'
[22.875s] Level 1:colcon.colcon_core.environment:checking '/home/yahboom/Desktop/S26_RobotProgramming_Iron/Lab4/chuang/intro_ws/src/turtle_interfaces/install/turtle_interfaces/lib/pkgconfig/turtle_interfaces.pc'
[22.875s] Level 1:colcon.colcon_core.environment:checking '/home/yahboom/Desktop/S26_RobotProgramming_Iron/Lab4/chuang/intro_ws/src/turtle_interfaces/install/turtle_interfaces/lib/python3.10/site-packages'
[22.876s] Level 1:colcon.colcon_core.environment:checking '/home/yahboom/Desktop/S26_RobotProgramming_Iron/Lab4/chuang/intro_ws/src/turtle_interfaces/install/turtle_interfaces/bin'
[22.876s] INFO:colcon.colcon_core.shell:Creating package script '/home/yahboom/Desktop/S26_RobotProgramming_Iron/Lab4/chuang/intro_ws/src/turtle_interfaces/install/turtle_interfaces/share/turtle_interfaces/package.ps1'
[22.878s] INFO:colcon.colcon_core.shell:Creating package descriptor '/home/yahboom/Desktop/S26_RobotProgramming_Iron/Lab4/chuang/intro_ws/src/turtle_interfaces/install/turtle_interfaces/share/turtle_interfaces/package.dsv'
[22.879s] INFO:colcon.colcon_core.shell:Creating package script '/home/yahboom/Desktop/S26_RobotProgramming_Iron/Lab4/chuang/intro_ws/src/turtle_interfaces/install/turtle_interfaces/share/turtle_interfaces/package.sh'
[22.881s] INFO:colcon.colcon_core.shell:Creating package script '/home/yahboom/Desktop/S26_RobotProgramming_Iron/Lab4/chuang/intro_ws/src/turtle_interfaces/install/turtle_interfaces/share/turtle_interfaces/package.bash'
[22.882s] INFO:colcon.colcon_core.shell:Creating package script '/home/yahboom/Desktop/S26_RobotProgramming_Iron/Lab4/chuang/intro_ws/src/turtle_interfaces/install/turtle_interfaces/share/turtle_interfaces/package.zsh'
[22.883s] Level 1:colcon.colcon_core.environment:create_file_with_runtime_dependencies(/home/yahboom/Desktop/S26_RobotProgramming_Iron/Lab4/chuang/intro_ws/src/turtle_interfaces/install/turtle_interfaces/share/colcon-core/packages/turtle_interfaces)
[23.586s] Level 1:colcon.colcon_core.environment:create_environment_scripts_only(turtle_interfaces)
[23.586s] Level 1:colcon.colcon_core.environment:checking '/home/yahboom/Desktop/S26_RobotProgramming_Iron/Lab4/chuang/intro_ws/src/turtle_interfaces/install/turtle_interfaces' for CMake module files
[23.588s] Level 1:colcon.colcon_core.environment:checking '/home/yahboom/Desktop/S26_RobotProgramming_Iron/Lab4/chuang/intro_ws/src/turtle_interfaces/install/turtle_interfaces' for CMake config files
[23.589s] Level 1:colcon.colcon_core.shell:create_environment_hook('turtle_interfaces', 'cmake_prefix_path')
[23.589s] INFO:colcon.colcon_core.shell:Creating environment hook '/home/yahboom/Desktop/S26_RobotProgramming_Iron/Lab4/chuang/intro_ws/src/turtle_interfaces/install/turtle_interfaces/share/turtle_interfaces/hook/cmake_prefix_path.ps1'
[23.590s] INFO:colcon.colcon_core.shell:Creating environment descriptor '/home/yahboom/Desktop/S26_RobotProgramming_Iron/Lab4/chuang/intro_ws/src/turtle_interfaces/install/turtle_interfaces/share/turtle_interfaces/hook/cmake_prefix_path.dsv'
[23.591s] INFO:colcon.colcon_core.shell:Creating environment hook '/home/yahboom/Desktop/S26_RobotProgramming_Iron/Lab4/chuang/intro_ws/src/turtle_interfaces/install/turtle_interfaces/share/turtle_interfaces/hook/cmake_prefix_path.sh'
[23.592s] Level 1:colcon.colcon_core.environment:checking '/home/yahboom/Desktop/S26_RobotProgramming_Iron/Lab4/chuang/intro_ws/src/turtle_interfaces/install/turtle_interfaces/lib'
[23.592s] Level 1:colcon.colcon_core.shell:create_environment_hook('turtle_interfaces', 'ld_library_path_lib')
[23.593s] INFO:colcon.colcon_core.shell:Creating environment hook '/home/yahboom/Desktop/S26_RobotProgramming_Iron/Lab4/chuang/intro_ws/src/turtle_interfaces/install/turtle_interfaces/share/turtle_interfaces/hook/ld_library_path_lib.ps1'
[23.594s] INFO:colcon.colcon_core.shell:Creating environment descriptor '/home/yahboom/Desktop/S26_RobotProgramming_Iron/Lab4/chuang/intro_ws/src/turtle_interfaces/install/turtle_interfaces/share/turtle_interfaces/hook/ld_library_path_lib.dsv'
[23.594s] INFO:colcon.colcon_core.shell:Creating environment hook '/home/yahboom/Desktop/S26_RobotProgramming_Iron/Lab4/chuang/intro_ws/src/turtle_interfaces/install/turtle_interfaces/share/turtle_interfaces/hook/ld_library_path_lib.sh'
[23.595s] Level 1:colcon.colcon_core.environment:checking '/home/yahboom/Desktop/S26_RobotProgramming_Iron/Lab4/chuang/intro_ws/src/turtle_interfaces/install/turtle_interfaces/bin'
[23.595s] Level 1:colcon.colcon_core.environment:checking '/home/yahboom/Desktop/S26_RobotProgramming_Iron/Lab4/chuang/intro_ws/src/turtle_interfaces/install/turtle_interfaces/lib/pkgconfig/turtle_interfaces.pc'
[23.596s] Level 1:colcon.colcon_core.environment:checking '/home/yahboom/Desktop/S26_RobotProgramming_Iron/Lab4/chuang/intro_ws/src/turtle_interfaces/install/turtle_interfaces/lib/python3.10/site-packages'
[23.596s] Level 1:colcon.colcon_core.environment:checking '/home/yahboom/Desktop/S26_RobotProgramming_Iron/Lab4/chuang/intro_ws/src/turtle_interfaces/install/turtle_interfaces/bin'
[23.597s] INFO:colcon.colcon_core.shell:Creating package script '/home/yahboom/Desktop/S26_RobotProgramming_Iron/Lab4/chuang/intro_ws/src/turtle_interfaces/install/turtle_interfaces/share/turtle_interfaces/package.ps1'
[23.598s] INFO:colcon.colcon_core.shell:Creating package descriptor '/home/yahboom/Desktop/S26_RobotProgramming_Iron/Lab4/chuang/intro_ws/src/turtle_interfaces/install/turtle_interfaces/share/turtle_interfaces/package.dsv'
[23.599s] INFO:colcon.colcon_core.shell:Creating package script '/home/yahboom/Desktop/S26_RobotProgramming_Iron/Lab4/chuang/intro_ws/src/turtle_interfaces/install/turtle_interfaces/share/turtle_interfaces/package.sh'
[23.600s] INFO:colcon.colcon_core.shell:Creating package script '/home/yahboom/Desktop/S26_RobotProgramming_Iron/Lab4/chuang/intro_ws/src/turtle_interfaces/install/turtle_interfaces/share/turtle_interfaces/package.bash'
[23.601s] INFO:colcon.colcon_core.shell:Creating package script '/home/yahboom/Desktop/S26_RobotProgramming_Iron/Lab4/chuang/intro_ws/src/turtle_interfaces/install/turtle_interfaces/share/turtle_interfaces/package.zsh'
[23.602s] Level 1:colcon.colcon_core.environment:create_file_with_runtime_dependencies(/home/yahboom/Desktop/S26_RobotProgramming_Iron/Lab4/chuang/intro_ws/src/turtle_interfaces/install/turtle_interfaces/share/colcon-core/packages/turtle_interfaces)
[23.603s] DEBUG:colcon.colcon_parallel_executor.executor.parallel:closing loop
[23.604s] DEBUG:colcon.colcon_parallel_executor.executor.parallel:loop closed
[23.604s] DEBUG:colcon.colcon_parallel_executor.executor.parallel:run_until_complete finished with '0'
[23.604s] DEBUG:colcon.colcon_core.event_reactor:joining thread
[23.621s] INFO:colcon.colcon_core.plugin_system:Skipping extension 'colcon_notification.desktop_notification.terminal_notifier': Not used on non-Darwin systems
[23.621s] INFO:colcon.colcon_core.plugin_system:Skipping extension 'colcon_notification.desktop_notification.win32': Not used on non-Windows systems
[23.621s] INFO:colcon.colcon_notification.desktop_notification:Sending desktop notification using 'notify2'
[23.643s] DEBUG:colcon.colcon_core.event_reactor:joined thread
[23.644s] INFO:colcon.colcon_core.shell:Creating prefix script '/home/yahboom/Desktop/S26_RobotProgramming_Iron/Lab4/chuang/intro_ws/src/turtle_interfaces/install/local_setup.ps1'
[23.646s] INFO:colcon.colcon_core.shell:Creating prefix util module '/home/yahboom/Desktop/S26_RobotProgramming_Iron/Lab4/chuang/intro_ws/src/turtle_interfaces/install/_local_setup_util_ps1.py'
[23.648s] INFO:colcon.colcon_core.shell:Creating prefix chain script '/home/yahboom/Desktop/S26_RobotProgramming_Iron/Lab4/chuang/intro_ws/src/turtle_interfaces/install/setup.ps1'
[23.658s] INFO:colcon.colcon_core.shell:Creating prefix script '/home/yahboom/Desktop/S26_RobotProgramming_Iron/Lab4/chuang/intro_ws/src/turtle_interfaces/install/local_setup.sh'
[23.659s] INFO:colcon.colcon_core.shell:Creating prefix util module '/home/yahboom/Desktop/S26_RobotProgramming_Iron/Lab4/chuang/intro_ws/src/turtle_interfaces/install/_local_setup_util_sh.py'
[23.661s] INFO:colcon.colcon_core.shell:Creating prefix chain script '/home/yahboom/Desktop/S26_RobotProgramming_Iron/Lab4/chuang/intro_ws/src/turtle_interfaces/install/setup.sh'
[23.672s] INFO:colcon.colcon_core.shell:Creating prefix script '/home/yahboom/Desktop/S26_RobotProgramming_Iron/Lab4/chuang/intro_ws/src/turtle_interfaces/install/local_setup.bash'
[23.673s] INFO:colcon.colcon_core.shell:Creating prefix chain script '/home/yahboom/Desktop/S26_RobotProgramming_Iron/Lab4/chuang/intro_ws/src/turtle_interfaces/install/setup.bash'
[23.683s] INFO:colcon.colcon_core.shell:Creating prefix script '/home/yahboom/Desktop/S26_RobotProgramming_Iron/Lab4/chuang/intro_ws/src/turtle_interfaces/install/local_setup.zsh'
[23.684s] INFO:colcon.colcon_core.shell:Creating prefix chain script '/home/yahboom/Desktop/S26_RobotProgramming_Iron/Lab4/chuang/intro_ws/src/turtle_interfaces/install/setup.zsh'
