[0.509s] Invoking command in '/home/yahboom/S26_RobotProgramming_Iron/Lab3/Flynn/roscourse_ws/build/webcam': PYTHONPATH=/home/yahboom/S26_RobotProgramming_Iron/Lab3/Flynn/roscourse_ws/build/webcam/prefix_override:/usr/lib/python3/dist-packages/colcon_core/task/python/colcon_distutils_commands:/home/yahboom/S26_RobotProgramming_Iron/Lab3/Flynn/roscourse_ws/install/webcam/lib/python3.10/site-packages:${PYTHONPATH} /usr/bin/python3 -W ignore:setup.py install is deprecated -W ignore:easy_install command is deprecated setup.py develop --editable --build-directory /home/yahboom/S26_RobotProgramming_Iron/Lab3/Flynn/roscourse_ws/build/webcam/build --no-deps symlink_data --force
[0.719s] running develop
[0.851s] running egg_info
[0.851s] writing webcam.egg-info/PKG-INFO
[0.851s] writing dependency_links to webcam.egg-info/dependency_links.txt
[0.851s] writing entry points to webcam.egg-info/entry_points.txt
[0.852s] writing requirements to webcam.egg-info/requires.txt
[0.852s] writing top-level names to webcam.egg-info/top_level.txt
[0.853s] reading manifest file 'webcam.egg-info/SOURCES.txt'
[0.853s] writing manifest file 'webcam.egg-info/SOURCES.txt'
[0.855s] running build_ext
[0.855s] Creating /home/yahboom/S26_RobotProgramming_Iron/Lab3/Flynn/roscourse_ws/install/webcam/lib/python3.10/site-packages/webcam.egg-link (link to .)
[0.855s] Installing webcam_pub script to /home/yahboom/S26_RobotProgramming_Iron/Lab3/Flynn/roscourse_ws/install/webcam/lib/webcam
[0.855s] Installing webcam_sub script to /home/yahboom/S26_RobotProgramming_Iron/Lab3/Flynn/roscourse_ws/install/webcam/lib/webcam
[0.856s] 
[0.856s] Installed /home/yahboom/S26_RobotProgramming_Iron/Lab3/Flynn/roscourse_ws/build/webcam
[0.856s] running symlink_data
[0.856s] symbolically linking /home/yahboom/S26_RobotProgramming_Iron/Lab3/Flynn/roscourse_ws/build/webcam/resource/webcam -> /home/yahboom/S26_RobotProgramming_Iron/Lab3/Flynn/roscourse_ws/install/webcam/share/ament_index/resource_index/packages
[0.856s] symbolically linking /home/yahboom/S26_RobotProgramming_Iron/Lab3/Flynn/roscourse_ws/build/webcam/package.xml -> /home/yahboom/S26_RobotProgramming_Iron/Lab3/Flynn/roscourse_ws/install/webcam/share/webcam
[0.873s] Invoked command in '/home/yahboom/S26_RobotProgramming_Iron/Lab3/Flynn/roscourse_ws/build/webcam' returned '0': PYTHONPATH=/home/yahboom/S26_RobotProgramming_Iron/Lab3/Flynn/roscourse_ws/build/webcam/prefix_override:/usr/lib/python3/dist-packages/colcon_core/task/python/colcon_distutils_commands:/home/yahboom/S26_RobotProgramming_Iron/Lab3/Flynn/roscourse_ws/install/webcam/lib/python3.10/site-packages:${PYTHONPATH} /usr/bin/python3 -W ignore:setup.py install is deprecated -W ignore:easy_install command is deprecated setup.py develop --editable --build-directory /home/yahboom/S26_RobotProgramming_Iron/Lab3/Flynn/roscourse_ws/build/webcam/build --no-deps symlink_data --force
