[0.257s] DEBUG:colcon:Command line arguments: ['/usr/bin/colcon', 'build', '--packages-select', 'turtle_interfaces']
[0.257s] DEBUG:colcon:Parsed command line arguments: Namespace(log_base=None, log_level=None, verb_name='build', build_base='build', install_base='install', merge_install=False, symlink_install=False, test_result_base=None, continue_on_error=False, executor='parallel', parallel_workers=4, event_handlers=None, ignore_user_meta=False, metas=['./colcon.meta'], base_paths=['.'], packages_ignore=None, packages_ignore_regex=None, paths=None, packages_up_to=None, packages_up_to_regex=None, packages_above=None, packages_above_and_dependencies=None, packages_above_depth=None, packages_select_by_dep=None, packages_skip_by_dep=None, packages_skip_up_to=None, packages_select_build_failed=False, packages_skip_build_finished=False, packages_select_test_failures=False, packages_skip_test_passed=False, packages_select=['turtle_interfaces'], packages_skip=None, packages_select_regex=None, packages_skip_regex=None, packages_start=None, packages_end=None, allow_overriding=[], cmake_args=None, cmake_target=None, cmake_target_skip_unavailable=False, cmake_clean_cache=False, cmake_clean_first=False, cmake_force_configure=False, ament_cmake_args=None, catkin_cmake_args=None, catkin_skip_building_tests=False, verb_parser=<colcon_defaults.argument_parser.defaults.DefaultArgumentsDecorator object at 0x7581b2812140>, verb_extension=<colcon_core.verb.build.BuildVerb object at 0x7581b2811c30>, main=<bound method BuildVerb.main of <colcon_core.verb.build.BuildVerb object at 0x7581b2811c30>>)
[0.713s] Level 1:colcon.colcon_core.package_discovery:discover_packages(colcon_meta) check parameters
[0.713s] Level 1:colcon.colcon_core.package_discovery:discover_packages(recursive) check parameters
[0.713s] Level 1:colcon.colcon_core.package_discovery:discover_packages(ignore) check parameters
[0.713s] Level 1:colcon.colcon_core.package_discovery:discover_packages(path) check parameters
[0.713s] Level 1:colcon.colcon_core.package_discovery:discover_packages(colcon_meta) discover
[0.713s] Level 1:colcon.colcon_core.package_discovery:discover_packages(recursive) discover
[0.713s] INFO:colcon.colcon_core.package_discovery:Crawling recursively for packages in '/home/yahboom/Desktop/S26_RobotProgramming_Iron/Lab4/chuang/intro_ws/src/turtle_interfaces'
[0.714s] Level 1:colcon.colcon_core.package_identification:_identify(.) by extensions ['ignore', 'ignore_ament_install']
[0.714s] Level 1:colcon.colcon_core.package_identification:_identify(.) by extension 'ignore'
[0.714s] Level 1:colcon.colcon_core.package_identification:_identify(.) by extension 'ignore_ament_install'
[0.714s] Level 1:colcon.colcon_core.package_identification:_identify(.) by extensions ['colcon_pkg']
[0.715s] Level 1:colcon.colcon_core.package_identification:_identify(.) by extension 'colcon_pkg'
[0.715s] Level 1:colcon.colcon_core.package_identification:_identify(.) by extensions ['colcon_meta']
[0.715s] Level 1:colcon.colcon_core.package_identification:_identify(.) by extension 'colcon_meta'
[0.715s] Level 1:colcon.colcon_core.package_identification:_identify(.) by extensions ['ros']
[0.715s] Level 1:colcon.colcon_core.package_identification:_identify(.) by extension 'ros'
[0.743s] DEBUG:colcon.colcon_core.package_identification:Package '.' with type 'ros.ament_cmake' and name 'turtle_interfaces'
[0.743s] Level 1:colcon.colcon_core.package_discovery:discover_packages(recursive) using defaults
[0.744s] Level 1:colcon.colcon_core.package_discovery:discover_packages(ignore) discover
[0.744s] Level 1:colcon.colcon_core.package_discovery:discover_packages(ignore) using defaults
[0.744s] Level 1:colcon.colcon_core.package_discovery:discover_packages(path) discover
[0.744s] Level 1:colcon.colcon_core.package_discovery:discover_packages(path) using defaults
[0.815s] Level 1:colcon.colcon_core.package_discovery:discover_packages(prefix_path) check parameters
[0.815s] Level 1:colcon.colcon_core.package_discovery:discover_packages(prefix_path) discover
[0.826s] DEBUG:colcon.colcon_installed_package_information.package_discovery:Found 19 installed packages in /home/yahboom/yahboomcar_ws/install
[0.827s] DEBUG:colcon.colcon_installed_package_information.package_discovery:Found 2 installed packages in /home/yahboom/gmapping_ws/install
[0.832s] DEBUG:colcon.colcon_installed_package_information.package_discovery:Found 76 installed packages in /home/yahboom/cartoros2/install
[0.837s] DEBUG:colcon.colcon_installed_package_information.package_discovery:Found 343 installed packages in /opt/ros/humble
[0.843s] Level 1:colcon.colcon_core.package_discovery:discover_packages(prefix_path) using defaults
[0.945s] Level 5:colcon.colcon_core.verb:set package 'turtle_interfaces' build argument 'cmake_args' from command line to 'None'
[0.945s] Level 5:colcon.colcon_core.verb:set package 'turtle_interfaces' build argument 'cmake_target' from command line to 'None'
[0.945s] Level 5:colcon.colcon_core.verb:set package 'turtle_interfaces' build argument 'cmake_target_skip_unavailable' from command line to 'False'
[0.945s] Level 5:colcon.colcon_core.verb:set package 'turtle_interfaces' build argument 'cmake_clean_cache' from command line to 'False'
[0.945s] Level 5:colcon.colcon_core.verb:set package 'turtle_interfaces' build argument 'cmake_clean_first' from command line to 'False'
[0.945s] Level 5:colcon.colcon_core.verb:set package 'turtle_interfaces' build argument 'cmake_force_configure' from command line to 'False'
[0.945s] Level 5:colcon.colcon_core.verb:set package 'turtle_interfaces' build argument 'ament_cmake_args' from command line to 'None'
[0.945s] Level 5:colcon.colcon_core.verb:set package 'turtle_interfaces' build argument 'catkin_cmake_args' from command line to 'None'
[0.945s] Level 5:colcon.colcon_core.verb:set package 'turtle_interfaces' build argument 'catkin_skip_building_tests' from command line to 'False'
[0.946s] DEBUG:colcon.colcon_core.verb:Building package 'turtle_interfaces' with the following arguments: {'ament_cmake_args': None, 'build_base': '/home/yahboom/Desktop/S26_RobotProgramming_Iron/Lab4/chuang/intro_ws/src/turtle_interfaces/build/turtle_interfaces', 'catkin_cmake_args': None, 'catkin_skip_building_tests': False, 'cmake_args': None, 'cmake_clean_cache': False, 'cmake_clean_first': False, 'cmake_force_configure': False, 'cmake_target': None, 'cmake_target_skip_unavailable': False, 'install_base': '/home/yahboom/Desktop/S26_RobotProgramming_Iron/Lab4/chuang/intro_ws/src/turtle_interfaces/install/turtle_interfaces', 'merge_install': False, 'path': '/home/yahboom/Desktop/S26_RobotProgramming_Iron/Lab4/chuang/intro_ws/src/turtle_interfaces', 'symlink_install': False, 'test_result_base': None}
[0.946s] INFO:colcon.colcon_core.executor:Executing jobs using 'parallel' executor
[0.948s] DEBUG:colcon.colcon_parallel_executor.executor.parallel:run_until_complete
[0.949s] INFO:colcon.colcon_ros.task.ament_cmake.build:Building ROS package in '/home/yahboom/Desktop/S26_RobotProgramming_Iron/Lab4/chuang/intro_ws/src/turtle_interfaces' with build type 'ament_cmake'
[0.949s] INFO:colcon.colcon_cmake.task.cmake.build:Building CMake package in '/home/yahboom/Desktop/S26_RobotProgramming_Iron/Lab4/chuang/intro_ws/src/turtle_interfaces'
[0.956s] INFO:colcon.colcon_core.plugin_system:Skipping extension 'colcon_core.shell.bat': Not used on non-Windows systems
[0.957s] INFO:colcon.colcon_core.shell:Skip shell extension 'powershell' for command environment: Not usable outside of PowerShell
[0.957s] DEBUG:colcon.colcon_core.shell:Skip shell extension 'dsv' for command environment
[0.998s] DEBUG:colcon.colcon_core.event_handler.log_command:Invoking command in '/home/yahboom/Desktop/S26_RobotProgramming_Iron/Lab4/chuang/intro_ws/src/turtle_interfaces/build/turtle_interfaces': CMAKE_PREFIX_PATH=${CMAKE_PREFIX_PATH}:/home/yahboom/cartoros2/install/yahboomcar_nav:/home/yahboom/cartoros2/install/yahboomcar_ctrl:/home/yahboom/cartoros2/install/yahboom_visual:/home/yahboom/cartoros2/install/yahboom_dog_joint_state:/home/yahboom/cartoros2/install/yahboom_description:/home/yahboom/cartoros2/install/yahboom_color_identify_server:/home/yahboom/cartoros2/install/yahboom_bringup:/home/yahboom/cartoros2/install/yahboom_base:/home/yahboom/cartoros2/install/yahboom_app_save_map:/home/yahboom/cartoros2/install/update_map:/home/yahboom/cartoros2/install/rosboard:/home/yahboom/cartoros2/install/path_planner_server:/home/yahboom/cartoros2/install/nav2_simple_commander:/home/yahboom/cartoros2/install/nav2_gazebo_spawner:/home/yahboom/cartoros2/install/localization_server:/home/yahboom/cartoros2/install/laserscan_to_point_pulisher:/home/yahboom/yahboomcar_ws/install/yahboom_dog_example:/opt/ros/humble: /usr/bin/cmake /home/yahboom/Desktop/S26_RobotProgramming_Iron/Lab4/chuang/intro_ws/src/turtle_interfaces -DCMAKE_INSTALL_PREFIX=/home/yahboom/Desktop/S26_RobotProgramming_Iron/Lab4/chuang/intro_ws/src/turtle_interfaces/install/turtle_interfaces
[4.702s] DEBUG:colcon.colcon_core.event_handler.log_command:Invoked command in '/home/yahboom/Desktop/S26_RobotProgramming_Iron/Lab4/chuang/intro_ws/src/turtle_interfaces/build/turtle_interfaces' returned '1': CMAKE_PREFIX_PATH=${CMAKE_PREFIX_PATH}:/home/yahboom/cartoros2/install/yahboomcar_nav:/home/yahboom/cartoros2/install/yahboomcar_ctrl:/home/yahboom/cartoros2/install/yahboom_visual:/home/yahboom/cartoros2/install/yahboom_dog_joint_state:/home/yahboom/cartoros2/install/yahboom_description:/home/yahboom/cartoros2/install/yahboom_color_identify_server:/home/yahboom/cartoros2/install/yahboom_bringup:/home/yahboom/cartoros2/install/yahboom_base:/home/yahboom/cartoros2/install/yahboom_app_save_map:/home/yahboom/cartoros2/install/update_map:/home/yahboom/cartoros2/install/rosboard:/home/yahboom/cartoros2/install/path_planner_server:/home/yahboom/cartoros2/install/nav2_simple_commander:/home/yahboom/cartoros2/install/nav2_gazebo_spawner:/home/yahboom/cartoros2/install/localization_server:/home/yahboom/cartoros2/install/laserscan_to_point_pulisher:/home/yahboom/yahboomcar_ws/install/yahboom_dog_example:/opt/ros/humble: /usr/bin/cmake /home/yahboom/Desktop/S26_RobotProgramming_Iron/Lab4/chuang/intro_ws/src/turtle_interfaces -DCMAKE_INSTALL_PREFIX=/home/yahboom/Desktop/S26_RobotProgramming_Iron/Lab4/chuang/intro_ws/src/turtle_interfaces/install/turtle_interfaces
[4.752s] Level 1:colcon.colcon_core.environment:create_environment_scripts_only(turtle_interfaces)
[4.758s] Level 1:colcon.colcon_core.environment:checking '/home/yahboom/Desktop/S26_RobotProgramming_Iron/Lab4/chuang/intro_ws/src/turtle_interfaces/install/turtle_interfaces' for CMake module files
[4.759s] Level 1:colcon.colcon_core.environment:checking '/home/yahboom/Desktop/S26_RobotProgramming_Iron/Lab4/chuang/intro_ws/src/turtle_interfaces/install/turtle_interfaces' for CMake config files
[4.760s] Level 1:colcon.colcon_core.environment:checking '/home/yahboom/Desktop/S26_RobotProgramming_Iron/Lab4/chuang/intro_ws/src/turtle_interfaces/install/turtle_interfaces/bin'
[4.760s] Level 1:colcon.colcon_core.environment:checking '/home/yahboom/Desktop/S26_RobotProgramming_Iron/Lab4/chuang/intro_ws/src/turtle_interfaces/install/turtle_interfaces/lib/pkgconfig/turtle_interfaces.pc'
[4.760s] Level 1:colcon.colcon_core.environment:checking '/home/yahboom/Desktop/S26_RobotProgramming_Iron/Lab4/chuang/intro_ws/src/turtle_interfaces/install/turtle_interfaces/lib/python3.10/site-packages'
[4.760s] Level 1:colcon.colcon_core.environment:checking '/home/yahboom/Desktop/S26_RobotProgramming_Iron/Lab4/chuang/intro_ws/src/turtle_interfaces/install/turtle_interfaces/bin'
[4.761s] INFO:colcon.colcon_core.shell:Creating package script '/home/yahboom/Desktop/S26_RobotProgramming_Iron/Lab4/chuang/intro_ws/src/turtle_interfaces/install/turtle_interfaces/share/turtle_interfaces/package.ps1'
[4.762s] INFO:colcon.colcon_core.shell:Creating package descriptor '/home/yahboom/Desktop/S26_RobotProgramming_Iron/Lab4/chuang/intro_ws/src/turtle_interfaces/install/turtle_interfaces/share/turtle_interfaces/package.dsv'
[4.763s] INFO:colcon.colcon_core.shell:Creating package script '/home/yahboom/Desktop/S26_RobotProgramming_Iron/Lab4/chuang/intro_ws/src/turtle_interfaces/install/turtle_interfaces/share/turtle_interfaces/package.sh'
[4.764s] INFO:colcon.colcon_core.shell:Creating package script '/home/yahboom/Desktop/S26_RobotProgramming_Iron/Lab4/chuang/intro_ws/src/turtle_interfaces/install/turtle_interfaces/share/turtle_interfaces/package.bash'
[4.765s] INFO:colcon.colcon_core.shell:Creating package script '/home/yahboom/Desktop/S26_RobotProgramming_Iron/Lab4/chuang/intro_ws/src/turtle_interfaces/install/turtle_interfaces/share/turtle_interfaces/package.zsh'
[4.766s] Level 1:colcon.colcon_core.environment:create_file_with_runtime_dependencies(/home/yahboom/Desktop/S26_RobotProgramming_Iron/Lab4/chuang/intro_ws/src/turtle_interfaces/install/turtle_interfaces/share/colcon-core/packages/turtle_interfaces)
[4.778s] DEBUG:colcon.colcon_parallel_executor.executor.parallel:closing loop
[4.778s] DEBUG:colcon.colcon_parallel_executor.executor.parallel:loop closed
[4.778s] DEBUG:colcon.colcon_parallel_executor.executor.parallel:run_until_complete finished with '1'
[4.778s] DEBUG:colcon.colcon_core.event_reactor:joining thread
[4.791s] INFO:colcon.colcon_core.plugin_system:Skipping extension 'colcon_notification.desktop_notification.terminal_notifier': Not used on non-Darwin systems
[4.792s] INFO:colcon.colcon_core.plugin_system:Skipping extension 'colcon_notification.desktop_notification.win32': Not used on non-Windows systems
[4.792s] INFO:colcon.colcon_notification.desktop_notification:Sending desktop notification using 'notify2'
[4.817s] DEBUG:colcon.colcon_core.event_reactor:joined thread
[4.818s] INFO:colcon.colcon_core.shell:Creating prefix script '/home/yahboom/Desktop/S26_RobotProgramming_Iron/Lab4/chuang/intro_ws/src/turtle_interfaces/install/local_setup.ps1'
[4.819s] INFO:colcon.colcon_core.shell:Creating prefix util module '/home/yahboom/Desktop/S26_RobotProgramming_Iron/Lab4/chuang/intro_ws/src/turtle_interfaces/install/_local_setup_util_ps1.py'
[4.822s] INFO:colcon.colcon_core.shell:Creating prefix chain script '/home/yahboom/Desktop/S26_RobotProgramming_Iron/Lab4/chuang/intro_ws/src/turtle_interfaces/install/setup.ps1'
[4.832s] INFO:colcon.colcon_core.shell:Creating prefix script '/home/yahboom/Desktop/S26_RobotProgramming_Iron/Lab4/chuang/intro_ws/src/turtle_interfaces/install/local_setup.sh'
[4.833s] INFO:colcon.colcon_core.shell:Creating prefix util module '/home/yahboom/Desktop/S26_RobotProgramming_Iron/Lab4/chuang/intro_ws/src/turtle_interfaces/install/_local_setup_util_sh.py'
[4.834s] INFO:colcon.colcon_core.shell:Creating prefix chain script '/home/yahboom/Desktop/S26_RobotProgramming_Iron/Lab4/chuang/intro_ws/src/turtle_interfaces/install/setup.sh'
[4.847s] INFO:colcon.colcon_core.shell:Creating prefix script '/home/yahboom/Desktop/S26_RobotProgramming_Iron/Lab4/chuang/intro_ws/src/turtle_interfaces/install/local_setup.bash'
[4.848s] INFO:colcon.colcon_core.shell:Creating prefix chain script '/home/yahboom/Desktop/S26_RobotProgramming_Iron/Lab4/chuang/intro_ws/src/turtle_interfaces/install/setup.bash'
[4.858s] INFO:colcon.colcon_core.shell:Creating prefix script '/home/yahboom/Desktop/S26_RobotProgramming_Iron/Lab4/chuang/intro_ws/src/turtle_interfaces/install/local_setup.zsh'
[4.859s] INFO:colcon.colcon_core.shell:Creating prefix chain script '/home/yahboom/Desktop/S26_RobotProgramming_Iron/Lab4/chuang/intro_ws/src/turtle_interfaces/install/setup.zsh'
