[0.824s] Invoking command in '/home/yahboom/Desktop/S26_RobotProgramming_Iron/Lab4/chuang/intro_ws/src/python_parameters': PYTHONPATH=/home/yahboom/Desktop/S26_RobotProgramming_Iron/Lab4/chuang/intro_ws/build/python_parameters/prefix_override:/home/yahboom/Desktop/S26_RobotProgramming_Iron/Lab4/chuang/intro_ws/install/python_parameters/lib/python3.10/site-packages:${PYTHONPATH} /usr/bin/python3 -W ignore:setup.py install is deprecated setup.py egg_info --egg-base ../../build/python_parameters build --build-base /home/yahboom/Desktop/S26_RobotProgramming_Iron/Lab4/chuang/intro_ws/build/python_parameters/build install --record /home/yahboom/Desktop/S26_RobotProgramming_Iron/Lab4/chuang/intro_ws/build/python_parameters/install.log --single-version-externally-managed install_data
[1.150s] running egg_info
[1.151s] writing ../../build/python_parameters/python_parameters.egg-info/PKG-INFO
[1.151s] writing dependency_links to ../../build/python_parameters/python_parameters.egg-info/dependency_links.txt
[1.152s] writing entry points to ../../build/python_parameters/python_parameters.egg-info/entry_points.txt
[1.152s] writing requirements to ../../build/python_parameters/python_parameters.egg-info/requires.txt
[1.152s] writing top-level names to ../../build/python_parameters/python_parameters.egg-info/top_level.txt
[1.155s] reading manifest file '../../build/python_parameters/python_parameters.egg-info/SOURCES.txt'
[1.156s] writing manifest file '../../build/python_parameters/python_parameters.egg-info/SOURCES.txt'
[1.156s] running build
[1.156s] running build_py
[1.156s] running install
[1.157s] running install_lib
[1.158s] running install_data
[1.158s] copying launch/run_multi_launch.py -> /home/yahboom/Desktop/S26_RobotProgramming_Iron/Lab4/chuang/intro_ws/install/python_parameters/share/python_parameters/launch
[1.159s] running install_egg_info
[1.161s] removing '/home/yahboom/Desktop/S26_RobotProgramming_Iron/Lab4/chuang/intro_ws/install/python_parameters/lib/python3.10/site-packages/python_parameters-0.0.0-py3.10.egg-info' (and everything under it)
[1.161s] Copying ../../build/python_parameters/python_parameters.egg-info to /home/yahboom/Desktop/S26_RobotProgramming_Iron/Lab4/chuang/intro_ws/install/python_parameters/lib/python3.10/site-packages/python_parameters-0.0.0-py3.10.egg-info
[1.162s] running install_scripts
[1.187s] Installing minimal_param_node script to /home/yahboom/Desktop/S26_RobotProgramming_Iron/Lab4/chuang/intro_ws/install/python_parameters/lib/python_parameters
[1.187s] writing list of installed files to '/home/yahboom/Desktop/S26_RobotProgramming_Iron/Lab4/chuang/intro_ws/build/python_parameters/install.log'
[1.212s] Invoked command in '/home/yahboom/Desktop/S26_RobotProgramming_Iron/Lab4/chuang/intro_ws/src/python_parameters' returned '0': PYTHONPATH=/home/yahboom/Desktop/S26_RobotProgramming_Iron/Lab4/chuang/intro_ws/build/python_parameters/prefix_override:/home/yahboom/Desktop/S26_RobotProgramming_Iron/Lab4/chuang/intro_ws/install/python_parameters/lib/python3.10/site-packages:${PYTHONPATH} /usr/bin/python3 -W ignore:setup.py install is deprecated setup.py egg_info --egg-base ../../build/python_parameters build --build-base /home/yahboom/Desktop/S26_RobotProgramming_Iron/Lab4/chuang/intro_ws/build/python_parameters/build install --record /home/yahboom/Desktop/S26_RobotProgramming_Iron/Lab4/chuang/intro_ws/build/python_parameters/install.log --single-version-externally-managed install_data
