[1.960s] Invoking command in '/home/yahboom/intro_ws/src/examples/rclpy/services/minimal_service': PYTHONPATH=/home/yahboom/intro_ws/build/examples_rclpy_minimal_service/prefix_override:/usr/lib/python3/dist-packages/colcon_core/task/python/colcon_distutils_commands:/home/yahboom/intro_ws/install/examples_rclpy_minimal_service/lib/python3.10/site-packages:${PYTHONPATH} /usr/bin/python3 -W ignore:setup.py install is deprecated -W ignore:easy_install command is deprecated setup.py egg_info --egg-base ../../../../../build/examples_rclpy_minimal_service build --build-base /home/yahboom/intro_ws/build/examples_rclpy_minimal_service/build install --record /home/yahboom/intro_ws/build/examples_rclpy_minimal_service/install.log --single-version-externally-managed install_data
[2.663s] running egg_info
[2.663s] creating ../../../../../build/examples_rclpy_minimal_service/examples_rclpy_minimal_service.egg-info
[2.663s] writing ../../../../../build/examples_rclpy_minimal_service/examples_rclpy_minimal_service.egg-info/PKG-INFO
[2.663s] writing dependency_links to ../../../../../build/examples_rclpy_minimal_service/examples_rclpy_minimal_service.egg-info/dependency_links.txt
[2.664s] writing entry points to ../../../../../build/examples_rclpy_minimal_service/examples_rclpy_minimal_service.egg-info/entry_points.txt
[2.665s] writing requirements to ../../../../../build/examples_rclpy_minimal_service/examples_rclpy_minimal_service.egg-info/requires.txt
[2.665s] writing top-level names to ../../../../../build/examples_rclpy_minimal_service/examples_rclpy_minimal_service.egg-info/top_level.txt
[2.666s] writing manifest file '../../../../../build/examples_rclpy_minimal_service/examples_rclpy_minimal_service.egg-info/SOURCES.txt'
[2.678s] reading manifest file '../../../../../build/examples_rclpy_minimal_service/examples_rclpy_minimal_service.egg-info/SOURCES.txt'
[2.679s] writing manifest file '../../../../../build/examples_rclpy_minimal_service/examples_rclpy_minimal_service.egg-info/SOURCES.txt'
[2.679s] running build
[2.679s] running build_py
[2.680s] creating /home/yahboom/intro_ws/build/examples_rclpy_minimal_service/build
[2.680s] creating /home/yahboom/intro_ws/build/examples_rclpy_minimal_service/build/lib
[2.680s] creating /home/yahboom/intro_ws/build/examples_rclpy_minimal_service/build/lib/examples_rclpy_minimal_service
[2.681s] copying examples_rclpy_minimal_service/service_member_function.py -> /home/yahboom/intro_ws/build/examples_rclpy_minimal_service/build/lib/examples_rclpy_minimal_service
[2.682s] copying examples_rclpy_minimal_service/__init__.py -> /home/yahboom/intro_ws/build/examples_rclpy_minimal_service/build/lib/examples_rclpy_minimal_service
[2.683s] copying examples_rclpy_minimal_service/service.py -> /home/yahboom/intro_ws/build/examples_rclpy_minimal_service/build/lib/examples_rclpy_minimal_service
[2.685s] running install
[2.687s] running install_lib
[2.689s] creating /home/yahboom/intro_ws/install/examples_rclpy_minimal_service/lib/python3.10/site-packages/examples_rclpy_minimal_service
[2.690s] copying /home/yahboom/intro_ws/build/examples_rclpy_minimal_service/build/lib/examples_rclpy_minimal_service/service_member_function.py -> /home/yahboom/intro_ws/install/examples_rclpy_minimal_service/lib/python3.10/site-packages/examples_rclpy_minimal_service
[2.691s] copying /home/yahboom/intro_ws/build/examples_rclpy_minimal_service/build/lib/examples_rclpy_minimal_service/__init__.py -> /home/yahboom/intro_ws/install/examples_rclpy_minimal_service/lib/python3.10/site-packages/examples_rclpy_minimal_service
[2.691s] copying /home/yahboom/intro_ws/build/examples_rclpy_minimal_service/build/lib/examples_rclpy_minimal_service/service.py -> /home/yahboom/intro_ws/install/examples_rclpy_minimal_service/lib/python3.10/site-packages/examples_rclpy_minimal_service
[2.695s] byte-compiling /home/yahboom/intro_ws/install/examples_rclpy_minimal_service/lib/python3.10/site-packages/examples_rclpy_minimal_service/service_member_function.py to service_member_function.cpython-310.pyc
[2.695s] byte-compiling /home/yahboom/intro_ws/install/examples_rclpy_minimal_service/lib/python3.10/site-packages/examples_rclpy_minimal_service/__init__.py to __init__.cpython-310.pyc
[2.696s] byte-compiling /home/yahboom/intro_ws/install/examples_rclpy_minimal_service/lib/python3.10/site-packages/examples_rclpy_minimal_service/service.py to service.cpython-310.pyc
[2.698s] running install_data
[2.698s] creating /home/yahboom/intro_ws/install/examples_rclpy_minimal_service/share/ament_index
[2.698s] creating /home/yahboom/intro_ws/install/examples_rclpy_minimal_service/share/ament_index/resource_index
[2.699s] creating /home/yahboom/intro_ws/install/examples_rclpy_minimal_service/share/ament_index/resource_index/packages
[2.700s] copying resource/examples_rclpy_minimal_service -> /home/yahboom/intro_ws/install/examples_rclpy_minimal_service/share/ament_index/resource_index/packages
[2.701s] copying package.xml -> /home/yahboom/intro_ws/install/examples_rclpy_minimal_service/share/examples_rclpy_minimal_service
[2.701s] running install_egg_info
[2.710s] Copying ../../../../../build/examples_rclpy_minimal_service/examples_rclpy_minimal_service.egg-info to /home/yahboom/intro_ws/install/examples_rclpy_minimal_service/lib/python3.10/site-packages/examples_rclpy_minimal_service-0.15.5-py3.10.egg-info
[2.711s] running install_scripts
[2.767s] Installing service script to /home/yahboom/intro_ws/install/examples_rclpy_minimal_service/lib/examples_rclpy_minimal_service
[2.768s] Installing service_member_function script to /home/yahboom/intro_ws/install/examples_rclpy_minimal_service/lib/examples_rclpy_minimal_service
[2.768s] writing list of installed files to '/home/yahboom/intro_ws/build/examples_rclpy_minimal_service/install.log'
[2.821s] Invoked command in '/home/yahboom/intro_ws/src/examples/rclpy/services/minimal_service' returned '0': PYTHONPATH=/home/yahboom/intro_ws/build/examples_rclpy_minimal_service/prefix_override:/usr/lib/python3/dist-packages/colcon_core/task/python/colcon_distutils_commands:/home/yahboom/intro_ws/install/examples_rclpy_minimal_service/lib/python3.10/site-packages:${PYTHONPATH} /usr/bin/python3 -W ignore:setup.py install is deprecated -W ignore:easy_install command is deprecated setup.py egg_info --egg-base ../../../../../build/examples_rclpy_minimal_service build --build-base /home/yahboom/intro_ws/build/examples_rclpy_minimal_service/build install --record /home/yahboom/intro_ws/build/examples_rclpy_minimal_service/install.log --single-version-externally-managed install_data
