[0.698s] Invoking command in '/home/yahboom/S26_RobotProgramming_Iron/Lab3/Flynn/roscourse_ws/src/webcam': PYTHONPATH=/home/yahboom/S26_RobotProgramming_Iron/Lab3/Flynn/roscourse_ws/build/webcam/prefix_override:/usr/lib/python3/dist-packages/colcon_core/task/python/colcon_distutils_commands:/home/yahboom/S26_RobotProgramming_Iron/Lab3/Flynn/roscourse_ws/install/webcam/lib/python3.10/site-packages:${PYTHONPATH} /usr/bin/python3 -W ignore:setup.py install is deprecated -W ignore:easy_install command is deprecated setup.py egg_info --egg-base ../../build/webcam build --build-base /home/yahboom/S26_RobotProgramming_Iron/Lab3/Flynn/roscourse_ws/build/webcam/build install --record /home/yahboom/S26_RobotProgramming_Iron/Lab3/Flynn/roscourse_ws/build/webcam/install.log --single-version-externally-managed install_data
[0.894s] running egg_info
[0.894s] writing ../../build/webcam/webcam.egg-info/PKG-INFO
[0.894s] writing dependency_links to ../../build/webcam/webcam.egg-info/dependency_links.txt
[0.894s] writing entry points to ../../build/webcam/webcam.egg-info/entry_points.txt
[0.895s] writing requirements to ../../build/webcam/webcam.egg-info/requires.txt
[0.895s] writing top-level names to ../../build/webcam/webcam.egg-info/top_level.txt
[0.896s] reading manifest file '../../build/webcam/webcam.egg-info/SOURCES.txt'
[0.897s] writing manifest file '../../build/webcam/webcam.egg-info/SOURCES.txt'
[0.897s] running build
[0.897s] running build_py
[0.897s] running install
[0.897s] running install_lib
[0.898s] running install_data
[0.898s] running install_egg_info
[0.900s] removing '/home/yahboom/S26_RobotProgramming_Iron/Lab3/Flynn/roscourse_ws/install/webcam/lib/python3.10/site-packages/webcam-0.0.0-py3.10.egg-info' (and everything under it)
[0.900s] Copying ../../build/webcam/webcam.egg-info to /home/yahboom/S26_RobotProgramming_Iron/Lab3/Flynn/roscourse_ws/install/webcam/lib/python3.10/site-packages/webcam-0.0.0-py3.10.egg-info
[0.900s] running install_scripts
[0.915s] Installing webcam_pub script to /home/yahboom/S26_RobotProgramming_Iron/Lab3/Flynn/roscourse_ws/install/webcam/lib/webcam
[0.915s] Installing webcam_sub script to /home/yahboom/S26_RobotProgramming_Iron/Lab3/Flynn/roscourse_ws/install/webcam/lib/webcam
[0.916s] writing list of installed files to '/home/yahboom/S26_RobotProgramming_Iron/Lab3/Flynn/roscourse_ws/build/webcam/install.log'
[0.931s] Invoked command in '/home/yahboom/S26_RobotProgramming_Iron/Lab3/Flynn/roscourse_ws/src/webcam' returned '0': PYTHONPATH=/home/yahboom/S26_RobotProgramming_Iron/Lab3/Flynn/roscourse_ws/build/webcam/prefix_override:/usr/lib/python3/dist-packages/colcon_core/task/python/colcon_distutils_commands:/home/yahboom/S26_RobotProgramming_Iron/Lab3/Flynn/roscourse_ws/install/webcam/lib/python3.10/site-packages:${PYTHONPATH} /usr/bin/python3 -W ignore:setup.py install is deprecated -W ignore:easy_install command is deprecated setup.py egg_info --egg-base ../../build/webcam build --build-base /home/yahboom/S26_RobotProgramming_Iron/Lab3/Flynn/roscourse_ws/build/webcam/build install --record /home/yahboom/S26_RobotProgramming_Iron/Lab3/Flynn/roscourse_ws/build/webcam/install.log --single-version-externally-managed install_data
