[1.837s] Invoking command in '/home/yahboom/S26_RobotProgramming_Iron/Lab4/Flynn/roscourse_ws/src/teleop_twist_keyboard': PYTHONPATH=/home/yahboom/S26_RobotProgramming_Iron/Lab4/Flynn/roscourse_ws/build/teleop_twist_keyboard/prefix_override:/usr/lib/python3/dist-packages/colcon_core/task/python/colcon_distutils_commands:/home/yahboom/S26_RobotProgramming_Iron/Lab4/Flynn/roscourse_ws/install/teleop_twist_keyboard/lib/python3.10/site-packages:${PYTHONPATH} /usr/bin/python3 -W ignore:setup.py install is deprecated -W ignore:easy_install command is deprecated setup.py egg_info --egg-base ../../build/teleop_twist_keyboard build --build-base /home/yahboom/S26_RobotProgramming_Iron/Lab4/Flynn/roscourse_ws/build/teleop_twist_keyboard/build install --record /home/yahboom/S26_RobotProgramming_Iron/Lab4/Flynn/roscourse_ws/build/teleop_twist_keyboard/install.log --single-version-externally-managed install_data
[2.543s] running egg_info
[2.545s] writing ../../build/teleop_twist_keyboard/teleop_twist_keyboard.egg-info/PKG-INFO
[2.546s] writing dependency_links to ../../build/teleop_twist_keyboard/teleop_twist_keyboard.egg-info/dependency_links.txt
[2.546s] writing entry points to ../../build/teleop_twist_keyboard/teleop_twist_keyboard.egg-info/entry_points.txt
[2.547s] writing requirements to ../../build/teleop_twist_keyboard/teleop_twist_keyboard.egg-info/requires.txt
[2.547s] writing top-level names to ../../build/teleop_twist_keyboard/teleop_twist_keyboard.egg-info/top_level.txt
[2.551s] reading manifest file '../../build/teleop_twist_keyboard/teleop_twist_keyboard.egg-info/SOURCES.txt'
[2.552s] adding license file 'LICENSE'
[2.553s] writing manifest file '../../build/teleop_twist_keyboard/teleop_twist_keyboard.egg-info/SOURCES.txt'
[2.554s] running build
[2.554s] running build_py
[2.555s] copying teleop_twist_keyboard.py -> /home/yahboom/S26_RobotProgramming_Iron/Lab4/Flynn/roscourse_ws/build/teleop_twist_keyboard/build/lib
[2.555s] running install
[2.555s] running install_lib
[2.557s] copying /home/yahboom/S26_RobotProgramming_Iron/Lab4/Flynn/roscourse_ws/build/teleop_twist_keyboard/build/lib/teleop_twist_keyboard.py -> /home/yahboom/S26_RobotProgramming_Iron/Lab4/Flynn/roscourse_ws/install/teleop_twist_keyboard/lib/python3.10/site-packages
[2.559s] byte-compiling /home/yahboom/S26_RobotProgramming_Iron/Lab4/Flynn/roscourse_ws/install/teleop_twist_keyboard/lib/python3.10/site-packages/teleop_twist_keyboard.py to teleop_twist_keyboard.cpython-310.pyc
[2.562s] running install_data
[2.563s] running install_egg_info
[2.567s] removing '/home/yahboom/S26_RobotProgramming_Iron/Lab4/Flynn/roscourse_ws/install/teleop_twist_keyboard/lib/python3.10/site-packages/teleop_twist_keyboard-2.4.1-py3.10.egg-info' (and everything under it)
[2.568s] Copying ../../build/teleop_twist_keyboard/teleop_twist_keyboard.egg-info to /home/yahboom/S26_RobotProgramming_Iron/Lab4/Flynn/roscourse_ws/install/teleop_twist_keyboard/lib/python3.10/site-packages/teleop_twist_keyboard-2.4.1-py3.10.egg-info
[2.570s] running install_scripts
[2.623s] Installing teleop_twist_keyboard script to /home/yahboom/S26_RobotProgramming_Iron/Lab4/Flynn/roscourse_ws/install/teleop_twist_keyboard/lib/teleop_twist_keyboard
[2.624s] writing list of installed files to '/home/yahboom/S26_RobotProgramming_Iron/Lab4/Flynn/roscourse_ws/build/teleop_twist_keyboard/install.log'
[2.679s] Invoked command in '/home/yahboom/S26_RobotProgramming_Iron/Lab4/Flynn/roscourse_ws/src/teleop_twist_keyboard' returned '0': PYTHONPATH=/home/yahboom/S26_RobotProgramming_Iron/Lab4/Flynn/roscourse_ws/build/teleop_twist_keyboard/prefix_override:/usr/lib/python3/dist-packages/colcon_core/task/python/colcon_distutils_commands:/home/yahboom/S26_RobotProgramming_Iron/Lab4/Flynn/roscourse_ws/install/teleop_twist_keyboard/lib/python3.10/site-packages:${PYTHONPATH} /usr/bin/python3 -W ignore:setup.py install is deprecated -W ignore:easy_install command is deprecated setup.py egg_info --egg-base ../../build/teleop_twist_keyboard build --build-base /home/yahboom/S26_RobotProgramming_Iron/Lab4/Flynn/roscourse_ws/build/teleop_twist_keyboard/build install --record /home/yahboom/S26_RobotProgramming_Iron/Lab4/Flynn/roscourse_ws/build/teleop_twist_keyboard/install.log --single-version-externally-managed install_data
