[1.954s] Invoking command in '/home/yahboom/intro_ws/src/examples/rclpy/actions/minimal_action_client': PYTHONPATH=/home/yahboom/intro_ws/build/examples_rclpy_minimal_action_client/prefix_override:/usr/lib/python3/dist-packages/colcon_core/task/python/colcon_distutils_commands:/home/yahboom/intro_ws/install/examples_rclpy_minimal_action_client/lib/python3.10/site-packages:${PYTHONPATH} /usr/bin/python3 -W ignore:setup.py install is deprecated -W ignore:easy_install command is deprecated setup.py egg_info --egg-base ../../../../../build/examples_rclpy_minimal_action_client build --build-base /home/yahboom/intro_ws/build/examples_rclpy_minimal_action_client/build install --record /home/yahboom/intro_ws/build/examples_rclpy_minimal_action_client/install.log --single-version-externally-managed install_data
[2.714s] running egg_info
[2.718s] creating ../../../../../build/examples_rclpy_minimal_action_client/examples_rclpy_minimal_action_client.egg-info
[2.718s] writing ../../../../../build/examples_rclpy_minimal_action_client/examples_rclpy_minimal_action_client.egg-info/PKG-INFO
[2.718s] writing dependency_links to ../../../../../build/examples_rclpy_minimal_action_client/examples_rclpy_minimal_action_client.egg-info/dependency_links.txt
[2.718s] writing entry points to ../../../../../build/examples_rclpy_minimal_action_client/examples_rclpy_minimal_action_client.egg-info/entry_points.txt
[2.718s] writing requirements to ../../../../../build/examples_rclpy_minimal_action_client/examples_rclpy_minimal_action_client.egg-info/requires.txt
[2.719s] writing top-level names to ../../../../../build/examples_rclpy_minimal_action_client/examples_rclpy_minimal_action_client.egg-info/top_level.txt
[2.719s] writing manifest file '../../../../../build/examples_rclpy_minimal_action_client/examples_rclpy_minimal_action_client.egg-info/SOURCES.txt'
[2.729s] reading manifest file '../../../../../build/examples_rclpy_minimal_action_client/examples_rclpy_minimal_action_client.egg-info/SOURCES.txt'
[2.732s] writing manifest file '../../../../../build/examples_rclpy_minimal_action_client/examples_rclpy_minimal_action_client.egg-info/SOURCES.txt'
[2.732s] running build
[2.733s] running build_py
[2.733s] creating /home/yahboom/intro_ws/build/examples_rclpy_minimal_action_client/build
[2.733s] creating /home/yahboom/intro_ws/build/examples_rclpy_minimal_action_client/build/lib
[2.733s] creating /home/yahboom/intro_ws/build/examples_rclpy_minimal_action_client/build/lib/examples_rclpy_minimal_action_client
[2.733s] copying examples_rclpy_minimal_action_client/client.py -> /home/yahboom/intro_ws/build/examples_rclpy_minimal_action_client/build/lib/examples_rclpy_minimal_action_client
[2.736s] copying examples_rclpy_minimal_action_client/__init__.py -> /home/yahboom/intro_ws/build/examples_rclpy_minimal_action_client/build/lib/examples_rclpy_minimal_action_client
[2.737s] copying examples_rclpy_minimal_action_client/client_asyncio.py -> /home/yahboom/intro_ws/build/examples_rclpy_minimal_action_client/build/lib/examples_rclpy_minimal_action_client
[2.739s] copying examples_rclpy_minimal_action_client/client_not_composable.py -> /home/yahboom/intro_ws/build/examples_rclpy_minimal_action_client/build/lib/examples_rclpy_minimal_action_client
[2.741s] copying examples_rclpy_minimal_action_client/client_cancel.py -> /home/yahboom/intro_ws/build/examples_rclpy_minimal_action_client/build/lib/examples_rclpy_minimal_action_client
[2.744s] running install
[2.744s] running install_lib
[2.746s] creating /home/yahboom/intro_ws/install/examples_rclpy_minimal_action_client/lib/python3.10/site-packages/examples_rclpy_minimal_action_client
[2.747s] copying /home/yahboom/intro_ws/build/examples_rclpy_minimal_action_client/build/lib/examples_rclpy_minimal_action_client/client.py -> /home/yahboom/intro_ws/install/examples_rclpy_minimal_action_client/lib/python3.10/site-packages/examples_rclpy_minimal_action_client
[2.748s] copying /home/yahboom/intro_ws/build/examples_rclpy_minimal_action_client/build/lib/examples_rclpy_minimal_action_client/__init__.py -> /home/yahboom/intro_ws/install/examples_rclpy_minimal_action_client/lib/python3.10/site-packages/examples_rclpy_minimal_action_client
[2.748s] copying /home/yahboom/intro_ws/build/examples_rclpy_minimal_action_client/build/lib/examples_rclpy_minimal_action_client/client_asyncio.py -> /home/yahboom/intro_ws/install/examples_rclpy_minimal_action_client/lib/python3.10/site-packages/examples_rclpy_minimal_action_client
[2.749s] copying /home/yahboom/intro_ws/build/examples_rclpy_minimal_action_client/build/lib/examples_rclpy_minimal_action_client/client_not_composable.py -> /home/yahboom/intro_ws/install/examples_rclpy_minimal_action_client/lib/python3.10/site-packages/examples_rclpy_minimal_action_client
[2.750s] copying /home/yahboom/intro_ws/build/examples_rclpy_minimal_action_client/build/lib/examples_rclpy_minimal_action_client/client_cancel.py -> /home/yahboom/intro_ws/install/examples_rclpy_minimal_action_client/lib/python3.10/site-packages/examples_rclpy_minimal_action_client
[2.751s] byte-compiling /home/yahboom/intro_ws/install/examples_rclpy_minimal_action_client/lib/python3.10/site-packages/examples_rclpy_minimal_action_client/client.py to client.cpython-310.pyc
[2.754s] byte-compiling /home/yahboom/intro_ws/install/examples_rclpy_minimal_action_client/lib/python3.10/site-packages/examples_rclpy_minimal_action_client/__init__.py to __init__.cpython-310.pyc
[2.756s] byte-compiling /home/yahboom/intro_ws/install/examples_rclpy_minimal_action_client/lib/python3.10/site-packages/examples_rclpy_minimal_action_client/client_asyncio.py to client_asyncio.cpython-310.pyc
[2.756s] byte-compiling /home/yahboom/intro_ws/install/examples_rclpy_minimal_action_client/lib/python3.10/site-packages/examples_rclpy_minimal_action_client/client_not_composable.py to client_not_composable.cpython-310.pyc
[2.757s] byte-compiling /home/yahboom/intro_ws/install/examples_rclpy_minimal_action_client/lib/python3.10/site-packages/examples_rclpy_minimal_action_client/client_cancel.py to client_cancel.cpython-310.pyc
[2.759s] running install_data
[2.760s] creating /home/yahboom/intro_ws/install/examples_rclpy_minimal_action_client/share/ament_index
[2.760s] creating /home/yahboom/intro_ws/install/examples_rclpy_minimal_action_client/share/ament_index/resource_index
[2.761s] creating /home/yahboom/intro_ws/install/examples_rclpy_minimal_action_client/share/ament_index/resource_index/packages
[2.761s] copying resource/examples_rclpy_minimal_action_client -> /home/yahboom/intro_ws/install/examples_rclpy_minimal_action_client/share/ament_index/resource_index/packages
[2.762s] copying package.xml -> /home/yahboom/intro_ws/install/examples_rclpy_minimal_action_client/share/examples_rclpy_minimal_action_client
[2.766s] running install_egg_info
[2.771s] Copying ../../../../../build/examples_rclpy_minimal_action_client/examples_rclpy_minimal_action_client.egg-info to /home/yahboom/intro_ws/install/examples_rclpy_minimal_action_client/lib/python3.10/site-packages/examples_rclpy_minimal_action_client-0.15.5-py3.10.egg-info
[2.771s] running install_scripts
[2.830s] Installing client script to /home/yahboom/intro_ws/install/examples_rclpy_minimal_action_client/lib/examples_rclpy_minimal_action_client
[2.832s] Installing client_asyncio script to /home/yahboom/intro_ws/install/examples_rclpy_minimal_action_client/lib/examples_rclpy_minimal_action_client
[2.833s] Installing client_cancel script to /home/yahboom/intro_ws/install/examples_rclpy_minimal_action_client/lib/examples_rclpy_minimal_action_client
[2.835s] Installing client_not_composable script to /home/yahboom/intro_ws/install/examples_rclpy_minimal_action_client/lib/examples_rclpy_minimal_action_client
[2.836s] writing list of installed files to '/home/yahboom/intro_ws/build/examples_rclpy_minimal_action_client/install.log'
[2.888s] Invoked command in '/home/yahboom/intro_ws/src/examples/rclpy/actions/minimal_action_client' returned '0': PYTHONPATH=/home/yahboom/intro_ws/build/examples_rclpy_minimal_action_client/prefix_override:/usr/lib/python3/dist-packages/colcon_core/task/python/colcon_distutils_commands:/home/yahboom/intro_ws/install/examples_rclpy_minimal_action_client/lib/python3.10/site-packages:${PYTHONPATH} /usr/bin/python3 -W ignore:setup.py install is deprecated -W ignore:easy_install command is deprecated setup.py egg_info --egg-base ../../../../../build/examples_rclpy_minimal_action_client build --build-base /home/yahboom/intro_ws/build/examples_rclpy_minimal_action_client/build install --record /home/yahboom/intro_ws/build/examples_rclpy_minimal_action_client/install.log --single-version-externally-managed install_data
