running develop
running egg_info
creating teleop_twist_keyboard.egg-info
writing teleop_twist_keyboard.egg-info/PKG-INFO
writing dependency_links to teleop_twist_keyboard.egg-info/dependency_links.txt
writing entry points to teleop_twist_keyboard.egg-info/entry_points.txt
writing requirements to teleop_twist_keyboard.egg-info/requires.txt
writing top-level names to teleop_twist_keyboard.egg-info/top_level.txt
writing manifest file 'teleop_twist_keyboard.egg-info/SOURCES.txt'
reading manifest file 'teleop_twist_keyboard.egg-info/SOURCES.txt'
writing manifest file 'teleop_twist_keyboard.egg-info/SOURCES.txt'
running build_ext
Creating /home/yahboom/Desktop/S26_RobotProgramming_Iron/Lab4/chuang/roscourse_ws/install/teleop_twist_keyboard/lib/python3.10/site-packages/teleop-twist-keyboard.egg-link (link to .)
Installing teleop_twist_keyboard script to /home/yahboom/Desktop/S26_RobotProgramming_Iron/Lab4/chuang/roscourse_ws/install/teleop_twist_keyboard/lib/teleop_twist_keyboard

Installed /home/yahboom/Desktop/S26_RobotProgramming_Iron/Lab4/chuang/roscourse_ws/build/teleop_twist_keyboard
running symlink_data
creating /home/yahboom/Desktop/S26_RobotProgramming_Iron/Lab4/chuang/roscourse_ws/install/teleop_twist_keyboard/share/ament_index
creating /home/yahboom/Desktop/S26_RobotProgramming_Iron/Lab4/chuang/roscourse_ws/install/teleop_twist_keyboard/share/ament_index/resource_index
creating /home/yahboom/Desktop/S26_RobotProgramming_Iron/Lab4/chuang/roscourse_ws/install/teleop_twist_keyboard/share/ament_index/resource_index/packages
symbolically linking /home/yahboom/Desktop/S26_RobotProgramming_Iron/Lab4/chuang/roscourse_ws/build/teleop_twist_keyboard/resource/teleop_twist_keyboard -> /home/yahboom/Desktop/S26_RobotProgramming_Iron/Lab4/chuang/roscourse_ws/install/teleop_twist_keyboard/share/ament_index/resource_index/packages
symbolically linking /home/yahboom/Desktop/S26_RobotProgramming_Iron/Lab4/chuang/roscourse_ws/build/teleop_twist_keyboard/package.xml -> /home/yahboom/Desktop/S26_RobotProgramming_Iron/Lab4/chuang/roscourse_ws/install/teleop_twist_keyboard/share/teleop_twist_keyboard
