[1.212s] Invoking command in '/home/yahboom/Desktop/S26_RobotProgramming_Iron/Lab4/chuang/roscourse_ws/build/teleop_twist_keyboard': PYTHONPATH=/home/yahboom/Desktop/S26_RobotProgramming_Iron/Lab4/chuang/roscourse_ws/build/teleop_twist_keyboard/prefix_override:/home/yahboom/Desktop/S26_RobotProgramming_Iron/Lab4/chuang/roscourse_ws/install/teleop_twist_keyboard/lib/python3.10/site-packages:${PYTHONPATH} /usr/bin/python3 -W ignore:setup.py install is deprecated setup.py develop --editable --build-directory /home/yahboom/Desktop/S26_RobotProgramming_Iron/Lab4/chuang/roscourse_ws/build/teleop_twist_keyboard/build --no-deps symlink_data
[1.576s] running develop
[1.576s] /usr/lib/python3/dist-packages/setuptools/command/easy_install.py:158: EasyInstallDeprecationWarning: easy_install command is deprecated. Use build and pip and other standards-based tools.
[1.577s]   warnings.warn(
[1.814s] running egg_info
[1.814s] creating teleop_twist_keyboard.egg-info
[1.814s] writing teleop_twist_keyboard.egg-info/PKG-INFO
[1.814s] writing dependency_links to teleop_twist_keyboard.egg-info/dependency_links.txt
[1.814s] writing entry points to teleop_twist_keyboard.egg-info/entry_points.txt
[1.815s] writing requirements to teleop_twist_keyboard.egg-info/requires.txt
[1.815s] writing top-level names to teleop_twist_keyboard.egg-info/top_level.txt
[1.815s] writing manifest file 'teleop_twist_keyboard.egg-info/SOURCES.txt'
[1.816s] reading manifest file 'teleop_twist_keyboard.egg-info/SOURCES.txt'
[1.817s] writing manifest file 'teleop_twist_keyboard.egg-info/SOURCES.txt'
[1.820s] running build_ext
[1.820s] Creating /home/yahboom/Desktop/S26_RobotProgramming_Iron/Lab4/chuang/roscourse_ws/install/teleop_twist_keyboard/lib/python3.10/site-packages/teleop-twist-keyboard.egg-link (link to .)
[1.821s] Installing teleop_twist_keyboard script to /home/yahboom/Desktop/S26_RobotProgramming_Iron/Lab4/chuang/roscourse_ws/install/teleop_twist_keyboard/lib/teleop_twist_keyboard
[1.822s] 
[1.822s] Installed /home/yahboom/Desktop/S26_RobotProgramming_Iron/Lab4/chuang/roscourse_ws/build/teleop_twist_keyboard
[1.822s] running symlink_data
[1.822s] creating /home/yahboom/Desktop/S26_RobotProgramming_Iron/Lab4/chuang/roscourse_ws/install/teleop_twist_keyboard/share/ament_index
[1.822s] creating /home/yahboom/Desktop/S26_RobotProgramming_Iron/Lab4/chuang/roscourse_ws/install/teleop_twist_keyboard/share/ament_index/resource_index
[1.822s] creating /home/yahboom/Desktop/S26_RobotProgramming_Iron/Lab4/chuang/roscourse_ws/install/teleop_twist_keyboard/share/ament_index/resource_index/packages
[1.823s] symbolically linking /home/yahboom/Desktop/S26_RobotProgramming_Iron/Lab4/chuang/roscourse_ws/build/teleop_twist_keyboard/resource/teleop_twist_keyboard -> /home/yahboom/Desktop/S26_RobotProgramming_Iron/Lab4/chuang/roscourse_ws/install/teleop_twist_keyboard/share/ament_index/resource_index/packages
[1.824s] symbolically linking /home/yahboom/Desktop/S26_RobotProgramming_Iron/Lab4/chuang/roscourse_ws/build/teleop_twist_keyboard/package.xml -> /home/yahboom/Desktop/S26_RobotProgramming_Iron/Lab4/chuang/roscourse_ws/install/teleop_twist_keyboard/share/teleop_twist_keyboard
[1.883s] Invoked command in '/home/yahboom/Desktop/S26_RobotProgramming_Iron/Lab4/chuang/roscourse_ws/build/teleop_twist_keyboard' returned '0': PYTHONPATH=/home/yahboom/Desktop/S26_RobotProgramming_Iron/Lab4/chuang/roscourse_ws/build/teleop_twist_keyboard/prefix_override:/home/yahboom/Desktop/S26_RobotProgramming_Iron/Lab4/chuang/roscourse_ws/install/teleop_twist_keyboard/lib/python3.10/site-packages:${PYTHONPATH} /usr/bin/python3 -W ignore:setup.py install is deprecated setup.py develop --editable --build-directory /home/yahboom/Desktop/S26_RobotProgramming_Iron/Lab4/chuang/roscourse_ws/build/teleop_twist_keyboard/build --no-deps symlink_data
