[1.369s] Invoking command in '/home/yahboom/Desktop/S26_RobotProgramming_Iron/Lab4/chuang/roscourse_ws/build/webcam': PYTHONPATH=/home/yahboom/Desktop/S26_RobotProgramming_Iron/Lab4/chuang/roscourse_ws/build/webcam/prefix_override:/home/yahboom/Desktop/S26_RobotProgramming_Iron/Lab4/chuang/roscourse_ws/install/webcam/lib/python3.10/site-packages:${PYTHONPATH} /usr/bin/python3 -W ignore:setup.py install is deprecated setup.py develop --editable --build-directory /home/yahboom/Desktop/S26_RobotProgramming_Iron/Lab4/chuang/roscourse_ws/build/webcam/build --no-deps symlink_data
[1.800s] running develop
[1.800s] /usr/lib/python3/dist-packages/setuptools/command/easy_install.py:158: EasyInstallDeprecationWarning: easy_install command is deprecated. Use build and pip and other standards-based tools.
[1.801s]   warnings.warn(
[2.040s] running egg_info
[2.040s] writing webcam.egg-info/PKG-INFO
[2.040s] writing dependency_links to webcam.egg-info/dependency_links.txt
[2.041s] writing entry points to webcam.egg-info/entry_points.txt
[2.041s] writing requirements to webcam.egg-info/requires.txt
[2.041s] writing top-level names to webcam.egg-info/top_level.txt
[2.044s] reading manifest file 'webcam.egg-info/SOURCES.txt'
[2.045s] writing manifest file 'webcam.egg-info/SOURCES.txt'
[2.047s] running build_ext
[2.048s] Creating /home/yahboom/Desktop/S26_RobotProgramming_Iron/Lab4/chuang/roscourse_ws/install/webcam/lib/python3.10/site-packages/webcam.egg-link (link to .)
[2.049s] Installing webcam_pub script to /home/yahboom/Desktop/S26_RobotProgramming_Iron/Lab4/chuang/roscourse_ws/install/webcam/lib/webcam
[2.049s] Installing webcam_sub script to /home/yahboom/Desktop/S26_RobotProgramming_Iron/Lab4/chuang/roscourse_ws/install/webcam/lib/webcam
[2.052s] 
[2.052s] Installed /home/yahboom/Desktop/S26_RobotProgramming_Iron/Lab4/chuang/roscourse_ws/build/webcam
[2.052s] running symlink_data
[2.426s] Invoked command in '/home/yahboom/Desktop/S26_RobotProgramming_Iron/Lab4/chuang/roscourse_ws/build/webcam' returned '0': PYTHONPATH=/home/yahboom/Desktop/S26_RobotProgramming_Iron/Lab4/chuang/roscourse_ws/build/webcam/prefix_override:/home/yahboom/Desktop/S26_RobotProgramming_Iron/Lab4/chuang/roscourse_ws/install/webcam/lib/python3.10/site-packages:${PYTHONPATH} /usr/bin/python3 -W ignore:setup.py install is deprecated setup.py develop --editable --build-directory /home/yahboom/Desktop/S26_RobotProgramming_Iron/Lab4/chuang/roscourse_ws/build/webcam/build --no-deps symlink_data
