[1.971s] Invoking command in '/home/yahboom/intro_ws/src/python_parameters': PYTHONPATH=/home/yahboom/intro_ws/build/python_parameters/prefix_override:/usr/lib/python3/dist-packages/colcon_core/task/python/colcon_distutils_commands:/home/yahboom/intro_ws/install/python_parameters/lib/python3.10/site-packages:${PYTHONPATH} /usr/bin/python3 -W ignore:setup.py install is deprecated -W ignore:easy_install command is deprecated setup.py egg_info --egg-base ../../build/python_parameters build --build-base /home/yahboom/intro_ws/build/python_parameters/build install --record /home/yahboom/intro_ws/build/python_parameters/install.log --single-version-externally-managed install_data
[2.757s] running egg_info
[2.759s] creating ../../build/python_parameters/python_parameters.egg-info
[2.759s] writing ../../build/python_parameters/python_parameters.egg-info/PKG-INFO
[2.760s] writing dependency_links to ../../build/python_parameters/python_parameters.egg-info/dependency_links.txt
[2.760s] writing entry points to ../../build/python_parameters/python_parameters.egg-info/entry_points.txt
[2.760s] writing requirements to ../../build/python_parameters/python_parameters.egg-info/requires.txt
[2.761s] writing top-level names to ../../build/python_parameters/python_parameters.egg-info/top_level.txt
[2.761s] writing manifest file '../../build/python_parameters/python_parameters.egg-info/SOURCES.txt'
[2.764s] reading manifest file '../../build/python_parameters/python_parameters.egg-info/SOURCES.txt'
[2.766s] writing manifest file '../../build/python_parameters/python_parameters.egg-info/SOURCES.txt'
[2.767s] running build
[2.767s] running build_py
[2.768s] creating /home/yahboom/intro_ws/build/python_parameters/build
[2.768s] creating /home/yahboom/intro_ws/build/python_parameters/build/lib
[2.768s] creating /home/yahboom/intro_ws/build/python_parameters/build/lib/python_parameters
[2.769s] copying python_parameters/__init__.py -> /home/yahboom/intro_ws/build/python_parameters/build/lib/python_parameters
[2.769s] copying python_parameters/python_parameters_node.py -> /home/yahboom/intro_ws/build/python_parameters/build/lib/python_parameters
[2.769s] running install
[2.769s] running install_lib
[2.771s] creating /home/yahboom/intro_ws/install/python_parameters/lib/python3.10/site-packages/python_parameters
[2.771s] copying /home/yahboom/intro_ws/build/python_parameters/build/lib/python_parameters/__init__.py -> /home/yahboom/intro_ws/install/python_parameters/lib/python3.10/site-packages/python_parameters
[2.772s] copying /home/yahboom/intro_ws/build/python_parameters/build/lib/python_parameters/python_parameters_node.py -> /home/yahboom/intro_ws/install/python_parameters/lib/python3.10/site-packages/python_parameters
[2.773s] byte-compiling /home/yahboom/intro_ws/install/python_parameters/lib/python3.10/site-packages/python_parameters/__init__.py to __init__.cpython-310.pyc
[2.774s] byte-compiling /home/yahboom/intro_ws/install/python_parameters/lib/python3.10/site-packages/python_parameters/python_parameters_node.py to python_parameters_node.cpython-310.pyc
[2.775s] running install_data
[2.775s] creating /home/yahboom/intro_ws/install/python_parameters/share/ament_index
[2.776s] creating /home/yahboom/intro_ws/install/python_parameters/share/ament_index/resource_index
[2.776s] creating /home/yahboom/intro_ws/install/python_parameters/share/ament_index/resource_index/packages
[2.776s] copying resource/python_parameters -> /home/yahboom/intro_ws/install/python_parameters/share/ament_index/resource_index/packages
[2.776s] copying package.xml -> /home/yahboom/intro_ws/install/python_parameters/share/python_parameters
[2.776s] creating /home/yahboom/intro_ws/install/python_parameters/share/python_parameters/launch
[2.776s] copying launch/run_multi_launch.py -> /home/yahboom/intro_ws/install/python_parameters/share/python_parameters/launch
[2.776s] running install_egg_info
[2.782s] Copying ../../build/python_parameters/python_parameters.egg-info to /home/yahboom/intro_ws/install/python_parameters/lib/python3.10/site-packages/python_parameters-0.0.0-py3.10.egg-info
[2.784s] running install_scripts
[2.840s] Installing minimal_param_node script to /home/yahboom/intro_ws/install/python_parameters/lib/python_parameters
[2.841s] writing list of installed files to '/home/yahboom/intro_ws/build/python_parameters/install.log'
[2.895s] Invoked command in '/home/yahboom/intro_ws/src/python_parameters' returned '0': PYTHONPATH=/home/yahboom/intro_ws/build/python_parameters/prefix_override:/usr/lib/python3/dist-packages/colcon_core/task/python/colcon_distutils_commands:/home/yahboom/intro_ws/install/python_parameters/lib/python3.10/site-packages:${PYTHONPATH} /usr/bin/python3 -W ignore:setup.py install is deprecated -W ignore:easy_install command is deprecated setup.py egg_info --egg-base ../../build/python_parameters build --build-base /home/yahboom/intro_ws/build/python_parameters/build install --record /home/yahboom/intro_ws/build/python_parameters/install.log --single-version-externally-managed install_data
