[0.031s] Invoking command in '/home/yahboom/Desktop/S26_RobotProgramming_Iron/Lab3/chuang/roscourse_ws/build/turtle_interfaces': CMAKE_PREFIX_PATH=${CMAKE_PREFIX_PATH}:/home/yahboom/Desktop/S26_RobotProgramming_Iron/Lab3/chuang/roscourse_ws/install/webcam:/opt/ros/humble:/home/yahboom/cartoros2/install/yahboomcar_nav:/home/yahboom/cartoros2/install/yahboomcar_ctrl:/home/yahboom/cartoros2/install/yahboom_visual:/home/yahboom/cartoros2/install/yahboom_dog_joint_state:/home/yahboom/cartoros2/install/yahboom_description:/home/yahboom/cartoros2/install/yahboom_color_identify_server:/home/yahboom/cartoros2/install/yahboom_bringup:/home/yahboom/cartoros2/install/yahboom_base:/home/yahboom/cartoros2/install/yahboom_app_save_map:/home/yahboom/cartoros2/install/update_map:/home/yahboom/cartoros2/install/rosboard:/home/yahboom/cartoros2/install/path_planner_server:/home/yahboom/cartoros2/install/nav2_simple_commander:/home/yahboom/cartoros2/install/nav2_gazebo_spawner:/home/yahboom/cartoros2/install/localization_server:/home/yahboom/cartoros2/install/laserscan_to_point_pulisher:/home/yahboom/yahboomcar_ws/install/yahboom_dog_example /usr/bin/cmake /home/yahboom/Desktop/S26_RobotProgramming_Iron/Lab3/chuang/roscourse_ws/src/turtle_interfaces -DCMAKE_INSTALL_PREFIX=/home/yahboom/Desktop/S26_RobotProgramming_Iron/Lab3/chuang/roscourse_ws/install/turtle_interfaces
[0.286s] -- The C compiler identification is GNU 11.4.0
[0.447s] -- The CXX compiler identification is GNU 11.4.0
[0.463s] -- Detecting C compiler ABI info
[0.590s] -- Detecting C compiler ABI info - done
[0.595s] -- Check for working C compiler: /usr/bin/cc - skipped
[0.597s] -- Detecting C compile features
[0.598s] -- Detecting C compile features - done
[0.602s] -- Detecting CXX compiler ABI info
[0.756s] -- Detecting CXX compiler ABI info - done
[0.761s] -- Check for working CXX compiler: /usr/bin/c++ - skipped
[0.761s] -- Detecting CXX compile features
[0.762s] -- Detecting CXX compile features - done
[0.798s] -- Found ament_cmake: 1.3.8 (/opt/ros/humble/share/ament_cmake/cmake)
[1.083s] -- Found Python3: /usr/bin/python3 (found version "3.10.12") found components: Interpreter 
[1.425s] -- Found ament_lint_auto: 0.12.10 (/opt/ros/humble/share/ament_lint_auto/cmake)
[1.618s] -- Found geometry_msgs: 4.2.3 (/opt/ros/humble/share/geometry_msgs/cmake)
[1.795s] -- Found rosidl_generator_c: 3.1.5 (/opt/ros/humble/share/rosidl_generator_c/cmake)
[1.825s] -- Found rosidl_adapter: 3.1.5 (/opt/ros/humble/share/rosidl_adapter/cmake)
[1.862s] -- Found rosidl_generator_cpp: 3.1.5 (/opt/ros/humble/share/rosidl_generator_cpp/cmake)
[1.912s] -- Using all available rosidl_typesupport_c: rosidl_typesupport_fastrtps_c;rosidl_typesupport_introspection_c
[1.975s] -- Using all available rosidl_typesupport_cpp: rosidl_typesupport_fastrtps_cpp;rosidl_typesupport_introspection_cpp
[2.133s] -- Found rosidl_default_generators: 1.2.0 (/opt/ros/humble/share/rosidl_default_generators/cmake)
[2.461s] -- Found ament_cmake_ros: 0.10.0 (/opt/ros/humble/share/ament_cmake_ros/cmake)
[2.987s] -- Using all available rosidl_typesupport_c: rosidl_typesupport_fastrtps_c;rosidl_typesupport_introspection_c
[3.181s] -- Using all available rosidl_typesupport_cpp: rosidl_typesupport_fastrtps_cpp;rosidl_typesupport_introspection_cpp
[3.215s] -- Found PythonInterp: /usr/bin/python3 (found suitable version "3.10.12", minimum required is "3.6") 
[3.228s] -- Found python_cmake_module: 0.10.0 (/opt/ros/humble/share/python_cmake_module/cmake)
[3.289s] -- Found PythonLibs: /usr/lib/x86_64-linux-gnu/libpython3.10.so (found suitable version "3.10.12", minimum required is "3.5") 
[3.289s] -- Using PYTHON_EXECUTABLE: /usr/bin/python3
[3.289s] -- Using PYTHON_INCLUDE_DIRS: /usr/include/python3.10
[3.289s] -- Using PYTHON_LIBRARIES: /usr/lib/x86_64-linux-gnu/libpython3.10.so
[3.321s] -- Found PythonExtra: .so  
[3.414s] -- Added test 'lint_cmake' to check CMake code style
[3.420s] -- Added test 'xmllint' to check XML markup files
[3.436s] -- Configuring done
[3.486s] -- Generating done
[3.490s] -- Build files have been written to: /home/yahboom/Desktop/S26_RobotProgramming_Iron/Lab3/chuang/roscourse_ws/build/turtle_interfaces
[3.511s] Invoked command in '/home/yahboom/Desktop/S26_RobotProgramming_Iron/Lab3/chuang/roscourse_ws/build/turtle_interfaces' returned '0': CMAKE_PREFIX_PATH=${CMAKE_PREFIX_PATH}:/home/yahboom/Desktop/S26_RobotProgramming_Iron/Lab3/chuang/roscourse_ws/install/webcam:/opt/ros/humble:/home/yahboom/cartoros2/install/yahboomcar_nav:/home/yahboom/cartoros2/install/yahboomcar_ctrl:/home/yahboom/cartoros2/install/yahboom_visual:/home/yahboom/cartoros2/install/yahboom_dog_joint_state:/home/yahboom/cartoros2/install/yahboom_description:/home/yahboom/cartoros2/install/yahboom_color_identify_server:/home/yahboom/cartoros2/install/yahboom_bringup:/home/yahboom/cartoros2/install/yahboom_base:/home/yahboom/cartoros2/install/yahboom_app_save_map:/home/yahboom/cartoros2/install/update_map:/home/yahboom/cartoros2/install/rosboard:/home/yahboom/cartoros2/install/path_planner_server:/home/yahboom/cartoros2/install/nav2_simple_commander:/home/yahboom/cartoros2/install/nav2_gazebo_spawner:/home/yahboom/cartoros2/install/localization_server:/home/yahboom/cartoros2/install/laserscan_to_point_pulisher:/home/yahboom/yahboomcar_ws/install/yahboom_dog_example /usr/bin/cmake /home/yahboom/Desktop/S26_RobotProgramming_Iron/Lab3/chuang/roscourse_ws/src/turtle_interfaces -DCMAKE_INSTALL_PREFIX=/home/yahboom/Desktop/S26_RobotProgramming_Iron/Lab3/chuang/roscourse_ws/install/turtle_interfaces
[3.513s] Invoking command in '/home/yahboom/Desktop/S26_RobotProgramming_Iron/Lab3/chuang/roscourse_ws/build/turtle_interfaces': CMAKE_PREFIX_PATH=${CMAKE_PREFIX_PATH}:/home/yahboom/Desktop/S26_RobotProgramming_Iron/Lab3/chuang/roscourse_ws/install/webcam:/opt/ros/humble:/home/yahboom/cartoros2/install/yahboomcar_nav:/home/yahboom/cartoros2/install/yahboomcar_ctrl:/home/yahboom/cartoros2/install/yahboom_visual:/home/yahboom/cartoros2/install/yahboom_dog_joint_state:/home/yahboom/cartoros2/install/yahboom_description:/home/yahboom/cartoros2/install/yahboom_color_identify_server:/home/yahboom/cartoros2/install/yahboom_bringup:/home/yahboom/cartoros2/install/yahboom_base:/home/yahboom/cartoros2/install/yahboom_app_save_map:/home/yahboom/cartoros2/install/update_map:/home/yahboom/cartoros2/install/rosboard:/home/yahboom/cartoros2/install/path_planner_server:/home/yahboom/cartoros2/install/nav2_simple_commander:/home/yahboom/cartoros2/install/nav2_gazebo_spawner:/home/yahboom/cartoros2/install/localization_server:/home/yahboom/cartoros2/install/laserscan_to_point_pulisher:/home/yahboom/yahboomcar_ws/install/yahboom_dog_example /usr/bin/cmake --build /home/yahboom/Desktop/S26_RobotProgramming_Iron/Lab3/chuang/roscourse_ws/build/turtle_interfaces -- -j4 -l4
[3.594s] [  2%] [34m[1mGenerating C code for ROS interfaces[0m
[3.620s] [  4%] [34m[1mGenerating C++ code for ROS interfaces[0m
[3.634s] [  4%] Built target ament_cmake_python_copy_turtle_interfaces
[3.947s] running egg_info
[3.947s] creating turtle_interfaces.egg-info
[3.947s] writing turtle_interfaces.egg-info/PKG-INFO
[3.947s] writing dependency_links to turtle_interfaces.egg-info/dependency_links.txt
[3.947s] writing top-level names to turtle_interfaces.egg-info/top_level.txt
[3.948s] writing manifest file 'turtle_interfaces.egg-info/SOURCES.txt'
[3.950s] reading manifest file 'turtle_interfaces.egg-info/SOURCES.txt'
[3.953s] writing manifest file 'turtle_interfaces.egg-info/SOURCES.txt'
[3.994s] [  4%] Built target ament_cmake_python_build_turtle_interfaces_egg
[4.059s] [  4%] Built target turtle_interfaces__cpp
[4.094s] [  6%] [34m[1mGenerating C++ type support for eProsima Fast-RTPS[0m
[4.101s] [  8%] [34m[1mGenerating C++ introspection for ROS interfaces[0m
[4.102s] [ 10%] [34m[1mGenerating C++ type support dispatch for ROS interfaces[0m
[4.132s] [ 12%] [32mBuilding C object CMakeFiles/turtle_interfaces__rosidl_generator_c.dir/rosidl_generator_c/turtle_interfaces/msg/detail/turtle_msg__functions.c.o[0m
[4.151s] In file included from [01m[K/home/yahboom/Desktop/S26_RobotProgramming_Iron/Lab3/chuang/roscourse_ws/build/turtle_interfaces/rosidl_generator_c/turtle_interfaces/msg/detail/turtle_msg__functions.c:4[m[K:
[4.152s] [01m[K/home/yahboom/Desktop/S26_RobotProgramming_Iron/Lab3/chuang/roscourse_ws/build/turtle_interfaces/rosidl_generator_c/turtle_interfaces/msg/detail/turtle_msg__functions.h:14:10:[m[K [01;31m[Kfatal error: [m[Kstdlib.h: No such file or directory
[4.152s]    14 | #include [01;31m[K<stdlib.h>[m[K
[4.152s]       |          [01;31m[K^~~~~~~~~~[m[K
[4.152s] compilation terminated.
[4.153s] gmake[2]: *** [CMakeFiles/turtle_interfaces__rosidl_generator_c.dir/build.make:196: CMakeFiles/turtle_interfaces__rosidl_generator_c.dir/rosidl_generator_c/turtle_interfaces/msg/detail/turtle_msg__functions.c.o] Error 1
[4.153s] gmake[1]: *** [CMakeFiles/Makefile2:213: CMakeFiles/turtle_interfaces__rosidl_generator_c.dir/all] Error 2
[4.153s] gmake[1]: *** Waiting for unfinished jobs....
[4.450s] [ 17%] [32mBuilding CXX object CMakeFiles/turtle_interfaces__rosidl_typesupport_cpp.dir/rosidl_typesupport_cpp/turtle_interfaces/msg/turtle_msg__type_support.cpp.o[0m
[4.450s] [ 17%] [32mBuilding CXX object CMakeFiles/turtle_interfaces__rosidl_typesupport_cpp.dir/rosidl_typesupport_cpp/turtle_interfaces/srv/set_pose__type_support.cpp.o[0m
[4.472s] In file included from [01m[K/usr/include/x86_64-linux-gnu/c++/11/bits/c++config.h:586[m[K,
[4.472s]                  from [01m[K/usr/include/c++/11/cstddef:49[m[K,
[4.472s]                  from [01m[K/home/yahboom/Desktop/S26_RobotProgramming_Iron/Lab3/chuang/roscourse_ws/build/turtle_interfaces/rosidl_typesupport_cpp/turtle_interfaces/srv/set_pose__type_support.cpp:5[m[K:
[4.473s] [01m[K/usr/include/x86_64-linux-gnu/c++/11/bits/os_defines.h:39:10:[m[K [01;31m[Kfatal error: [m[Kfeatures.h: No such file or directory
[4.473s]    39 | #include [01;31m[K<features.h>[m[K
[4.473s]       |          [01;31m[K^~~~~~~~~~~~[m[K
[4.473s] compilation terminated.
[4.473s] In file included from [01m[K/usr/include/x86_64-linux-gnu/c++/11/bits/c++config.h:586[m[K,
[4.473s]                  from [01m[K/usr/include/c++/11/cstddef:49[m[K,
[4.473s]                  from [01m[K/home/yahboom/Desktop/S26_RobotProgramming_Iron/Lab3/chuang/roscourse_ws/build/turtle_interfaces/rosidl_typesupport_cpp/turtle_interfaces/msg/turtle_msg__type_support.cpp:5[m[K:
[4.473s] [01m[K/usr/include/x86_64-linux-gnu/c++/11/bits/os_defines.h:39:10:[m[K [01;31m[Kfatal error: [m[Kfeatures.h: No such file or directory
[4.473s]    39 | #include [01;31m[K<features.h>[m[K
[4.473s]       |          [01;31m[K^~~~~~~~~~~~[m[K
[4.473s] compilation terminated.
[4.473s] gmake[2]: *** [CMakeFiles/turtle_interfaces__rosidl_typesupport_cpp.dir/build.make:167: CMakeFiles/turtle_interfaces__rosidl_typesupport_cpp.dir/rosidl_typesupport_cpp/turtle_interfaces/srv/set_pose__type_support.cpp.o] Error 1
[4.473s] gmake[2]: *** Waiting for unfinished jobs....
[4.473s] gmake[2]: *** [CMakeFiles/turtle_interfaces__rosidl_typesupport_cpp.dir/build.make:153: CMakeFiles/turtle_interfaces__rosidl_typesupport_cpp.dir/rosidl_typesupport_cpp/turtle_interfaces/msg/turtle_msg__type_support.cpp.o] Error 1
[4.474s] gmake[1]: *** [CMakeFiles/Makefile2:395: CMakeFiles/turtle_interfaces__rosidl_typesupport_cpp.dir/all] Error 2
[4.534s] [ 23%] [32mBuilding CXX object CMakeFiles/turtle_interfaces__rosidl_typesupport_introspection_cpp.dir/rosidl_typesupport_introspection_cpp/turtle_interfaces/msg/detail/turtle_msg__type_support.cpp.o[0m
[4.534s] [ 23%] [32mBuilding CXX object CMakeFiles/turtle_interfaces__rosidl_typesupport_introspection_cpp.dir/rosidl_typesupport_introspection_cpp/turtle_interfaces/srv/detail/set_pose__type_support.cpp.o[0m
[4.534s] [ 23%] [32mBuilding CXX object CMakeFiles/turtle_interfaces__rosidl_typesupport_introspection_cpp.dir/rosidl_typesupport_introspection_cpp/turtle_interfaces/srv/detail/set_color__type_support.cpp.o[0m
[4.549s] In file included from [01m[K/usr/include/x86_64-linux-gnu/c++/11/bits/c++config.h:586[m[K,
[4.550s]                  from [01m[K/usr/include/c++/11/utility:68[m[K,
[4.550s]                  from [01m[K/usr/include/c++/11/array:38[m[K,
[4.550s]                  from [01m[K/home/yahboom/Desktop/S26_RobotProgramming_Iron/Lab3/chuang/roscourse_ws/build/turtle_interfaces/rosidl_typesupport_introspection_cpp/turtle_interfaces/srv/detail/set_pose__type_support.cpp:5[m[K:
[4.551s] [01m[K/usr/include/x86_64-linux-gnu/c++/11/bits/os_defines.h:39:10:[m[K [01;31m[Kfatal error: [m[Kfeatures.h: No such file or directory
[4.551s]    39 | #include [01;31m[K<features.h>[m[K
[4.551s]       |          [01;31m[K^~~~~~~~~~~~[m[K
[4.551s] compilation terminated.
[4.551s] In file included from [01m[K/usr/include/x86_64-linux-gnu/c++/11/bits/c++config.h:586[m[K,
[4.551s]                  from [01m[K/usr/include/c++/11/utility:68[m[K,
[4.551s]                  from [01m[K/usr/include/c++/11/array:38[m[K,
[4.551s]                  from [01m[K/home/yahboom/Desktop/S26_RobotProgramming_Iron/Lab3/chuang/roscourse_ws/build/turtle_interfaces/rosidl_typesupport_introspection_cpp/turtle_interfaces/msg/detail/turtle_msg__type_support.cpp:5[m[K:
[4.551s] [01m[K/usr/include/x86_64-linux-gnu/c++/11/bits/os_defines.h:39:10:[m[K [01;31m[Kfatal error: [m[Kfeatures.h: No such file or directory
[4.551s]    39 | #include [01;31m[K<features.h>[m[K
[4.551s]       |          [01;31m[K^~~~~~~~~~~~[m[K
[4.551s] In file included from [01m[K/usr/include/x86_64-linux-gnu/c++/11/bits/c++config.h:586[m[K,
[4.551s]                  from [01m[K/usr/include/c++/11/utility:68[m[K,
[4.551s]                  from [01m[K/usr/include/c++/11/array:38[m[K,
[4.551s]                  from [01m[K/home/yahboom/Desktop/S26_RobotProgramming_Iron/Lab3/chuang/roscourse_ws/build/turtle_interfaces/rosidl_typesupport_introspection_cpp/turtle_interfaces/srv/detail/set_color__type_support.cpp:5[m[K:
[4.551s] [01m[K/usr/include/x86_64-linux-gnu/c++/11/bits/os_defines.h:39:10:[m[K [01;31m[Kfatal error: [m[Kfeatures.h: No such file or directory
[4.551s]    39 | #include [01;31m[K<features.h>[m[K
[4.551s]       |          [01;31m[K^~~~~~~~~~~~[m[K
[4.551s] compilation terminated.
[4.552s] compilation terminated.
[4.552s] gmake[2]: *** [CMakeFiles/turtle_interfaces__rosidl_typesupport_introspection_cpp.dir/build.make:178: CMakeFiles/turtle_interfaces__rosidl_typesupport_introspection_cpp.dir/rosidl_typesupport_introspection_cpp/turtle_interfaces/srv/detail/set_pose__type_support.cpp.o] Error 1
[4.552s] gmake[2]: *** Waiting for unfinished jobs....
[4.552s] gmake[2]: *** [CMakeFiles/turtle_interfaces__rosidl_typesupport_introspection_cpp.dir/build.make:192: CMakeFiles/turtle_interfaces__rosidl_typesupport_introspection_cpp.dir/rosidl_typesupport_introspection_cpp/turtle_interfaces/srv/detail/set_color__type_support.cpp.o] Error 1
[4.552s] gmake[2]: *** [CMakeFiles/turtle_interfaces__rosidl_typesupport_introspection_cpp.dir/build.make:164: CMakeFiles/turtle_interfaces__rosidl_typesupport_introspection_cpp.dir/rosidl_typesupport_introspection_cpp/turtle_interfaces/msg/detail/turtle_msg__type_support.cpp.o] Error 1
[4.552s] gmake[1]: *** [CMakeFiles/Makefile2:369: CMakeFiles/turtle_interfaces__rosidl_typesupport_introspection_cpp.dir/all] Error 2
[4.552s] [ 25%] [32mBuilding CXX object CMakeFiles/turtle_interfaces__rosidl_typesupport_fastrtps_cpp.dir/rosidl_typesupport_fastrtps_cpp/turtle_interfaces/msg/detail/dds_fastrtps/turtle_msg__type_support.cpp.o[0m
[4.570s] [ 29%] [32mBuilding CXX object CMakeFiles/turtle_interfaces__rosidl_typesupport_fastrtps_cpp.dir/rosidl_typesupport_fastrtps_cpp/turtle_interfaces/srv/detail/dds_fastrtps/set_color__type_support.cpp.o[0m
[4.570s] In file included from [01m[K/usr/include/x86_64-linux-gnu/c++/11/bits/c++config.h:586[m[K,
[4.571s]                  from [01m[K/usr/include/c++/11/utility:68[m[K,
[4.571s]                  from [01m[K/usr/include/c++/11/algorithm:60[m[K,
[4.571s]                  from [01m[K/home/yahboom/Desktop/S26_RobotProgramming_Iron/Lab3/chuang/roscourse_ws/build/turtle_interfaces/rosidl_generator_cpp/turtle_interfaces/msg/detail/turtle_msg__struct.hpp:8[m[K,
[4.571s]                  from [01m[K/home/yahboom/Desktop/S26_RobotProgramming_Iron/Lab3/chuang/roscourse_ws/build/turtle_interfaces/rosidl_typesupport_fastrtps_cpp/turtle_interfaces/msg/detail/turtle_msg__rosidl_typesupport_fastrtps_cpp.hpp:11[m[K,
[4.571s]                  from [01m[K/home/yahboom/Desktop/S26_RobotProgramming_Iron/Lab3/chuang/roscourse_ws/build/turtle_interfaces/rosidl_typesupport_fastrtps_cpp/turtle_interfaces/msg/detail/dds_fastrtps/turtle_msg__type_support.cpp:4[m[K:
[4.571s] [01m[K/usr/include/x86_64-linux-gnu/c++/11/bits/os_defines.h:39:10:[m[K [01;31m[Kfatal error: [m[Kfeatures.h: No such file or directory
[4.571s]    39 | #include [01;31m[K<features.h>[m[K
[4.571s]       |          [01;31m[K^~~~~~~~~~~~[m[K
[4.571s] compilation terminated.
[4.571s] [ 29%] [32mBuilding CXX object CMakeFiles/turtle_interfaces__rosidl_typesupport_fastrtps_cpp.dir/rosidl_typesupport_fastrtps_cpp/turtle_interfaces/srv/detail/dds_fastrtps/set_pose__type_support.cpp.o[0m
[4.572s] gmake[2]: *** [CMakeFiles/turtle_interfaces__rosidl_typesupport_fastrtps_cpp.dir/build.make:164: CMakeFiles/turtle_interfaces__rosidl_typesupport_fastrtps_cpp.dir/rosidl_typesupport_fastrtps_cpp/turtle_interfaces/msg/detail/dds_fastrtps/turtle_msg__type_support.cpp.o] Error 1
[4.572s] gmake[2]: *** Waiting for unfinished jobs....
[4.584s] In file included from [01m[K/usr/include/x86_64-linux-gnu/c++/11/bits/c++config.h:586[m[K,
[4.584s]                  from [01m[K/usr/include/c++/11/utility:68[m[K,
[4.584s]                  from [01m[K/usr/include/c++/11/algorithm:60[m[K,
[4.584s]                  from [01m[K/home/yahboom/Desktop/S26_RobotProgramming_Iron/Lab3/chuang/roscourse_ws/build/turtle_interfaces/rosidl_generator_cpp/turtle_interfaces/srv/detail/set_color__struct.hpp:8[m[K,
[4.584s]                  from [01m[K/home/yahboom/Desktop/S26_RobotProgramming_Iron/Lab3/chuang/roscourse_ws/build/turtle_interfaces/rosidl_typesupport_fastrtps_cpp/turtle_interfaces/srv/detail/set_color__rosidl_typesupport_fastrtps_cpp.hpp:11[m[K,
[4.584s]                  from [01m[K/home/yahboom/Desktop/S26_RobotProgramming_Iron/Lab3/chuang/roscourse_ws/build/turtle_interfaces/rosidl_typesupport_fastrtps_cpp/turtle_interfaces/srv/detail/dds_fastrtps/set_color__type_support.cpp:4[m[K:
[4.584s] [01m[K/usr/include/x86_64-linux-gnu/c++/11/bits/os_defines.h:39:10:[m[K [01;31m[Kfatal error: [m[Kfeatures.h: No such file or directory
[4.585s]    39 | #include [01;31m[K<features.h>[m[K
[4.585s]       |          [01;31m[K^~~~~~~~~~~~[m[K
[4.585s] In file included from [01m[K/usr/include/x86_64-linux-gnu/c++/11/bits/c++config.h:586[m[K,
[4.585s]                  from [01m[K/usr/include/c++/11/utility:68[m[K,
[4.585s]                  from [01m[K/usr/include/c++/11/algorithm:60[m[K,
[4.585s]                  from [01m[K/home/yahboom/Desktop/S26_RobotProgramming_Iron/Lab3/chuang/roscourse_ws/build/turtle_interfaces/rosidl_generator_cpp/turtle_interfaces/srv/detail/set_pose__struct.hpp:8[m[K,
[4.585s]                  from [01m[K/home/yahboom/Desktop/S26_RobotProgramming_Iron/Lab3/chuang/roscourse_ws/build/turtle_interfaces/rosidl_typesupport_fastrtps_cpp/turtle_interfaces/srv/detail/set_pose__rosidl_typesupport_fastrtps_cpp.hpp:11[m[K,
[4.585s]                  from [01m[K/home/yahboom/Desktop/S26_RobotProgramming_Iron/Lab3/chuang/roscourse_ws/build/turtle_interfaces/rosidl_typesupport_fastrtps_cpp/turtle_interfaces/srv/detail/dds_fastrtps/set_pose__type_support.cpp:4[m[K:
[4.585s] [01m[K/usr/include/x86_64-linux-gnu/c++/11/bits/os_defines.h:39:10:[m[K [01;31m[Kfatal error: [m[Kfeatures.h: No such file or directory
[4.585s]    39 | #include [01;31m[K<features.h>[m[K
[4.585s]       |          [01;31m[K^~~~~~~~~~~~[m[K
[4.585s] compilation terminated.
[4.585s] compilation terminated.
[4.586s] gmake[2]: *** [CMakeFiles/turtle_interfaces__rosidl_typesupport_fastrtps_cpp.dir/build.make:178: CMakeFiles/turtle_interfaces__rosidl_typesupport_fastrtps_cpp.dir/rosidl_typesupport_fastrtps_cpp/turtle_interfaces/srv/detail/dds_fastrtps/set_pose__type_support.cpp.o] Error 1
[4.586s] gmake[2]: *** [CMakeFiles/turtle_interfaces__rosidl_typesupport_fastrtps_cpp.dir/build.make:192: CMakeFiles/turtle_interfaces__rosidl_typesupport_fastrtps_cpp.dir/rosidl_typesupport_fastrtps_cpp/turtle_interfaces/srv/detail/dds_fastrtps/set_color__type_support.cpp.o] Error 1
[4.586s] gmake[1]: *** [CMakeFiles/Makefile2:291: CMakeFiles/turtle_interfaces__rosidl_typesupport_fastrtps_cpp.dir/all] Error 2
[4.586s] gmake: *** [Makefile:146: all] Error 2
[4.590s] Invoked command in '/home/yahboom/Desktop/S26_RobotProgramming_Iron/Lab3/chuang/roscourse_ws/build/turtle_interfaces' returned '2': CMAKE_PREFIX_PATH=${CMAKE_PREFIX_PATH}:/home/yahboom/Desktop/S26_RobotProgramming_Iron/Lab3/chuang/roscourse_ws/install/webcam:/opt/ros/humble:/home/yahboom/cartoros2/install/yahboomcar_nav:/home/yahboom/cartoros2/install/yahboomcar_ctrl:/home/yahboom/cartoros2/install/yahboom_visual:/home/yahboom/cartoros2/install/yahboom_dog_joint_state:/home/yahboom/cartoros2/install/yahboom_description:/home/yahboom/cartoros2/install/yahboom_color_identify_server:/home/yahboom/cartoros2/install/yahboom_bringup:/home/yahboom/cartoros2/install/yahboom_base:/home/yahboom/cartoros2/install/yahboom_app_save_map:/home/yahboom/cartoros2/install/update_map:/home/yahboom/cartoros2/install/rosboard:/home/yahboom/cartoros2/install/path_planner_server:/home/yahboom/cartoros2/install/nav2_simple_commander:/home/yahboom/cartoros2/install/nav2_gazebo_spawner:/home/yahboom/cartoros2/install/localization_server:/home/yahboom/cartoros2/install/laserscan_to_point_pulisher:/home/yahboom/yahboomcar_ws/install/yahboom_dog_example /usr/bin/cmake --build /home/yahboom/Desktop/S26_RobotProgramming_Iron/Lab3/chuang/roscourse_ws/build/turtle_interfaces -- -j4 -l4
