[0.081s] DEBUG:colcon:Command line arguments: ['/usr/bin/colcon', 'build', '--packages-select', 'intro_interfaces']
[0.081s] DEBUG:colcon:Parsed command line arguments: Namespace(log_base=None, log_level=None, verb_name='build', build_base='build', install_base='install', merge_install=False, symlink_install=False, test_result_base=None, continue_on_error=False, executor='parallel', parallel_workers=4, event_handlers=None, ignore_user_meta=False, metas=['./colcon.meta'], base_paths=['.'], packages_ignore=None, packages_ignore_regex=None, paths=None, packages_up_to=None, packages_up_to_regex=None, packages_above=None, packages_above_and_dependencies=None, packages_above_depth=None, packages_select_by_dep=None, packages_skip_by_dep=None, packages_skip_up_to=None, packages_select_build_failed=False, packages_skip_build_finished=False, packages_select_test_failures=False, packages_skip_test_passed=False, packages_select=['intro_interfaces'], packages_skip=None, packages_select_regex=None, packages_skip_regex=None, packages_start=None, packages_end=None, allow_overriding=[], cmake_args=None, cmake_target=None, cmake_target_skip_unavailable=False, cmake_clean_cache=False, cmake_clean_first=False, cmake_force_configure=False, ament_cmake_args=None, catkin_cmake_args=None, catkin_skip_building_tests=False, mixin_files=None, mixin=None, verb_parser=<colcon_mixin.mixin.mixin_argument.MixinArgumentDecorator object at 0x707a213b1bd0>, verb_extension=<colcon_core.verb.build.BuildVerb object at 0x707a214b71f0>, main=<bound method BuildVerb.main of <colcon_core.verb.build.BuildVerb object at 0x707a214b71f0>>, mixin_verb=('build',))
[0.203s] Level 1:colcon.colcon_core.package_discovery:discover_packages(colcon_meta) check parameters
[0.203s] Level 1:colcon.colcon_core.package_discovery:discover_packages(recursive) check parameters
[0.203s] Level 1:colcon.colcon_core.package_discovery:discover_packages(ignore) check parameters
[0.203s] Level 1:colcon.colcon_core.package_discovery:discover_packages(path) check parameters
[0.203s] Level 1:colcon.colcon_core.package_discovery:discover_packages(colcon_meta) discover
[0.203s] Level 1:colcon.colcon_core.package_discovery:discover_packages(recursive) discover
[0.203s] INFO:colcon.colcon_core.package_discovery:Crawling recursively for packages in '/home/yahboom/intro_ws/build/intro_interfaces'
[0.203s] Level 1:colcon.colcon_core.package_identification:_identify(.) by extensions ['ignore', 'ignore_ament_install']
[0.204s] Level 1:colcon.colcon_core.package_identification:_identify(.) by extension 'ignore'
[0.204s] Level 1:colcon.colcon_core.package_identification:_identify(.) by extension 'ignore_ament_install'
[0.204s] Level 1:colcon.colcon_core.package_identification:_identify(.) by extensions ['colcon_pkg']
[0.204s] Level 1:colcon.colcon_core.package_identification:_identify(.) by extension 'colcon_pkg'
[0.204s] Level 1:colcon.colcon_core.package_identification:_identify(.) by extensions ['colcon_meta']
[0.204s] Level 1:colcon.colcon_core.package_identification:_identify(.) by extension 'colcon_meta'
[0.204s] Level 1:colcon.colcon_core.package_identification:_identify(.) by extensions ['ros']
[0.204s] Level 1:colcon.colcon_core.package_identification:_identify(.) by extension 'ros'
[0.215s] Level 1:colcon.colcon_core.package_identification:_identify(.) by extensions ['cmake', 'python']
[0.215s] Level 1:colcon.colcon_core.package_identification:_identify(.) by extension 'cmake'
[0.215s] Level 1:colcon.colcon_core.package_identification:_identify(.) by extension 'python'
[0.215s] Level 1:colcon.colcon_core.package_identification:_identify(.) by extensions ['python_setup_py']
[0.215s] Level 1:colcon.colcon_core.package_identification:_identify(.) by extension 'python_setup_py'
[0.215s] Level 1:colcon.colcon_core.package_identification:_identify(CMakeFiles) by extensions ['ignore', 'ignore_ament_install']
[0.215s] Level 1:colcon.colcon_core.package_identification:_identify(CMakeFiles) by extension 'ignore'
[0.215s] Level 1:colcon.colcon_core.package_identification:_identify(CMakeFiles) by extension 'ignore_ament_install'
[0.215s] Level 1:colcon.colcon_core.package_identification:_identify(CMakeFiles) by extensions ['colcon_pkg']
[0.215s] Level 1:colcon.colcon_core.package_identification:_identify(CMakeFiles) by extension 'colcon_pkg'
[0.215s] Level 1:colcon.colcon_core.package_identification:_identify(CMakeFiles) by extensions ['colcon_meta']
[0.215s] Level 1:colcon.colcon_core.package_identification:_identify(CMakeFiles) by extension 'colcon_meta'
[0.215s] Level 1:colcon.colcon_core.package_identification:_identify(CMakeFiles) by extensions ['ros']
[0.215s] Level 1:colcon.colcon_core.package_identification:_identify(CMakeFiles) by extension 'ros'
[0.215s] Level 1:colcon.colcon_core.package_identification:_identify(CMakeFiles) by extensions ['cmake', 'python']
[0.215s] Level 1:colcon.colcon_core.package_identification:_identify(CMakeFiles) by extension 'cmake'
[0.215s] Level 1:colcon.colcon_core.package_identification:_identify(CMakeFiles) by extension 'python'
[0.215s] Level 1:colcon.colcon_core.package_identification:_identify(CMakeFiles) by extensions ['python_setup_py']
[0.215s] Level 1:colcon.colcon_core.package_identification:_identify(CMakeFiles) by extension 'python_setup_py'
[0.215s] Level 1:colcon.colcon_core.package_identification:_identify(CMakeFiles/3.22.1) by extensions ['ignore', 'ignore_ament_install']
[0.215s] Level 1:colcon.colcon_core.package_identification:_identify(CMakeFiles/3.22.1) by extension 'ignore'
[0.215s] Level 1:colcon.colcon_core.package_identification:_identify(CMakeFiles/3.22.1) by extension 'ignore_ament_install'
[0.215s] Level 1:colcon.colcon_core.package_identification:_identify(CMakeFiles/3.22.1) by extensions ['colcon_pkg']
[0.215s] Level 1:colcon.colcon_core.package_identification:_identify(CMakeFiles/3.22.1) by extension 'colcon_pkg'
[0.215s] Level 1:colcon.colcon_core.package_identification:_identify(CMakeFiles/3.22.1) by extensions ['colcon_meta']
[0.215s] Level 1:colcon.colcon_core.package_identification:_identify(CMakeFiles/3.22.1) by extension 'colcon_meta'
[0.215s] Level 1:colcon.colcon_core.package_identification:_identify(CMakeFiles/3.22.1) by extensions ['ros']
[0.215s] Level 1:colcon.colcon_core.package_identification:_identify(CMakeFiles/3.22.1) by extension 'ros'
[0.215s] Level 1:colcon.colcon_core.package_identification:_identify(CMakeFiles/3.22.1) by extensions ['cmake', 'python']
[0.216s] Level 1:colcon.colcon_core.package_identification:_identify(CMakeFiles/3.22.1) by extension 'cmake'
[0.216s] Level 1:colcon.colcon_core.package_identification:_identify(CMakeFiles/3.22.1) by extension 'python'
[0.216s] Level 1:colcon.colcon_core.package_identification:_identify(CMakeFiles/3.22.1) by extensions ['python_setup_py']
[0.216s] Level 1:colcon.colcon_core.package_identification:_identify(CMakeFiles/3.22.1) by extension 'python_setup_py'
[0.216s] Level 1:colcon.colcon_core.package_identification:_identify(CMakeFiles/3.22.1/CompilerIdC) by extensions ['ignore', 'ignore_ament_install']
[0.216s] Level 1:colcon.colcon_core.package_identification:_identify(CMakeFiles/3.22.1/CompilerIdC) by extension 'ignore'
[0.216s] Level 1:colcon.colcon_core.package_identification:_identify(CMakeFiles/3.22.1/CompilerIdC) by extension 'ignore_ament_install'
[0.216s] Level 1:colcon.colcon_core.package_identification:_identify(CMakeFiles/3.22.1/CompilerIdC) by extensions ['colcon_pkg']
[0.216s] Level 1:colcon.colcon_core.package_identification:_identify(CMakeFiles/3.22.1/CompilerIdC) by extension 'colcon_pkg'
[0.216s] Level 1:colcon.colcon_core.package_identification:_identify(CMakeFiles/3.22.1/CompilerIdC) by extensions ['colcon_meta']
[0.216s] Level 1:colcon.colcon_core.package_identification:_identify(CMakeFiles/3.22.1/CompilerIdC) by extension 'colcon_meta'
[0.216s] Level 1:colcon.colcon_core.package_identification:_identify(CMakeFiles/3.22.1/CompilerIdC) by extensions ['ros']
[0.216s] Level 1:colcon.colcon_core.package_identification:_identify(CMakeFiles/3.22.1/CompilerIdC) by extension 'ros'
[0.216s] Level 1:colcon.colcon_core.package_identification:_identify(CMakeFiles/3.22.1/CompilerIdC) by extensions ['cmake', 'python']
[0.216s] Level 1:colcon.colcon_core.package_identification:_identify(CMakeFiles/3.22.1/CompilerIdC) by extension 'cmake'
[0.216s] Level 1:colcon.colcon_core.package_identification:_identify(CMakeFiles/3.22.1/CompilerIdC) by extension 'python'
[0.216s] Level 1:colcon.colcon_core.package_identification:_identify(CMakeFiles/3.22.1/CompilerIdC) by extensions ['python_setup_py']
[0.216s] Level 1:colcon.colcon_core.package_identification:_identify(CMakeFiles/3.22.1/CompilerIdC) by extension 'python_setup_py'
[0.216s] Level 1:colcon.colcon_core.package_identification:_identify(CMakeFiles/3.22.1/CompilerIdC/tmp) by extensions ['ignore', 'ignore_ament_install']
[0.216s] Level 1:colcon.colcon_core.package_identification:_identify(CMakeFiles/3.22.1/CompilerIdC/tmp) by extension 'ignore'
[0.216s] Level 1:colcon.colcon_core.package_identification:_identify(CMakeFiles/3.22.1/CompilerIdC/tmp) by extension 'ignore_ament_install'
[0.216s] Level 1:colcon.colcon_core.package_identification:_identify(CMakeFiles/3.22.1/CompilerIdC/tmp) by extensions ['colcon_pkg']
[0.216s] Level 1:colcon.colcon_core.package_identification:_identify(CMakeFiles/3.22.1/CompilerIdC/tmp) by extension 'colcon_pkg'
[0.216s] Level 1:colcon.colcon_core.package_identification:_identify(CMakeFiles/3.22.1/CompilerIdC/tmp) by extensions ['colcon_meta']
[0.216s] Level 1:colcon.colcon_core.package_identification:_identify(CMakeFiles/3.22.1/CompilerIdC/tmp) by extension 'colcon_meta'
[0.216s] Level 1:colcon.colcon_core.package_identification:_identify(CMakeFiles/3.22.1/CompilerIdC/tmp) by extensions ['ros']
[0.216s] Level 1:colcon.colcon_core.package_identification:_identify(CMakeFiles/3.22.1/CompilerIdC/tmp) by extension 'ros'
[0.216s] Level 1:colcon.colcon_core.package_identification:_identify(CMakeFiles/3.22.1/CompilerIdC/tmp) by extensions ['cmake', 'python']
[0.216s] Level 1:colcon.colcon_core.package_identification:_identify(CMakeFiles/3.22.1/CompilerIdC/tmp) by extension 'cmake'
[0.216s] Level 1:colcon.colcon_core.package_identification:_identify(CMakeFiles/3.22.1/CompilerIdC/tmp) by extension 'python'
[0.216s] Level 1:colcon.colcon_core.package_identification:_identify(CMakeFiles/3.22.1/CompilerIdC/tmp) by extensions ['python_setup_py']
[0.216s] Level 1:colcon.colcon_core.package_identification:_identify(CMakeFiles/3.22.1/CompilerIdC/tmp) by extension 'python_setup_py'
[0.216s] Level 1:colcon.colcon_core.package_identification:_identify(CMakeFiles/3.22.1/CompilerIdCXX) by extensions ['ignore', 'ignore_ament_install']
[0.216s] Level 1:colcon.colcon_core.package_identification:_identify(CMakeFiles/3.22.1/CompilerIdCXX) by extension 'ignore'
[0.216s] Level 1:colcon.colcon_core.package_identification:_identify(CMakeFiles/3.22.1/CompilerIdCXX) by extension 'ignore_ament_install'
[0.216s] Level 1:colcon.colcon_core.package_identification:_identify(CMakeFiles/3.22.1/CompilerIdCXX) by extensions ['colcon_pkg']
[0.216s] Level 1:colcon.colcon_core.package_identification:_identify(CMakeFiles/3.22.1/CompilerIdCXX) by extension 'colcon_pkg'
[0.217s] Level 1:colcon.colcon_core.package_identification:_identify(CMakeFiles/3.22.1/CompilerIdCXX) by extensions ['colcon_meta']
[0.217s] Level 1:colcon.colcon_core.package_identification:_identify(CMakeFiles/3.22.1/CompilerIdCXX) by extension 'colcon_meta'
[0.217s] Level 1:colcon.colcon_core.package_identification:_identify(CMakeFiles/3.22.1/CompilerIdCXX) by extensions ['ros']
[0.217s] Level 1:colcon.colcon_core.package_identification:_identify(CMakeFiles/3.22.1/CompilerIdCXX) by extension 'ros'
[0.217s] Level 1:colcon.colcon_core.package_identification:_identify(CMakeFiles/3.22.1/CompilerIdCXX) by extensions ['cmake', 'python']
[0.217s] Level 1:colcon.colcon_core.package_identification:_identify(CMakeFiles/3.22.1/CompilerIdCXX) by extension 'cmake'
[0.217s] Level 1:colcon.colcon_core.package_identification:_identify(CMakeFiles/3.22.1/CompilerIdCXX) by extension 'python'
[0.217s] Level 1:colcon.colcon_core.package_identification:_identify(CMakeFiles/3.22.1/CompilerIdCXX) by extensions ['python_setup_py']
[0.217s] Level 1:colcon.colcon_core.package_identification:_identify(CMakeFiles/3.22.1/CompilerIdCXX) by extension 'python_setup_py'
[0.217s] Level 1:colcon.colcon_core.package_identification:_identify(CMakeFiles/3.22.1/CompilerIdCXX/tmp) by extensions ['ignore', 'ignore_ament_install']
[0.217s] Level 1:colcon.colcon_core.package_identification:_identify(CMakeFiles/3.22.1/CompilerIdCXX/tmp) by extension 'ignore'
[0.217s] Level 1:colcon.colcon_core.package_identification:_identify(CMakeFiles/3.22.1/CompilerIdCXX/tmp) by extension 'ignore_ament_install'
[0.217s] Level 1:colcon.colcon_core.package_identification:_identify(CMakeFiles/3.22.1/CompilerIdCXX/tmp) by extensions ['colcon_pkg']
[0.217s] Level 1:colcon.colcon_core.package_identification:_identify(CMakeFiles/3.22.1/CompilerIdCXX/tmp) by extension 'colcon_pkg'
[0.217s] Level 1:colcon.colcon_core.package_identification:_identify(CMakeFiles/3.22.1/CompilerIdCXX/tmp) by extensions ['colcon_meta']
[0.217s] Level 1:colcon.colcon_core.package_identification:_identify(CMakeFiles/3.22.1/CompilerIdCXX/tmp) by extension 'colcon_meta'
[0.217s] Level 1:colcon.colcon_core.package_identification:_identify(CMakeFiles/3.22.1/CompilerIdCXX/tmp) by extensions ['ros']
[0.217s] Level 1:colcon.colcon_core.package_identification:_identify(CMakeFiles/3.22.1/CompilerIdCXX/tmp) by extension 'ros'
[0.217s] Level 1:colcon.colcon_core.package_identification:_identify(CMakeFiles/3.22.1/CompilerIdCXX/tmp) by extensions ['cmake', 'python']
[0.217s] Level 1:colcon.colcon_core.package_identification:_identify(CMakeFiles/3.22.1/CompilerIdCXX/tmp) by extension 'cmake'
[0.217s] Level 1:colcon.colcon_core.package_identification:_identify(CMakeFiles/3.22.1/CompilerIdCXX/tmp) by extension 'python'
[0.217s] Level 1:colcon.colcon_core.package_identification:_identify(CMakeFiles/3.22.1/CompilerIdCXX/tmp) by extensions ['python_setup_py']
[0.217s] Level 1:colcon.colcon_core.package_identification:_identify(CMakeFiles/3.22.1/CompilerIdCXX/tmp) by extension 'python_setup_py'
[0.217s] Level 1:colcon.colcon_core.package_identification:_identify(CMakeFiles/CMakeTmp) by extensions ['ignore', 'ignore_ament_install']
[0.217s] Level 1:colcon.colcon_core.package_identification:_identify(CMakeFiles/CMakeTmp) by extension 'ignore'
[0.217s] Level 1:colcon.colcon_core.package_identification:_identify(CMakeFiles/CMakeTmp) by extension 'ignore_ament_install'
[0.217s] Level 1:colcon.colcon_core.package_identification:_identify(CMakeFiles/CMakeTmp) by extensions ['colcon_pkg']
[0.217s] Level 1:colcon.colcon_core.package_identification:_identify(CMakeFiles/CMakeTmp) by extension 'colcon_pkg'
[0.217s] Level 1:colcon.colcon_core.package_identification:_identify(CMakeFiles/CMakeTmp) by extensions ['colcon_meta']
[0.217s] Level 1:colcon.colcon_core.package_identification:_identify(CMakeFiles/CMakeTmp) by extension 'colcon_meta'
[0.217s] Level 1:colcon.colcon_core.package_identification:_identify(CMakeFiles/CMakeTmp) by extensions ['ros']
[0.217s] Level 1:colcon.colcon_core.package_identification:_identify(CMakeFiles/CMakeTmp) by extension 'ros'
[0.217s] Level 1:colcon.colcon_core.package_identification:_identify(CMakeFiles/CMakeTmp) by extensions ['cmake', 'python']
[0.217s] Level 1:colcon.colcon_core.package_identification:_identify(CMakeFiles/CMakeTmp) by extension 'cmake'
[0.217s] Level 1:colcon.colcon_core.package_identification:_identify(CMakeFiles/CMakeTmp) by extension 'python'
[0.217s] Level 1:colcon.colcon_core.package_identification:_identify(CMakeFiles/CMakeTmp) by extensions ['python_setup_py']
[0.217s] Level 1:colcon.colcon_core.package_identification:_identify(CMakeFiles/CMakeTmp) by extension 'python_setup_py'
[0.217s] Level 1:colcon.colcon_core.package_identification:_identify(CMakeFiles/intro_interfaces_uninstall.dir) by extensions ['ignore', 'ignore_ament_install']
[0.217s] Level 1:colcon.colcon_core.package_identification:_identify(CMakeFiles/intro_interfaces_uninstall.dir) by extension 'ignore'
[0.218s] Level 1:colcon.colcon_core.package_identification:_identify(CMakeFiles/intro_interfaces_uninstall.dir) by extension 'ignore_ament_install'
[0.218s] Level 1:colcon.colcon_core.package_identification:_identify(CMakeFiles/intro_interfaces_uninstall.dir) by extensions ['colcon_pkg']
[0.218s] Level 1:colcon.colcon_core.package_identification:_identify(CMakeFiles/intro_interfaces_uninstall.dir) by extension 'colcon_pkg'
[0.218s] Level 1:colcon.colcon_core.package_identification:_identify(CMakeFiles/intro_interfaces_uninstall.dir) by extensions ['colcon_meta']
[0.218s] Level 1:colcon.colcon_core.package_identification:_identify(CMakeFiles/intro_interfaces_uninstall.dir) by extension 'colcon_meta'
[0.218s] Level 1:colcon.colcon_core.package_identification:_identify(CMakeFiles/intro_interfaces_uninstall.dir) by extensions ['ros']
[0.218s] Level 1:colcon.colcon_core.package_identification:_identify(CMakeFiles/intro_interfaces_uninstall.dir) by extension 'ros'
[0.218s] Level 1:colcon.colcon_core.package_identification:_identify(CMakeFiles/intro_interfaces_uninstall.dir) by extensions ['cmake', 'python']
[0.218s] Level 1:colcon.colcon_core.package_identification:_identify(CMakeFiles/intro_interfaces_uninstall.dir) by extension 'cmake'
[0.218s] Level 1:colcon.colcon_core.package_identification:_identify(CMakeFiles/intro_interfaces_uninstall.dir) by extension 'python'
[0.218s] Level 1:colcon.colcon_core.package_identification:_identify(CMakeFiles/intro_interfaces_uninstall.dir) by extensions ['python_setup_py']
[0.218s] Level 1:colcon.colcon_core.package_identification:_identify(CMakeFiles/intro_interfaces_uninstall.dir) by extension 'python_setup_py'
[0.218s] Level 1:colcon.colcon_core.package_identification:_identify(CMakeFiles/uninstall.dir) by extensions ['ignore', 'ignore_ament_install']
[0.218s] Level 1:colcon.colcon_core.package_identification:_identify(CMakeFiles/uninstall.dir) by extension 'ignore'
[0.218s] Level 1:colcon.colcon_core.package_identification:_identify(CMakeFiles/uninstall.dir) by extension 'ignore_ament_install'
[0.218s] Level 1:colcon.colcon_core.package_identification:_identify(CMakeFiles/uninstall.dir) by extensions ['colcon_pkg']
[0.218s] Level 1:colcon.colcon_core.package_identification:_identify(CMakeFiles/uninstall.dir) by extension 'colcon_pkg'
[0.218s] Level 1:colcon.colcon_core.package_identification:_identify(CMakeFiles/uninstall.dir) by extensions ['colcon_meta']
[0.218s] Level 1:colcon.colcon_core.package_identification:_identify(CMakeFiles/uninstall.dir) by extension 'colcon_meta'
[0.218s] Level 1:colcon.colcon_core.package_identification:_identify(CMakeFiles/uninstall.dir) by extensions ['ros']
[0.218s] Level 1:colcon.colcon_core.package_identification:_identify(CMakeFiles/uninstall.dir) by extension 'ros'
[0.218s] Level 1:colcon.colcon_core.package_identification:_identify(CMakeFiles/uninstall.dir) by extensions ['cmake', 'python']
[0.218s] Level 1:colcon.colcon_core.package_identification:_identify(CMakeFiles/uninstall.dir) by extension 'cmake'
[0.218s] Level 1:colcon.colcon_core.package_identification:_identify(CMakeFiles/uninstall.dir) by extension 'python'
[0.218s] Level 1:colcon.colcon_core.package_identification:_identify(CMakeFiles/uninstall.dir) by extensions ['python_setup_py']
[0.218s] Level 1:colcon.colcon_core.package_identification:_identify(CMakeFiles/uninstall.dir) by extension 'python_setup_py'
[0.218s] Level 1:colcon.colcon_core.package_identification:_identify(ament_cmake_core) by extensions ['ignore', 'ignore_ament_install']
[0.218s] Level 1:colcon.colcon_core.package_identification:_identify(ament_cmake_core) by extension 'ignore'
[0.218s] Level 1:colcon.colcon_core.package_identification:_identify(ament_cmake_core) by extension 'ignore_ament_install'
[0.218s] Level 1:colcon.colcon_core.package_identification:_identify(ament_cmake_core) by extensions ['colcon_pkg']
[0.218s] Level 1:colcon.colcon_core.package_identification:_identify(ament_cmake_core) by extension 'colcon_pkg'
[0.218s] Level 1:colcon.colcon_core.package_identification:_identify(ament_cmake_core) by extensions ['colcon_meta']
[0.218s] Level 1:colcon.colcon_core.package_identification:_identify(ament_cmake_core) by extension 'colcon_meta'
[0.218s] Level 1:colcon.colcon_core.package_identification:_identify(ament_cmake_core) by extensions ['ros']
[0.218s] Level 1:colcon.colcon_core.package_identification:_identify(ament_cmake_core) by extension 'ros'
[0.218s] Level 1:colcon.colcon_core.package_identification:_identify(ament_cmake_core) by extensions ['cmake', 'python']
[0.218s] Level 1:colcon.colcon_core.package_identification:_identify(ament_cmake_core) by extension 'cmake'
[0.218s] Level 1:colcon.colcon_core.package_identification:_identify(ament_cmake_core) by extension 'python'
[0.218s] Level 1:colcon.colcon_core.package_identification:_identify(ament_cmake_core) by extensions ['python_setup_py']
[0.218s] Level 1:colcon.colcon_core.package_identification:_identify(ament_cmake_core) by extension 'python_setup_py'
[0.218s] Level 1:colcon.colcon_core.package_identification:_identify(ament_cmake_core/stamps) by extensions ['ignore', 'ignore_ament_install']
[0.219s] Level 1:colcon.colcon_core.package_identification:_identify(ament_cmake_core/stamps) by extension 'ignore'
[0.219s] Level 1:colcon.colcon_core.package_identification:_identify(ament_cmake_core/stamps) by extension 'ignore_ament_install'
[0.219s] Level 1:colcon.colcon_core.package_identification:_identify(ament_cmake_core/stamps) by extensions ['colcon_pkg']
[0.219s] Level 1:colcon.colcon_core.package_identification:_identify(ament_cmake_core/stamps) by extension 'colcon_pkg'
[0.219s] Level 1:colcon.colcon_core.package_identification:_identify(ament_cmake_core/stamps) by extensions ['colcon_meta']
[0.219s] Level 1:colcon.colcon_core.package_identification:_identify(ament_cmake_core/stamps) by extension 'colcon_meta'
[0.219s] Level 1:colcon.colcon_core.package_identification:_identify(ament_cmake_core/stamps) by extensions ['ros']
[0.219s] Level 1:colcon.colcon_core.package_identification:_identify(ament_cmake_core/stamps) by extension 'ros'
[0.219s] Level 1:colcon.colcon_core.package_identification:_identify(ament_cmake_core/stamps) by extensions ['cmake', 'python']
[0.219s] Level 1:colcon.colcon_core.package_identification:_identify(ament_cmake_core/stamps) by extension 'cmake'
[0.219s] Level 1:colcon.colcon_core.package_identification:_identify(ament_cmake_core/stamps) by extension 'python'
[0.219s] Level 1:colcon.colcon_core.package_identification:_identify(ament_cmake_core/stamps) by extensions ['python_setup_py']
[0.219s] Level 1:colcon.colcon_core.package_identification:_identify(ament_cmake_core/stamps) by extension 'python_setup_py'
[0.219s] Level 1:colcon.colcon_core.package_identification:_identify(ament_cmake_environment_hooks) by extensions ['ignore', 'ignore_ament_install']
[0.219s] Level 1:colcon.colcon_core.package_identification:_identify(ament_cmake_environment_hooks) by extension 'ignore'
[0.219s] Level 1:colcon.colcon_core.package_identification:_identify(ament_cmake_environment_hooks) by extension 'ignore_ament_install'
[0.219s] Level 1:colcon.colcon_core.package_identification:_identify(ament_cmake_environment_hooks) by extensions ['colcon_pkg']
[0.219s] Level 1:colcon.colcon_core.package_identification:_identify(ament_cmake_environment_hooks) by extension 'colcon_pkg'
[0.219s] Level 1:colcon.colcon_core.package_identification:_identify(ament_cmake_environment_hooks) by extensions ['colcon_meta']
[0.219s] Level 1:colcon.colcon_core.package_identification:_identify(ament_cmake_environment_hooks) by extension 'colcon_meta'
[0.219s] Level 1:colcon.colcon_core.package_identification:_identify(ament_cmake_environment_hooks) by extensions ['ros']
[0.219s] Level 1:colcon.colcon_core.package_identification:_identify(ament_cmake_environment_hooks) by extension 'ros'
[0.219s] Level 1:colcon.colcon_core.package_identification:_identify(ament_cmake_environment_hooks) by extensions ['cmake', 'python']
[0.219s] Level 1:colcon.colcon_core.package_identification:_identify(ament_cmake_environment_hooks) by extension 'cmake'
[0.219s] Level 1:colcon.colcon_core.package_identification:_identify(ament_cmake_environment_hooks) by extension 'python'
[0.219s] Level 1:colcon.colcon_core.package_identification:_identify(ament_cmake_environment_hooks) by extensions ['python_setup_py']
[0.219s] Level 1:colcon.colcon_core.package_identification:_identify(ament_cmake_environment_hooks) by extension 'python_setup_py'
[0.219s] Level 1:colcon.colcon_core.package_identification:_identify(ament_cmake_index) by extensions ['ignore', 'ignore_ament_install']
[0.219s] Level 1:colcon.colcon_core.package_identification:_identify(ament_cmake_index) by extension 'ignore'
[0.219s] Level 1:colcon.colcon_core.package_identification:_identify(ament_cmake_index) by extension 'ignore_ament_install'
[0.219s] Level 1:colcon.colcon_core.package_identification:_identify(ament_cmake_index) by extensions ['colcon_pkg']
[0.219s] Level 1:colcon.colcon_core.package_identification:_identify(ament_cmake_index) by extension 'colcon_pkg'
[0.219s] Level 1:colcon.colcon_core.package_identification:_identify(ament_cmake_index) by extensions ['colcon_meta']
[0.219s] Level 1:colcon.colcon_core.package_identification:_identify(ament_cmake_index) by extension 'colcon_meta'
[0.219s] Level 1:colcon.colcon_core.package_identification:_identify(ament_cmake_index) by extensions ['ros']
[0.219s] Level 1:colcon.colcon_core.package_identification:_identify(ament_cmake_index) by extension 'ros'
[0.219s] Level 1:colcon.colcon_core.package_identification:_identify(ament_cmake_index) by extensions ['cmake', 'python']
[0.220s] Level 1:colcon.colcon_core.package_identification:_identify(ament_cmake_index) by extension 'cmake'
[0.220s] Level 1:colcon.colcon_core.package_identification:_identify(ament_cmake_index) by extension 'python'
[0.220s] Level 1:colcon.colcon_core.package_identification:_identify(ament_cmake_index) by extensions ['python_setup_py']
[0.220s] Level 1:colcon.colcon_core.package_identification:_identify(ament_cmake_index) by extension 'python_setup_py'
[0.220s] Level 1:colcon.colcon_core.package_identification:_identify(ament_cmake_index/share) by extensions ['ignore', 'ignore_ament_install']
[0.220s] Level 1:colcon.colcon_core.package_identification:_identify(ament_cmake_index/share) by extension 'ignore'
[0.220s] Level 1:colcon.colcon_core.package_identification:_identify(ament_cmake_index/share) by extension 'ignore_ament_install'
[0.220s] Level 1:colcon.colcon_core.package_identification:_identify(ament_cmake_index/share) by extensions ['colcon_pkg']
[0.220s] Level 1:colcon.colcon_core.package_identification:_identify(ament_cmake_index/share) by extension 'colcon_pkg'
[0.220s] Level 1:colcon.colcon_core.package_identification:_identify(ament_cmake_index/share) by extensions ['colcon_meta']
[0.220s] Level 1:colcon.colcon_core.package_identification:_identify(ament_cmake_index/share) by extension 'colcon_meta'
[0.220s] Level 1:colcon.colcon_core.package_identification:_identify(ament_cmake_index/share) by extensions ['ros']
[0.220s] Level 1:colcon.colcon_core.package_identification:_identify(ament_cmake_index/share) by extension 'ros'
[0.220s] Level 1:colcon.colcon_core.package_identification:_identify(ament_cmake_index/share) by extensions ['cmake', 'python']
[0.220s] Level 1:colcon.colcon_core.package_identification:_identify(ament_cmake_index/share) by extension 'cmake'
[0.220s] Level 1:colcon.colcon_core.package_identification:_identify(ament_cmake_index/share) by extension 'python'
[0.220s] Level 1:colcon.colcon_core.package_identification:_identify(ament_cmake_index/share) by extensions ['python_setup_py']
[0.220s] Level 1:colcon.colcon_core.package_identification:_identify(ament_cmake_index/share) by extension 'python_setup_py'
[0.220s] Level 1:colcon.colcon_core.package_identification:_identify(ament_cmake_index/share/ament_index) by extensions ['ignore', 'ignore_ament_install']
[0.220s] Level 1:colcon.colcon_core.package_identification:_identify(ament_cmake_index/share/ament_index) by extension 'ignore'
[0.220s] Level 1:colcon.colcon_core.package_identification:_identify(ament_cmake_index/share/ament_index) by extension 'ignore_ament_install'
[0.220s] Level 1:colcon.colcon_core.package_identification:_identify(ament_cmake_index/share/ament_index) by extensions ['colcon_pkg']
[0.220s] Level 1:colcon.colcon_core.package_identification:_identify(ament_cmake_index/share/ament_index) by extension 'colcon_pkg'
[0.220s] Level 1:colcon.colcon_core.package_identification:_identify(ament_cmake_index/share/ament_index) by extensions ['colcon_meta']
[0.220s] Level 1:colcon.colcon_core.package_identification:_identify(ament_cmake_index/share/ament_index) by extension 'colcon_meta'
[0.220s] Level 1:colcon.colcon_core.package_identification:_identify(ament_cmake_index/share/ament_index) by extensions ['ros']
[0.220s] Level 1:colcon.colcon_core.package_identification:_identify(ament_cmake_index/share/ament_index) by extension 'ros'
[0.220s] Level 1:colcon.colcon_core.package_identification:_identify(ament_cmake_index/share/ament_index) by extensions ['cmake', 'python']
[0.220s] Level 1:colcon.colcon_core.package_identification:_identify(ament_cmake_index/share/ament_index) by extension 'cmake'
[0.220s] Level 1:colcon.colcon_core.package_identification:_identify(ament_cmake_index/share/ament_index) by extension 'python'
[0.220s] Level 1:colcon.colcon_core.package_identification:_identify(ament_cmake_index/share/ament_index) by extensions ['python_setup_py']
[0.220s] Level 1:colcon.colcon_core.package_identification:_identify(ament_cmake_index/share/ament_index) by extension 'python_setup_py'
[0.220s] Level 1:colcon.colcon_core.package_identification:_identify(ament_cmake_index/share/ament_index/resource_index) by extensions ['ignore', 'ignore_ament_install']
[0.220s] Level 1:colcon.colcon_core.package_identification:_identify(ament_cmake_index/share/ament_index/resource_index) by extension 'ignore'
[0.220s] Level 1:colcon.colcon_core.package_identification:_identify(ament_cmake_index/share/ament_index/resource_index) by extension 'ignore_ament_install'
[0.220s] Level 1:colcon.colcon_core.package_identification:_identify(ament_cmake_index/share/ament_index/resource_index) by extensions ['colcon_pkg']
[0.220s] Level 1:colcon.colcon_core.package_identification:_identify(ament_cmake_index/share/ament_index/resource_index) by extension 'colcon_pkg'
[0.220s] Level 1:colcon.colcon_core.package_identification:_identify(ament_cmake_index/share/ament_index/resource_index) by extensions ['colcon_meta']
[0.220s] Level 1:colcon.colcon_core.package_identification:_identify(ament_cmake_index/share/ament_index/resource_index) by extension 'colcon_meta'
[0.221s] Level 1:colcon.colcon_core.package_identification:_identify(ament_cmake_index/share/ament_index/resource_index) by extensions ['ros']
[0.221s] Level 1:colcon.colcon_core.package_identification:_identify(ament_cmake_index/share/ament_index/resource_index) by extension 'ros'
[0.221s] Level 1:colcon.colcon_core.package_identification:_identify(ament_cmake_index/share/ament_index/resource_index) by extensions ['cmake', 'python']
[0.221s] Level 1:colcon.colcon_core.package_identification:_identify(ament_cmake_index/share/ament_index/resource_index) by extension 'cmake'
[0.221s] Level 1:colcon.colcon_core.package_identification:_identify(ament_cmake_index/share/ament_index/resource_index) by extension 'python'
[0.221s] Level 1:colcon.colcon_core.package_identification:_identify(ament_cmake_index/share/ament_index/resource_index) by extensions ['python_setup_py']
[0.221s] Level 1:colcon.colcon_core.package_identification:_identify(ament_cmake_index/share/ament_index/resource_index) by extension 'python_setup_py'
[0.221s] Level 1:colcon.colcon_core.package_identification:_identify(ament_cmake_index/share/ament_index/resource_index/package_run_dependencies) by extensions ['ignore', 'ignore_ament_install']
[0.221s] Level 1:colcon.colcon_core.package_identification:_identify(ament_cmake_index/share/ament_index/resource_index/package_run_dependencies) by extension 'ignore'
[0.221s] Level 1:colcon.colcon_core.package_identification:_identify(ament_cmake_index/share/ament_index/resource_index/package_run_dependencies) by extension 'ignore_ament_install'
[0.221s] Level 1:colcon.colcon_core.package_identification:_identify(ament_cmake_index/share/ament_index/resource_index/package_run_dependencies) by extensions ['colcon_pkg']
[0.221s] Level 1:colcon.colcon_core.package_identification:_identify(ament_cmake_index/share/ament_index/resource_index/package_run_dependencies) by extension 'colcon_pkg'
[0.221s] Level 1:colcon.colcon_core.package_identification:_identify(ament_cmake_index/share/ament_index/resource_index/package_run_dependencies) by extensions ['colcon_meta']
[0.221s] Level 1:colcon.colcon_core.package_identification:_identify(ament_cmake_index/share/ament_index/resource_index/package_run_dependencies) by extension 'colcon_meta'
[0.221s] Level 1:colcon.colcon_core.package_identification:_identify(ament_cmake_index/share/ament_index/resource_index/package_run_dependencies) by extensions ['ros']
[0.221s] Level 1:colcon.colcon_core.package_identification:_identify(ament_cmake_index/share/ament_index/resource_index/package_run_dependencies) by extension 'ros'
[0.221s] Level 1:colcon.colcon_core.package_identification:_identify(ament_cmake_index/share/ament_index/resource_index/package_run_dependencies) by extensions ['cmake', 'python']
[0.221s] Level 1:colcon.colcon_core.package_identification:_identify(ament_cmake_index/share/ament_index/resource_index/package_run_dependencies) by extension 'cmake'
[0.221s] Level 1:colcon.colcon_core.package_identification:_identify(ament_cmake_index/share/ament_index/resource_index/package_run_dependencies) by extension 'python'
[0.221s] Level 1:colcon.colcon_core.package_identification:_identify(ament_cmake_index/share/ament_index/resource_index/package_run_dependencies) by extensions ['python_setup_py']
[0.221s] Level 1:colcon.colcon_core.package_identification:_identify(ament_cmake_index/share/ament_index/resource_index/package_run_dependencies) by extension 'python_setup_py'
[0.221s] Level 1:colcon.colcon_core.package_identification:_identify(ament_cmake_index/share/ament_index/resource_index/packages) by extensions ['ignore', 'ignore_ament_install']
[0.221s] Level 1:colcon.colcon_core.package_identification:_identify(ament_cmake_index/share/ament_index/resource_index/packages) by extension 'ignore'
[0.221s] Level 1:colcon.colcon_core.package_identification:_identify(ament_cmake_index/share/ament_index/resource_index/packages) by extension 'ignore_ament_install'
[0.221s] Level 1:colcon.colcon_core.package_identification:_identify(ament_cmake_index/share/ament_index/resource_index/packages) by extensions ['colcon_pkg']
[0.221s] Level 1:colcon.colcon_core.package_identification:_identify(ament_cmake_index/share/ament_index/resource_index/packages) by extension 'colcon_pkg'
[0.221s] Level 1:colcon.colcon_core.package_identification:_identify(ament_cmake_index/share/ament_index/resource_index/packages) by extensions ['colcon_meta']
[0.221s] Level 1:colcon.colcon_core.package_identification:_identify(ament_cmake_index/share/ament_index/resource_index/packages) by extension 'colcon_meta'
[0.221s] Level 1:colcon.colcon_core.package_identification:_identify(ament_cmake_index/share/ament_index/resource_index/packages) by extensions ['ros']
[0.221s] Level 1:colcon.colcon_core.package_identification:_identify(ament_cmake_index/share/ament_index/resource_index/packages) by extension 'ros'
[0.221s] Level 1:colcon.colcon_core.package_identification:_identify(ament_cmake_index/share/ament_index/resource_index/packages) by extensions ['cmake', 'python']
[0.221s] Level 1:colcon.colcon_core.package_identification:_identify(ament_cmake_index/share/ament_index/resource_index/packages) by extension 'cmake'
[0.221s] Level 1:colcon.colcon_core.package_identification:_identify(ament_cmake_index/share/ament_index/resource_index/packages) by extension 'python'
[0.221s] Level 1:colcon.colcon_core.package_identification:_identify(ament_cmake_index/share/ament_index/resource_index/packages) by extensions ['python_setup_py']
[0.221s] Level 1:colcon.colcon_core.package_identification:_identify(ament_cmake_index/share/ament_index/resource_index/packages) by extension 'python_setup_py'
[0.221s] Level 1:colcon.colcon_core.package_identification:_identify(ament_cmake_index/share/ament_index/resource_index/parent_prefix_path) by extensions ['ignore', 'ignore_ament_install']
[0.221s] Level 1:colcon.colcon_core.package_identification:_identify(ament_cmake_index/share/ament_index/resource_index/parent_prefix_path) by extension 'ignore'
[0.222s] Level 1:colcon.colcon_core.package_identification:_identify(ament_cmake_index/share/ament_index/resource_index/parent_prefix_path) by extension 'ignore_ament_install'
[0.222s] Level 1:colcon.colcon_core.package_identification:_identify(ament_cmake_index/share/ament_index/resource_index/parent_prefix_path) by extensions ['colcon_pkg']
[0.222s] Level 1:colcon.colcon_core.package_identification:_identify(ament_cmake_index/share/ament_index/resource_index/parent_prefix_path) by extension 'colcon_pkg'
[0.222s] Level 1:colcon.colcon_core.package_identification:_identify(ament_cmake_index/share/ament_index/resource_index/parent_prefix_path) by extensions ['colcon_meta']
[0.222s] Level 1:colcon.colcon_core.package_identification:_identify(ament_cmake_index/share/ament_index/resource_index/parent_prefix_path) by extension 'colcon_meta'
[0.222s] Level 1:colcon.colcon_core.package_identification:_identify(ament_cmake_index/share/ament_index/resource_index/parent_prefix_path) by extensions ['ros']
[0.222s] Level 1:colcon.colcon_core.package_identification:_identify(ament_cmake_index/share/ament_index/resource_index/parent_prefix_path) by extension 'ros'
[0.222s] Level 1:colcon.colcon_core.package_identification:_identify(ament_cmake_index/share/ament_index/resource_index/parent_prefix_path) by extensions ['cmake', 'python']
[0.222s] Level 1:colcon.colcon_core.package_identification:_identify(ament_cmake_index/share/ament_index/resource_index/parent_prefix_path) by extension 'cmake'
[0.222s] Level 1:colcon.colcon_core.package_identification:_identify(ament_cmake_index/share/ament_index/resource_index/parent_prefix_path) by extension 'python'
[0.222s] Level 1:colcon.colcon_core.package_identification:_identify(ament_cmake_index/share/ament_index/resource_index/parent_prefix_path) by extensions ['python_setup_py']
[0.222s] Level 1:colcon.colcon_core.package_identification:_identify(ament_cmake_index/share/ament_index/resource_index/parent_prefix_path) by extension 'python_setup_py'
[0.222s] Level 1:colcon.colcon_core.package_identification:_identify(ament_cmake_package_templates) by extensions ['ignore', 'ignore_ament_install']
[0.222s] Level 1:colcon.colcon_core.package_identification:_identify(ament_cmake_package_templates) by extension 'ignore'
[0.222s] Level 1:colcon.colcon_core.package_identification:_identify(ament_cmake_package_templates) by extension 'ignore_ament_install'
[0.222s] Level 1:colcon.colcon_core.package_identification:_identify(ament_cmake_package_templates) by extensions ['colcon_pkg']
[0.222s] Level 1:colcon.colcon_core.package_identification:_identify(ament_cmake_package_templates) by extension 'colcon_pkg'
[0.222s] Level 1:colcon.colcon_core.package_identification:_identify(ament_cmake_package_templates) by extensions ['colcon_meta']
[0.222s] Level 1:colcon.colcon_core.package_identification:_identify(ament_cmake_package_templates) by extension 'colcon_meta'
[0.222s] Level 1:colcon.colcon_core.package_identification:_identify(ament_cmake_package_templates) by extensions ['ros']
[0.222s] Level 1:colcon.colcon_core.package_identification:_identify(ament_cmake_package_templates) by extension 'ros'
[0.222s] Level 1:colcon.colcon_core.package_identification:_identify(ament_cmake_package_templates) by extensions ['cmake', 'python']
[0.222s] Level 1:colcon.colcon_core.package_identification:_identify(ament_cmake_package_templates) by extension 'cmake'
[0.222s] Level 1:colcon.colcon_core.package_identification:_identify(ament_cmake_package_templates) by extension 'python'
[0.222s] Level 1:colcon.colcon_core.package_identification:_identify(ament_cmake_package_templates) by extensions ['python_setup_py']
[0.222s] Level 1:colcon.colcon_core.package_identification:_identify(ament_cmake_package_templates) by extension 'python_setup_py'
[0.222s] Level 1:colcon.colcon_core.package_identification:_identify(ament_cmake_uninstall_target) by extensions ['ignore', 'ignore_ament_install']
[0.222s] Level 1:colcon.colcon_core.package_identification:_identify(ament_cmake_uninstall_target) by extension 'ignore'
[0.222s] Level 1:colcon.colcon_core.package_identification:_identify(ament_cmake_uninstall_target) by extension 'ignore_ament_install'
[0.222s] Level 1:colcon.colcon_core.package_identification:_identify(ament_cmake_uninstall_target) by extensions ['colcon_pkg']
[0.222s] Level 1:colcon.colcon_core.package_identification:_identify(ament_cmake_uninstall_target) by extension 'colcon_pkg'
[0.222s] Level 1:colcon.colcon_core.package_identification:_identify(ament_cmake_uninstall_target) by extensions ['colcon_meta']
[0.222s] Level 1:colcon.colcon_core.package_identification:_identify(ament_cmake_uninstall_target) by extension 'colcon_meta'
[0.222s] Level 1:colcon.colcon_core.package_identification:_identify(ament_cmake_uninstall_target) by extensions ['ros']
[0.222s] Level 1:colcon.colcon_core.package_identification:_identify(ament_cmake_uninstall_target) by extension 'ros'
[0.222s] Level 1:colcon.colcon_core.package_identification:_identify(ament_cmake_uninstall_target) by extensions ['cmake', 'python']
[0.222s] Level 1:colcon.colcon_core.package_identification:_identify(ament_cmake_uninstall_target) by extension 'cmake'
[0.222s] Level 1:colcon.colcon_core.package_identification:_identify(ament_cmake_uninstall_target) by extension 'python'
[0.222s] Level 1:colcon.colcon_core.package_identification:_identify(ament_cmake_uninstall_target) by extensions ['python_setup_py']
[0.222s] Level 1:colcon.colcon_core.package_identification:_identify(ament_cmake_uninstall_target) by extension 'python_setup_py'
[0.222s] Level 1:colcon.colcon_core.package_identification:_identify(ament_lint_cmake) by extensions ['ignore', 'ignore_ament_install']
[0.223s] Level 1:colcon.colcon_core.package_identification:_identify(ament_lint_cmake) by extension 'ignore'
[0.223s] Level 1:colcon.colcon_core.package_identification:_identify(ament_lint_cmake) by extension 'ignore_ament_install'
[0.223s] Level 1:colcon.colcon_core.package_identification:_identify(ament_lint_cmake) by extensions ['colcon_pkg']
[0.223s] Level 1:colcon.colcon_core.package_identification:_identify(ament_lint_cmake) by extension 'colcon_pkg'
[0.223s] Level 1:colcon.colcon_core.package_identification:_identify(ament_lint_cmake) by extensions ['colcon_meta']
[0.223s] Level 1:colcon.colcon_core.package_identification:_identify(ament_lint_cmake) by extension 'colcon_meta'
[0.223s] Level 1:colcon.colcon_core.package_identification:_identify(ament_lint_cmake) by extensions ['ros']
[0.223s] Level 1:colcon.colcon_core.package_identification:_identify(ament_lint_cmake) by extension 'ros'
[0.223s] Level 1:colcon.colcon_core.package_identification:_identify(ament_lint_cmake) by extensions ['cmake', 'python']
[0.223s] Level 1:colcon.colcon_core.package_identification:_identify(ament_lint_cmake) by extension 'cmake'
[0.223s] Level 1:colcon.colcon_core.package_identification:_identify(ament_lint_cmake) by extension 'python'
[0.223s] Level 1:colcon.colcon_core.package_identification:_identify(ament_lint_cmake) by extensions ['python_setup_py']
[0.223s] Level 1:colcon.colcon_core.package_identification:_identify(ament_lint_cmake) by extension 'python_setup_py'
[0.223s] Level 1:colcon.colcon_core.package_identification:_identify(ament_xmllint) by extensions ['ignore', 'ignore_ament_install']
[0.223s] Level 1:colcon.colcon_core.package_identification:_identify(ament_xmllint) by extension 'ignore'
[0.223s] Level 1:colcon.colcon_core.package_identification:_identify(ament_xmllint) by extension 'ignore_ament_install'
[0.223s] Level 1:colcon.colcon_core.package_identification:_identify(ament_xmllint) by extensions ['colcon_pkg']
[0.223s] Level 1:colcon.colcon_core.package_identification:_identify(ament_xmllint) by extension 'colcon_pkg'
[0.223s] Level 1:colcon.colcon_core.package_identification:_identify(ament_xmllint) by extensions ['colcon_meta']
[0.223s] Level 1:colcon.colcon_core.package_identification:_identify(ament_xmllint) by extension 'colcon_meta'
[0.223s] Level 1:colcon.colcon_core.package_identification:_identify(ament_xmllint) by extensions ['ros']
[0.223s] Level 1:colcon.colcon_core.package_identification:_identify(ament_xmllint) by extension 'ros'
[0.223s] Level 1:colcon.colcon_core.package_identification:_identify(ament_xmllint) by extensions ['cmake', 'python']
[0.223s] Level 1:colcon.colcon_core.package_identification:_identify(ament_xmllint) by extension 'cmake'
[0.223s] Level 1:colcon.colcon_core.package_identification:_identify(ament_xmllint) by extension 'python'
[0.223s] Level 1:colcon.colcon_core.package_identification:_identify(ament_xmllint) by extensions ['python_setup_py']
[0.223s] Level 1:colcon.colcon_core.package_identification:_identify(ament_xmllint) by extension 'python_setup_py'
[0.223s] Level 1:colcon.colcon_core.package_identification:_identify(build) by extensions ['ignore', 'ignore_ament_install']
[0.223s] Level 1:colcon.colcon_core.package_identification:_identify(build) by extension 'ignore'
[0.224s] Level 1:colcon.colcon_core.package_identification:_identify(build) ignored
[0.224s] Level 1:colcon.colcon_core.package_identification:_identify(install) by extensions ['ignore', 'ignore_ament_install']
[0.224s] Level 1:colcon.colcon_core.package_identification:_identify(install) by extension 'ignore'
[0.224s] Level 1:colcon.colcon_core.package_identification:_identify(install) ignored
[0.224s] Level 1:colcon.colcon_core.package_identification:_identify(log) by extensions ['ignore', 'ignore_ament_install']
[0.224s] Level 1:colcon.colcon_core.package_identification:_identify(log) by extension 'ignore'
[0.224s] Level 1:colcon.colcon_core.package_identification:_identify(log) ignored
[0.224s] Level 1:colcon.colcon_core.package_identification:_identify(msg) by extensions ['ignore', 'ignore_ament_install']
[0.224s] Level 1:colcon.colcon_core.package_identification:_identify(msg) by extension 'ignore'
[0.224s] Level 1:colcon.colcon_core.package_identification:_identify(msg) by extension 'ignore_ament_install'
[0.224s] Level 1:colcon.colcon_core.package_identification:_identify(msg) by extensions ['colcon_pkg']
[0.224s] Level 1:colcon.colcon_core.package_identification:_identify(msg) by extension 'colcon_pkg'
[0.224s] Level 1:colcon.colcon_core.package_identification:_identify(msg) by extensions ['colcon_meta']
[0.224s] Level 1:colcon.colcon_core.package_identification:_identify(msg) by extension 'colcon_meta'
[0.224s] Level 1:colcon.colcon_core.package_identification:_identify(msg) by extensions ['ros']
[0.224s] Level 1:colcon.colcon_core.package_identification:_identify(msg) by extension 'ros'
[0.224s] Level 1:colcon.colcon_core.package_identification:_identify(msg) by extensions ['cmake', 'python']
[0.224s] Level 1:colcon.colcon_core.package_identification:_identify(msg) by extension 'cmake'
[0.224s] Level 1:colcon.colcon_core.package_identification:_identify(msg) by extension 'python'
[0.224s] Level 1:colcon.colcon_core.package_identification:_identify(msg) by extensions ['python_setup_py']
[0.224s] Level 1:colcon.colcon_core.package_identification:_identify(msg) by extension 'python_setup_py'
[0.224s] Level 1:colcon.colcon_core.package_identification:_identify(srv) by extensions ['ignore', 'ignore_ament_install']
[0.224s] Level 1:colcon.colcon_core.package_identification:_identify(srv) by extension 'ignore'
[0.224s] Level 1:colcon.colcon_core.package_identification:_identify(srv) by extension 'ignore_ament_install'
[0.224s] Level 1:colcon.colcon_core.package_identification:_identify(srv) by extensions ['colcon_pkg']
[0.224s] Level 1:colcon.colcon_core.package_identification:_identify(srv) by extension 'colcon_pkg'
[0.224s] Level 1:colcon.colcon_core.package_identification:_identify(srv) by extensions ['colcon_meta']
[0.224s] Level 1:colcon.colcon_core.package_identification:_identify(srv) by extension 'colcon_meta'
[0.224s] Level 1:colcon.colcon_core.package_identification:_identify(srv) by extensions ['ros']
[0.224s] Level 1:colcon.colcon_core.package_identification:_identify(srv) by extension 'ros'
[0.224s] Level 1:colcon.colcon_core.package_identification:_identify(srv) by extensions ['cmake', 'python']
[0.224s] Level 1:colcon.colcon_core.package_identification:_identify(srv) by extension 'cmake'
[0.224s] Level 1:colcon.colcon_core.package_identification:_identify(srv) by extension 'python'
[0.224s] Level 1:colcon.colcon_core.package_identification:_identify(srv) by extensions ['python_setup_py']
[0.224s] Level 1:colcon.colcon_core.package_identification:_identify(srv) by extension 'python_setup_py'
[0.224s] Level 1:colcon.colcon_core.package_identification:_identify(srv/build) by extensions ['ignore', 'ignore_ament_install']
[0.225s] Level 1:colcon.colcon_core.package_identification:_identify(srv/build) by extension 'ignore'
[0.225s] Level 1:colcon.colcon_core.package_identification:_identify(srv/build) ignored
[0.225s] Level 1:colcon.colcon_core.package_identification:_identify(srv/install) by extensions ['ignore', 'ignore_ament_install']
[0.225s] Level 1:colcon.colcon_core.package_identification:_identify(srv/install) by extension 'ignore'
[0.225s] Level 1:colcon.colcon_core.package_identification:_identify(srv/install) ignored
[0.225s] Level 1:colcon.colcon_core.package_identification:_identify(srv/log) by extensions ['ignore', 'ignore_ament_install']
[0.225s] Level 1:colcon.colcon_core.package_identification:_identify(srv/log) by extension 'ignore'
[0.225s] Level 1:colcon.colcon_core.package_identification:_identify(srv/log) ignored
[0.225s] Level 1:colcon.colcon_core.package_discovery:discover_packages(recursive) using defaults
[0.225s] Level 1:colcon.colcon_core.package_discovery:discover_packages(ignore) discover
[0.225s] Level 1:colcon.colcon_core.package_discovery:discover_packages(ignore) using defaults
[0.225s] Level 1:colcon.colcon_core.package_discovery:discover_packages(path) discover
[0.225s] Level 1:colcon.colcon_core.package_discovery:discover_packages(path) using defaults
[0.225s] WARNING:colcon.colcon_core.package_selection:ignoring unknown package 'intro_interfaces' in --packages-select
[0.240s] Level 1:colcon.colcon_core.package_discovery:discover_packages(prefix_path) check parameters
[0.240s] Level 1:colcon.colcon_core.package_discovery:discover_packages(prefix_path) discover
[0.244s] DEBUG:colcon.colcon_installed_package_information.package_discovery:Found 1 installed packages in /home/yahboom/intro_ws/install
[0.244s] DEBUG:colcon.colcon_installed_package_information.package_discovery:Found 19 installed packages in /home/yahboom/yahboomcar_ws/install
[0.245s] DEBUG:colcon.colcon_installed_package_information.package_discovery:Found 2 installed packages in /home/yahboom/gmapping_ws/install
[0.246s] DEBUG:colcon.colcon_installed_package_information.package_discovery:Found 76 installed packages in /home/yahboom/cartoros2/install
[0.248s] DEBUG:colcon.colcon_installed_package_information.package_discovery:Found 353 installed packages in /opt/ros/humble
[0.252s] Level 1:colcon.colcon_core.package_discovery:discover_packages(prefix_path) using defaults
[0.282s] INFO:colcon.colcon_core.executor:Executing jobs using 'parallel' executor
[0.283s] DEBUG:colcon.colcon_parallel_executor.executor.parallel:run_until_complete
[0.283s] DEBUG:colcon.colcon_parallel_executor.executor.parallel:closing loop
[0.283s] DEBUG:colcon.colcon_parallel_executor.executor.parallel:loop closed
[0.283s] DEBUG:colcon.colcon_parallel_executor.executor.parallel:run_until_complete finished with '0'
[0.283s] DEBUG:colcon.colcon_core.event_reactor:joining thread
[0.288s] INFO:colcon.colcon_core.plugin_system:Skipping extension 'colcon_notification.desktop_notification.terminal_notifier': Not used on non-Darwin systems
[0.288s] INFO:colcon.colcon_core.plugin_system:Skipping extension 'colcon_notification.desktop_notification.win32': Not used on non-Windows systems
[0.288s] INFO:colcon.colcon_notification.desktop_notification:Sending desktop notification using 'notify2'
[0.296s] DEBUG:colcon.colcon_core.event_reactor:joined thread
[0.298s] INFO:colcon.colcon_core.plugin_system:Skipping extension 'colcon_core.shell.bat': Not used on non-Windows systems
[0.298s] INFO:colcon.colcon_core.shell:Creating prefix script '/home/yahboom/intro_ws/build/intro_interfaces/install/local_setup.ps1'
[0.299s] INFO:colcon.colcon_core.shell:Creating prefix util module '/home/yahboom/intro_ws/build/intro_interfaces/install/_local_setup_util_ps1.py'
[0.299s] INFO:colcon.colcon_core.shell:Creating prefix chain script '/home/yahboom/intro_ws/build/intro_interfaces/install/setup.ps1'
[0.303s] INFO:colcon.colcon_core.shell:Creating prefix script '/home/yahboom/intro_ws/build/intro_interfaces/install/local_setup.sh'
[0.303s] INFO:colcon.colcon_core.shell:Creating prefix util module '/home/yahboom/intro_ws/build/intro_interfaces/install/_local_setup_util_sh.py'
[0.303s] INFO:colcon.colcon_core.shell:Creating prefix chain script '/home/yahboom/intro_ws/build/intro_interfaces/install/setup.sh'
[0.306s] INFO:colcon.colcon_core.shell:Creating prefix script '/home/yahboom/intro_ws/build/intro_interfaces/install/local_setup.bash'
[0.306s] INFO:colcon.colcon_core.shell:Creating prefix chain script '/home/yahboom/intro_ws/build/intro_interfaces/install/setup.bash'
[0.310s] INFO:colcon.colcon_core.shell:Creating prefix script '/home/yahboom/intro_ws/build/intro_interfaces/install/local_setup.zsh'
[0.310s] INFO:colcon.colcon_core.shell:Creating prefix chain script '/home/yahboom/intro_ws/build/intro_interfaces/install/setup.zsh'
