[1.176s] Invoking command in '/home/yahboom/S26_RobotProgramming_Iron/Lab7/Flynn/roscourse_sim_ws/src/my_robot': PYTHONPATH=/home/yahboom/S26_RobotProgramming_Iron/Lab7/Flynn/build/my_robot/prefix_override:/usr/lib/python3/dist-packages/colcon_core/task/python/colcon_distutils_commands:/home/yahboom/S26_RobotProgramming_Iron/Lab7/Flynn/install/my_robot/lib/python3.10/site-packages:${PYTHONPATH} /usr/bin/python3 -W ignore:setup.py install is deprecated -W ignore:easy_install command is deprecated setup.py egg_info --egg-base ../../../build/my_robot build --build-base /home/yahboom/S26_RobotProgramming_Iron/Lab7/Flynn/build/my_robot/build install --record /home/yahboom/S26_RobotProgramming_Iron/Lab7/Flynn/build/my_robot/install.log --single-version-externally-managed install_data
[1.609s] running egg_info
[1.611s] writing ../../../build/my_robot/my_robot.egg-info/PKG-INFO
[1.612s] writing dependency_links to ../../../build/my_robot/my_robot.egg-info/dependency_links.txt
[1.612s] writing entry points to ../../../build/my_robot/my_robot.egg-info/entry_points.txt
[1.613s] writing requirements to ../../../build/my_robot/my_robot.egg-info/requires.txt
[1.613s] writing top-level names to ../../../build/my_robot/my_robot.egg-info/top_level.txt
[1.615s] reading manifest file '../../../build/my_robot/my_robot.egg-info/SOURCES.txt'
[1.617s] writing manifest file '../../../build/my_robot/my_robot.egg-info/SOURCES.txt'
[1.617s] running build
[1.617s] running build_py
[1.619s] running install
[1.620s] running install_lib
[1.621s] running install_data
[1.622s] copying urdf/my_robot.urdf.xacro -> /home/yahboom/S26_RobotProgramming_Iron/Lab7/Flynn/install/my_robot/share/my_robot
[1.622s] running install_egg_info
[1.625s] removing '/home/yahboom/S26_RobotProgramming_Iron/Lab7/Flynn/install/my_robot/lib/python3.10/site-packages/my_robot-0.0.0-py3.10.egg-info' (and everything under it)
[1.626s] Copying ../../../build/my_robot/my_robot.egg-info to /home/yahboom/S26_RobotProgramming_Iron/Lab7/Flynn/install/my_robot/lib/python3.10/site-packages/my_robot-0.0.0-py3.10.egg-info
[1.628s] running install_scripts
[1.667s] writing list of installed files to '/home/yahboom/S26_RobotProgramming_Iron/Lab7/Flynn/build/my_robot/install.log'
[1.701s] Invoked command in '/home/yahboom/S26_RobotProgramming_Iron/Lab7/Flynn/roscourse_sim_ws/src/my_robot' returned '0': PYTHONPATH=/home/yahboom/S26_RobotProgramming_Iron/Lab7/Flynn/build/my_robot/prefix_override:/usr/lib/python3/dist-packages/colcon_core/task/python/colcon_distutils_commands:/home/yahboom/S26_RobotProgramming_Iron/Lab7/Flynn/install/my_robot/lib/python3.10/site-packages:${PYTHONPATH} /usr/bin/python3 -W ignore:setup.py install is deprecated -W ignore:easy_install command is deprecated setup.py egg_info --egg-base ../../../build/my_robot build --build-base /home/yahboom/S26_RobotProgramming_Iron/Lab7/Flynn/build/my_robot/build install --record /home/yahboom/S26_RobotProgramming_Iron/Lab7/Flynn/build/my_robot/install.log --single-version-externally-managed install_data
