[1.286s] Invoking command in '/home/yahboom/S26_RobotProgramming_Iron/Lab7/Flynn/roscourse_sim_ws/src/my_robot': PYTHONPATH=/home/yahboom/S26_RobotProgramming_Iron/Lab7/Flynn/build/my_robot/prefix_override:/usr/lib/python3/dist-packages/colcon_core/task/python/colcon_distutils_commands:/home/yahboom/S26_RobotProgramming_Iron/Lab7/Flynn/install/my_robot/lib/python3.10/site-packages:${PYTHONPATH} /usr/bin/python3 -W ignore:setup.py install is deprecated -W ignore:easy_install command is deprecated setup.py egg_info --egg-base ../../../build/my_robot build --build-base /home/yahboom/S26_RobotProgramming_Iron/Lab7/Flynn/build/my_robot/build install --record /home/yahboom/S26_RobotProgramming_Iron/Lab7/Flynn/build/my_robot/install.log --single-version-externally-managed install_data
[1.779s] running egg_info
[1.780s] writing ../../../build/my_robot/my_robot.egg-info/PKG-INFO
[1.781s] writing dependency_links to ../../../build/my_robot/my_robot.egg-info/dependency_links.txt
[1.782s] writing entry points to ../../../build/my_robot/my_robot.egg-info/entry_points.txt
[1.782s] writing requirements to ../../../build/my_robot/my_robot.egg-info/requires.txt
[1.782s] writing top-level names to ../../../build/my_robot/my_robot.egg-info/top_level.txt
[1.785s] reading manifest file '../../../build/my_robot/my_robot.egg-info/SOURCES.txt'
[1.786s] writing manifest file '../../../build/my_robot/my_robot.egg-info/SOURCES.txt'
[1.786s] running build
[1.787s] running build_py
[1.787s] running install
[1.788s] running install_lib
[1.790s] running install_data
[1.790s] copying urdf/my_robot.urdf.xacro -> /home/yahboom/S26_RobotProgramming_Iron/Lab7/Flynn/install/my_robot/share/my_robot
[1.791s] running install_egg_info
[1.795s] removing '/home/yahboom/S26_RobotProgramming_Iron/Lab7/Flynn/install/my_robot/lib/python3.10/site-packages/my_robot-0.0.0-py3.10.egg-info' (and everything under it)
[1.795s] Copying ../../../build/my_robot/my_robot.egg-info to /home/yahboom/S26_RobotProgramming_Iron/Lab7/Flynn/install/my_robot/lib/python3.10/site-packages/my_robot-0.0.0-py3.10.egg-info
[1.797s] running install_scripts
[1.850s] writing list of installed files to '/home/yahboom/S26_RobotProgramming_Iron/Lab7/Flynn/build/my_robot/install.log'
[1.884s] Invoked command in '/home/yahboom/S26_RobotProgramming_Iron/Lab7/Flynn/roscourse_sim_ws/src/my_robot' returned '0': PYTHONPATH=/home/yahboom/S26_RobotProgramming_Iron/Lab7/Flynn/build/my_robot/prefix_override:/usr/lib/python3/dist-packages/colcon_core/task/python/colcon_distutils_commands:/home/yahboom/S26_RobotProgramming_Iron/Lab7/Flynn/install/my_robot/lib/python3.10/site-packages:${PYTHONPATH} /usr/bin/python3 -W ignore:setup.py install is deprecated -W ignore:easy_install command is deprecated setup.py egg_info --egg-base ../../../build/my_robot build --build-base /home/yahboom/S26_RobotProgramming_Iron/Lab7/Flynn/build/my_robot/build install --record /home/yahboom/S26_RobotProgramming_Iron/Lab7/Flynn/build/my_robot/install.log --single-version-externally-managed install_data
