[0.026s] Invoking command in '/home/yahboom/Desktop/S26_RobotProgramming_Iron/Lab4/chuang/intro_ws/build/turtle_interfaces': CMAKE_PREFIX_PATH=${CMAKE_PREFIX_PATH}:/home/yahboom/Desktop/S26_RobotProgramming_Iron/Lab4/chuang/intro_ws/install/turtle_test:/home/yahboom/cartoros2/install/yahboomcar_nav:/home/yahboom/cartoros2/install/yahboomcar_ctrl:/home/yahboom/cartoros2/install/yahboom_visual:/home/yahboom/cartoros2/install/yahboom_dog_joint_state:/home/yahboom/cartoros2/install/yahboom_description:/home/yahboom/cartoros2/install/yahboom_color_identify_server:/home/yahboom/cartoros2/install/yahboom_bringup:/home/yahboom/cartoros2/install/yahboom_base:/home/yahboom/cartoros2/install/yahboom_app_save_map:/home/yahboom/cartoros2/install/update_map:/home/yahboom/cartoros2/install/rosboard:/home/yahboom/cartoros2/install/path_planner_server:/home/yahboom/cartoros2/install/nav2_simple_commander:/home/yahboom/cartoros2/install/nav2_gazebo_spawner:/home/yahboom/cartoros2/install/localization_server:/home/yahboom/cartoros2/install/laserscan_to_point_pulisher:/home/yahboom/yahboomcar_ws/install/yahboom_dog_example:/opt/ros/humble: /usr/bin/cmake /home/yahboom/Desktop/S26_RobotProgramming_Iron/Lab4/chuang/intro_ws/src/turtle_interfaces -DCMAKE_INSTALL_PREFIX=/home/yahboom/Desktop/S26_RobotProgramming_Iron/Lab4/chuang/intro_ws/install/turtle_interfaces
[0.147s] -- The C compiler identification is GNU 11.4.0
[0.247s] -- The CXX compiler identification is GNU 11.4.0
[0.258s] -- Detecting C compiler ABI info
[0.399s] -- Detecting C compiler ABI info - done
[0.406s] -- Check for working C compiler: /usr/bin/cc - skipped
[0.406s] -- Detecting C compile features
[0.407s] -- Detecting C compile features - done
[0.410s] -- Detecting CXX compiler ABI info
[0.563s] -- Detecting CXX compiler ABI info - done
[0.570s] -- Check for working CXX compiler: /usr/bin/c++ - skipped
[0.570s] -- Detecting CXX compile features
[0.571s] -- Detecting CXX compile features - done
[0.589s] -- Found ament_cmake: 1.3.8 (/opt/ros/humble/share/ament_cmake/cmake)
[0.894s] -- Found Python3: /usr/bin/python3 (found version "3.10.12") found components: Interpreter 
[1.238s] -- Found rosidl_default_generators: 1.2.0 (/opt/ros/humble/share/rosidl_default_generators/cmake)
[1.273s] -- Using all available rosidl_typesupport_c: rosidl_typesupport_fastrtps_c;rosidl_typesupport_introspection_c
[1.326s] -- Found rosidl_adapter: 3.1.5 (/opt/ros/humble/share/rosidl_adapter/cmake)
[1.515s] -- Using all available rosidl_typesupport_cpp: rosidl_typesupport_fastrtps_cpp;rosidl_typesupport_introspection_cpp
[1.657s] -- Found ament_lint_auto: 0.12.10 (/opt/ros/humble/share/ament_lint_auto/cmake)
[2.358s] -- Found ament_cmake_ros: 0.10.0 (/opt/ros/humble/share/ament_cmake_ros/cmake)
[2.732s] -- Using all available rosidl_typesupport_c: rosidl_typesupport_fastrtps_c;rosidl_typesupport_introspection_c
[3.139s] -- Using all available rosidl_typesupport_cpp: rosidl_typesupport_fastrtps_cpp;rosidl_typesupport_introspection_cpp
[3.181s] -- Found PythonInterp: /usr/bin/python3 (found suitable version "3.10.12", minimum required is "3.6") 
[3.198s] -- Found python_cmake_module: 0.10.0 (/opt/ros/humble/share/python_cmake_module/cmake)
[3.248s] -- Found PythonLibs: /usr/lib/x86_64-linux-gnu/libpython3.10.so (found suitable version "3.10.12", minimum required is "3.5") 
[3.248s] -- Using PYTHON_EXECUTABLE: /usr/bin/python3
[3.248s] -- Using PYTHON_INCLUDE_DIRS: /usr/include/python3.10
[3.248s] -- Using PYTHON_LIBRARIES: /usr/lib/x86_64-linux-gnu/libpython3.10.so
[3.285s] -- Found PythonExtra: .so  
[3.497s] -- Added test 'cppcheck' to perform static code analysis on C / C++ code
[3.497s] -- Configured cppcheck include dirs: 
[3.498s] -- Configured cppcheck exclude dirs and/or files: 
[3.508s] -- Added test 'flake8' to check Python code syntax and style conventions
[3.528s] -- Added test 'lint_cmake' to check CMake code style
[3.539s] -- Added test 'pep257' to check Python code against some of the docstring style conventions in PEP 257
[3.616s] -- Added test 'uncrustify' to check C / C++ code style
[3.617s] -- Configured uncrustify additional arguments: 
[3.629s] -- Added test 'xmllint' to check XML markup files
[3.640s] -- Configuring done
[3.699s] -- Generating done
[3.703s] -- Build files have been written to: /home/yahboom/Desktop/S26_RobotProgramming_Iron/Lab4/chuang/intro_ws/build/turtle_interfaces
[3.723s] Invoked command in '/home/yahboom/Desktop/S26_RobotProgramming_Iron/Lab4/chuang/intro_ws/build/turtle_interfaces' returned '0': CMAKE_PREFIX_PATH=${CMAKE_PREFIX_PATH}:/home/yahboom/Desktop/S26_RobotProgramming_Iron/Lab4/chuang/intro_ws/install/turtle_test:/home/yahboom/cartoros2/install/yahboomcar_nav:/home/yahboom/cartoros2/install/yahboomcar_ctrl:/home/yahboom/cartoros2/install/yahboom_visual:/home/yahboom/cartoros2/install/yahboom_dog_joint_state:/home/yahboom/cartoros2/install/yahboom_description:/home/yahboom/cartoros2/install/yahboom_color_identify_server:/home/yahboom/cartoros2/install/yahboom_bringup:/home/yahboom/cartoros2/install/yahboom_base:/home/yahboom/cartoros2/install/yahboom_app_save_map:/home/yahboom/cartoros2/install/update_map:/home/yahboom/cartoros2/install/rosboard:/home/yahboom/cartoros2/install/path_planner_server:/home/yahboom/cartoros2/install/nav2_simple_commander:/home/yahboom/cartoros2/install/nav2_gazebo_spawner:/home/yahboom/cartoros2/install/localization_server:/home/yahboom/cartoros2/install/laserscan_to_point_pulisher:/home/yahboom/yahboomcar_ws/install/yahboom_dog_example:/opt/ros/humble: /usr/bin/cmake /home/yahboom/Desktop/S26_RobotProgramming_Iron/Lab4/chuang/intro_ws/src/turtle_interfaces -DCMAKE_INSTALL_PREFIX=/home/yahboom/Desktop/S26_RobotProgramming_Iron/Lab4/chuang/intro_ws/install/turtle_interfaces
[3.726s] Invoking command in '/home/yahboom/Desktop/S26_RobotProgramming_Iron/Lab4/chuang/intro_ws/build/turtle_interfaces': CMAKE_PREFIX_PATH=${CMAKE_PREFIX_PATH}:/home/yahboom/Desktop/S26_RobotProgramming_Iron/Lab4/chuang/intro_ws/install/turtle_test:/home/yahboom/cartoros2/install/yahboomcar_nav:/home/yahboom/cartoros2/install/yahboomcar_ctrl:/home/yahboom/cartoros2/install/yahboom_visual:/home/yahboom/cartoros2/install/yahboom_dog_joint_state:/home/yahboom/cartoros2/install/yahboom_description:/home/yahboom/cartoros2/install/yahboom_color_identify_server:/home/yahboom/cartoros2/install/yahboom_bringup:/home/yahboom/cartoros2/install/yahboom_base:/home/yahboom/cartoros2/install/yahboom_app_save_map:/home/yahboom/cartoros2/install/update_map:/home/yahboom/cartoros2/install/rosboard:/home/yahboom/cartoros2/install/path_planner_server:/home/yahboom/cartoros2/install/nav2_simple_commander:/home/yahboom/cartoros2/install/nav2_gazebo_spawner:/home/yahboom/cartoros2/install/localization_server:/home/yahboom/cartoros2/install/laserscan_to_point_pulisher:/home/yahboom/yahboomcar_ws/install/yahboom_dog_example:/opt/ros/humble: /usr/bin/cmake --build /home/yahboom/Desktop/S26_RobotProgramming_Iron/Lab4/chuang/intro_ws/build/turtle_interfaces -- -j4 -l4
[3.829s] [  2%] [34m[1mGenerating C code for ROS interfaces[0m
[3.857s] [  4%] [34m[1mGenerating C++ code for ROS interfaces[0m
[3.880s] [  4%] Built target ament_cmake_python_copy_turtle_interfaces
[4.262s] running egg_info
[4.263s] creating turtle_interfaces.egg-info
[4.264s] writing turtle_interfaces.egg-info/PKG-INFO
[4.264s] writing dependency_links to turtle_interfaces.egg-info/dependency_links.txt
[4.266s] writing top-level names to turtle_interfaces.egg-info/top_level.txt
[4.266s] writing manifest file 'turtle_interfaces.egg-info/SOURCES.txt'
[4.268s] reading manifest file 'turtle_interfaces.egg-info/SOURCES.txt'
[4.269s] writing manifest file 'turtle_interfaces.egg-info/SOURCES.txt'
[4.336s] [  4%] Built target ament_cmake_python_build_turtle_interfaces_egg
[4.570s] [  4%] Built target turtle_interfaces__cpp
[4.597s] [  6%] [34m[1mGenerating C++ type support for eProsima Fast-RTPS[0m
[4.600s] [  8%] [34m[1mGenerating C++ type support dispatch for ROS interfaces[0m
[4.600s] [ 10%] [34m[1mGenerating C++ introspection for ROS interfaces[0m
[4.617s] [ 12%] [32mBuilding C object CMakeFiles/turtle_interfaces__rosidl_generator_c.dir/rosidl_generator_c/turtle_interfaces/msg/detail/turtle_pose__functions.c.o[0m
[4.700s] [ 14%] [32mBuilding C object CMakeFiles/turtle_interfaces__rosidl_generator_c.dir/rosidl_generator_c/turtle_interfaces/srv/detail/set_colors__functions.c.o[0m
[4.791s] [ 17%] [32mBuilding C object CMakeFiles/turtle_interfaces__rosidl_generator_c.dir/rosidl_generator_c/turtle_interfaces/action/detail/make_square__functions.c.o[0m
[4.953s] [ 19%] [32m[1mLinking C shared library libturtle_interfaces__rosidl_generator_c.so[0m
[5.051s] [ 19%] Built target turtle_interfaces__rosidl_generator_c
[5.090s] [ 21%] [34m[1mGenerating C type support for eProsima Fast-RTPS[0m
[5.107s] [ 23%] [32mBuilding CXX object CMakeFiles/turtle_interfaces__rosidl_typesupport_cpp.dir/rosidl_typesupport_cpp/turtle_interfaces/msg/turtle_pose__type_support.cpp.o[0m
[5.279s] [ 25%] [32mBuilding CXX object CMakeFiles/turtle_interfaces__rosidl_typesupport_introspection_cpp.dir/rosidl_typesupport_introspection_cpp/turtle_interfaces/msg/detail/turtle_pose__type_support.cpp.o[0m
[5.373s] [ 27%] [32mBuilding CXX object CMakeFiles/turtle_interfaces__rosidl_typesupport_fastrtps_cpp.dir/rosidl_typesupport_fastrtps_cpp/turtle_interfaces/msg/detail/dds_fastrtps/turtle_pose__type_support.cpp.o[0m
[5.478s] [ 29%] [32mBuilding CXX object CMakeFiles/turtle_interfaces__rosidl_typesupport_cpp.dir/rosidl_typesupport_cpp/turtle_interfaces/srv/set_colors__type_support.cpp.o[0m
[5.781s] [ 31%] [32mBuilding CXX object CMakeFiles/turtle_interfaces__rosidl_typesupport_introspection_cpp.dir/rosidl_typesupport_introspection_cpp/turtle_interfaces/srv/detail/set_colors__type_support.cpp.o[0m
[5.797s] [ 34%] [32mBuilding CXX object CMakeFiles/turtle_interfaces__rosidl_typesupport_fastrtps_c.dir/rosidl_typesupport_fastrtps_c/turtle_interfaces/msg/detail/turtle_pose__type_support_c.cpp.o[0m
[5.808s] [ 36%] [32mBuilding CXX object CMakeFiles/turtle_interfaces__rosidl_typesupport_cpp.dir/rosidl_typesupport_cpp/turtle_interfaces/action/make_square__type_support.cpp.o[0m
[5.868s] [ 38%] [32mBuilding CXX object CMakeFiles/turtle_interfaces__rosidl_typesupport_fastrtps_cpp.dir/rosidl_typesupport_fastrtps_cpp/turtle_interfaces/srv/detail/dds_fastrtps/set_colors__type_support.cpp.o[0m
[6.238s] [ 40%] [32mBuilding CXX object CMakeFiles/turtle_interfaces__rosidl_typesupport_fastrtps_c.dir/rosidl_typesupport_fastrtps_c/turtle_interfaces/srv/detail/set_colors__type_support_c.cpp.o[0m
[6.252s] [ 42%] [32mBuilding CXX object CMakeFiles/turtle_interfaces__rosidl_typesupport_introspection_cpp.dir/rosidl_typesupport_introspection_cpp/turtle_interfaces/action/detail/make_square__type_support.cpp.o[0m
[6.338s] [ 44%] [32mBuilding CXX object CMakeFiles/turtle_interfaces__rosidl_typesupport_fastrtps_cpp.dir/rosidl_typesupport_fastrtps_cpp/turtle_interfaces/action/detail/dds_fastrtps/make_square__type_support.cpp.o[0m
[6.390s] [ 46%] [32m[1mLinking CXX shared library libturtle_interfaces__rosidl_typesupport_cpp.so[0m
[6.476s] [ 46%] Built target turtle_interfaces__rosidl_typesupport_cpp
[6.500s] [ 48%] [32mBuilding CXX object CMakeFiles/turtle_interfaces__rosidl_typesupport_fastrtps_c.dir/rosidl_typesupport_fastrtps_c/turtle_interfaces/action/detail/make_square__type_support_c.cpp.o[0m
[6.652s] [ 51%] [34m[1mGenerating C introspection for ROS interfaces[0m
[6.953s] [ 53%] [32m[1mLinking CXX shared library libturtle_interfaces__rosidl_typesupport_fastrtps_c.so[0m
[6.985s] [ 55%] [32m[1mLinking CXX shared library libturtle_interfaces__rosidl_typesupport_introspection_cpp.so[0m
[7.048s] [ 57%] [32m[1mLinking CXX shared library libturtle_interfaces__rosidl_typesupport_fastrtps_cpp.so[0m
[7.100s] [ 57%] Built target turtle_interfaces__rosidl_typesupport_fastrtps_c
[7.127s] [ 59%] [34m[1mGenerating C type support dispatch for ROS interfaces[0m
[7.138s] [ 59%] Built target turtle_interfaces__rosidl_typesupport_introspection_cpp
[7.178s] [ 59%] Built target turtle_interfaces__rosidl_typesupport_fastrtps_cpp
[7.251s] [ 63%] [32mBuilding C object CMakeFiles/turtle_interfaces__rosidl_typesupport_introspection_c.dir/rosidl_typesupport_introspection_c/turtle_interfaces/msg/detail/turtle_pose__type_support.c.o[0m
[7.254s] [ 63%] [32mBuilding C object CMakeFiles/turtle_interfaces__rosidl_typesupport_introspection_c.dir/rosidl_typesupport_introspection_c/turtle_interfaces/action/detail/make_square__type_support.c.o[0m
[7.254s] [ 65%] [32mBuilding C object CMakeFiles/turtle_interfaces__rosidl_typesupport_introspection_c.dir/rosidl_typesupport_introspection_c/turtle_interfaces/srv/detail/set_colors__type_support.c.o[0m
[7.331s] [ 68%] [32m[1mLinking C shared library libturtle_interfaces__rosidl_typesupport_introspection_c.so[0m
[7.401s] [ 68%] Built target turtle_interfaces__rosidl_typesupport_introspection_c
[7.560s] [ 74%] [32mBuilding CXX object CMakeFiles/turtle_interfaces__rosidl_typesupport_c.dir/rosidl_typesupport_c/turtle_interfaces/msg/turtle_pose__type_support.cpp.o[0m
[7.561s] [ 74%] [32mBuilding CXX object CMakeFiles/turtle_interfaces__rosidl_typesupport_c.dir/rosidl_typesupport_c/turtle_interfaces/action/make_square__type_support.cpp.o[0m
[7.561s] [ 74%] [32mBuilding CXX object CMakeFiles/turtle_interfaces__rosidl_typesupport_c.dir/rosidl_typesupport_c/turtle_interfaces/srv/set_colors__type_support.cpp.o[0m
[7.642s] [ 76%] [32m[1mLinking CXX shared library libturtle_interfaces__rosidl_typesupport_c.so[0m
[7.725s] [ 76%] Built target turtle_interfaces__rosidl_typesupport_c
[7.781s] [ 76%] Built target turtle_interfaces
[7.837s] [ 78%] [34m[1mGenerating Python code for ROS interfaces[0m
[8.852s] [ 78%] Built target turtle_interfaces__py
[8.906s] [ 85%] [32mBuilding C object CMakeFiles/turtle_interfaces__rosidl_generator_py.dir/rosidl_generator_py/turtle_interfaces/srv/_set_colors_s.c.o[0m
[8.906s] [ 85%] [32mBuilding C object CMakeFiles/turtle_interfaces__rosidl_generator_py.dir/rosidl_generator_py/turtle_interfaces/msg/_turtle_pose_s.c.o[0m
[8.907s] [ 85%] [32mBuilding C object CMakeFiles/turtle_interfaces__rosidl_generator_py.dir/rosidl_generator_py/turtle_interfaces/action/_make_square_s.c.o[0m
[9.083s] [ 87%] [32m[1mLinking C shared library rosidl_generator_py/turtle_interfaces/libturtle_interfaces__rosidl_generator_py.so[0m
[9.171s] [ 87%] Built target turtle_interfaces__rosidl_generator_py
[9.232s] [ 91%] [32mBuilding C object CMakeFiles/turtle_interfaces__rosidl_typesupport_introspection_c__pyext.dir/rosidl_generator_py/turtle_interfaces/_turtle_interfaces_s.ep.rosidl_typesupport_introspection_c.c.o[0m
[9.232s] [ 93%] [32mBuilding C object CMakeFiles/turtle_interfaces__rosidl_typesupport_fastrtps_c__pyext.dir/rosidl_generator_py/turtle_interfaces/_turtle_interfaces_s.ep.rosidl_typesupport_fastrtps_c.c.o[0m
[9.233s] [ 93%] [32mBuilding C object CMakeFiles/turtle_interfaces__rosidl_typesupport_c__pyext.dir/rosidl_generator_py/turtle_interfaces/_turtle_interfaces_s.ep.rosidl_typesupport_c.c.o[0m
[9.412s] [100%] [32m[1mLinking C shared library rosidl_generator_py/turtle_interfaces/turtle_interfaces_s__rosidl_typesupport_introspection_c.cpython-310-x86_64-linux-gnu.so[0m
[9.412s] [100%] [32m[1mLinking C shared library rosidl_generator_py/turtle_interfaces/turtle_interfaces_s__rosidl_typesupport_c.cpython-310-x86_64-linux-gnu.so[0m
[9.413s] [100%] [32m[1mLinking C shared library rosidl_generator_py/turtle_interfaces/turtle_interfaces_s__rosidl_typesupport_fastrtps_c.cpython-310-x86_64-linux-gnu.so[0m
[9.494s] [100%] Built target turtle_interfaces__rosidl_typesupport_fastrtps_c__pyext
[9.494s] [100%] Built target turtle_interfaces__rosidl_typesupport_c__pyext
[9.494s] [100%] Built target turtle_interfaces__rosidl_typesupport_introspection_c__pyext
[9.522s] Invoked command in '/home/yahboom/Desktop/S26_RobotProgramming_Iron/Lab4/chuang/intro_ws/build/turtle_interfaces' returned '0': CMAKE_PREFIX_PATH=${CMAKE_PREFIX_PATH}:/home/yahboom/Desktop/S26_RobotProgramming_Iron/Lab4/chuang/intro_ws/install/turtle_test:/home/yahboom/cartoros2/install/yahboomcar_nav:/home/yahboom/cartoros2/install/yahboomcar_ctrl:/home/yahboom/cartoros2/install/yahboom_visual:/home/yahboom/cartoros2/install/yahboom_dog_joint_state:/home/yahboom/cartoros2/install/yahboom_description:/home/yahboom/cartoros2/install/yahboom_color_identify_server:/home/yahboom/cartoros2/install/yahboom_bringup:/home/yahboom/cartoros2/install/yahboom_base:/home/yahboom/cartoros2/install/yahboom_app_save_map:/home/yahboom/cartoros2/install/update_map:/home/yahboom/cartoros2/install/rosboard:/home/yahboom/cartoros2/install/path_planner_server:/home/yahboom/cartoros2/install/nav2_simple_commander:/home/yahboom/cartoros2/install/nav2_gazebo_spawner:/home/yahboom/cartoros2/install/localization_server:/home/yahboom/cartoros2/install/laserscan_to_point_pulisher:/home/yahboom/yahboomcar_ws/install/yahboom_dog_example:/opt/ros/humble: /usr/bin/cmake --build /home/yahboom/Desktop/S26_RobotProgramming_Iron/Lab4/chuang/intro_ws/build/turtle_interfaces -- -j4 -l4
[9.956s] Invoking command in '/home/yahboom/Desktop/S26_RobotProgramming_Iron/Lab4/chuang/intro_ws/build/turtle_interfaces': CMAKE_PREFIX_PATH=${CMAKE_PREFIX_PATH}:/home/yahboom/Desktop/S26_RobotProgramming_Iron/Lab4/chuang/intro_ws/install/turtle_test:/home/yahboom/cartoros2/install/yahboomcar_nav:/home/yahboom/cartoros2/install/yahboomcar_ctrl:/home/yahboom/cartoros2/install/yahboom_visual:/home/yahboom/cartoros2/install/yahboom_dog_joint_state:/home/yahboom/cartoros2/install/yahboom_description:/home/yahboom/cartoros2/install/yahboom_color_identify_server:/home/yahboom/cartoros2/install/yahboom_bringup:/home/yahboom/cartoros2/install/yahboom_base:/home/yahboom/cartoros2/install/yahboom_app_save_map:/home/yahboom/cartoros2/install/update_map:/home/yahboom/cartoros2/install/rosboard:/home/yahboom/cartoros2/install/path_planner_server:/home/yahboom/cartoros2/install/nav2_simple_commander:/home/yahboom/cartoros2/install/nav2_gazebo_spawner:/home/yahboom/cartoros2/install/localization_server:/home/yahboom/cartoros2/install/laserscan_to_point_pulisher:/home/yahboom/yahboomcar_ws/install/yahboom_dog_example:/opt/ros/humble: /usr/bin/cmake --install /home/yahboom/Desktop/S26_RobotProgramming_Iron/Lab4/chuang/intro_ws/build/turtle_interfaces
[9.976s] -- Install configuration: ""
[9.976s] -- Installing: /home/yahboom/Desktop/S26_RobotProgramming_Iron/Lab4/chuang/intro_ws/install/turtle_interfaces/share/ament_index/resource_index/rosidl_interfaces/turtle_interfaces
[9.977s] -- Installing: /home/yahboom/Desktop/S26_RobotProgramming_Iron/Lab4/chuang/intro_ws/install/turtle_interfaces/include/turtle_interfaces/turtle_interfaces
[9.977s] -- Installing: /home/yahboom/Desktop/S26_RobotProgramming_Iron/Lab4/chuang/intro_ws/install/turtle_interfaces/include/turtle_interfaces/turtle_interfaces/action
[9.977s] -- Installing: /home/yahboom/Desktop/S26_RobotProgramming_Iron/Lab4/chuang/intro_ws/install/turtle_interfaces/include/turtle_interfaces/turtle_interfaces/action/detail
[9.977s] -- Installing: /home/yahboom/Desktop/S26_RobotProgramming_Iron/Lab4/chuang/intro_ws/install/turtle_interfaces/include/turtle_interfaces/turtle_interfaces/action/detail/make_square__struct.h
[9.977s] -- Installing: /home/yahboom/Desktop/S26_RobotProgramming_Iron/Lab4/chuang/intro_ws/install/turtle_interfaces/include/turtle_interfaces/turtle_interfaces/action/detail/make_square__type_support.h
[9.978s] -- Installing: /home/yahboom/Desktop/S26_RobotProgramming_Iron/Lab4/chuang/intro_ws/install/turtle_interfaces/include/turtle_interfaces/turtle_interfaces/action/detail/make_square__functions.c
[9.978s] -- Installing: /home/yahboom/Desktop/S26_RobotProgramming_Iron/Lab4/chuang/intro_ws/install/turtle_interfaces/include/turtle_interfaces/turtle_interfaces/action/detail/make_square__functions.h
[9.978s] -- Installing: /home/yahboom/Desktop/S26_RobotProgramming_Iron/Lab4/chuang/intro_ws/install/turtle_interfaces/include/turtle_interfaces/turtle_interfaces/action/make_square.h
[9.978s] -- Installing: /home/yahboom/Desktop/S26_RobotProgramming_Iron/Lab4/chuang/intro_ws/install/turtle_interfaces/include/turtle_interfaces/turtle_interfaces/srv
[9.978s] -- Installing: /home/yahboom/Desktop/S26_RobotProgramming_Iron/Lab4/chuang/intro_ws/install/turtle_interfaces/include/turtle_interfaces/turtle_interfaces/srv/set_colors.h
[9.979s] -- Installing: /home/yahboom/Desktop/S26_RobotProgramming_Iron/Lab4/chuang/intro_ws/install/turtle_interfaces/include/turtle_interfaces/turtle_interfaces/srv/detail
[9.979s] -- Installing: /home/yahboom/Desktop/S26_RobotProgramming_Iron/Lab4/chuang/intro_ws/install/turtle_interfaces/include/turtle_interfaces/turtle_interfaces/srv/detail/set_colors__struct.h
[9.979s] -- Installing: /home/yahboom/Desktop/S26_RobotProgramming_Iron/Lab4/chuang/intro_ws/install/turtle_interfaces/include/turtle_interfaces/turtle_interfaces/srv/detail/set_colors__type_support.h
[9.979s] -- Installing: /home/yahboom/Desktop/S26_RobotProgramming_Iron/Lab4/chuang/intro_ws/install/turtle_interfaces/include/turtle_interfaces/turtle_interfaces/srv/detail/set_colors__functions.c
[9.979s] -- Installing: /home/yahboom/Desktop/S26_RobotProgramming_Iron/Lab4/chuang/intro_ws/install/turtle_interfaces/include/turtle_interfaces/turtle_interfaces/srv/detail/set_colors__functions.h
[9.980s] -- Installing: /home/yahboom/Desktop/S26_RobotProgramming_Iron/Lab4/chuang/intro_ws/install/turtle_interfaces/include/turtle_interfaces/turtle_interfaces/msg
[9.980s] -- Installing: /home/yahboom/Desktop/S26_RobotProgramming_Iron/Lab4/chuang/intro_ws/install/turtle_interfaces/include/turtle_interfaces/turtle_interfaces/msg/detail
[9.980s] -- Installing: /home/yahboom/Desktop/S26_RobotProgramming_Iron/Lab4/chuang/intro_ws/install/turtle_interfaces/include/turtle_interfaces/turtle_interfaces/msg/detail/turtle_pose__functions.c
[9.980s] -- Installing: /home/yahboom/Desktop/S26_RobotProgramming_Iron/Lab4/chuang/intro_ws/install/turtle_interfaces/include/turtle_interfaces/turtle_interfaces/msg/detail/turtle_pose__functions.h
[9.980s] -- Installing: /home/yahboom/Desktop/S26_RobotProgramming_Iron/Lab4/chuang/intro_ws/install/turtle_interfaces/include/turtle_interfaces/turtle_interfaces/msg/detail/turtle_pose__struct.h
[9.981s] -- Installing: /home/yahboom/Desktop/S26_RobotProgramming_Iron/Lab4/chuang/intro_ws/install/turtle_interfaces/include/turtle_interfaces/turtle_interfaces/msg/detail/turtle_pose__type_support.h
[9.981s] -- Installing: /home/yahboom/Desktop/S26_RobotProgramming_Iron/Lab4/chuang/intro_ws/install/turtle_interfaces/include/turtle_interfaces/turtle_interfaces/msg/turtle_pose.h
[9.981s] -- Installing: /home/yahboom/Desktop/S26_RobotProgramming_Iron/Lab4/chuang/intro_ws/install/turtle_interfaces/include/turtle_interfaces/turtle_interfaces/msg/rosidl_generator_c__visibility_control.h
[9.981s] -- Installing: /home/yahboom/Desktop/S26_RobotProgramming_Iron/Lab4/chuang/intro_ws/install/turtle_interfaces/share/turtle_interfaces/environment/library_path.sh
[9.982s] -- Installing: /home/yahboom/Desktop/S26_RobotProgramming_Iron/Lab4/chuang/intro_ws/install/turtle_interfaces/share/turtle_interfaces/environment/library_path.dsv
[9.982s] -- Installing: /home/yahboom/Desktop/S26_RobotProgramming_Iron/Lab4/chuang/intro_ws/install/turtle_interfaces/lib/libturtle_interfaces__rosidl_generator_c.so
[9.983s] -- Set runtime path of "/home/yahboom/Desktop/S26_RobotProgramming_Iron/Lab4/chuang/intro_ws/install/turtle_interfaces/lib/libturtle_interfaces__rosidl_generator_c.so" to ""
[9.983s] -- Up-to-date: /home/yahboom/Desktop/S26_RobotProgramming_Iron/Lab4/chuang/intro_ws/install/turtle_interfaces/include/turtle_interfaces/turtle_interfaces
[9.983s] -- Up-to-date: /home/yahboom/Desktop/S26_RobotProgramming_Iron/Lab4/chuang/intro_ws/install/turtle_interfaces/include/turtle_interfaces/turtle_interfaces/action
[9.983s] -- Up-to-date: /home/yahboom/Desktop/S26_RobotProgramming_Iron/Lab4/chuang/intro_ws/install/turtle_interfaces/include/turtle_interfaces/turtle_interfaces/action/detail
[9.983s] -- Installing: /home/yahboom/Desktop/S26_RobotProgramming_Iron/Lab4/chuang/intro_ws/install/turtle_interfaces/include/turtle_interfaces/turtle_interfaces/action/detail/make_square__rosidl_typesupport_fastrtps_c.h
[9.983s] -- Up-to-date: /home/yahboom/Desktop/S26_RobotProgramming_Iron/Lab4/chuang/intro_ws/install/turtle_interfaces/include/turtle_interfaces/turtle_interfaces/srv
[9.983s] -- Up-to-date: /home/yahboom/Desktop/S26_RobotProgramming_Iron/Lab4/chuang/intro_ws/install/turtle_interfaces/include/turtle_interfaces/turtle_interfaces/srv/detail
[9.983s] -- Installing: /home/yahboom/Desktop/S26_RobotProgramming_Iron/Lab4/chuang/intro_ws/install/turtle_interfaces/include/turtle_interfaces/turtle_interfaces/srv/detail/set_colors__rosidl_typesupport_fastrtps_c.h
[9.984s] -- Up-to-date: /home/yahboom/Desktop/S26_RobotProgramming_Iron/Lab4/chuang/intro_ws/install/turtle_interfaces/include/turtle_interfaces/turtle_interfaces/msg
[9.984s] -- Up-to-date: /home/yahboom/Desktop/S26_RobotProgramming_Iron/Lab4/chuang/intro_ws/install/turtle_interfaces/include/turtle_interfaces/turtle_interfaces/msg/detail
[9.984s] -- Installing: /home/yahboom/Desktop/S26_RobotProgramming_Iron/Lab4/chuang/intro_ws/install/turtle_interfaces/include/turtle_interfaces/turtle_interfaces/msg/detail/turtle_pose__rosidl_typesupport_fastrtps_c.h
[9.984s] -- Installing: /home/yahboom/Desktop/S26_RobotProgramming_Iron/Lab4/chuang/intro_ws/install/turtle_interfaces/include/turtle_interfaces/turtle_interfaces/msg/rosidl_typesupport_fastrtps_c__visibility_control.h
[9.984s] -- Installing: /home/yahboom/Desktop/S26_RobotProgramming_Iron/Lab4/chuang/intro_ws/install/turtle_interfaces/lib/libturtle_interfaces__rosidl_typesupport_fastrtps_c.so
[9.985s] -- Set runtime path of "/home/yahboom/Desktop/S26_RobotProgramming_Iron/Lab4/chuang/intro_ws/install/turtle_interfaces/lib/libturtle_interfaces__rosidl_typesupport_fastrtps_c.so" to ""
[9.985s] -- Up-to-date: /home/yahboom/Desktop/S26_RobotProgramming_Iron/Lab4/chuang/intro_ws/install/turtle_interfaces/include/turtle_interfaces/turtle_interfaces
[9.985s] -- Up-to-date: /home/yahboom/Desktop/S26_RobotProgramming_Iron/Lab4/chuang/intro_ws/install/turtle_interfaces/include/turtle_interfaces/turtle_interfaces/action
[9.985s] -- Up-to-date: /home/yahboom/Desktop/S26_RobotProgramming_Iron/Lab4/chuang/intro_ws/install/turtle_interfaces/include/turtle_interfaces/turtle_interfaces/action/detail
[9.985s] -- Installing: /home/yahboom/Desktop/S26_RobotProgramming_Iron/Lab4/chuang/intro_ws/install/turtle_interfaces/include/turtle_interfaces/turtle_interfaces/action/detail/make_square__type_support.c
[9.985s] -- Installing: /home/yahboom/Desktop/S26_RobotProgramming_Iron/Lab4/chuang/intro_ws/install/turtle_interfaces/include/turtle_interfaces/turtle_interfaces/action/detail/make_square__rosidl_typesupport_introspection_c.h
[9.985s] -- Up-to-date: /home/yahboom/Desktop/S26_RobotProgramming_Iron/Lab4/chuang/intro_ws/install/turtle_interfaces/include/turtle_interfaces/turtle_interfaces/srv
[9.986s] -- Up-to-date: /home/yahboom/Desktop/S26_RobotProgramming_Iron/Lab4/chuang/intro_ws/install/turtle_interfaces/include/turtle_interfaces/turtle_interfaces/srv/detail
[9.986s] -- Installing: /home/yahboom/Desktop/S26_RobotProgramming_Iron/Lab4/chuang/intro_ws/install/turtle_interfaces/include/turtle_interfaces/turtle_interfaces/srv/detail/set_colors__type_support.c
[9.986s] -- Installing: /home/yahboom/Desktop/S26_RobotProgramming_Iron/Lab4/chuang/intro_ws/install/turtle_interfaces/include/turtle_interfaces/turtle_interfaces/srv/detail/set_colors__rosidl_typesupport_introspection_c.h
[9.986s] -- Up-to-date: /home/yahboom/Desktop/S26_RobotProgramming_Iron/Lab4/chuang/intro_ws/install/turtle_interfaces/include/turtle_interfaces/turtle_interfaces/msg
[9.986s] -- Up-to-date: /home/yahboom/Desktop/S26_RobotProgramming_Iron/Lab4/chuang/intro_ws/install/turtle_interfaces/include/turtle_interfaces/turtle_interfaces/msg/detail
[9.987s] -- Installing: /home/yahboom/Desktop/S26_RobotProgramming_Iron/Lab4/chuang/intro_ws/install/turtle_interfaces/include/turtle_interfaces/turtle_interfaces/msg/detail/turtle_pose__rosidl_typesupport_introspection_c.h
[9.987s] -- Installing: /home/yahboom/Desktop/S26_RobotProgramming_Iron/Lab4/chuang/intro_ws/install/turtle_interfaces/include/turtle_interfaces/turtle_interfaces/msg/detail/turtle_pose__type_support.c
[9.987s] -- Installing: /home/yahboom/Desktop/S26_RobotProgramming_Iron/Lab4/chuang/intro_ws/install/turtle_interfaces/include/turtle_interfaces/turtle_interfaces/msg/rosidl_typesupport_introspection_c__visibility_control.h
[9.987s] -- Installing: /home/yahboom/Desktop/S26_RobotProgramming_Iron/Lab4/chuang/intro_ws/install/turtle_interfaces/lib/libturtle_interfaces__rosidl_typesupport_introspection_c.so
[9.987s] -- Set runtime path of "/home/yahboom/Desktop/S26_RobotProgramming_Iron/Lab4/chuang/intro_ws/install/turtle_interfaces/lib/libturtle_interfaces__rosidl_typesupport_introspection_c.so" to ""
[9.987s] -- Installing: /home/yahboom/Desktop/S26_RobotProgramming_Iron/Lab4/chuang/intro_ws/install/turtle_interfaces/lib/libturtle_interfaces__rosidl_typesupport_c.so
[9.988s] -- Set runtime path of "/home/yahboom/Desktop/S26_RobotProgramming_Iron/Lab4/chuang/intro_ws/install/turtle_interfaces/lib/libturtle_interfaces__rosidl_typesupport_c.so" to ""
[9.988s] -- Up-to-date: /home/yahboom/Desktop/S26_RobotProgramming_Iron/Lab4/chuang/intro_ws/install/turtle_interfaces/include/turtle_interfaces/turtle_interfaces
[9.988s] -- Up-to-date: /home/yahboom/Desktop/S26_RobotProgramming_Iron/Lab4/chuang/intro_ws/install/turtle_interfaces/include/turtle_interfaces/turtle_interfaces/action
[9.988s] -- Up-to-date: /home/yahboom/Desktop/S26_RobotProgramming_Iron/Lab4/chuang/intro_ws/install/turtle_interfaces/include/turtle_interfaces/turtle_interfaces/action/detail
[9.988s] -- Installing: /home/yahboom/Desktop/S26_RobotProgramming_Iron/Lab4/chuang/intro_ws/install/turtle_interfaces/include/turtle_interfaces/turtle_interfaces/action/detail/make_square__builder.hpp
[9.988s] -- Installing: /home/yahboom/Desktop/S26_RobotProgramming_Iron/Lab4/chuang/intro_ws/install/turtle_interfaces/include/turtle_interfaces/turtle_interfaces/action/detail/make_square__traits.hpp
[9.989s] -- Installing: /home/yahboom/Desktop/S26_RobotProgramming_Iron/Lab4/chuang/intro_ws/install/turtle_interfaces/include/turtle_interfaces/turtle_interfaces/action/detail/make_square__struct.hpp
[9.989s] -- Installing: /home/yahboom/Desktop/S26_RobotProgramming_Iron/Lab4/chuang/intro_ws/install/turtle_interfaces/include/turtle_interfaces/turtle_interfaces/action/make_square.hpp
[9.989s] -- Up-to-date: /home/yahboom/Desktop/S26_RobotProgramming_Iron/Lab4/chuang/intro_ws/install/turtle_interfaces/include/turtle_interfaces/turtle_interfaces/srv
[9.989s] -- Up-to-date: /home/yahboom/Desktop/S26_RobotProgramming_Iron/Lab4/chuang/intro_ws/install/turtle_interfaces/include/turtle_interfaces/turtle_interfaces/srv/detail
[9.989s] -- Installing: /home/yahboom/Desktop/S26_RobotProgramming_Iron/Lab4/chuang/intro_ws/install/turtle_interfaces/include/turtle_interfaces/turtle_interfaces/srv/detail/set_colors__builder.hpp
[9.989s] -- Installing: /home/yahboom/Desktop/S26_RobotProgramming_Iron/Lab4/chuang/intro_ws/install/turtle_interfaces/include/turtle_interfaces/turtle_interfaces/srv/detail/set_colors__traits.hpp
[9.990s] -- Installing: /home/yahboom/Desktop/S26_RobotProgramming_Iron/Lab4/chuang/intro_ws/install/turtle_interfaces/include/turtle_interfaces/turtle_interfaces/srv/detail/set_colors__struct.hpp
[9.990s] -- Installing: /home/yahboom/Desktop/S26_RobotProgramming_Iron/Lab4/chuang/intro_ws/install/turtle_interfaces/include/turtle_interfaces/turtle_interfaces/srv/set_colors.hpp
[9.990s] -- Up-to-date: /home/yahboom/Desktop/S26_RobotProgramming_Iron/Lab4/chuang/intro_ws/install/turtle_interfaces/include/turtle_interfaces/turtle_interfaces/msg
[9.990s] -- Up-to-date: /home/yahboom/Desktop/S26_RobotProgramming_Iron/Lab4/chuang/intro_ws/install/turtle_interfaces/include/turtle_interfaces/turtle_interfaces/msg/detail
[9.990s] -- Installing: /home/yahboom/Desktop/S26_RobotProgramming_Iron/Lab4/chuang/intro_ws/install/turtle_interfaces/include/turtle_interfaces/turtle_interfaces/msg/detail/turtle_pose__builder.hpp
[9.991s] -- Installing: /home/yahboom/Desktop/S26_RobotProgramming_Iron/Lab4/chuang/intro_ws/install/turtle_interfaces/include/turtle_interfaces/turtle_interfaces/msg/detail/turtle_pose__traits.hpp
[9.991s] -- Installing: /home/yahboom/Desktop/S26_RobotProgramming_Iron/Lab4/chuang/intro_ws/install/turtle_interfaces/include/turtle_interfaces/turtle_interfaces/msg/detail/turtle_pose__struct.hpp
[9.991s] -- Installing: /home/yahboom/Desktop/S26_RobotProgramming_Iron/Lab4/chuang/intro_ws/install/turtle_interfaces/include/turtle_interfaces/turtle_interfaces/msg/turtle_pose.hpp
[9.991s] -- Up-to-date: /home/yahboom/Desktop/S26_RobotProgramming_Iron/Lab4/chuang/intro_ws/install/turtle_interfaces/include/turtle_interfaces/turtle_interfaces
[9.991s] -- Up-to-date: /home/yahboom/Desktop/S26_RobotProgramming_Iron/Lab4/chuang/intro_ws/install/turtle_interfaces/include/turtle_interfaces/turtle_interfaces/action
[9.991s] -- Up-to-date: /home/yahboom/Desktop/S26_RobotProgramming_Iron/Lab4/chuang/intro_ws/install/turtle_interfaces/include/turtle_interfaces/turtle_interfaces/action/detail
[9.992s] -- Installing: /home/yahboom/Desktop/S26_RobotProgramming_Iron/Lab4/chuang/intro_ws/install/turtle_interfaces/include/turtle_interfaces/turtle_interfaces/action/detail/make_square__rosidl_typesupport_fastrtps_cpp.hpp
[9.992s] -- Installing: /home/yahboom/Desktop/S26_RobotProgramming_Iron/Lab4/chuang/intro_ws/install/turtle_interfaces/include/turtle_interfaces/turtle_interfaces/action/detail/dds_fastrtps
[9.992s] -- Up-to-date: /home/yahboom/Desktop/S26_RobotProgramming_Iron/Lab4/chuang/intro_ws/install/turtle_interfaces/include/turtle_interfaces/turtle_interfaces/srv
[9.992s] -- Up-to-date: /home/yahboom/Desktop/S26_RobotProgramming_Iron/Lab4/chuang/intro_ws/install/turtle_interfaces/include/turtle_interfaces/turtle_interfaces/srv/detail
[9.992s] -- Installing: /home/yahboom/Desktop/S26_RobotProgramming_Iron/Lab4/chuang/intro_ws/install/turtle_interfaces/include/turtle_interfaces/turtle_interfaces/srv/detail/set_colors__rosidl_typesupport_fastrtps_cpp.hpp
[9.992s] -- Installing: /home/yahboom/Desktop/S26_RobotProgramming_Iron/Lab4/chuang/intro_ws/install/turtle_interfaces/include/turtle_interfaces/turtle_interfaces/srv/detail/dds_fastrtps
[9.992s] -- Up-to-date: /home/yahboom/Desktop/S26_RobotProgramming_Iron/Lab4/chuang/intro_ws/install/turtle_interfaces/include/turtle_interfaces/turtle_interfaces/msg
[9.992s] -- Up-to-date: /home/yahboom/Desktop/S26_RobotProgramming_Iron/Lab4/chuang/intro_ws/install/turtle_interfaces/include/turtle_interfaces/turtle_interfaces/msg/detail
[9.993s] -- Installing: /home/yahboom/Desktop/S26_RobotProgramming_Iron/Lab4/chuang/intro_ws/install/turtle_interfaces/include/turtle_interfaces/turtle_interfaces/msg/detail/dds_fastrtps
[9.993s] -- Installing: /home/yahboom/Desktop/S26_RobotProgramming_Iron/Lab4/chuang/intro_ws/install/turtle_interfaces/include/turtle_interfaces/turtle_interfaces/msg/detail/turtle_pose__rosidl_typesupport_fastrtps_cpp.hpp
[9.993s] -- Installing: /home/yahboom/Desktop/S26_RobotProgramming_Iron/Lab4/chuang/intro_ws/install/turtle_interfaces/include/turtle_interfaces/turtle_interfaces/msg/rosidl_typesupport_fastrtps_cpp__visibility_control.h
[9.993s] -- Installing: /home/yahboom/Desktop/S26_RobotProgramming_Iron/Lab4/chuang/intro_ws/install/turtle_interfaces/lib/libturtle_interfaces__rosidl_typesupport_fastrtps_cpp.so
[9.994s] -- Set runtime path of "/home/yahboom/Desktop/S26_RobotProgramming_Iron/Lab4/chuang/intro_ws/install/turtle_interfaces/lib/libturtle_interfaces__rosidl_typesupport_fastrtps_cpp.so" to ""
[9.994s] -- Up-to-date: /home/yahboom/Desktop/S26_RobotProgramming_Iron/Lab4/chuang/intro_ws/install/turtle_interfaces/include/turtle_interfaces/turtle_interfaces
[9.994s] -- Up-to-date: /home/yahboom/Desktop/S26_RobotProgramming_Iron/Lab4/chuang/intro_ws/install/turtle_interfaces/include/turtle_interfaces/turtle_interfaces/action
[9.994s] -- Up-to-date: /home/yahboom/Desktop/S26_RobotProgramming_Iron/Lab4/chuang/intro_ws/install/turtle_interfaces/include/turtle_interfaces/turtle_interfaces/action/detail
[9.994s] -- Installing: /home/yahboom/Desktop/S26_RobotProgramming_Iron/Lab4/chuang/intro_ws/install/turtle_interfaces/include/turtle_interfaces/turtle_interfaces/action/detail/make_square__rosidl_typesupport_introspection_cpp.hpp
[9.995s] -- Installing: /home/yahboom/Desktop/S26_RobotProgramming_Iron/Lab4/chuang/intro_ws/install/turtle_interfaces/include/turtle_interfaces/turtle_interfaces/action/detail/make_square__type_support.cpp
[9.995s] -- Up-to-date: /home/yahboom/Desktop/S26_RobotProgramming_Iron/Lab4/chuang/intro_ws/install/turtle_interfaces/include/turtle_interfaces/turtle_interfaces/srv
[9.995s] -- Up-to-date: /home/yahboom/Desktop/S26_RobotProgramming_Iron/Lab4/chuang/intro_ws/install/turtle_interfaces/include/turtle_interfaces/turtle_interfaces/srv/detail
[9.995s] -- Installing: /home/yahboom/Desktop/S26_RobotProgramming_Iron/Lab4/chuang/intro_ws/install/turtle_interfaces/include/turtle_interfaces/turtle_interfaces/srv/detail/set_colors__type_support.cpp
[9.995s] -- Installing: /home/yahboom/Desktop/S26_RobotProgramming_Iron/Lab4/chuang/intro_ws/install/turtle_interfaces/include/turtle_interfaces/turtle_interfaces/srv/detail/set_colors__rosidl_typesupport_introspection_cpp.hpp
[9.995s] -- Up-to-date: /home/yahboom/Desktop/S26_RobotProgramming_Iron/Lab4/chuang/intro_ws/install/turtle_interfaces/include/turtle_interfaces/turtle_interfaces/msg
[9.995s] -- Up-to-date: /home/yahboom/Desktop/S26_RobotProgramming_Iron/Lab4/chuang/intro_ws/install/turtle_interfaces/include/turtle_interfaces/turtle_interfaces/msg/detail
[9.996s] -- Installing: /home/yahboom/Desktop/S26_RobotProgramming_Iron/Lab4/chuang/intro_ws/install/turtle_interfaces/include/turtle_interfaces/turtle_interfaces/msg/detail/turtle_pose__rosidl_typesupport_introspection_cpp.hpp
[9.996s] -- Installing: /home/yahboom/Desktop/S26_RobotProgramming_Iron/Lab4/chuang/intro_ws/install/turtle_interfaces/include/turtle_interfaces/turtle_interfaces/msg/detail/turtle_pose__type_support.cpp
[9.996s] -- Installing: /home/yahboom/Desktop/S26_RobotProgramming_Iron/Lab4/chuang/intro_ws/install/turtle_interfaces/lib/libturtle_interfaces__rosidl_typesupport_introspection_cpp.so
[9.996s] -- Set runtime path of "/home/yahboom/Desktop/S26_RobotProgramming_Iron/Lab4/chuang/intro_ws/install/turtle_interfaces/lib/libturtle_interfaces__rosidl_typesupport_introspection_cpp.so" to ""
[9.996s] -- Installing: /home/yahboom/Desktop/S26_RobotProgramming_Iron/Lab4/chuang/intro_ws/install/turtle_interfaces/lib/libturtle_interfaces__rosidl_typesupport_cpp.so
[9.997s] -- Set runtime path of "/home/yahboom/Desktop/S26_RobotProgramming_Iron/Lab4/chuang/intro_ws/install/turtle_interfaces/lib/libturtle_interfaces__rosidl_typesupport_cpp.so" to ""
[9.997s] -- Installing: /home/yahboom/Desktop/S26_RobotProgramming_Iron/Lab4/chuang/intro_ws/install/turtle_interfaces/share/turtle_interfaces/environment/pythonpath.sh
[9.997s] -- Installing: /home/yahboom/Desktop/S26_RobotProgramming_Iron/Lab4/chuang/intro_ws/install/turtle_interfaces/share/turtle_interfaces/environment/pythonpath.dsv
[9.997s] -- Installing: /home/yahboom/Desktop/S26_RobotProgramming_Iron/Lab4/chuang/intro_ws/install/turtle_interfaces/local/lib/python3.10/dist-packages/turtle_interfaces-0.0.0-py3.10.egg-info
[9.997s] -- Installing: /home/yahboom/Desktop/S26_RobotProgramming_Iron/Lab4/chuang/intro_ws/install/turtle_interfaces/local/lib/python3.10/dist-packages/turtle_interfaces-0.0.0-py3.10.egg-info/top_level.txt
[9.998s] -- Installing: /home/yahboom/Desktop/S26_RobotProgramming_Iron/Lab4/chuang/intro_ws/install/turtle_interfaces/local/lib/python3.10/dist-packages/turtle_interfaces-0.0.0-py3.10.egg-info/PKG-INFO
[9.998s] -- Installing: /home/yahboom/Desktop/S26_RobotProgramming_Iron/Lab4/chuang/intro_ws/install/turtle_interfaces/local/lib/python3.10/dist-packages/turtle_interfaces-0.0.0-py3.10.egg-info/dependency_links.txt
[9.998s] -- Installing: /home/yahboom/Desktop/S26_RobotProgramming_Iron/Lab4/chuang/intro_ws/install/turtle_interfaces/local/lib/python3.10/dist-packages/turtle_interfaces-0.0.0-py3.10.egg-info/SOURCES.txt
[9.998s] -- Installing: /home/yahboom/Desktop/S26_RobotProgramming_Iron/Lab4/chuang/intro_ws/install/turtle_interfaces/local/lib/python3.10/dist-packages/turtle_interfaces
[9.998s] -- Installing: /home/yahboom/Desktop/S26_RobotProgramming_Iron/Lab4/chuang/intro_ws/install/turtle_interfaces/local/lib/python3.10/dist-packages/turtle_interfaces/libturtle_interfaces__rosidl_generator_py.so
[9.999s] -- Installing: /home/yahboom/Desktop/S26_RobotProgramming_Iron/Lab4/chuang/intro_ws/install/turtle_interfaces/local/lib/python3.10/dist-packages/turtle_interfaces/action
[9.999s] -- Installing: /home/yahboom/Desktop/S26_RobotProgramming_Iron/Lab4/chuang/intro_ws/install/turtle_interfaces/local/lib/python3.10/dist-packages/turtle_interfaces/action/_make_square.py
[9.999s] -- Installing: /home/yahboom/Desktop/S26_RobotProgramming_Iron/Lab4/chuang/intro_ws/install/turtle_interfaces/local/lib/python3.10/dist-packages/turtle_interfaces/action/__init__.py
[9.999s] -- Installing: /home/yahboom/Desktop/S26_RobotProgramming_Iron/Lab4/chuang/intro_ws/install/turtle_interfaces/local/lib/python3.10/dist-packages/turtle_interfaces/action/_make_square_s.c
[10.000s] -- Installing: /home/yahboom/Desktop/S26_RobotProgramming_Iron/Lab4/chuang/intro_ws/install/turtle_interfaces/local/lib/python3.10/dist-packages/turtle_interfaces/_turtle_interfaces_s.ep.rosidl_typesupport_c.c
[10.000s] -- Installing: /home/yahboom/Desktop/S26_RobotProgramming_Iron/Lab4/chuang/intro_ws/install/turtle_interfaces/local/lib/python3.10/dist-packages/turtle_interfaces/srv
[10.000s] -- Installing: /home/yahboom/Desktop/S26_RobotProgramming_Iron/Lab4/chuang/intro_ws/install/turtle_interfaces/local/lib/python3.10/dist-packages/turtle_interfaces/srv/__init__.py
[10.000s] -- Installing: /home/yahboom/Desktop/S26_RobotProgramming_Iron/Lab4/chuang/intro_ws/install/turtle_interfaces/local/lib/python3.10/dist-packages/turtle_interfaces/srv/_set_colors.py
[10.000s] -- Installing: /home/yahboom/Desktop/S26_RobotProgramming_Iron/Lab4/chuang/intro_ws/install/turtle_interfaces/local/lib/python3.10/dist-packages/turtle_interfaces/srv/_set_colors_s.c
[10.001s] -- Installing: /home/yahboom/Desktop/S26_RobotProgramming_Iron/Lab4/chuang/intro_ws/install/turtle_interfaces/local/lib/python3.10/dist-packages/turtle_interfaces/turtle_interfaces_s__rosidl_typesupport_introspection_c.cpython-310-x86_64-linux-gnu.so
[10.001s] -- Installing: /home/yahboom/Desktop/S26_RobotProgramming_Iron/Lab4/chuang/intro_ws/install/turtle_interfaces/local/lib/python3.10/dist-packages/turtle_interfaces/__init__.py
[10.001s] -- Installing: /home/yahboom/Desktop/S26_RobotProgramming_Iron/Lab4/chuang/intro_ws/install/turtle_interfaces/local/lib/python3.10/dist-packages/turtle_interfaces/turtle_interfaces_s__rosidl_typesupport_fastrtps_c.cpython-310-x86_64-linux-gnu.so
[10.001s] -- Installing: /home/yahboom/Desktop/S26_RobotProgramming_Iron/Lab4/chuang/intro_ws/install/turtle_interfaces/local/lib/python3.10/dist-packages/turtle_interfaces/_turtle_interfaces_s.ep.rosidl_typesupport_introspection_c.c
[10.002s] -- Installing: /home/yahboom/Desktop/S26_RobotProgramming_Iron/Lab4/chuang/intro_ws/install/turtle_interfaces/local/lib/python3.10/dist-packages/turtle_interfaces/msg
[10.002s] -- Installing: /home/yahboom/Desktop/S26_RobotProgramming_Iron/Lab4/chuang/intro_ws/install/turtle_interfaces/local/lib/python3.10/dist-packages/turtle_interfaces/msg/_turtle_pose.py
[10.003s] -- Installing: /home/yahboom/Desktop/S26_RobotProgramming_Iron/Lab4/chuang/intro_ws/install/turtle_interfaces/local/lib/python3.10/dist-packages/turtle_interfaces/msg/__init__.py
[10.003s] -- Installing: /home/yahboom/Desktop/S26_RobotProgramming_Iron/Lab4/chuang/intro_ws/install/turtle_interfaces/local/lib/python3.10/dist-packages/turtle_interfaces/msg/_turtle_pose_s.c
[10.003s] -- Installing: /home/yahboom/Desktop/S26_RobotProgramming_Iron/Lab4/chuang/intro_ws/install/turtle_interfaces/local/lib/python3.10/dist-packages/turtle_interfaces/turtle_interfaces_s__rosidl_typesupport_c.cpython-310-x86_64-linux-gnu.so
[10.004s] -- Installing: /home/yahboom/Desktop/S26_RobotProgramming_Iron/Lab4/chuang/intro_ws/install/turtle_interfaces/local/lib/python3.10/dist-packages/turtle_interfaces/_turtle_interfaces_s.ep.rosidl_typesupport_fastrtps_c.c
[10.076s] Listing '/home/yahboom/Desktop/S26_RobotProgramming_Iron/Lab4/chuang/intro_ws/install/turtle_interfaces/local/lib/python3.10/dist-packages/turtle_interfaces'...
[10.076s] Compiling '/home/yahboom/Desktop/S26_RobotProgramming_Iron/Lab4/chuang/intro_ws/install/turtle_interfaces/local/lib/python3.10/dist-packages/turtle_interfaces/__init__.py'...
[10.076s] Listing '/home/yahboom/Desktop/S26_RobotProgramming_Iron/Lab4/chuang/intro_ws/install/turtle_interfaces/local/lib/python3.10/dist-packages/turtle_interfaces/action'...
[10.076s] Compiling '/home/yahboom/Desktop/S26_RobotProgramming_Iron/Lab4/chuang/intro_ws/install/turtle_interfaces/local/lib/python3.10/dist-packages/turtle_interfaces/action/__init__.py'...
[10.077s] Compiling '/home/yahboom/Desktop/S26_RobotProgramming_Iron/Lab4/chuang/intro_ws/install/turtle_interfaces/local/lib/python3.10/dist-packages/turtle_interfaces/action/_make_square.py'...
[10.077s] Listing '/home/yahboom/Desktop/S26_RobotProgramming_Iron/Lab4/chuang/intro_ws/install/turtle_interfaces/local/lib/python3.10/dist-packages/turtle_interfaces/msg'...
[10.077s] Compiling '/home/yahboom/Desktop/S26_RobotProgramming_Iron/Lab4/chuang/intro_ws/install/turtle_interfaces/local/lib/python3.10/dist-packages/turtle_interfaces/msg/__init__.py'...
[10.077s] Compiling '/home/yahboom/Desktop/S26_RobotProgramming_Iron/Lab4/chuang/intro_ws/install/turtle_interfaces/local/lib/python3.10/dist-packages/turtle_interfaces/msg/_turtle_pose.py'...
[10.077s] Listing '/home/yahboom/Desktop/S26_RobotProgramming_Iron/Lab4/chuang/intro_ws/install/turtle_interfaces/local/lib/python3.10/dist-packages/turtle_interfaces/srv'...
[10.077s] Compiling '/home/yahboom/Desktop/S26_RobotProgramming_Iron/Lab4/chuang/intro_ws/install/turtle_interfaces/local/lib/python3.10/dist-packages/turtle_interfaces/srv/__init__.py'...
[10.077s] Compiling '/home/yahboom/Desktop/S26_RobotProgramming_Iron/Lab4/chuang/intro_ws/install/turtle_interfaces/local/lib/python3.10/dist-packages/turtle_interfaces/srv/_set_colors.py'...
[10.080s] -- Installing: /home/yahboom/Desktop/S26_RobotProgramming_Iron/Lab4/chuang/intro_ws/install/turtle_interfaces/local/lib/python3.10/dist-packages/turtle_interfaces/turtle_interfaces_s__rosidl_typesupport_fastrtps_c.cpython-310-x86_64-linux-gnu.so
[10.081s] -- Set runtime path of "/home/yahboom/Desktop/S26_RobotProgramming_Iron/Lab4/chuang/intro_ws/install/turtle_interfaces/local/lib/python3.10/dist-packages/turtle_interfaces/turtle_interfaces_s__rosidl_typesupport_fastrtps_c.cpython-310-x86_64-linux-gnu.so" to ""
[10.081s] -- Installing: /home/yahboom/Desktop/S26_RobotProgramming_Iron/Lab4/chuang/intro_ws/install/turtle_interfaces/local/lib/python3.10/dist-packages/turtle_interfaces/turtle_interfaces_s__rosidl_typesupport_introspection_c.cpython-310-x86_64-linux-gnu.so
[10.082s] -- Set runtime path of "/home/yahboom/Desktop/S26_RobotProgramming_Iron/Lab4/chuang/intro_ws/install/turtle_interfaces/local/lib/python3.10/dist-packages/turtle_interfaces/turtle_interfaces_s__rosidl_typesupport_introspection_c.cpython-310-x86_64-linux-gnu.so" to ""
[10.082s] -- Installing: /home/yahboom/Desktop/S26_RobotProgramming_Iron/Lab4/chuang/intro_ws/install/turtle_interfaces/local/lib/python3.10/dist-packages/turtle_interfaces/turtle_interfaces_s__rosidl_typesupport_c.cpython-310-x86_64-linux-gnu.so
[10.083s] -- Set runtime path of "/home/yahboom/Desktop/S26_RobotProgramming_Iron/Lab4/chuang/intro_ws/install/turtle_interfaces/local/lib/python3.10/dist-packages/turtle_interfaces/turtle_interfaces_s__rosidl_typesupport_c.cpython-310-x86_64-linux-gnu.so" to ""
[10.083s] -- Installing: /home/yahboom/Desktop/S26_RobotProgramming_Iron/Lab4/chuang/intro_ws/install/turtle_interfaces/lib/libturtle_interfaces__rosidl_generator_py.so
[10.084s] -- Set runtime path of "/home/yahboom/Desktop/S26_RobotProgramming_Iron/Lab4/chuang/intro_ws/install/turtle_interfaces/lib/libturtle_interfaces__rosidl_generator_py.so" to ""
[10.084s] -- Installing: /home/yahboom/Desktop/S26_RobotProgramming_Iron/Lab4/chuang/intro_ws/install/turtle_interfaces/share/turtle_interfaces/msg/TurtlePose.idl
[10.084s] -- Installing: /home/yahboom/Desktop/S26_RobotProgramming_Iron/Lab4/chuang/intro_ws/install/turtle_interfaces/share/turtle_interfaces/srv/SetColors.idl
[10.084s] -- Installing: /home/yahboom/Desktop/S26_RobotProgramming_Iron/Lab4/chuang/intro_ws/install/turtle_interfaces/share/turtle_interfaces/action/MakeSquare.idl
[10.085s] -- Installing: /home/yahboom/Desktop/S26_RobotProgramming_Iron/Lab4/chuang/intro_ws/install/turtle_interfaces/share/turtle_interfaces/msg/TurtlePose.msg
[10.085s] -- Installing: /home/yahboom/Desktop/S26_RobotProgramming_Iron/Lab4/chuang/intro_ws/install/turtle_interfaces/share/turtle_interfaces/srv/SetColors.srv
[10.085s] -- Installing: /home/yahboom/Desktop/S26_RobotProgramming_Iron/Lab4/chuang/intro_ws/install/turtle_interfaces/share/turtle_interfaces/srv/SetColors_Request.msg
[10.086s] -- Installing: /home/yahboom/Desktop/S26_RobotProgramming_Iron/Lab4/chuang/intro_ws/install/turtle_interfaces/share/turtle_interfaces/srv/SetColors_Response.msg
[10.086s] -- Installing: /home/yahboom/Desktop/S26_RobotProgramming_Iron/Lab4/chuang/intro_ws/install/turtle_interfaces/share/turtle_interfaces/action/MakeSquare.action
[10.086s] -- Installing: /home/yahboom/Desktop/S26_RobotProgramming_Iron/Lab4/chuang/intro_ws/install/turtle_interfaces/share/ament_index/resource_index/package_run_dependencies/turtle_interfaces
[10.087s] -- Installing: /home/yahboom/Desktop/S26_RobotProgramming_Iron/Lab4/chuang/intro_ws/install/turtle_interfaces/share/ament_index/resource_index/parent_prefix_path/turtle_interfaces
[10.087s] -- Installing: /home/yahboom/Desktop/S26_RobotProgramming_Iron/Lab4/chuang/intro_ws/install/turtle_interfaces/share/turtle_interfaces/environment/ament_prefix_path.sh
[10.087s] -- Installing: /home/yahboom/Desktop/S26_RobotProgramming_Iron/Lab4/chuang/intro_ws/install/turtle_interfaces/share/turtle_interfaces/environment/ament_prefix_path.dsv
[10.088s] -- Installing: /home/yahboom/Desktop/S26_RobotProgramming_Iron/Lab4/chuang/intro_ws/install/turtle_interfaces/share/turtle_interfaces/environment/path.sh
[10.088s] -- Installing: /home/yahboom/Desktop/S26_RobotProgramming_Iron/Lab4/chuang/intro_ws/install/turtle_interfaces/share/turtle_interfaces/environment/path.dsv
[10.088s] -- Installing: /home/yahboom/Desktop/S26_RobotProgramming_Iron/Lab4/chuang/intro_ws/install/turtle_interfaces/share/turtle_interfaces/local_setup.bash
[10.088s] -- Installing: /home/yahboom/Desktop/S26_RobotProgramming_Iron/Lab4/chuang/intro_ws/install/turtle_interfaces/share/turtle_interfaces/local_setup.sh
[10.089s] -- Installing: /home/yahboom/Desktop/S26_RobotProgramming_Iron/Lab4/chuang/intro_ws/install/turtle_interfaces/share/turtle_interfaces/local_setup.zsh
[10.089s] -- Installing: /home/yahboom/Desktop/S26_RobotProgramming_Iron/Lab4/chuang/intro_ws/install/turtle_interfaces/share/turtle_interfaces/local_setup.dsv
[10.089s] -- Installing: /home/yahboom/Desktop/S26_RobotProgramming_Iron/Lab4/chuang/intro_ws/install/turtle_interfaces/share/turtle_interfaces/package.dsv
[10.089s] -- Installing: /home/yahboom/Desktop/S26_RobotProgramming_Iron/Lab4/chuang/intro_ws/install/turtle_interfaces/share/ament_index/resource_index/packages/turtle_interfaces
[10.090s] -- Installing: /home/yahboom/Desktop/S26_RobotProgramming_Iron/Lab4/chuang/intro_ws/install/turtle_interfaces/share/turtle_interfaces/cmake/export_turtle_interfaces__rosidl_generator_cExport.cmake
[10.090s] -- Installing: /home/yahboom/Desktop/S26_RobotProgramming_Iron/Lab4/chuang/intro_ws/install/turtle_interfaces/share/turtle_interfaces/cmake/export_turtle_interfaces__rosidl_generator_cExport-noconfig.cmake
[10.090s] -- Installing: /home/yahboom/Desktop/S26_RobotProgramming_Iron/Lab4/chuang/intro_ws/install/turtle_interfaces/share/turtle_interfaces/cmake/export_turtle_interfaces__rosidl_typesupport_fastrtps_cExport.cmake
[10.090s] -- Installing: /home/yahboom/Desktop/S26_RobotProgramming_Iron/Lab4/chuang/intro_ws/install/turtle_interfaces/share/turtle_interfaces/cmake/export_turtle_interfaces__rosidl_typesupport_fastrtps_cExport-noconfig.cmake
[10.091s] -- Installing: /home/yahboom/Desktop/S26_RobotProgramming_Iron/Lab4/chuang/intro_ws/install/turtle_interfaces/share/turtle_interfaces/cmake/turtle_interfaces__rosidl_typesupport_introspection_cExport.cmake
[10.091s] -- Installing: /home/yahboom/Desktop/S26_RobotProgramming_Iron/Lab4/chuang/intro_ws/install/turtle_interfaces/share/turtle_interfaces/cmake/turtle_interfaces__rosidl_typesupport_introspection_cExport-noconfig.cmake
[10.091s] -- Installing: /home/yahboom/Desktop/S26_RobotProgramming_Iron/Lab4/chuang/intro_ws/install/turtle_interfaces/share/turtle_interfaces/cmake/turtle_interfaces__rosidl_typesupport_cExport.cmake
[10.091s] -- Installing: /home/yahboom/Desktop/S26_RobotProgramming_Iron/Lab4/chuang/intro_ws/install/turtle_interfaces/share/turtle_interfaces/cmake/turtle_interfaces__rosidl_typesupport_cExport-noconfig.cmake
[10.092s] -- Installing: /home/yahboom/Desktop/S26_RobotProgramming_Iron/Lab4/chuang/intro_ws/install/turtle_interfaces/share/turtle_interfaces/cmake/export_turtle_interfaces__rosidl_generator_cppExport.cmake
[10.092s] -- Installing: /home/yahboom/Desktop/S26_RobotProgramming_Iron/Lab4/chuang/intro_ws/install/turtle_interfaces/share/turtle_interfaces/cmake/export_turtle_interfaces__rosidl_typesupport_fastrtps_cppExport.cmake
[10.092s] -- Installing: /home/yahboom/Desktop/S26_RobotProgramming_Iron/Lab4/chuang/intro_ws/install/turtle_interfaces/share/turtle_interfaces/cmake/export_turtle_interfaces__rosidl_typesupport_fastrtps_cppExport-noconfig.cmake
[10.092s] -- Installing: /home/yahboom/Desktop/S26_RobotProgramming_Iron/Lab4/chuang/intro_ws/install/turtle_interfaces/share/turtle_interfaces/cmake/turtle_interfaces__rosidl_typesupport_introspection_cppExport.cmake
[10.093s] -- Installing: /home/yahboom/Desktop/S26_RobotProgramming_Iron/Lab4/chuang/intro_ws/install/turtle_interfaces/share/turtle_interfaces/cmake/turtle_interfaces__rosidl_typesupport_introspection_cppExport-noconfig.cmake
[10.093s] -- Installing: /home/yahboom/Desktop/S26_RobotProgramming_Iron/Lab4/chuang/intro_ws/install/turtle_interfaces/share/turtle_interfaces/cmake/turtle_interfaces__rosidl_typesupport_cppExport.cmake
[10.093s] -- Installing: /home/yahboom/Desktop/S26_RobotProgramming_Iron/Lab4/chuang/intro_ws/install/turtle_interfaces/share/turtle_interfaces/cmake/turtle_interfaces__rosidl_typesupport_cppExport-noconfig.cmake
[10.094s] -- Installing: /home/yahboom/Desktop/S26_RobotProgramming_Iron/Lab4/chuang/intro_ws/install/turtle_interfaces/share/turtle_interfaces/cmake/export_turtle_interfaces__rosidl_generator_pyExport.cmake
[10.094s] -- Installing: /home/yahboom/Desktop/S26_RobotProgramming_Iron/Lab4/chuang/intro_ws/install/turtle_interfaces/share/turtle_interfaces/cmake/export_turtle_interfaces__rosidl_generator_pyExport-noconfig.cmake
[10.094s] -- Installing: /home/yahboom/Desktop/S26_RobotProgramming_Iron/Lab4/chuang/intro_ws/install/turtle_interfaces/share/turtle_interfaces/cmake/rosidl_cmake-extras.cmake
[10.094s] -- Installing: /home/yahboom/Desktop/S26_RobotProgramming_Iron/Lab4/chuang/intro_ws/install/turtle_interfaces/share/turtle_interfaces/cmake/ament_cmake_export_dependencies-extras.cmake
[10.094s] -- Installing: /home/yahboom/Desktop/S26_RobotProgramming_Iron/Lab4/chuang/intro_ws/install/turtle_interfaces/share/turtle_interfaces/cmake/ament_cmake_export_include_directories-extras.cmake
[10.095s] -- Installing: /home/yahboom/Desktop/S26_RobotProgramming_Iron/Lab4/chuang/intro_ws/install/turtle_interfaces/share/turtle_interfaces/cmake/ament_cmake_export_libraries-extras.cmake
[10.095s] -- Installing: /home/yahboom/Desktop/S26_RobotProgramming_Iron/Lab4/chuang/intro_ws/install/turtle_interfaces/share/turtle_interfaces/cmake/ament_cmake_export_targets-extras.cmake
[10.095s] -- Installing: /home/yahboom/Desktop/S26_RobotProgramming_Iron/Lab4/chuang/intro_ws/install/turtle_interfaces/share/turtle_interfaces/cmake/rosidl_cmake_export_typesupport_targets-extras.cmake
[10.095s] -- Installing: /home/yahboom/Desktop/S26_RobotProgramming_Iron/Lab4/chuang/intro_ws/install/turtle_interfaces/share/turtle_interfaces/cmake/rosidl_cmake_export_typesupport_libraries-extras.cmake
[10.096s] -- Installing: /home/yahboom/Desktop/S26_RobotProgramming_Iron/Lab4/chuang/intro_ws/install/turtle_interfaces/share/turtle_interfaces/cmake/turtle_interfacesConfig.cmake
[10.096s] -- Installing: /home/yahboom/Desktop/S26_RobotProgramming_Iron/Lab4/chuang/intro_ws/install/turtle_interfaces/share/turtle_interfaces/cmake/turtle_interfacesConfig-version.cmake
[10.096s] -- Installing: /home/yahboom/Desktop/S26_RobotProgramming_Iron/Lab4/chuang/intro_ws/install/turtle_interfaces/share/turtle_interfaces/package.xml
[10.100s] Invoked command in '/home/yahboom/Desktop/S26_RobotProgramming_Iron/Lab4/chuang/intro_ws/build/turtle_interfaces' returned '0': CMAKE_PREFIX_PATH=${CMAKE_PREFIX_PATH}:/home/yahboom/Desktop/S26_RobotProgramming_Iron/Lab4/chuang/intro_ws/install/turtle_test:/home/yahboom/cartoros2/install/yahboomcar_nav:/home/yahboom/cartoros2/install/yahboomcar_ctrl:/home/yahboom/cartoros2/install/yahboom_visual:/home/yahboom/cartoros2/install/yahboom_dog_joint_state:/home/yahboom/cartoros2/install/yahboom_description:/home/yahboom/cartoros2/install/yahboom_color_identify_server:/home/yahboom/cartoros2/install/yahboom_bringup:/home/yahboom/cartoros2/install/yahboom_base:/home/yahboom/cartoros2/install/yahboom_app_save_map:/home/yahboom/cartoros2/install/update_map:/home/yahboom/cartoros2/install/rosboard:/home/yahboom/cartoros2/install/path_planner_server:/home/yahboom/cartoros2/install/nav2_simple_commander:/home/yahboom/cartoros2/install/nav2_gazebo_spawner:/home/yahboom/cartoros2/install/localization_server:/home/yahboom/cartoros2/install/laserscan_to_point_pulisher:/home/yahboom/yahboomcar_ws/install/yahboom_dog_example:/opt/ros/humble: /usr/bin/cmake --install /home/yahboom/Desktop/S26_RobotProgramming_Iron/Lab4/chuang/intro_ws/build/turtle_interfaces
