[0.029s] Invoking command in '/home/yahboom/Desktop/S26_RobotProgramming_Iron/Lab3/chuang/roscourse_ws/build/turtle_interfaces': CMAKE_PREFIX_PATH=${CMAKE_PREFIX_PATH}:/home/yahboom/Desktop/S26_RobotProgramming_Iron/Lab3/chuang/roscourse_ws/install/webcam:/opt/ros/humble:/home/yahboom/cartoros2/install/yahboomcar_nav:/home/yahboom/cartoros2/install/yahboomcar_ctrl:/home/yahboom/cartoros2/install/yahboom_visual:/home/yahboom/cartoros2/install/yahboom_dog_joint_state:/home/yahboom/cartoros2/install/yahboom_description:/home/yahboom/cartoros2/install/yahboom_color_identify_server:/home/yahboom/cartoros2/install/yahboom_bringup:/home/yahboom/cartoros2/install/yahboom_base:/home/yahboom/cartoros2/install/yahboom_app_save_map:/home/yahboom/cartoros2/install/update_map:/home/yahboom/cartoros2/install/rosboard:/home/yahboom/cartoros2/install/path_planner_server:/home/yahboom/cartoros2/install/nav2_simple_commander:/home/yahboom/cartoros2/install/nav2_gazebo_spawner:/home/yahboom/cartoros2/install/localization_server:/home/yahboom/cartoros2/install/laserscan_to_point_pulisher:/home/yahboom/yahboomcar_ws/install/yahboom_dog_example /usr/bin/cmake --build /home/yahboom/Desktop/S26_RobotProgramming_Iron/Lab3/chuang/roscourse_ws/build/turtle_interfaces -- -j4 -l4
[0.131s] [  2%] [32mBuilding C object CMakeFiles/turtle_interfaces__rosidl_generator_c.dir/rosidl_generator_c/turtle_interfaces/msg/detail/turtle_msg__functions.c.o[0m
[0.138s] [  4%] Built target turtle_interfaces__cpp
[0.145s] In file included from [01m[K/home/yahboom/Desktop/S26_RobotProgramming_Iron/Lab3/chuang/roscourse_ws/build/turtle_interfaces/rosidl_generator_c/turtle_interfaces/msg/detail/turtle_msg__functions.c:4[m[K:
[0.145s] [01m[K/home/yahboom/Desktop/S26_RobotProgramming_Iron/Lab3/chuang/roscourse_ws/build/turtle_interfaces/rosidl_generator_c/turtle_interfaces/msg/detail/turtle_msg__functions.h:14:10:[m[K [01;31m[Kfatal error: [m[Kstdlib.h: No such file or directory
[0.145s]    14 | #include [01;31m[K<stdlib.h>[m[K
[0.145s]       |          [01;31m[K^~~~~~~~~~[m[K
[0.145s] compilation terminated.
[0.145s] gmake[2]: *** [CMakeFiles/turtle_interfaces__rosidl_generator_c.dir/build.make:196: CMakeFiles/turtle_interfaces__rosidl_generator_c.dir/rosidl_generator_c/turtle_interfaces/msg/detail/turtle_msg__functions.c.o] Error 1
[0.148s] gmake[2]: *** Waiting for unfinished jobs....
[0.152s] [  6%] [32mBuilding C object CMakeFiles/turtle_interfaces__rosidl_generator_c.dir/rosidl_generator_c/turtle_interfaces/srv/detail/set_pose__functions.c.o[0m
[0.152s] [  6%] Built target ament_cmake_python_copy_turtle_interfaces
[0.166s] [  8%] [32mBuilding C object CMakeFiles/turtle_interfaces__rosidl_generator_c.dir/rosidl_generator_c/turtle_interfaces/srv/detail/set_color__functions.c.o[0m
[0.170s] In file included from [01m[K/home/yahboom/Desktop/S26_RobotProgramming_Iron/Lab3/chuang/roscourse_ws/build/turtle_interfaces/rosidl_generator_c/turtle_interfaces/srv/detail/set_pose__functions.c:4[m[K:
[0.170s] [01m[K/home/yahboom/Desktop/S26_RobotProgramming_Iron/Lab3/chuang/roscourse_ws/build/turtle_interfaces/rosidl_generator_c/turtle_interfaces/srv/detail/set_pose__functions.h:14:10:[m[K [01;31m[Kfatal error: [m[Kstdlib.h: No such file or directory
[0.170s]    14 | #include [01;31m[K<stdlib.h>[m[K
[0.170s]       |          [01;31m[K^~~~~~~~~~[m[K
[0.171s] compilation terminated.
[0.171s] gmake[2]: *** [CMakeFiles/turtle_interfaces__rosidl_generator_c.dir/build.make:210: CMakeFiles/turtle_interfaces__rosidl_generator_c.dir/rosidl_generator_c/turtle_interfaces/srv/detail/set_pose__functions.c.o] Error 1
[0.178s] In file included from [01m[K/home/yahboom/Desktop/S26_RobotProgramming_Iron/Lab3/chuang/roscourse_ws/build/turtle_interfaces/rosidl_generator_c/turtle_interfaces/srv/detail/set_color__functions.c:4[m[K:
[0.178s] [01m[K/home/yahboom/Desktop/S26_RobotProgramming_Iron/Lab3/chuang/roscourse_ws/build/turtle_interfaces/rosidl_generator_c/turtle_interfaces/srv/detail/set_color__functions.h:14:10:[m[K [01;31m[Kfatal error: [m[Kstdlib.h: No such file or directory
[0.178s]    14 | #include [01;31m[K<stdlib.h>[m[K
[0.178s]       |          [01;31m[K^~~~~~~~~~[m[K
[0.178s] compilation terminated.
[0.179s] gmake[2]: *** [CMakeFiles/turtle_interfaces__rosidl_generator_c.dir/build.make:224: CMakeFiles/turtle_interfaces__rosidl_generator_c.dir/rosidl_generator_c/turtle_interfaces/srv/detail/set_color__functions.c.o] Error 1
[0.179s] gmake[1]: *** [CMakeFiles/Makefile2:213: CMakeFiles/turtle_interfaces__rosidl_generator_c.dir/all] Error 2
[0.179s] gmake[1]: *** Waiting for unfinished jobs....
[0.198s] [ 10%] [32mBuilding CXX object CMakeFiles/turtle_interfaces__rosidl_typesupport_fastrtps_cpp.dir/rosidl_typesupport_fastrtps_cpp/turtle_interfaces/msg/detail/dds_fastrtps/turtle_msg__type_support.cpp.o[0m
[0.204s] [ 12%] [32mBuilding CXX object CMakeFiles/turtle_interfaces__rosidl_typesupport_fastrtps_cpp.dir/rosidl_typesupport_fastrtps_cpp/turtle_interfaces/srv/detail/dds_fastrtps/set_pose__type_support.cpp.o[0m
[0.213s] In file included from [01m[K/usr/include/x86_64-linux-gnu/c++/11/bits/c++config.h:586[m[K,
[0.213s]                  from [01m[K/usr/include/c++/11/utility:68[m[K,
[0.213s]                  from [01m[K/usr/include/c++/11/algorithm:60[m[K,
[0.213s]                  from [01m[K/home/yahboom/Desktop/S26_RobotProgramming_Iron/Lab3/chuang/roscourse_ws/build/turtle_interfaces/rosidl_generator_cpp/turtle_interfaces/msg/detail/turtle_msg__struct.hpp:8[m[K,
[0.213s]                  from [01m[K/home/yahboom/Desktop/S26_RobotProgramming_Iron/Lab3/chuang/roscourse_ws/build/turtle_interfaces/rosidl_typesupport_fastrtps_cpp/turtle_interfaces/msg/detail/turtle_msg__rosidl_typesupport_fastrtps_cpp.hpp:11[m[K,
[0.214s]                  from [01m[K/home/yahboom/Desktop/S26_RobotProgramming_Iron/Lab3/chuang/roscourse_ws/build/turtle_interfaces/rosidl_typesupport_fastrtps_cpp/turtle_interfaces/msg/detail/dds_fastrtps/turtle_msg__type_support.cpp:4[m[K:
[0.214s] [01m[K/usr/include/x86_64-linux-gnu/c++/11/bits/os_defines.h:39:10:[m[K [01;31m[Kfatal error: [m[Kfeatures.h: No such file or directory
[0.214s]    39 | #include [01;31m[K<features.h>[m[K
[0.214s]       |          [01;31m[K^~~~~~~~~~~~[m[K
[0.214s] compilation terminated.
[0.214s] gmake[2]: *** [CMakeFiles/turtle_interfaces__rosidl_typesupport_fastrtps_cpp.dir/build.make:164: CMakeFiles/turtle_interfaces__rosidl_typesupport_fastrtps_cpp.dir/rosidl_typesupport_fastrtps_cpp/turtle_interfaces/msg/detail/dds_fastrtps/turtle_msg__type_support.cpp.o] Error 1
[0.214s] gmake[2]: *** Waiting for unfinished jobs....
[0.220s] In file included from [01m[K/usr/include/x86_64-linux-gnu/c++/11/bits/c++config.h:586[m[K,
[0.220s]                  from [01m[K/usr/include/c++/11/utility:68[m[K,
[0.220s]                  from [01m[K/usr/include/c++/11/algorithm:60[m[K,
[0.220s]                  from [01m[K/home/yahboom/Desktop/S26_RobotProgramming_Iron/Lab3/chuang/roscourse_ws/build/turtle_interfaces/rosidl_generator_cpp/turtle_interfaces/srv/detail/set_pose__struct.hpp:8[m[K,
[0.220s]                  from [01m[K/home/yahboom/Desktop/S26_RobotProgramming_Iron/Lab3/chuang/roscourse_ws/build/turtle_interfaces/rosidl_typesupport_fastrtps_cpp/turtle_interfaces/srv/detail/set_pose__rosidl_typesupport_fastrtps_cpp.hpp:11[m[K,
[0.220s]                  from [01m[K/home/yahboom/Desktop/S26_RobotProgramming_Iron/Lab3/chuang/roscourse_ws/build/turtle_interfaces/rosidl_typesupport_fastrtps_cpp/turtle_interfaces/srv/detail/dds_fastrtps/set_pose__type_support.cpp:4[m[K:
[0.220s] [01m[K/usr/include/x86_64-linux-gnu/c++/11/bits/os_defines.h:39:10:[m[K [01;31m[Kfatal error: [m[Kfeatures.h: No such file or directory
[0.220s]    39 | #include [01;31m[K<features.h>[m[K
[0.220s]       |          [01;31m[K^~~~~~~~~~~~[m[K
[0.220s] compilation terminated.
[0.221s] gmake[2]: *** [CMakeFiles/turtle_interfaces__rosidl_typesupport_fastrtps_cpp.dir/build.make:178: CMakeFiles/turtle_interfaces__rosidl_typesupport_fastrtps_cpp.dir/rosidl_typesupport_fastrtps_cpp/turtle_interfaces/srv/detail/dds_fastrtps/set_pose__type_support.cpp.o] Error 1
[0.221s] gmake[1]: *** [CMakeFiles/Makefile2:291: CMakeFiles/turtle_interfaces__rosidl_typesupport_fastrtps_cpp.dir/all] Error 2
[0.224s] [ 14%] [32mBuilding CXX object CMakeFiles/turtle_interfaces__rosidl_typesupport_introspection_cpp.dir/rosidl_typesupport_introspection_cpp/turtle_interfaces/msg/detail/turtle_msg__type_support.cpp.o[0m
[0.230s] [ 17%] [32mBuilding CXX object CMakeFiles/turtle_interfaces__rosidl_typesupport_cpp.dir/rosidl_typesupport_cpp/turtle_interfaces/msg/turtle_msg__type_support.cpp.o[0m
[0.241s] [ 21%] [32mBuilding CXX object CMakeFiles/turtle_interfaces__rosidl_typesupport_introspection_cpp.dir/rosidl_typesupport_introspection_cpp/turtle_interfaces/srv/detail/set_color__type_support.cpp.o[0m
[0.241s] [ 21%] [32mBuilding CXX object CMakeFiles/turtle_interfaces__rosidl_typesupport_introspection_cpp.dir/rosidl_typesupport_introspection_cpp/turtle_interfaces/srv/detail/set_pose__type_support.cpp.o[0m
[0.246s] In file included from [01m[K/usr/include/x86_64-linux-gnu/c++/11/bits/c++config.h:586[m[K,
[0.246s]                  from [01m[K/usr/include/c++/11/utility:68[m[K,
[0.246s]                  from [01m[K/usr/include/c++/11/array:38[m[K,
[0.246s]                  from [01m[K/home/yahboom/Desktop/S26_RobotProgramming_Iron/Lab3/chuang/roscourse_ws/build/turtle_interfaces/rosidl_typesupport_introspection_cpp/turtle_interfaces/msg/detail/turtle_msg__type_support.cpp:5[m[K:
[0.246s] [01m[K/usr/include/x86_64-linux-gnu/c++/11/bits/os_defines.h:39:10:[m[K [01;31m[Kfatal error: [m[Kfeatures.h: No such file or directory
[0.246s]    39 | #include [01;31m[K<features.h>[m[K
[0.246s]       |          [01;31m[K^~~~~~~~~~~~[m[K
[0.246s] compilation terminated.
[0.249s] gmake[2]: *** [CMakeFiles/turtle_interfaces__rosidl_typesupport_introspection_cpp.dir/build.make:164: CMakeFiles/turtle_interfaces__rosidl_typesupport_introspection_cpp.dir/rosidl_typesupport_introspection_cpp/turtle_interfaces/msg/detail/turtle_msg__type_support.cpp.o] Error 1
[0.249s] gmake[2]: *** Waiting for unfinished jobs....
[0.256s] In file included from [01m[K/usr/include/x86_64-linux-gnu/c++/11/bits/c++config.h:586[m[K,
[0.256s]                  from [01m[K/usr/include/c++/11/utility:68[m[K,
[0.256s]                  from [01m[K/usr/include/c++/11/array:38[m[K,
[0.256s]                  from [01m[K/home/yahboom/Desktop/S26_RobotProgramming_Iron/Lab3/chuang/roscourse_ws/build/turtle_interfaces/rosidl_typesupport_introspection_cpp/turtle_interfaces/srv/detail/set_pose__type_support.cpp:5[m[K:
[0.256s] [01m[K/usr/include/x86_64-linux-gnu/c++/11/bits/os_defines.h:39:10:[m[K [01;31m[Kfatal error: [m[Kfeatures.h: No such file or directory
[0.256s]    39 | #include [01;31m[K<features.h>[m[K
[0.256s]       |          [01;31m[K^~~~~~~~~~~~[m[K
[0.256s] compilation terminated.
[0.257s] gmake[2]: *** [CMakeFiles/turtle_interfaces__rosidl_typesupport_introspection_cpp.dir/build.make:178: CMakeFiles/turtle_interfaces__rosidl_typesupport_introspection_cpp.dir/rosidl_typesupport_introspection_cpp/turtle_interfaces/srv/detail/set_pose__type_support.cpp.o] Error 1
[0.259s] In file included from [01m[K/usr/include/x86_64-linux-gnu/c++/11/bits/c++config.h:586[m[K,
[0.259s]                  from [01m[K/usr/include/c++/11/utility:68[m[K,
[0.259s]                  from [01m[K/usr/include/c++/11/array:38[m[K,
[0.259s]                  from [01m[K/home/yahboom/Desktop/S26_RobotProgramming_Iron/Lab3/chuang/roscourse_ws/build/turtle_interfaces/rosidl_typesupport_introspection_cpp/turtle_interfaces/srv/detail/set_color__type_support.cpp:5[m[K:
[0.259s] [01m[K/usr/include/x86_64-linux-gnu/c++/11/bits/os_defines.h:39:10:[m[K [01;31m[Kfatal error: [m[Kfeatures.h: No such file or directory
[0.259s]    39 | #include [01;31m[K<features.h>[m[K
[0.259s]       |          [01;31m[K^~~~~~~~~~~~[m[K
[0.259s] compilation terminated.
[0.259s] gmake[2]: *** [CMakeFiles/turtle_interfaces__rosidl_typesupport_introspection_cpp.dir/build.make:192: CMakeFiles/turtle_interfaces__rosidl_typesupport_introspection_cpp.dir/rosidl_typesupport_introspection_cpp/turtle_interfaces/srv/detail/set_color__type_support.cpp.o] Error 1
[0.260s] gmake[1]: *** [CMakeFiles/Makefile2:369: CMakeFiles/turtle_interfaces__rosidl_typesupport_introspection_cpp.dir/all] Error 2
[0.260s] In file included from [01m[K/usr/include/x86_64-linux-gnu/c++/11/bits/c++config.h:586[m[K,
[0.260s]                  from [01m[K/usr/include/c++/11/cstddef:49[m[K,
[0.260s]                  from [01m[K/home/yahboom/Desktop/S26_RobotProgramming_Iron/Lab3/chuang/roscourse_ws/build/turtle_interfaces/rosidl_typesupport_cpp/turtle_interfaces/msg/turtle_msg__type_support.cpp:5[m[K:
[0.261s] [01m[K/usr/include/x86_64-linux-gnu/c++/11/bits/os_defines.h:39:10:[m[K [01;31m[Kfatal error: [m[Kfeatures.h: No such file or directory
[0.261s]    39 | #include [01;31m[K<features.h>[m[K
[0.261s]       |          [01;31m[K^~~~~~~~~~~~[m[K
[0.261s] compilation terminated.
[0.262s] gmake[2]: *** [CMakeFiles/turtle_interfaces__rosidl_typesupport_cpp.dir/build.make:153: CMakeFiles/turtle_interfaces__rosidl_typesupport_cpp.dir/rosidl_typesupport_cpp/turtle_interfaces/msg/turtle_msg__type_support.cpp.o] Error 1
[0.262s] gmake[2]: *** Waiting for unfinished jobs....
[0.269s] [ 23%] [32mBuilding CXX object CMakeFiles/turtle_interfaces__rosidl_typesupport_cpp.dir/rosidl_typesupport_cpp/turtle_interfaces/srv/set_pose__type_support.cpp.o[0m
[0.274s] [ 25%] [32mBuilding CXX object CMakeFiles/turtle_interfaces__rosidl_typesupport_cpp.dir/rosidl_typesupport_cpp/turtle_interfaces/srv/set_color__type_support.cpp.o[0m
[0.282s] In file included from [01m[K/usr/include/x86_64-linux-gnu/c++/11/bits/c++config.h:586[m[K,
[0.282s]                  from [01m[K/usr/include/c++/11/cstddef:49[m[K,
[0.282s]                  from [01m[K/home/yahboom/Desktop/S26_RobotProgramming_Iron/Lab3/chuang/roscourse_ws/build/turtle_interfaces/rosidl_typesupport_cpp/turtle_interfaces/srv/set_pose__type_support.cpp:5[m[K:
[0.282s] [01m[K/usr/include/x86_64-linux-gnu/c++/11/bits/os_defines.h:39:10:[m[K [01;31m[Kfatal error: [m[Kfeatures.h: No such file or directory
[0.283s]    39 | #include [01;31m[K<features.h>[m[K
[0.283s]       |          [01;31m[K^~~~~~~~~~~~[m[K
[0.283s] compilation terminated.
[0.283s] gmake[2]: *** [CMakeFiles/turtle_interfaces__rosidl_typesupport_cpp.dir/build.make:167: CMakeFiles/turtle_interfaces__rosidl_typesupport_cpp.dir/rosidl_typesupport_cpp/turtle_interfaces/srv/set_pose__type_support.cpp.o] Error 1
[0.286s] In file included from [01m[K/usr/include/x86_64-linux-gnu/c++/11/bits/c++config.h:586[m[K,
[0.286s]                  from [01m[K/usr/include/c++/11/cstddef:49[m[K,
[0.286s]                  from [01m[K/home/yahboom/Desktop/S26_RobotProgramming_Iron/Lab3/chuang/roscourse_ws/build/turtle_interfaces/rosidl_typesupport_cpp/turtle_interfaces/srv/set_color__type_support.cpp:5[m[K:
[0.287s] [01m[K/usr/include/x86_64-linux-gnu/c++/11/bits/os_defines.h:39:10:[m[K [01;31m[Kfatal error: [m[Kfeatures.h: No such file or directory
[0.287s]    39 | #include [01;31m[K<features.h>[m[K
[0.287s]       |          [01;31m[K^~~~~~~~~~~~[m[K
[0.287s] compilation terminated.
[0.287s] gmake[2]: *** [CMakeFiles/turtle_interfaces__rosidl_typesupport_cpp.dir/build.make:181: CMakeFiles/turtle_interfaces__rosidl_typesupport_cpp.dir/rosidl_typesupport_cpp/turtle_interfaces/srv/set_color__type_support.cpp.o] Error 1
[0.288s] gmake[1]: *** [CMakeFiles/Makefile2:395: CMakeFiles/turtle_interfaces__rosidl_typesupport_cpp.dir/all] Error 2
[0.288s] gmake: *** [Makefile:146: all] Error 2
[0.349s] Invoked command in '/home/yahboom/Desktop/S26_RobotProgramming_Iron/Lab3/chuang/roscourse_ws/build/turtle_interfaces' returned '2': CMAKE_PREFIX_PATH=${CMAKE_PREFIX_PATH}:/home/yahboom/Desktop/S26_RobotProgramming_Iron/Lab3/chuang/roscourse_ws/install/webcam:/opt/ros/humble:/home/yahboom/cartoros2/install/yahboomcar_nav:/home/yahboom/cartoros2/install/yahboomcar_ctrl:/home/yahboom/cartoros2/install/yahboom_visual:/home/yahboom/cartoros2/install/yahboom_dog_joint_state:/home/yahboom/cartoros2/install/yahboom_description:/home/yahboom/cartoros2/install/yahboom_color_identify_server:/home/yahboom/cartoros2/install/yahboom_bringup:/home/yahboom/cartoros2/install/yahboom_base:/home/yahboom/cartoros2/install/yahboom_app_save_map:/home/yahboom/cartoros2/install/update_map:/home/yahboom/cartoros2/install/rosboard:/home/yahboom/cartoros2/install/path_planner_server:/home/yahboom/cartoros2/install/nav2_simple_commander:/home/yahboom/cartoros2/install/nav2_gazebo_spawner:/home/yahboom/cartoros2/install/localization_server:/home/yahboom/cartoros2/install/laserscan_to_point_pulisher:/home/yahboom/yahboomcar_ws/install/yahboom_dog_example /usr/bin/cmake --build /home/yahboom/Desktop/S26_RobotProgramming_Iron/Lab3/chuang/roscourse_ws/build/turtle_interfaces -- -j4 -l4
