[1.828s] Invoking command in '/home/yahboom/intro_ws/src/examples/rclpy/actions/minimal_action_server': PYTHONPATH=/home/yahboom/intro_ws/build/examples_rclpy_minimal_action_server/prefix_override:/usr/lib/python3/dist-packages/colcon_core/task/python/colcon_distutils_commands:/home/yahboom/intro_ws/install/examples_rclpy_minimal_action_server/lib/python3.10/site-packages:${PYTHONPATH} /usr/bin/python3 -W ignore:setup.py install is deprecated -W ignore:easy_install command is deprecated setup.py egg_info --egg-base ../../../../../build/examples_rclpy_minimal_action_server build --build-base /home/yahboom/intro_ws/build/examples_rclpy_minimal_action_server/build install --record /home/yahboom/intro_ws/build/examples_rclpy_minimal_action_server/install.log --single-version-externally-managed install_data
[2.580s] running egg_info
[2.580s] creating ../../../../../build/examples_rclpy_minimal_action_server/examples_rclpy_minimal_action_server.egg-info
[2.580s] writing ../../../../../build/examples_rclpy_minimal_action_server/examples_rclpy_minimal_action_server.egg-info/PKG-INFO
[2.580s] writing dependency_links to ../../../../../build/examples_rclpy_minimal_action_server/examples_rclpy_minimal_action_server.egg-info/dependency_links.txt
[2.580s] writing entry points to ../../../../../build/examples_rclpy_minimal_action_server/examples_rclpy_minimal_action_server.egg-info/entry_points.txt
[2.580s] writing requirements to ../../../../../build/examples_rclpy_minimal_action_server/examples_rclpy_minimal_action_server.egg-info/requires.txt
[2.580s] writing top-level names to ../../../../../build/examples_rclpy_minimal_action_server/examples_rclpy_minimal_action_server.egg-info/top_level.txt
[2.580s] writing manifest file '../../../../../build/examples_rclpy_minimal_action_server/examples_rclpy_minimal_action_server.egg-info/SOURCES.txt'
[2.587s] reading manifest file '../../../../../build/examples_rclpy_minimal_action_server/examples_rclpy_minimal_action_server.egg-info/SOURCES.txt'
[2.589s] writing manifest file '../../../../../build/examples_rclpy_minimal_action_server/examples_rclpy_minimal_action_server.egg-info/SOURCES.txt'
[2.590s] running build
[2.590s] running build_py
[2.591s] creating /home/yahboom/intro_ws/build/examples_rclpy_minimal_action_server/build
[2.591s] creating /home/yahboom/intro_ws/build/examples_rclpy_minimal_action_server/build/lib
[2.591s] creating /home/yahboom/intro_ws/build/examples_rclpy_minimal_action_server/build/lib/examples_rclpy_minimal_action_server
[2.592s] copying examples_rclpy_minimal_action_server/server_not_composable.py -> /home/yahboom/intro_ws/build/examples_rclpy_minimal_action_server/build/lib/examples_rclpy_minimal_action_server
[2.595s] copying examples_rclpy_minimal_action_server/server_queue_goals.py -> /home/yahboom/intro_ws/build/examples_rclpy_minimal_action_server/build/lib/examples_rclpy_minimal_action_server
[2.596s] copying examples_rclpy_minimal_action_server/server_single_goal.py -> /home/yahboom/intro_ws/build/examples_rclpy_minimal_action_server/build/lib/examples_rclpy_minimal_action_server
[2.598s] copying examples_rclpy_minimal_action_server/__init__.py -> /home/yahboom/intro_ws/build/examples_rclpy_minimal_action_server/build/lib/examples_rclpy_minimal_action_server
[2.598s] copying examples_rclpy_minimal_action_server/server.py -> /home/yahboom/intro_ws/build/examples_rclpy_minimal_action_server/build/lib/examples_rclpy_minimal_action_server
[2.600s] copying examples_rclpy_minimal_action_server/server_defer.py -> /home/yahboom/intro_ws/build/examples_rclpy_minimal_action_server/build/lib/examples_rclpy_minimal_action_server
[2.601s] running install
[2.603s] running install_lib
[2.605s] creating /home/yahboom/intro_ws/install/examples_rclpy_minimal_action_server/lib/python3.10/site-packages/examples_rclpy_minimal_action_server
[2.605s] copying /home/yahboom/intro_ws/build/examples_rclpy_minimal_action_server/build/lib/examples_rclpy_minimal_action_server/server_not_composable.py -> /home/yahboom/intro_ws/install/examples_rclpy_minimal_action_server/lib/python3.10/site-packages/examples_rclpy_minimal_action_server
[2.606s] copying /home/yahboom/intro_ws/build/examples_rclpy_minimal_action_server/build/lib/examples_rclpy_minimal_action_server/server_queue_goals.py -> /home/yahboom/intro_ws/install/examples_rclpy_minimal_action_server/lib/python3.10/site-packages/examples_rclpy_minimal_action_server
[2.606s] copying /home/yahboom/intro_ws/build/examples_rclpy_minimal_action_server/build/lib/examples_rclpy_minimal_action_server/server_single_goal.py -> /home/yahboom/intro_ws/install/examples_rclpy_minimal_action_server/lib/python3.10/site-packages/examples_rclpy_minimal_action_server
[2.607s] copying /home/yahboom/intro_ws/build/examples_rclpy_minimal_action_server/build/lib/examples_rclpy_minimal_action_server/__init__.py -> /home/yahboom/intro_ws/install/examples_rclpy_minimal_action_server/lib/python3.10/site-packages/examples_rclpy_minimal_action_server
[2.607s] copying /home/yahboom/intro_ws/build/examples_rclpy_minimal_action_server/build/lib/examples_rclpy_minimal_action_server/server.py -> /home/yahboom/intro_ws/install/examples_rclpy_minimal_action_server/lib/python3.10/site-packages/examples_rclpy_minimal_action_server
[2.607s] copying /home/yahboom/intro_ws/build/examples_rclpy_minimal_action_server/build/lib/examples_rclpy_minimal_action_server/server_defer.py -> /home/yahboom/intro_ws/install/examples_rclpy_minimal_action_server/lib/python3.10/site-packages/examples_rclpy_minimal_action_server
[2.607s] byte-compiling /home/yahboom/intro_ws/install/examples_rclpy_minimal_action_server/lib/python3.10/site-packages/examples_rclpy_minimal_action_server/server_not_composable.py to server_not_composable.cpython-310.pyc
[2.609s] byte-compiling /home/yahboom/intro_ws/install/examples_rclpy_minimal_action_server/lib/python3.10/site-packages/examples_rclpy_minimal_action_server/server_queue_goals.py to server_queue_goals.cpython-310.pyc
[2.611s] byte-compiling /home/yahboom/intro_ws/install/examples_rclpy_minimal_action_server/lib/python3.10/site-packages/examples_rclpy_minimal_action_server/server_single_goal.py to server_single_goal.cpython-310.pyc
[2.612s] byte-compiling /home/yahboom/intro_ws/install/examples_rclpy_minimal_action_server/lib/python3.10/site-packages/examples_rclpy_minimal_action_server/__init__.py to __init__.cpython-310.pyc
[2.615s] byte-compiling /home/yahboom/intro_ws/install/examples_rclpy_minimal_action_server/lib/python3.10/site-packages/examples_rclpy_minimal_action_server/server.py to server.cpython-310.pyc
[2.615s] byte-compiling /home/yahboom/intro_ws/install/examples_rclpy_minimal_action_server/lib/python3.10/site-packages/examples_rclpy_minimal_action_server/server_defer.py to server_defer.cpython-310.pyc
[2.617s] running install_data
[2.617s] creating /home/yahboom/intro_ws/install/examples_rclpy_minimal_action_server/share/ament_index
[2.617s] creating /home/yahboom/intro_ws/install/examples_rclpy_minimal_action_server/share/ament_index/resource_index
[2.618s] creating /home/yahboom/intro_ws/install/examples_rclpy_minimal_action_server/share/ament_index/resource_index/packages
[2.618s] copying resource/examples_rclpy_minimal_action_server -> /home/yahboom/intro_ws/install/examples_rclpy_minimal_action_server/share/ament_index/resource_index/packages
[2.618s] copying package.xml -> /home/yahboom/intro_ws/install/examples_rclpy_minimal_action_server/share/examples_rclpy_minimal_action_server
[2.618s] running install_egg_info
[2.623s] Copying ../../../../../build/examples_rclpy_minimal_action_server/examples_rclpy_minimal_action_server.egg-info to /home/yahboom/intro_ws/install/examples_rclpy_minimal_action_server/lib/python3.10/site-packages/examples_rclpy_minimal_action_server-0.15.5-py3.10.egg-info
[2.624s] running install_scripts
[2.683s] Installing server script to /home/yahboom/intro_ws/install/examples_rclpy_minimal_action_server/lib/examples_rclpy_minimal_action_server
[2.683s] Installing server_defer script to /home/yahboom/intro_ws/install/examples_rclpy_minimal_action_server/lib/examples_rclpy_minimal_action_server
[2.683s] Installing server_not_composable script to /home/yahboom/intro_ws/install/examples_rclpy_minimal_action_server/lib/examples_rclpy_minimal_action_server
[2.683s] Installing server_queue_goals script to /home/yahboom/intro_ws/install/examples_rclpy_minimal_action_server/lib/examples_rclpy_minimal_action_server
[2.684s] Installing server_single_goal script to /home/yahboom/intro_ws/install/examples_rclpy_minimal_action_server/lib/examples_rclpy_minimal_action_server
[2.684s] writing list of installed files to '/home/yahboom/intro_ws/build/examples_rclpy_minimal_action_server/install.log'
[2.736s] Invoked command in '/home/yahboom/intro_ws/src/examples/rclpy/actions/minimal_action_server' returned '0': PYTHONPATH=/home/yahboom/intro_ws/build/examples_rclpy_minimal_action_server/prefix_override:/usr/lib/python3/dist-packages/colcon_core/task/python/colcon_distutils_commands:/home/yahboom/intro_ws/install/examples_rclpy_minimal_action_server/lib/python3.10/site-packages:${PYTHONPATH} /usr/bin/python3 -W ignore:setup.py install is deprecated -W ignore:easy_install command is deprecated setup.py egg_info --egg-base ../../../../../build/examples_rclpy_minimal_action_server build --build-base /home/yahboom/intro_ws/build/examples_rclpy_minimal_action_server/build install --record /home/yahboom/intro_ws/build/examples_rclpy_minimal_action_server/install.log --single-version-externally-managed install_data
