[0.019s] Invoking command in '/home/yahboom/S26_RobotProgramming_Iron/final_ws/build/raspbot_patrol': CMAKE_PREFIX_PATH=${CMAKE_PREFIX_PATH}:/opt/ros/humble /usr/bin/cmake /home/yahboom/S26_RobotProgramming_Iron/final_ws/src/raspbot_patrol -DCMAKE_INSTALL_PREFIX=/home/yahboom/S26_RobotProgramming_Iron/final_ws/install/raspbot_patrol
[0.264s] -- The C compiler identification is GNU 11.4.0
[0.433s] -- The CXX compiler identification is GNU 11.4.0
[0.457s] -- Detecting C compiler ABI info
[0.608s] -- Detecting C compiler ABI info - done
[0.612s] -- Check for working C compiler: /usr/bin/cc - skipped
[0.615s] -- Detecting C compile features
[0.616s] -- Detecting C compile features - done
[0.621s] -- Detecting CXX compiler ABI info
[0.784s] -- Detecting CXX compiler ABI info - done
[0.789s] -- Check for working CXX compiler: /usr/bin/c++ - skipped
[0.790s] -- Detecting CXX compile features
[0.790s] -- Detecting CXX compile features - done
[0.810s] -- Found ament_cmake: 1.3.8 (/opt/ros/humble/share/ament_cmake/cmake)
[1.020s] -- Found Python3: /usr/bin/python3 (found version "3.10.12") found components: Interpreter 
[1.187s] -- Found rclcpp: 16.0.8 (/opt/ros/humble/share/rclcpp/cmake)
[1.303s] -- Found rosidl_generator_c: 3.1.5 (/opt/ros/humble/share/rosidl_generator_c/cmake)
[1.316s] -- Found rosidl_adapter: 3.1.5 (/opt/ros/humble/share/rosidl_adapter/cmake)
[1.339s] -- Found rosidl_generator_cpp: 3.1.5 (/opt/ros/humble/share/rosidl_generator_cpp/cmake)
[1.373s] -- Using all available rosidl_typesupport_c: rosidl_typesupport_fastrtps_c;rosidl_typesupport_introspection_c
[1.410s] -- Using all available rosidl_typesupport_cpp: rosidl_typesupport_fastrtps_cpp;rosidl_typesupport_introspection_cpp
[1.539s] -- Found rmw_implementation_cmake: 6.1.1 (/opt/ros/humble/share/rmw_implementation_cmake/cmake)
[1.547s] -- Found rmw_fastrtps_cpp: 6.2.6 (/opt/ros/humble/share/rmw_fastrtps_cpp/cmake)
[1.756s] -- Found OpenSSL: /usr/lib/x86_64-linux-gnu/libcrypto.so (found version "3.0.2")  
[1.789s] -- Found FastRTPS: /opt/ros/humble/include  
[1.848s] -- Using RMW implementation 'rmw_fastrtps_cpp' as default
[1.872s] -- Looking for pthread.h
[2.038s] -- Looking for pthread.h - found
[2.039s] -- Performing Test CMAKE_HAVE_LIBC_PTHREAD
[2.181s] -- Performing Test CMAKE_HAVE_LIBC_PTHREAD - Success
[2.183s] -- Found Threads: TRUE  
[2.421s] -- Found geometry_msgs: 4.2.3 (/opt/ros/humble/share/geometry_msgs/cmake)
[2.488s] -- Found rosidl_default_generators: 1.2.0 (/opt/ros/humble/share/rosidl_default_generators/cmake)
[3.004s] -- Found ament_cmake_ros: 0.10.0 (/opt/ros/humble/share/ament_cmake_ros/cmake)
[3.604s] -- Using all available rosidl_typesupport_c: rosidl_typesupport_fastrtps_c;rosidl_typesupport_introspection_c
[3.832s] -- Using all available rosidl_typesupport_cpp: rosidl_typesupport_fastrtps_cpp;rosidl_typesupport_introspection_cpp
[3.868s] -- Found PythonInterp: /usr/bin/python3 (found suitable version "3.10.12", minimum required is "3.6") 
[3.875s] -- Found python_cmake_module: 0.10.0 (/opt/ros/humble/share/python_cmake_module/cmake)
[3.912s] -- Found PythonLibs: /usr/lib/x86_64-linux-gnu/libpython3.10.so (found suitable version "3.10.12", minimum required is "3.5") 
[3.912s] -- Using PYTHON_EXECUTABLE: /usr/bin/python3
[3.912s] -- Using PYTHON_INCLUDE_DIRS: /usr/include/python3.10
[3.912s] -- Using PYTHON_LIBRARIES: /usr/lib/x86_64-linux-gnu/libpython3.10.so
[3.941s] -- Found PythonExtra: .so  
[4.037s] -- Found ament_lint_auto: 0.12.10 (/opt/ros/humble/share/ament_lint_auto/cmake)
[4.092s] -- Added test 'lint_cmake' to check CMake code style
[4.097s] -- Added test 'xmllint' to check XML markup files
[4.102s] -- Configuring done
[4.170s] -- Generating done
[4.173s] -- Build files have been written to: /home/yahboom/S26_RobotProgramming_Iron/final_ws/build/raspbot_patrol
[4.186s] Invoked command in '/home/yahboom/S26_RobotProgramming_Iron/final_ws/build/raspbot_patrol' returned '0': CMAKE_PREFIX_PATH=${CMAKE_PREFIX_PATH}:/opt/ros/humble /usr/bin/cmake /home/yahboom/S26_RobotProgramming_Iron/final_ws/src/raspbot_patrol -DCMAKE_INSTALL_PREFIX=/home/yahboom/S26_RobotProgramming_Iron/final_ws/install/raspbot_patrol
[4.190s] Invoking command in '/home/yahboom/S26_RobotProgramming_Iron/final_ws/build/raspbot_patrol': CMAKE_PREFIX_PATH=${CMAKE_PREFIX_PATH}:/opt/ros/humble /usr/bin/cmake --build /home/yahboom/S26_RobotProgramming_Iron/final_ws/build/raspbot_patrol -- -j4 -l4
[4.289s] [  2%] [34m[1mGenerating C code for ROS interfaces[0m
[4.330s] [  5%] [34m[1mGenerating C++ code for ROS interfaces[0m
[4.361s] [  5%] Built target ament_cmake_python_copy_raspbot_patrol
[4.758s] running egg_info
[4.758s] creating raspbot_patrol.egg-info
[4.758s] writing raspbot_patrol.egg-info/PKG-INFO
[4.758s] writing dependency_links to raspbot_patrol.egg-info/dependency_links.txt
[4.758s] writing top-level names to raspbot_patrol.egg-info/top_level.txt
[4.758s] writing manifest file 'raspbot_patrol.egg-info/SOURCES.txt'
[4.763s] reading manifest file 'raspbot_patrol.egg-info/SOURCES.txt'
[4.763s] writing manifest file 'raspbot_patrol.egg-info/SOURCES.txt'
[4.804s] [  5%] Built target ament_cmake_python_build_raspbot_patrol_egg
[4.879s] [  5%] Built target raspbot_patrol__cpp
[4.883s] [  7%] [32mBuilding C object CMakeFiles/raspbot_patrol__rosidl_generator_c.dir/rosidl_generator_c/raspbot_patrol/msg/detail/patrol_status__functions.c.o[0m
[4.883s] [ 10%] [32mBuilding C object CMakeFiles/raspbot_patrol__rosidl_generator_c.dir/rosidl_generator_c/raspbot_patrol/action/detail/go_to_waypoint__functions.c.o[0m
[4.911s] [ 12%] [34m[1mGenerating C++ type support for eProsima Fast-RTPS[0m
[4.914s] [ 15%] [34m[1mGenerating C++ type support dispatch for ROS interfaces[0m
[5.139s] [ 17%] [34m[1mGenerating C++ introspection for ROS interfaces[0m
[5.217s] [ 20%] [32m[1mLinking C shared library libraspbot_patrol__rosidl_generator_c.so[0m
[5.241s] [ 23%] [32mBuilding CXX object CMakeFiles/raspbot_patrol__rosidl_typesupport_cpp.dir/rosidl_typesupport_cpp/raspbot_patrol/msg/patrol_status__type_support.cpp.o[0m
[5.326s] [ 23%] Built target raspbot_patrol__rosidl_generator_c
[5.365s] [ 25%] [32mBuilding CXX object CMakeFiles/raspbot_patrol__rosidl_typesupport_cpp.dir/rosidl_typesupport_cpp/raspbot_patrol/action/go_to_waypoint__type_support.cpp.o[0m
[5.484s] [ 28%] [32mBuilding CXX object CMakeFiles/raspbot_patrol__rosidl_typesupport_fastrtps_cpp.dir/rosidl_typesupport_fastrtps_cpp/raspbot_patrol/msg/detail/dds_fastrtps/patrol_status__type_support.cpp.o[0m
[5.561s] [ 30%] [32mBuilding CXX object CMakeFiles/raspbot_patrol__rosidl_typesupport_introspection_cpp.dir/rosidl_typesupport_introspection_cpp/raspbot_patrol/msg/detail/patrol_status__type_support.cpp.o[0m
[6.019s] [ 33%] [32mBuilding CXX object CMakeFiles/raspbot_patrol__rosidl_typesupport_fastrtps_cpp.dir/rosidl_typesupport_fastrtps_cpp/raspbot_patrol/action/detail/dds_fastrtps/go_to_waypoint__type_support.cpp.o[0m
[6.178s] [ 35%] [34m[1mGenerating C type support for eProsima Fast-RTPS[0m
[6.233s] [ 38%] [32mBuilding CXX object CMakeFiles/raspbot_patrol__rosidl_typesupport_introspection_cpp.dir/rosidl_typesupport_introspection_cpp/raspbot_patrol/action/detail/go_to_waypoint__type_support.cpp.o[0m
[6.338s] [ 41%] [32m[1mLinking CXX shared library libraspbot_patrol__rosidl_typesupport_cpp.so[0m
[6.458s] [ 41%] Built target raspbot_patrol__rosidl_typesupport_cpp
[6.495s] [ 43%] [34m[1mGenerating C introspection for ROS interfaces[0m
[6.700s] [ 46%] [32mBuilding CXX object CMakeFiles/raspbot_patrol__rosidl_typesupport_fastrtps_c.dir/rosidl_typesupport_fastrtps_c/raspbot_patrol/msg/detail/patrol_status__type_support_c.cpp.o[0m
[7.040s] [ 48%] [32m[1mLinking CXX shared library libraspbot_patrol__rosidl_typesupport_fastrtps_cpp.so[0m
[7.122s] [ 51%] [32mBuilding C object CMakeFiles/raspbot_patrol__rosidl_typesupport_introspection_c.dir/rosidl_typesupport_introspection_c/raspbot_patrol/msg/detail/patrol_status__type_support.c.o[0m
[7.228s] [ 53%] [32m[1mLinking CXX shared library libraspbot_patrol__rosidl_typesupport_introspection_cpp.so[0m
[7.251s] [ 56%] [32mBuilding C object CMakeFiles/raspbot_patrol__rosidl_typesupport_introspection_c.dir/rosidl_typesupport_introspection_c/raspbot_patrol/action/detail/go_to_waypoint__type_support.c.o[0m
[7.308s] [ 56%] Built target raspbot_patrol__rosidl_typesupport_fastrtps_cpp
[7.354s] [ 58%] [34m[1mGenerating C type support dispatch for ROS interfaces[0m
[7.380s] [ 61%] [32m[1mLinking C shared library libraspbot_patrol__rosidl_typesupport_introspection_c.so[0m
[7.407s] [ 64%] [32mBuilding CXX object CMakeFiles/raspbot_patrol__rosidl_typesupport_fastrtps_c.dir/rosidl_typesupport_fastrtps_c/raspbot_patrol/action/detail/go_to_waypoint__type_support_c.cpp.o[0m
[7.491s] [ 64%] Built target raspbot_patrol__rosidl_typesupport_introspection_cpp
[7.502s] [ 64%] Built target raspbot_patrol__rosidl_typesupport_introspection_c
[7.669s] [ 66%] [32mBuilding CXX object CMakeFiles/raspbot_patrol__rosidl_typesupport_c.dir/rosidl_typesupport_c/raspbot_patrol/action/go_to_waypoint__type_support.cpp.o[0m
[7.669s] [ 69%] [32mBuilding CXX object CMakeFiles/raspbot_patrol__rosidl_typesupport_c.dir/rosidl_typesupport_c/raspbot_patrol/msg/patrol_status__type_support.cpp.o[0m
[7.805s] [ 71%] [32m[1mLinking CXX shared library libraspbot_patrol__rosidl_typesupport_c.so[0m
[7.899s] [ 71%] Built target raspbot_patrol__rosidl_typesupport_c
[7.927s] [ 74%] [32m[1mLinking CXX shared library libraspbot_patrol__rosidl_typesupport_fastrtps_c.so[0m
[8.063s] [ 74%] Built target raspbot_patrol__rosidl_typesupport_fastrtps_c
[8.110s] [ 74%] Built target raspbot_patrol
[8.155s] [ 76%] [34m[1mGenerating Python code for ROS interfaces[0m
[8.760s] [ 76%] Built target raspbot_patrol__py
[8.813s] [ 79%] [32mBuilding C object CMakeFiles/raspbot_patrol__rosidl_generator_py.dir/rosidl_generator_py/raspbot_patrol/msg/_patrol_status_s.c.o[0m
[8.813s] [ 82%] [32mBuilding C object CMakeFiles/raspbot_patrol__rosidl_generator_py.dir/rosidl_generator_py/raspbot_patrol/action/_go_to_waypoint_s.c.o[0m
[9.108s] [ 84%] [32m[1mLinking C shared library rosidl_generator_py/raspbot_patrol/libraspbot_patrol__rosidl_generator_py.so[0m
[9.202s] [ 84%] Built target raspbot_patrol__rosidl_generator_py
[9.256s] [ 87%] [32mBuilding C object CMakeFiles/raspbot_patrol__rosidl_typesupport_introspection_c__pyext.dir/rosidl_generator_py/raspbot_patrol/_raspbot_patrol_s.ep.rosidl_typesupport_introspection_c.c.o[0m
[9.268s] [ 89%] [32mBuilding C object CMakeFiles/raspbot_patrol__rosidl_typesupport_c__pyext.dir/rosidl_generator_py/raspbot_patrol/_raspbot_patrol_s.ep.rosidl_typesupport_c.c.o[0m
[9.272s] [ 92%] [32mBuilding C object CMakeFiles/raspbot_patrol__rosidl_typesupport_fastrtps_c__pyext.dir/rosidl_generator_py/raspbot_patrol/_raspbot_patrol_s.ep.rosidl_typesupport_fastrtps_c.c.o[0m
[9.540s] [ 94%] [32m[1mLinking C shared library rosidl_generator_py/raspbot_patrol/raspbot_patrol_s__rosidl_typesupport_c.cpython-310-x86_64-linux-gnu.so[0m
[9.548s] [ 97%] [32m[1mLinking C shared library rosidl_generator_py/raspbot_patrol/raspbot_patrol_s__rosidl_typesupport_introspection_c.cpython-310-x86_64-linux-gnu.so[0m
[9.554s] [100%] [32m[1mLinking C shared library rosidl_generator_py/raspbot_patrol/raspbot_patrol_s__rosidl_typesupport_fastrtps_c.cpython-310-x86_64-linux-gnu.so[0m
[9.663s] [100%] Built target raspbot_patrol__rosidl_typesupport_c__pyext
[9.676s] [100%] Built target raspbot_patrol__rosidl_typesupport_fastrtps_c__pyext
[9.692s] [100%] Built target raspbot_patrol__rosidl_typesupport_introspection_c__pyext
[9.714s] Invoked command in '/home/yahboom/S26_RobotProgramming_Iron/final_ws/build/raspbot_patrol' returned '0': CMAKE_PREFIX_PATH=${CMAKE_PREFIX_PATH}:/opt/ros/humble /usr/bin/cmake --build /home/yahboom/S26_RobotProgramming_Iron/final_ws/build/raspbot_patrol -- -j4 -l4
[10.035s] Invoking command in '/home/yahboom/S26_RobotProgramming_Iron/final_ws/build/raspbot_patrol': CMAKE_PREFIX_PATH=${CMAKE_PREFIX_PATH}:/opt/ros/humble /usr/bin/cmake --install /home/yahboom/S26_RobotProgramming_Iron/final_ws/build/raspbot_patrol
[10.052s] -- Install configuration: ""
[10.052s] -- Installing: /home/yahboom/S26_RobotProgramming_Iron/final_ws/install/raspbot_patrol/share/ament_index/resource_index/rosidl_interfaces/raspbot_patrol
[10.053s] -- Installing: /home/yahboom/S26_RobotProgramming_Iron/final_ws/install/raspbot_patrol/include/raspbot_patrol/raspbot_patrol
[10.053s] -- Installing: /home/yahboom/S26_RobotProgramming_Iron/final_ws/install/raspbot_patrol/include/raspbot_patrol/raspbot_patrol/action
[10.053s] -- Installing: /home/yahboom/S26_RobotProgramming_Iron/final_ws/install/raspbot_patrol/include/raspbot_patrol/raspbot_patrol/action/detail
[10.054s] -- Installing: /home/yahboom/S26_RobotProgramming_Iron/final_ws/install/raspbot_patrol/include/raspbot_patrol/raspbot_patrol/action/detail/go_to_waypoint__struct.h
[10.054s] -- Installing: /home/yahboom/S26_RobotProgramming_Iron/final_ws/install/raspbot_patrol/include/raspbot_patrol/raspbot_patrol/action/detail/go_to_waypoint__functions.h
[10.054s] -- Installing: /home/yahboom/S26_RobotProgramming_Iron/final_ws/install/raspbot_patrol/include/raspbot_patrol/raspbot_patrol/action/detail/go_to_waypoint__type_support.h
[10.054s] -- Installing: /home/yahboom/S26_RobotProgramming_Iron/final_ws/install/raspbot_patrol/include/raspbot_patrol/raspbot_patrol/action/detail/go_to_waypoint__functions.c
[10.054s] -- Installing: /home/yahboom/S26_RobotProgramming_Iron/final_ws/install/raspbot_patrol/include/raspbot_patrol/raspbot_patrol/action/go_to_waypoint.h
[10.054s] -- Installing: /home/yahboom/S26_RobotProgramming_Iron/final_ws/install/raspbot_patrol/include/raspbot_patrol/raspbot_patrol/msg
[10.055s] -- Installing: /home/yahboom/S26_RobotProgramming_Iron/final_ws/install/raspbot_patrol/include/raspbot_patrol/raspbot_patrol/msg/patrol_status.h
[10.055s] -- Installing: /home/yahboom/S26_RobotProgramming_Iron/final_ws/install/raspbot_patrol/include/raspbot_patrol/raspbot_patrol/msg/detail
[10.055s] -- Installing: /home/yahboom/S26_RobotProgramming_Iron/final_ws/install/raspbot_patrol/include/raspbot_patrol/raspbot_patrol/msg/detail/patrol_status__functions.h
[10.056s] -- Installing: /home/yahboom/S26_RobotProgramming_Iron/final_ws/install/raspbot_patrol/include/raspbot_patrol/raspbot_patrol/msg/detail/patrol_status__type_support.h
[10.056s] -- Installing: /home/yahboom/S26_RobotProgramming_Iron/final_ws/install/raspbot_patrol/include/raspbot_patrol/raspbot_patrol/msg/detail/patrol_status__functions.c
[10.056s] -- Installing: /home/yahboom/S26_RobotProgramming_Iron/final_ws/install/raspbot_patrol/include/raspbot_patrol/raspbot_patrol/msg/detail/patrol_status__struct.h
[10.056s] -- Installing: /home/yahboom/S26_RobotProgramming_Iron/final_ws/install/raspbot_patrol/include/raspbot_patrol/raspbot_patrol/msg/rosidl_generator_c__visibility_control.h
[10.057s] -- Installing: /home/yahboom/S26_RobotProgramming_Iron/final_ws/install/raspbot_patrol/share/raspbot_patrol/environment/library_path.sh
[10.057s] -- Installing: /home/yahboom/S26_RobotProgramming_Iron/final_ws/install/raspbot_patrol/share/raspbot_patrol/environment/library_path.dsv
[10.057s] -- Installing: /home/yahboom/S26_RobotProgramming_Iron/final_ws/install/raspbot_patrol/lib/libraspbot_patrol__rosidl_generator_c.so
[10.059s] -- Set runtime path of "/home/yahboom/S26_RobotProgramming_Iron/final_ws/install/raspbot_patrol/lib/libraspbot_patrol__rosidl_generator_c.so" to ""
[10.059s] -- Up-to-date: /home/yahboom/S26_RobotProgramming_Iron/final_ws/install/raspbot_patrol/include/raspbot_patrol/raspbot_patrol
[10.059s] -- Up-to-date: /home/yahboom/S26_RobotProgramming_Iron/final_ws/install/raspbot_patrol/include/raspbot_patrol/raspbot_patrol/action
[10.059s] -- Up-to-date: /home/yahboom/S26_RobotProgramming_Iron/final_ws/install/raspbot_patrol/include/raspbot_patrol/raspbot_patrol/action/detail
[10.060s] -- Installing: /home/yahboom/S26_RobotProgramming_Iron/final_ws/install/raspbot_patrol/include/raspbot_patrol/raspbot_patrol/action/detail/go_to_waypoint__rosidl_typesupport_fastrtps_c.h
[10.060s] -- Up-to-date: /home/yahboom/S26_RobotProgramming_Iron/final_ws/install/raspbot_patrol/include/raspbot_patrol/raspbot_patrol/msg
[10.060s] -- Up-to-date: /home/yahboom/S26_RobotProgramming_Iron/final_ws/install/raspbot_patrol/include/raspbot_patrol/raspbot_patrol/msg/detail
[10.060s] -- Installing: /home/yahboom/S26_RobotProgramming_Iron/final_ws/install/raspbot_patrol/include/raspbot_patrol/raspbot_patrol/msg/detail/patrol_status__rosidl_typesupport_fastrtps_c.h
[10.060s] -- Installing: /home/yahboom/S26_RobotProgramming_Iron/final_ws/install/raspbot_patrol/include/raspbot_patrol/raspbot_patrol/msg/rosidl_typesupport_fastrtps_c__visibility_control.h
[10.060s] -- Installing: /home/yahboom/S26_RobotProgramming_Iron/final_ws/install/raspbot_patrol/lib/libraspbot_patrol__rosidl_typesupport_fastrtps_c.so
[10.062s] -- Set runtime path of "/home/yahboom/S26_RobotProgramming_Iron/final_ws/install/raspbot_patrol/lib/libraspbot_patrol__rosidl_typesupport_fastrtps_c.so" to ""
[10.062s] -- Up-to-date: /home/yahboom/S26_RobotProgramming_Iron/final_ws/install/raspbot_patrol/include/raspbot_patrol/raspbot_patrol
[10.062s] -- Up-to-date: /home/yahboom/S26_RobotProgramming_Iron/final_ws/install/raspbot_patrol/include/raspbot_patrol/raspbot_patrol/action
[10.062s] -- Up-to-date: /home/yahboom/S26_RobotProgramming_Iron/final_ws/install/raspbot_patrol/include/raspbot_patrol/raspbot_patrol/action/detail
[10.063s] -- Installing: /home/yahboom/S26_RobotProgramming_Iron/final_ws/install/raspbot_patrol/include/raspbot_patrol/raspbot_patrol/action/detail/go_to_waypoint__traits.hpp
[10.063s] -- Installing: /home/yahboom/S26_RobotProgramming_Iron/final_ws/install/raspbot_patrol/include/raspbot_patrol/raspbot_patrol/action/detail/go_to_waypoint__struct.hpp
[10.063s] -- Installing: /home/yahboom/S26_RobotProgramming_Iron/final_ws/install/raspbot_patrol/include/raspbot_patrol/raspbot_patrol/action/detail/go_to_waypoint__builder.hpp
[10.063s] -- Installing: /home/yahboom/S26_RobotProgramming_Iron/final_ws/install/raspbot_patrol/include/raspbot_patrol/raspbot_patrol/action/go_to_waypoint.hpp
[10.063s] -- Up-to-date: /home/yahboom/S26_RobotProgramming_Iron/final_ws/install/raspbot_patrol/include/raspbot_patrol/raspbot_patrol/msg
[10.064s] -- Up-to-date: /home/yahboom/S26_RobotProgramming_Iron/final_ws/install/raspbot_patrol/include/raspbot_patrol/raspbot_patrol/msg/detail
[10.065s] -- Installing: /home/yahboom/S26_RobotProgramming_Iron/final_ws/install/raspbot_patrol/include/raspbot_patrol/raspbot_patrol/msg/detail/patrol_status__traits.hpp
[10.065s] -- Installing: /home/yahboom/S26_RobotProgramming_Iron/final_ws/install/raspbot_patrol/include/raspbot_patrol/raspbot_patrol/msg/detail/patrol_status__struct.hpp
[10.065s] -- Installing: /home/yahboom/S26_RobotProgramming_Iron/final_ws/install/raspbot_patrol/include/raspbot_patrol/raspbot_patrol/msg/detail/patrol_status__builder.hpp
[10.065s] -- Installing: /home/yahboom/S26_RobotProgramming_Iron/final_ws/install/raspbot_patrol/include/raspbot_patrol/raspbot_patrol/msg/patrol_status.hpp
[10.065s] -- Up-to-date: /home/yahboom/S26_RobotProgramming_Iron/final_ws/install/raspbot_patrol/include/raspbot_patrol/raspbot_patrol
[10.065s] -- Up-to-date: /home/yahboom/S26_RobotProgramming_Iron/final_ws/install/raspbot_patrol/include/raspbot_patrol/raspbot_patrol/action
[10.066s] -- Up-to-date: /home/yahboom/S26_RobotProgramming_Iron/final_ws/install/raspbot_patrol/include/raspbot_patrol/raspbot_patrol/action/detail
[10.066s] -- Installing: /home/yahboom/S26_RobotProgramming_Iron/final_ws/install/raspbot_patrol/include/raspbot_patrol/raspbot_patrol/action/detail/go_to_waypoint__rosidl_typesupport_fastrtps_cpp.hpp
[10.066s] -- Installing: /home/yahboom/S26_RobotProgramming_Iron/final_ws/install/raspbot_patrol/include/raspbot_patrol/raspbot_patrol/action/detail/dds_fastrtps
[10.067s] -- Up-to-date: /home/yahboom/S26_RobotProgramming_Iron/final_ws/install/raspbot_patrol/include/raspbot_patrol/raspbot_patrol/msg
[10.067s] -- Up-to-date: /home/yahboom/S26_RobotProgramming_Iron/final_ws/install/raspbot_patrol/include/raspbot_patrol/raspbot_patrol/msg/detail
[10.067s] -- Installing: /home/yahboom/S26_RobotProgramming_Iron/final_ws/install/raspbot_patrol/include/raspbot_patrol/raspbot_patrol/msg/detail/patrol_status__rosidl_typesupport_fastrtps_cpp.hpp
[10.067s] -- Installing: /home/yahboom/S26_RobotProgramming_Iron/final_ws/install/raspbot_patrol/include/raspbot_patrol/raspbot_patrol/msg/detail/dds_fastrtps
[10.067s] -- Installing: /home/yahboom/S26_RobotProgramming_Iron/final_ws/install/raspbot_patrol/include/raspbot_patrol/raspbot_patrol/msg/rosidl_typesupport_fastrtps_cpp__visibility_control.h
[10.068s] -- Installing: /home/yahboom/S26_RobotProgramming_Iron/final_ws/install/raspbot_patrol/lib/libraspbot_patrol__rosidl_typesupport_fastrtps_cpp.so
[10.069s] -- Set runtime path of "/home/yahboom/S26_RobotProgramming_Iron/final_ws/install/raspbot_patrol/lib/libraspbot_patrol__rosidl_typesupport_fastrtps_cpp.so" to ""
[10.069s] -- Up-to-date: /home/yahboom/S26_RobotProgramming_Iron/final_ws/install/raspbot_patrol/include/raspbot_patrol/raspbot_patrol
[10.069s] -- Up-to-date: /home/yahboom/S26_RobotProgramming_Iron/final_ws/install/raspbot_patrol/include/raspbot_patrol/raspbot_patrol/action
[10.070s] -- Up-to-date: /home/yahboom/S26_RobotProgramming_Iron/final_ws/install/raspbot_patrol/include/raspbot_patrol/raspbot_patrol/action/detail
[10.070s] -- Installing: /home/yahboom/S26_RobotProgramming_Iron/final_ws/install/raspbot_patrol/include/raspbot_patrol/raspbot_patrol/action/detail/go_to_waypoint__rosidl_typesupport_introspection_c.h
[10.070s] -- Installing: /home/yahboom/S26_RobotProgramming_Iron/final_ws/install/raspbot_patrol/include/raspbot_patrol/raspbot_patrol/action/detail/go_to_waypoint__type_support.c
[10.070s] -- Up-to-date: /home/yahboom/S26_RobotProgramming_Iron/final_ws/install/raspbot_patrol/include/raspbot_patrol/raspbot_patrol/msg
[10.070s] -- Up-to-date: /home/yahboom/S26_RobotProgramming_Iron/final_ws/install/raspbot_patrol/include/raspbot_patrol/raspbot_patrol/msg/detail
[10.071s] -- Installing: /home/yahboom/S26_RobotProgramming_Iron/final_ws/install/raspbot_patrol/include/raspbot_patrol/raspbot_patrol/msg/detail/patrol_status__type_support.c
[10.071s] -- Installing: /home/yahboom/S26_RobotProgramming_Iron/final_ws/install/raspbot_patrol/include/raspbot_patrol/raspbot_patrol/msg/detail/patrol_status__rosidl_typesupport_introspection_c.h
[10.071s] -- Installing: /home/yahboom/S26_RobotProgramming_Iron/final_ws/install/raspbot_patrol/include/raspbot_patrol/raspbot_patrol/msg/rosidl_typesupport_introspection_c__visibility_control.h
[10.071s] -- Installing: /home/yahboom/S26_RobotProgramming_Iron/final_ws/install/raspbot_patrol/lib/libraspbot_patrol__rosidl_typesupport_introspection_c.so
[10.073s] -- Set runtime path of "/home/yahboom/S26_RobotProgramming_Iron/final_ws/install/raspbot_patrol/lib/libraspbot_patrol__rosidl_typesupport_introspection_c.so" to ""
[10.073s] -- Installing: /home/yahboom/S26_RobotProgramming_Iron/final_ws/install/raspbot_patrol/lib/libraspbot_patrol__rosidl_typesupport_c.so
[10.074s] -- Set runtime path of "/home/yahboom/S26_RobotProgramming_Iron/final_ws/install/raspbot_patrol/lib/libraspbot_patrol__rosidl_typesupport_c.so" to ""
[10.074s] -- Up-to-date: /home/yahboom/S26_RobotProgramming_Iron/final_ws/install/raspbot_patrol/include/raspbot_patrol/raspbot_patrol
[10.075s] -- Up-to-date: /home/yahboom/S26_RobotProgramming_Iron/final_ws/install/raspbot_patrol/include/raspbot_patrol/raspbot_patrol/action
[10.075s] -- Up-to-date: /home/yahboom/S26_RobotProgramming_Iron/final_ws/install/raspbot_patrol/include/raspbot_patrol/raspbot_patrol/action/detail
[10.075s] -- Installing: /home/yahboom/S26_RobotProgramming_Iron/final_ws/install/raspbot_patrol/include/raspbot_patrol/raspbot_patrol/action/detail/go_to_waypoint__type_support.cpp
[10.075s] -- Installing: /home/yahboom/S26_RobotProgramming_Iron/final_ws/install/raspbot_patrol/include/raspbot_patrol/raspbot_patrol/action/detail/go_to_waypoint__rosidl_typesupport_introspection_cpp.hpp
[10.075s] -- Up-to-date: /home/yahboom/S26_RobotProgramming_Iron/final_ws/install/raspbot_patrol/include/raspbot_patrol/raspbot_patrol/msg
[10.075s] -- Up-to-date: /home/yahboom/S26_RobotProgramming_Iron/final_ws/install/raspbot_patrol/include/raspbot_patrol/raspbot_patrol/msg/detail
[10.075s] -- Installing: /home/yahboom/S26_RobotProgramming_Iron/final_ws/install/raspbot_patrol/include/raspbot_patrol/raspbot_patrol/msg/detail/patrol_status__type_support.cpp
[10.076s] -- Installing: /home/yahboom/S26_RobotProgramming_Iron/final_ws/install/raspbot_patrol/include/raspbot_patrol/raspbot_patrol/msg/detail/patrol_status__rosidl_typesupport_introspection_cpp.hpp
[10.076s] -- Installing: /home/yahboom/S26_RobotProgramming_Iron/final_ws/install/raspbot_patrol/lib/libraspbot_patrol__rosidl_typesupport_introspection_cpp.so
[10.078s] -- Set runtime path of "/home/yahboom/S26_RobotProgramming_Iron/final_ws/install/raspbot_patrol/lib/libraspbot_patrol__rosidl_typesupport_introspection_cpp.so" to ""
[10.078s] -- Installing: /home/yahboom/S26_RobotProgramming_Iron/final_ws/install/raspbot_patrol/lib/libraspbot_patrol__rosidl_typesupport_cpp.so
[10.079s] -- Set runtime path of "/home/yahboom/S26_RobotProgramming_Iron/final_ws/install/raspbot_patrol/lib/libraspbot_patrol__rosidl_typesupport_cpp.so" to ""
[10.079s] -- Installing: /home/yahboom/S26_RobotProgramming_Iron/final_ws/install/raspbot_patrol/share/raspbot_patrol/environment/pythonpath.sh
[10.080s] -- Installing: /home/yahboom/S26_RobotProgramming_Iron/final_ws/install/raspbot_patrol/share/raspbot_patrol/environment/pythonpath.dsv
[10.080s] -- Installing: /home/yahboom/S26_RobotProgramming_Iron/final_ws/install/raspbot_patrol/local/lib/python3.10/dist-packages/raspbot_patrol-0.0.0-py3.10.egg-info
[10.081s] -- Installing: /home/yahboom/S26_RobotProgramming_Iron/final_ws/install/raspbot_patrol/local/lib/python3.10/dist-packages/raspbot_patrol-0.0.0-py3.10.egg-info/top_level.txt
[10.081s] -- Installing: /home/yahboom/S26_RobotProgramming_Iron/final_ws/install/raspbot_patrol/local/lib/python3.10/dist-packages/raspbot_patrol-0.0.0-py3.10.egg-info/PKG-INFO
[10.082s] -- Installing: /home/yahboom/S26_RobotProgramming_Iron/final_ws/install/raspbot_patrol/local/lib/python3.10/dist-packages/raspbot_patrol-0.0.0-py3.10.egg-info/dependency_links.txt
[10.082s] -- Installing: /home/yahboom/S26_RobotProgramming_Iron/final_ws/install/raspbot_patrol/local/lib/python3.10/dist-packages/raspbot_patrol-0.0.0-py3.10.egg-info/SOURCES.txt
[10.083s] -- Installing: /home/yahboom/S26_RobotProgramming_Iron/final_ws/install/raspbot_patrol/local/lib/python3.10/dist-packages/raspbot_patrol
[10.084s] -- Installing: /home/yahboom/S26_RobotProgramming_Iron/final_ws/install/raspbot_patrol/local/lib/python3.10/dist-packages/raspbot_patrol/action
[10.084s] -- Installing: /home/yahboom/S26_RobotProgramming_Iron/final_ws/install/raspbot_patrol/local/lib/python3.10/dist-packages/raspbot_patrol/action/_go_to_waypoint_s.c
[10.084s] -- Installing: /home/yahboom/S26_RobotProgramming_Iron/final_ws/install/raspbot_patrol/local/lib/python3.10/dist-packages/raspbot_patrol/action/__init__.py
[10.085s] -- Installing: /home/yahboom/S26_RobotProgramming_Iron/final_ws/install/raspbot_patrol/local/lib/python3.10/dist-packages/raspbot_patrol/action/_go_to_waypoint.py
[10.085s] -- Installing: /home/yahboom/S26_RobotProgramming_Iron/final_ws/install/raspbot_patrol/local/lib/python3.10/dist-packages/raspbot_patrol/libraspbot_patrol__rosidl_generator_py.so
[10.086s] -- Installing: /home/yahboom/S26_RobotProgramming_Iron/final_ws/install/raspbot_patrol/local/lib/python3.10/dist-packages/raspbot_patrol/raspbot_patrol_s__rosidl_typesupport_introspection_c.cpython-310-x86_64-linux-gnu.so
[10.086s] -- Installing: /home/yahboom/S26_RobotProgramming_Iron/final_ws/install/raspbot_patrol/local/lib/python3.10/dist-packages/raspbot_patrol/raspbot_patrol_s__rosidl_typesupport_fastrtps_c.cpython-310-x86_64-linux-gnu.so
[10.086s] -- Installing: /home/yahboom/S26_RobotProgramming_Iron/final_ws/install/raspbot_patrol/local/lib/python3.10/dist-packages/raspbot_patrol/__init__.py
[10.086s] -- Installing: /home/yahboom/S26_RobotProgramming_Iron/final_ws/install/raspbot_patrol/local/lib/python3.10/dist-packages/raspbot_patrol/msg
[10.086s] -- Installing: /home/yahboom/S26_RobotProgramming_Iron/final_ws/install/raspbot_patrol/local/lib/python3.10/dist-packages/raspbot_patrol/msg/_patrol_status_s.c
[10.086s] -- Installing: /home/yahboom/S26_RobotProgramming_Iron/final_ws/install/raspbot_patrol/local/lib/python3.10/dist-packages/raspbot_patrol/msg/__init__.py
[10.087s] -- Installing: /home/yahboom/S26_RobotProgramming_Iron/final_ws/install/raspbot_patrol/local/lib/python3.10/dist-packages/raspbot_patrol/msg/_patrol_status.py
[10.087s] -- Installing: /home/yahboom/S26_RobotProgramming_Iron/final_ws/install/raspbot_patrol/local/lib/python3.10/dist-packages/raspbot_patrol/_raspbot_patrol_s.ep.rosidl_typesupport_introspection_c.c
[10.087s] -- Installing: /home/yahboom/S26_RobotProgramming_Iron/final_ws/install/raspbot_patrol/local/lib/python3.10/dist-packages/raspbot_patrol/_raspbot_patrol_s.ep.rosidl_typesupport_fastrtps_c.c
[10.087s] -- Installing: /home/yahboom/S26_RobotProgramming_Iron/final_ws/install/raspbot_patrol/local/lib/python3.10/dist-packages/raspbot_patrol/_raspbot_patrol_s.ep.rosidl_typesupport_c.c
[10.087s] -- Installing: /home/yahboom/S26_RobotProgramming_Iron/final_ws/install/raspbot_patrol/local/lib/python3.10/dist-packages/raspbot_patrol/raspbot_patrol_s__rosidl_typesupport_c.cpython-310-x86_64-linux-gnu.so
[10.142s] Listing '/home/yahboom/S26_RobotProgramming_Iron/final_ws/install/raspbot_patrol/local/lib/python3.10/dist-packages/raspbot_patrol'...
[10.142s] Compiling '/home/yahboom/S26_RobotProgramming_Iron/final_ws/install/raspbot_patrol/local/lib/python3.10/dist-packages/raspbot_patrol/__init__.py'...
[10.142s] Listing '/home/yahboom/S26_RobotProgramming_Iron/final_ws/install/raspbot_patrol/local/lib/python3.10/dist-packages/raspbot_patrol/action'...
[10.142s] Compiling '/home/yahboom/S26_RobotProgramming_Iron/final_ws/install/raspbot_patrol/local/lib/python3.10/dist-packages/raspbot_patrol/action/__init__.py'...
[10.142s] Compiling '/home/yahboom/S26_RobotProgramming_Iron/final_ws/install/raspbot_patrol/local/lib/python3.10/dist-packages/raspbot_patrol/action/_go_to_waypoint.py'...
[10.142s] Listing '/home/yahboom/S26_RobotProgramming_Iron/final_ws/install/raspbot_patrol/local/lib/python3.10/dist-packages/raspbot_patrol/msg'...
[10.143s] Compiling '/home/yahboom/S26_RobotProgramming_Iron/final_ws/install/raspbot_patrol/local/lib/python3.10/dist-packages/raspbot_patrol/msg/__init__.py'...
[10.143s] Compiling '/home/yahboom/S26_RobotProgramming_Iron/final_ws/install/raspbot_patrol/local/lib/python3.10/dist-packages/raspbot_patrol/msg/_patrol_status.py'...
[10.146s] -- Installing: /home/yahboom/S26_RobotProgramming_Iron/final_ws/install/raspbot_patrol/local/lib/python3.10/dist-packages/raspbot_patrol/raspbot_patrol_s__rosidl_typesupport_fastrtps_c.cpython-310-x86_64-linux-gnu.so
[10.147s] -- Set runtime path of "/home/yahboom/S26_RobotProgramming_Iron/final_ws/install/raspbot_patrol/local/lib/python3.10/dist-packages/raspbot_patrol/raspbot_patrol_s__rosidl_typesupport_fastrtps_c.cpython-310-x86_64-linux-gnu.so" to ""
[10.148s] -- Installing: /home/yahboom/S26_RobotProgramming_Iron/final_ws/install/raspbot_patrol/local/lib/python3.10/dist-packages/raspbot_patrol/raspbot_patrol_s__rosidl_typesupport_introspection_c.cpython-310-x86_64-linux-gnu.so
[10.150s] -- Set runtime path of "/home/yahboom/S26_RobotProgramming_Iron/final_ws/install/raspbot_patrol/local/lib/python3.10/dist-packages/raspbot_patrol/raspbot_patrol_s__rosidl_typesupport_introspection_c.cpython-310-x86_64-linux-gnu.so" to ""
[10.151s] -- Installing: /home/yahboom/S26_RobotProgramming_Iron/final_ws/install/raspbot_patrol/local/lib/python3.10/dist-packages/raspbot_patrol/raspbot_patrol_s__rosidl_typesupport_c.cpython-310-x86_64-linux-gnu.so
[10.152s] -- Set runtime path of "/home/yahboom/S26_RobotProgramming_Iron/final_ws/install/raspbot_patrol/local/lib/python3.10/dist-packages/raspbot_patrol/raspbot_patrol_s__rosidl_typesupport_c.cpython-310-x86_64-linux-gnu.so" to ""
[10.152s] -- Installing: /home/yahboom/S26_RobotProgramming_Iron/final_ws/install/raspbot_patrol/lib/libraspbot_patrol__rosidl_generator_py.so
[10.154s] -- Set runtime path of "/home/yahboom/S26_RobotProgramming_Iron/final_ws/install/raspbot_patrol/lib/libraspbot_patrol__rosidl_generator_py.so" to ""
[10.154s] -- Installing: /home/yahboom/S26_RobotProgramming_Iron/final_ws/install/raspbot_patrol/share/raspbot_patrol/msg/PatrolStatus.idl
[10.155s] -- Installing: /home/yahboom/S26_RobotProgramming_Iron/final_ws/install/raspbot_patrol/share/raspbot_patrol/action/GoToWaypoint.idl
[10.155s] -- Installing: /home/yahboom/S26_RobotProgramming_Iron/final_ws/install/raspbot_patrol/share/raspbot_patrol/msg/PatrolStatus.msg
[10.155s] -- Installing: /home/yahboom/S26_RobotProgramming_Iron/final_ws/install/raspbot_patrol/share/raspbot_patrol/action/GoToWaypoint.action
[10.156s] -- Installing: /home/yahboom/S26_RobotProgramming_Iron/final_ws/install/raspbot_patrol/share/ament_index/resource_index/package_run_dependencies/raspbot_patrol
[10.156s] -- Installing: /home/yahboom/S26_RobotProgramming_Iron/final_ws/install/raspbot_patrol/share/ament_index/resource_index/parent_prefix_path/raspbot_patrol
[10.156s] -- Installing: /home/yahboom/S26_RobotProgramming_Iron/final_ws/install/raspbot_patrol/share/raspbot_patrol/environment/ament_prefix_path.sh
[10.156s] -- Installing: /home/yahboom/S26_RobotProgramming_Iron/final_ws/install/raspbot_patrol/share/raspbot_patrol/environment/ament_prefix_path.dsv
[10.157s] -- Installing: /home/yahboom/S26_RobotProgramming_Iron/final_ws/install/raspbot_patrol/share/raspbot_patrol/environment/path.sh
[10.157s] -- Installing: /home/yahboom/S26_RobotProgramming_Iron/final_ws/install/raspbot_patrol/share/raspbot_patrol/environment/path.dsv
[10.158s] -- Installing: /home/yahboom/S26_RobotProgramming_Iron/final_ws/install/raspbot_patrol/share/raspbot_patrol/local_setup.bash
[10.158s] -- Installing: /home/yahboom/S26_RobotProgramming_Iron/final_ws/install/raspbot_patrol/share/raspbot_patrol/local_setup.sh
[10.158s] -- Installing: /home/yahboom/S26_RobotProgramming_Iron/final_ws/install/raspbot_patrol/share/raspbot_patrol/local_setup.zsh
[10.158s] -- Installing: /home/yahboom/S26_RobotProgramming_Iron/final_ws/install/raspbot_patrol/share/raspbot_patrol/local_setup.dsv
[10.159s] -- Installing: /home/yahboom/S26_RobotProgramming_Iron/final_ws/install/raspbot_patrol/share/raspbot_patrol/package.dsv
[10.159s] -- Installing: /home/yahboom/S26_RobotProgramming_Iron/final_ws/install/raspbot_patrol/share/ament_index/resource_index/packages/raspbot_patrol
[10.159s] -- Installing: /home/yahboom/S26_RobotProgramming_Iron/final_ws/install/raspbot_patrol/share/raspbot_patrol/cmake/export_raspbot_patrol__rosidl_generator_cExport.cmake
[10.159s] -- Installing: /home/yahboom/S26_RobotProgramming_Iron/final_ws/install/raspbot_patrol/share/raspbot_patrol/cmake/export_raspbot_patrol__rosidl_generator_cExport-noconfig.cmake
[10.160s] -- Installing: /home/yahboom/S26_RobotProgramming_Iron/final_ws/install/raspbot_patrol/share/raspbot_patrol/cmake/export_raspbot_patrol__rosidl_typesupport_fastrtps_cExport.cmake
[10.160s] -- Installing: /home/yahboom/S26_RobotProgramming_Iron/final_ws/install/raspbot_patrol/share/raspbot_patrol/cmake/export_raspbot_patrol__rosidl_typesupport_fastrtps_cExport-noconfig.cmake
[10.160s] -- Installing: /home/yahboom/S26_RobotProgramming_Iron/final_ws/install/raspbot_patrol/share/raspbot_patrol/cmake/export_raspbot_patrol__rosidl_generator_cppExport.cmake
[10.160s] -- Installing: /home/yahboom/S26_RobotProgramming_Iron/final_ws/install/raspbot_patrol/share/raspbot_patrol/cmake/export_raspbot_patrol__rosidl_typesupport_fastrtps_cppExport.cmake
[10.161s] -- Installing: /home/yahboom/S26_RobotProgramming_Iron/final_ws/install/raspbot_patrol/share/raspbot_patrol/cmake/export_raspbot_patrol__rosidl_typesupport_fastrtps_cppExport-noconfig.cmake
[10.161s] -- Installing: /home/yahboom/S26_RobotProgramming_Iron/final_ws/install/raspbot_patrol/share/raspbot_patrol/cmake/raspbot_patrol__rosidl_typesupport_introspection_cExport.cmake
[10.161s] -- Installing: /home/yahboom/S26_RobotProgramming_Iron/final_ws/install/raspbot_patrol/share/raspbot_patrol/cmake/raspbot_patrol__rosidl_typesupport_introspection_cExport-noconfig.cmake
[10.162s] -- Installing: /home/yahboom/S26_RobotProgramming_Iron/final_ws/install/raspbot_patrol/share/raspbot_patrol/cmake/raspbot_patrol__rosidl_typesupport_cExport.cmake
[10.162s] -- Installing: /home/yahboom/S26_RobotProgramming_Iron/final_ws/install/raspbot_patrol/share/raspbot_patrol/cmake/raspbot_patrol__rosidl_typesupport_cExport-noconfig.cmake
[10.162s] -- Installing: /home/yahboom/S26_RobotProgramming_Iron/final_ws/install/raspbot_patrol/share/raspbot_patrol/cmake/raspbot_patrol__rosidl_typesupport_introspection_cppExport.cmake
[10.163s] -- Installing: /home/yahboom/S26_RobotProgramming_Iron/final_ws/install/raspbot_patrol/share/raspbot_patrol/cmake/raspbot_patrol__rosidl_typesupport_introspection_cppExport-noconfig.cmake
[10.163s] -- Installing: /home/yahboom/S26_RobotProgramming_Iron/final_ws/install/raspbot_patrol/share/raspbot_patrol/cmake/raspbot_patrol__rosidl_typesupport_cppExport.cmake
[10.163s] -- Installing: /home/yahboom/S26_RobotProgramming_Iron/final_ws/install/raspbot_patrol/share/raspbot_patrol/cmake/raspbot_patrol__rosidl_typesupport_cppExport-noconfig.cmake
[10.164s] -- Installing: /home/yahboom/S26_RobotProgramming_Iron/final_ws/install/raspbot_patrol/share/raspbot_patrol/cmake/export_raspbot_patrol__rosidl_generator_pyExport.cmake
[10.164s] -- Installing: /home/yahboom/S26_RobotProgramming_Iron/final_ws/install/raspbot_patrol/share/raspbot_patrol/cmake/export_raspbot_patrol__rosidl_generator_pyExport-noconfig.cmake
[10.164s] -- Installing: /home/yahboom/S26_RobotProgramming_Iron/final_ws/install/raspbot_patrol/share/raspbot_patrol/cmake/rosidl_cmake-extras.cmake
[10.165s] -- Installing: /home/yahboom/S26_RobotProgramming_Iron/final_ws/install/raspbot_patrol/share/raspbot_patrol/cmake/ament_cmake_export_dependencies-extras.cmake
[10.165s] -- Installing: /home/yahboom/S26_RobotProgramming_Iron/final_ws/install/raspbot_patrol/share/raspbot_patrol/cmake/ament_cmake_export_include_directories-extras.cmake
[10.165s] -- Installing: /home/yahboom/S26_RobotProgramming_Iron/final_ws/install/raspbot_patrol/share/raspbot_patrol/cmake/ament_cmake_export_libraries-extras.cmake
[10.165s] -- Installing: /home/yahboom/S26_RobotProgramming_Iron/final_ws/install/raspbot_patrol/share/raspbot_patrol/cmake/ament_cmake_export_targets-extras.cmake
[10.165s] -- Installing: /home/yahboom/S26_RobotProgramming_Iron/final_ws/install/raspbot_patrol/share/raspbot_patrol/cmake/rosidl_cmake_export_typesupport_targets-extras.cmake
[10.166s] -- Installing: /home/yahboom/S26_RobotProgramming_Iron/final_ws/install/raspbot_patrol/share/raspbot_patrol/cmake/rosidl_cmake_export_typesupport_libraries-extras.cmake
[10.166s] -- Installing: /home/yahboom/S26_RobotProgramming_Iron/final_ws/install/raspbot_patrol/share/raspbot_patrol/cmake/raspbot_patrolConfig.cmake
[10.166s] -- Installing: /home/yahboom/S26_RobotProgramming_Iron/final_ws/install/raspbot_patrol/share/raspbot_patrol/cmake/raspbot_patrolConfig-version.cmake
[10.167s] -- Installing: /home/yahboom/S26_RobotProgramming_Iron/final_ws/install/raspbot_patrol/share/raspbot_patrol/package.xml
[10.170s] Invoked command in '/home/yahboom/S26_RobotProgramming_Iron/final_ws/build/raspbot_patrol' returned '0': CMAKE_PREFIX_PATH=${CMAKE_PREFIX_PATH}:/opt/ros/humble /usr/bin/cmake --install /home/yahboom/S26_RobotProgramming_Iron/final_ws/build/raspbot_patrol
