running develop
/usr/lib/python3/dist-packages/setuptools/command/easy_install.py:158: EasyInstallDeprecationWarning: easy_install command is deprecated. Use build and pip and other standards-based tools.
  warnings.warn(
running egg_info
creating python_turtle.egg-info
writing python_turtle.egg-info/PKG-INFO
writing dependency_links to python_turtle.egg-info/dependency_links.txt
writing entry points to python_turtle.egg-info/entry_points.txt
writing requirements to python_turtle.egg-info/requires.txt
writing top-level names to python_turtle.egg-info/top_level.txt
writing manifest file 'python_turtle.egg-info/SOURCES.txt'
reading manifest file 'python_turtle.egg-info/SOURCES.txt'
writing manifest file 'python_turtle.egg-info/SOURCES.txt'
running build_ext
Creating /home/yahboom/Desktop/S26_RobotProgramming_Iron/Lab4/chuang/roscourse_ws/install/python_turtle/lib/python3.10/site-packages/python-turtle.egg-link (link to .)
Installing service_client script to /home/yahboom/Desktop/S26_RobotProgramming_Iron/Lab4/chuang/roscourse_ws/install/python_turtle/lib/python_turtle
Installing turtlebot_client script to /home/yahboom/Desktop/S26_RobotProgramming_Iron/Lab4/chuang/roscourse_ws/install/python_turtle/lib/python_turtle
Installing turtlebot_server script to /home/yahboom/Desktop/S26_RobotProgramming_Iron/Lab4/chuang/roscourse_ws/install/python_turtle/lib/python_turtle

Installed /home/yahboom/Desktop/S26_RobotProgramming_Iron/Lab4/chuang/roscourse_ws/build/python_turtle
running symlink_data
creating /home/yahboom/Desktop/S26_RobotProgramming_Iron/Lab4/chuang/roscourse_ws/install/python_turtle/share/ament_index
creating /home/yahboom/Desktop/S26_RobotProgramming_Iron/Lab4/chuang/roscourse_ws/install/python_turtle/share/ament_index/resource_index
creating /home/yahboom/Desktop/S26_RobotProgramming_Iron/Lab4/chuang/roscourse_ws/install/python_turtle/share/ament_index/resource_index/packages
symbolically linking /home/yahboom/Desktop/S26_RobotProgramming_Iron/Lab4/chuang/roscourse_ws/build/python_turtle/resource/python_turtle -> /home/yahboom/Desktop/S26_RobotProgramming_Iron/Lab4/chuang/roscourse_ws/install/python_turtle/share/ament_index/resource_index/packages
symbolically linking /home/yahboom/Desktop/S26_RobotProgramming_Iron/Lab4/chuang/roscourse_ws/build/python_turtle/package.xml -> /home/yahboom/Desktop/S26_RobotProgramming_Iron/Lab4/chuang/roscourse_ws/install/python_turtle/share/python_turtle
