[0.019s] Invoking command in '/home/yahboom/S26_RobotProgramming_Iron/Lab3/Flynn/roscourse_ws/build/turtle_interfaces': CMAKE_PREFIX_PATH=${CMAKE_PREFIX_PATH}:/home/yahboom/cartoros2/install/yahboomcar_nav:/home/yahboom/cartoros2/install/yahboomcar_ctrl:/home/yahboom/cartoros2/install/yahboom_visual:/home/yahboom/cartoros2/install/yahboom_dog_joint_state:/home/yahboom/cartoros2/install/yahboom_description:/home/yahboom/cartoros2/install/yahboom_color_identify_server:/home/yahboom/cartoros2/install/yahboom_bringup:/home/yahboom/cartoros2/install/yahboom_base:/home/yahboom/cartoros2/install/yahboom_app_save_map:/home/yahboom/cartoros2/install/update_map:/home/yahboom/cartoros2/install/rosboard:/home/yahboom/cartoros2/install/path_planner_server:/home/yahboom/cartoros2/install/nav2_simple_commander:/home/yahboom/cartoros2/install/nav2_gazebo_spawner:/home/yahboom/cartoros2/install/localization_server:/home/yahboom/cartoros2/install/laserscan_to_point_pulisher:/home/yahboom/yahboomcar_ws/install/yahboom_dog_example:/opt/ros/humble /usr/bin/cmake /home/yahboom/S26_RobotProgramming_Iron/Lab3/Flynn/roscourse_ws/src/turtle_interfaces -DCMAKE_INSTALL_PREFIX=/home/yahboom/S26_RobotProgramming_Iron/Lab3/Flynn/roscourse_ws/install/turtle_interfaces
[0.037s] -- Found ament_cmake: 1.3.12 (/opt/ros/humble/share/ament_cmake/cmake)
[0.172s] -- Found ament_lint_auto: 0.12.14 (/opt/ros/humble/share/ament_lint_auto/cmake)
[0.231s] -- Found geometry_msgs: 4.9.0 (/opt/ros/humble/share/geometry_msgs/cmake)
[0.258s] -- Found rosidl_generator_c: 3.1.8 (/opt/ros/humble/share/rosidl_generator_c/cmake)
[0.260s] -- Found rosidl_adapter: 3.1.8 (/opt/ros/humble/share/rosidl_adapter/cmake)
[0.265s] -- Found rosidl_generator_cpp: 3.1.8 (/opt/ros/humble/share/rosidl_generator_cpp/cmake)
[0.275s] -- Using all available rosidl_typesupport_c: rosidl_typesupport_fastrtps_c;rosidl_typesupport_introspection_c
[0.286s] -- Using all available rosidl_typesupport_cpp: rosidl_typesupport_fastrtps_cpp;rosidl_typesupport_introspection_cpp
[0.311s] -- Found rosidl_default_generators: 1.2.0 (/opt/ros/humble/share/rosidl_default_generators/cmake)
[0.571s] -- Found ament_cmake_ros: 0.10.0 (/opt/ros/humble/share/ament_cmake_ros/cmake)
[0.971s] -- Using all available rosidl_typesupport_c: rosidl_typesupport_fastrtps_c;rosidl_typesupport_introspection_c
[1.115s] -- Using all available rosidl_typesupport_cpp: rosidl_typesupport_fastrtps_cpp;rosidl_typesupport_introspection_cpp
[1.141s] -- Found PythonInterp: /usr/bin/python3 (found suitable version "3.10.12", minimum required is "3.6") 
[1.151s] -- Found python_cmake_module: 0.10.0 (/opt/ros/humble/share/python_cmake_module/cmake)
[1.186s] -- Found PythonLibs: /usr/lib/x86_64-linux-gnu/libpython3.10.so (found suitable version "3.10.12", minimum required is "3.5") 
[1.186s] -- Using PYTHON_EXECUTABLE: /usr/bin/python3
[1.186s] -- Using PYTHON_INCLUDE_DIRS: /usr/include/python3.10
[1.186s] -- Using PYTHON_LIBRARIES: /usr/lib/x86_64-linux-gnu/libpython3.10.so
[1.208s] -- Found PythonExtra: .so  
[1.303s] -- Added test 'lint_cmake' to check CMake code style
[1.307s] -- Added test 'xmllint' to check XML markup files
[1.315s] -- Configuring done
[1.343s] -- Generating done
[1.351s] -- Build files have been written to: /home/yahboom/S26_RobotProgramming_Iron/Lab3/Flynn/roscourse_ws/build/turtle_interfaces
[1.357s] Invoked command in '/home/yahboom/S26_RobotProgramming_Iron/Lab3/Flynn/roscourse_ws/build/turtle_interfaces' returned '0': CMAKE_PREFIX_PATH=${CMAKE_PREFIX_PATH}:/home/yahboom/cartoros2/install/yahboomcar_nav:/home/yahboom/cartoros2/install/yahboomcar_ctrl:/home/yahboom/cartoros2/install/yahboom_visual:/home/yahboom/cartoros2/install/yahboom_dog_joint_state:/home/yahboom/cartoros2/install/yahboom_description:/home/yahboom/cartoros2/install/yahboom_color_identify_server:/home/yahboom/cartoros2/install/yahboom_bringup:/home/yahboom/cartoros2/install/yahboom_base:/home/yahboom/cartoros2/install/yahboom_app_save_map:/home/yahboom/cartoros2/install/update_map:/home/yahboom/cartoros2/install/rosboard:/home/yahboom/cartoros2/install/path_planner_server:/home/yahboom/cartoros2/install/nav2_simple_commander:/home/yahboom/cartoros2/install/nav2_gazebo_spawner:/home/yahboom/cartoros2/install/localization_server:/home/yahboom/cartoros2/install/laserscan_to_point_pulisher:/home/yahboom/yahboomcar_ws/install/yahboom_dog_example:/opt/ros/humble /usr/bin/cmake /home/yahboom/S26_RobotProgramming_Iron/Lab3/Flynn/roscourse_ws/src/turtle_interfaces -DCMAKE_INSTALL_PREFIX=/home/yahboom/S26_RobotProgramming_Iron/Lab3/Flynn/roscourse_ws/install/turtle_interfaces
[1.358s] Invoking command in '/home/yahboom/S26_RobotProgramming_Iron/Lab3/Flynn/roscourse_ws/build/turtle_interfaces': CMAKE_PREFIX_PATH=${CMAKE_PREFIX_PATH}:/home/yahboom/cartoros2/install/yahboomcar_nav:/home/yahboom/cartoros2/install/yahboomcar_ctrl:/home/yahboom/cartoros2/install/yahboom_visual:/home/yahboom/cartoros2/install/yahboom_dog_joint_state:/home/yahboom/cartoros2/install/yahboom_description:/home/yahboom/cartoros2/install/yahboom_color_identify_server:/home/yahboom/cartoros2/install/yahboom_bringup:/home/yahboom/cartoros2/install/yahboom_base:/home/yahboom/cartoros2/install/yahboom_app_save_map:/home/yahboom/cartoros2/install/update_map:/home/yahboom/cartoros2/install/rosboard:/home/yahboom/cartoros2/install/path_planner_server:/home/yahboom/cartoros2/install/nav2_simple_commander:/home/yahboom/cartoros2/install/nav2_gazebo_spawner:/home/yahboom/cartoros2/install/localization_server:/home/yahboom/cartoros2/install/laserscan_to_point_pulisher:/home/yahboom/yahboomcar_ws/install/yahboom_dog_example:/opt/ros/humble /usr/bin/cmake --build /home/yahboom/S26_RobotProgramming_Iron/Lab3/Flynn/roscourse_ws/build/turtle_interfaces -- -j4 -l4
[1.408s] [  2%] [34m[1mGenerating C code for ROS interfaces[0m
[1.423s] [  4%] [34m[1mGenerating C++ code for ROS interfaces[0m
[1.431s] [  4%] Built target ament_cmake_python_copy_turtle_interfaces
[1.684s] running egg_info
[1.684s] creating turtle_interfaces.egg-info
[1.684s] writing turtle_interfaces.egg-info/PKG-INFO
[1.684s] writing dependency_links to turtle_interfaces.egg-info/dependency_links.txt
[1.684s] writing top-level names to turtle_interfaces.egg-info/top_level.txt
[1.684s] writing manifest file 'turtle_interfaces.egg-info/SOURCES.txt'
[1.684s] reading manifest file 'turtle_interfaces.egg-info/SOURCES.txt'
[1.688s] writing manifest file 'turtle_interfaces.egg-info/SOURCES.txt'
[1.707s] [  4%] Built target ament_cmake_python_build_turtle_interfaces_egg
[1.745s] [  4%] Built target turtle_interfaces__cpp
[1.749s] [  6%] [32mBuilding C object CMakeFiles/turtle_interfaces__rosidl_generator_c.dir/rosidl_generator_c/turtle_interfaces/msg/detail/turtle_msg__functions.c.o[0m
[1.749s] [  8%] [32mBuilding C object CMakeFiles/turtle_interfaces__rosidl_generator_c.dir/rosidl_generator_c/turtle_interfaces/srv/detail/set_pose__functions.c.o[0m
[1.750s] [ 10%] [32mBuilding C object CMakeFiles/turtle_interfaces__rosidl_generator_c.dir/rosidl_generator_c/turtle_interfaces/srv/detail/set_color__functions.c.o[0m
[1.761s] [ 12%] [34m[1mGenerating C++ type support dispatch for ROS interfaces[0m
[1.829s] [ 17%] [32m[1mLinking C shared library libturtle_interfaces__rosidl_generator_c.so[0m
[1.829s] [ 17%] [34m[1mGenerating C++ type support for eProsima Fast-RTPS[0m
[1.829s] [ 19%] [34m[1mGenerating C++ introspection for ROS interfaces[0m
[1.870s] [ 19%] Built target turtle_interfaces__rosidl_generator_c
[1.886s] [ 21%] [34m[1mGenerating C type support for eProsima Fast-RTPS[0m
[1.992s] [ 23%] [32mBuilding CXX object CMakeFiles/turtle_interfaces__rosidl_typesupport_cpp.dir/rosidl_typesupport_cpp/turtle_interfaces/msg/turtle_msg__type_support.cpp.o[0m
[2.134s] [ 25%] [32mBuilding CXX object CMakeFiles/turtle_interfaces__rosidl_typesupport_introspection_cpp.dir/rosidl_typesupport_introspection_cpp/turtle_interfaces/msg/detail/turtle_msg__type_support.cpp.o[0m
[2.180s] [ 27%] [32mBuilding CXX object CMakeFiles/turtle_interfaces__rosidl_typesupport_fastrtps_cpp.dir/rosidl_typesupport_fastrtps_cpp/turtle_interfaces/msg/detail/dds_fastrtps/turtle_msg__type_support.cpp.o[0m
[2.186s] [ 29%] [32mBuilding CXX object CMakeFiles/turtle_interfaces__rosidl_typesupport_fastrtps_c.dir/rosidl_typesupport_fastrtps_c/turtle_interfaces/msg/detail/turtle_msg__type_support_c.cpp.o[0m
[2.412s] [ 31%] [32mBuilding CXX object CMakeFiles/turtle_interfaces__rosidl_typesupport_cpp.dir/rosidl_typesupport_cpp/turtle_interfaces/srv/set_pose__type_support.cpp.o[0m
[2.591s] [ 36%] [32mBuilding CXX object CMakeFiles/turtle_interfaces__rosidl_typesupport_fastrtps_c.dir/rosidl_typesupport_fastrtps_c/turtle_interfaces/srv/detail/set_pose__type_support_c.cpp.o[0m
[2.591s] [ 36%] [32mBuilding CXX object CMakeFiles/turtle_interfaces__rosidl_typesupport_cpp.dir/rosidl_typesupport_cpp/turtle_interfaces/srv/set_color__type_support.cpp.o[0m
[2.650s] [ 38%] [32mBuilding CXX object CMakeFiles/turtle_interfaces__rosidl_typesupport_introspection_cpp.dir/rosidl_typesupport_introspection_cpp/turtle_interfaces/srv/detail/set_pose__type_support.cpp.o[0m
[2.678s] [ 40%] [32mBuilding CXX object CMakeFiles/turtle_interfaces__rosidl_typesupport_fastrtps_cpp.dir/rosidl_typesupport_fastrtps_cpp/turtle_interfaces/srv/detail/dds_fastrtps/set_pose__type_support.cpp.o[0m
[2.788s] [ 42%] [32m[1mLinking CXX shared library libturtle_interfaces__rosidl_typesupport_cpp.so[0m
[2.834s] [ 42%] Built target turtle_interfaces__rosidl_typesupport_cpp
[2.835s] [ 44%] [32mBuilding CXX object CMakeFiles/turtle_interfaces__rosidl_typesupport_fastrtps_c.dir/rosidl_typesupport_fastrtps_c/turtle_interfaces/srv/detail/set_color__type_support_c.cpp.o[0m
[2.851s] [ 46%] [34m[1mGenerating C introspection for ROS interfaces[0m
[2.904s] [ 48%] [32mBuilding CXX object CMakeFiles/turtle_interfaces__rosidl_typesupport_introspection_cpp.dir/rosidl_typesupport_introspection_cpp/turtle_interfaces/srv/detail/set_color__type_support.cpp.o[0m
[2.944s] [ 51%] [32mBuilding CXX object CMakeFiles/turtle_interfaces__rosidl_typesupport_fastrtps_cpp.dir/rosidl_typesupport_fastrtps_cpp/turtle_interfaces/srv/detail/dds_fastrtps/set_color__type_support.cpp.o[0m
[3.058s] [ 53%] [32m[1mLinking CXX shared library libturtle_interfaces__rosidl_typesupport_fastrtps_c.so[0m
[3.129s] [ 53%] Built target turtle_interfaces__rosidl_typesupport_fastrtps_c
[3.143s] [ 55%] [32mBuilding C object CMakeFiles/turtle_interfaces__rosidl_typesupport_introspection_c.dir/rosidl_typesupport_introspection_c/turtle_interfaces/msg/detail/turtle_msg__type_support.c.o[0m
[3.143s] [ 57%] [34m[1mGenerating C type support dispatch for ROS interfaces[0m
[3.151s] [ 59%] [32m[1mLinking CXX shared library libturtle_interfaces__rosidl_typesupport_introspection_cpp.so[0m
[3.184s] [ 61%] [32mBuilding C object CMakeFiles/turtle_interfaces__rosidl_typesupport_introspection_c.dir/rosidl_typesupport_introspection_c/turtle_interfaces/srv/detail/set_pose__type_support.c.o[0m
[3.187s] [ 63%] [32m[1mLinking CXX shared library libturtle_interfaces__rosidl_typesupport_fastrtps_cpp.so[0m
[3.217s] [ 63%] Built target turtle_interfaces__rosidl_typesupport_introspection_cpp
[3.222s] [ 65%] [32mBuilding C object CMakeFiles/turtle_interfaces__rosidl_typesupport_introspection_c.dir/rosidl_typesupport_introspection_c/turtle_interfaces/srv/detail/set_color__type_support.c.o[0m
[3.256s] [ 65%] Built target turtle_interfaces__rosidl_typesupport_fastrtps_cpp
[3.259s] [ 68%] [32m[1mLinking C shared library libturtle_interfaces__rosidl_typesupport_introspection_c.so[0m
[3.295s] [ 68%] Built target turtle_interfaces__rosidl_typesupport_introspection_c
[3.359s] [ 72%] [32mBuilding CXX object CMakeFiles/turtle_interfaces__rosidl_typesupport_c.dir/rosidl_typesupport_c/turtle_interfaces/msg/turtle_msg__type_support.cpp.o[0m
[3.359s] [ 72%] [32mBuilding CXX object CMakeFiles/turtle_interfaces__rosidl_typesupport_c.dir/rosidl_typesupport_c/turtle_interfaces/srv/set_pose__type_support.cpp.o[0m
[3.359s] [ 74%] [32mBuilding CXX object CMakeFiles/turtle_interfaces__rosidl_typesupport_c.dir/rosidl_typesupport_c/turtle_interfaces/srv/set_color__type_support.cpp.o[0m
[3.392s] [ 76%] [32m[1mLinking CXX shared library libturtle_interfaces__rosidl_typesupport_c.so[0m
[3.436s] [ 76%] Built target turtle_interfaces__rosidl_typesupport_c
[3.463s] [ 76%] Built target turtle_interfaces
[3.490s] [ 78%] [34m[1mGenerating Python code for ROS interfaces[0m
[3.843s] [ 78%] Built target turtle_interfaces__py
[3.871s] [ 85%] [32mBuilding C object CMakeFiles/turtle_interfaces__rosidl_generator_py.dir/rosidl_generator_py/turtle_interfaces/srv/_set_pose_s.c.o[0m
[3.871s] [ 85%] [32mBuilding C object CMakeFiles/turtle_interfaces__rosidl_generator_py.dir/rosidl_generator_py/turtle_interfaces/srv/_set_color_s.c.o[0m
[3.871s] [ 85%] [32mBuilding C object CMakeFiles/turtle_interfaces__rosidl_generator_py.dir/rosidl_generator_py/turtle_interfaces/msg/_turtle_msg_s.c.o[0m
[3.994s] [ 87%] [32m[1mLinking C shared library rosidl_generator_py/turtle_interfaces/libturtle_interfaces__rosidl_generator_py.so[0m
[4.037s] [ 87%] Built target turtle_interfaces__rosidl_generator_py
[4.065s] [ 93%] [32mBuilding C object CMakeFiles/turtle_interfaces__rosidl_typesupport_introspection_c__pyext.dir/rosidl_generator_py/turtle_interfaces/_turtle_interfaces_s.ep.rosidl_typesupport_introspection_c.c.o[0m
[4.065s] [ 93%] [32mBuilding C object CMakeFiles/turtle_interfaces__rosidl_typesupport_c__pyext.dir/rosidl_generator_py/turtle_interfaces/_turtle_interfaces_s.ep.rosidl_typesupport_c.c.o[0m
[4.065s] [ 93%] [32mBuilding C object CMakeFiles/turtle_interfaces__rosidl_typesupport_fastrtps_c__pyext.dir/rosidl_generator_py/turtle_interfaces/_turtle_interfaces_s.ep.rosidl_typesupport_fastrtps_c.c.o[0m
[4.147s] [100%] [32m[1mLinking C shared library rosidl_generator_py/turtle_interfaces/turtle_interfaces_s__rosidl_typesupport_fastrtps_c.cpython-310-x86_64-linux-gnu.so[0m
[4.147s] [100%] [32m[1mLinking C shared library rosidl_generator_py/turtle_interfaces/turtle_interfaces_s__rosidl_typesupport_introspection_c.cpython-310-x86_64-linux-gnu.so[0m
[4.147s] [100%] [32m[1mLinking C shared library rosidl_generator_py/turtle_interfaces/turtle_interfaces_s__rosidl_typesupport_c.cpython-310-x86_64-linux-gnu.so[0m
[4.190s] [100%] Built target turtle_interfaces__rosidl_typesupport_fastrtps_c__pyext
[4.190s] [100%] Built target turtle_interfaces__rosidl_typesupport_introspection_c__pyext
[4.190s] [100%] Built target turtle_interfaces__rosidl_typesupport_c__pyext
[4.201s] Invoked command in '/home/yahboom/S26_RobotProgramming_Iron/Lab3/Flynn/roscourse_ws/build/turtle_interfaces' returned '0': CMAKE_PREFIX_PATH=${CMAKE_PREFIX_PATH}:/home/yahboom/cartoros2/install/yahboomcar_nav:/home/yahboom/cartoros2/install/yahboomcar_ctrl:/home/yahboom/cartoros2/install/yahboom_visual:/home/yahboom/cartoros2/install/yahboom_dog_joint_state:/home/yahboom/cartoros2/install/yahboom_description:/home/yahboom/cartoros2/install/yahboom_color_identify_server:/home/yahboom/cartoros2/install/yahboom_bringup:/home/yahboom/cartoros2/install/yahboom_base:/home/yahboom/cartoros2/install/yahboom_app_save_map:/home/yahboom/cartoros2/install/update_map:/home/yahboom/cartoros2/install/rosboard:/home/yahboom/cartoros2/install/path_planner_server:/home/yahboom/cartoros2/install/nav2_simple_commander:/home/yahboom/cartoros2/install/nav2_gazebo_spawner:/home/yahboom/cartoros2/install/localization_server:/home/yahboom/cartoros2/install/laserscan_to_point_pulisher:/home/yahboom/yahboomcar_ws/install/yahboom_dog_example:/opt/ros/humble /usr/bin/cmake --build /home/yahboom/S26_RobotProgramming_Iron/Lab3/Flynn/roscourse_ws/build/turtle_interfaces -- -j4 -l4
[4.212s] Invoking command in '/home/yahboom/S26_RobotProgramming_Iron/Lab3/Flynn/roscourse_ws/build/turtle_interfaces': CMAKE_PREFIX_PATH=${CMAKE_PREFIX_PATH}:/home/yahboom/cartoros2/install/yahboomcar_nav:/home/yahboom/cartoros2/install/yahboomcar_ctrl:/home/yahboom/cartoros2/install/yahboom_visual:/home/yahboom/cartoros2/install/yahboom_dog_joint_state:/home/yahboom/cartoros2/install/yahboom_description:/home/yahboom/cartoros2/install/yahboom_color_identify_server:/home/yahboom/cartoros2/install/yahboom_bringup:/home/yahboom/cartoros2/install/yahboom_base:/home/yahboom/cartoros2/install/yahboom_app_save_map:/home/yahboom/cartoros2/install/update_map:/home/yahboom/cartoros2/install/rosboard:/home/yahboom/cartoros2/install/path_planner_server:/home/yahboom/cartoros2/install/nav2_simple_commander:/home/yahboom/cartoros2/install/nav2_gazebo_spawner:/home/yahboom/cartoros2/install/localization_server:/home/yahboom/cartoros2/install/laserscan_to_point_pulisher:/home/yahboom/yahboomcar_ws/install/yahboom_dog_example:/opt/ros/humble /usr/bin/cmake --install /home/yahboom/S26_RobotProgramming_Iron/Lab3/Flynn/roscourse_ws/build/turtle_interfaces
[4.221s] -- Install configuration: ""
[4.221s] -- Installing: /home/yahboom/S26_RobotProgramming_Iron/Lab3/Flynn/roscourse_ws/install/turtle_interfaces/share/ament_index/resource_index/rosidl_interfaces/turtle_interfaces
[4.221s] -- Installing: /home/yahboom/S26_RobotProgramming_Iron/Lab3/Flynn/roscourse_ws/install/turtle_interfaces/include/turtle_interfaces/turtle_interfaces
[4.221s] -- Installing: /home/yahboom/S26_RobotProgramming_Iron/Lab3/Flynn/roscourse_ws/install/turtle_interfaces/include/turtle_interfaces/turtle_interfaces/srv
[4.221s] -- Installing: /home/yahboom/S26_RobotProgramming_Iron/Lab3/Flynn/roscourse_ws/install/turtle_interfaces/include/turtle_interfaces/turtle_interfaces/srv/detail
[4.221s] -- Installing: /home/yahboom/S26_RobotProgramming_Iron/Lab3/Flynn/roscourse_ws/install/turtle_interfaces/include/turtle_interfaces/turtle_interfaces/srv/detail/set_color__type_support.h
[4.222s] -- Installing: /home/yahboom/S26_RobotProgramming_Iron/Lab3/Flynn/roscourse_ws/install/turtle_interfaces/include/turtle_interfaces/turtle_interfaces/srv/detail/set_color__functions.h
[4.222s] -- Installing: /home/yahboom/S26_RobotProgramming_Iron/Lab3/Flynn/roscourse_ws/install/turtle_interfaces/include/turtle_interfaces/turtle_interfaces/srv/detail/set_pose__functions.h
[4.222s] -- Installing: /home/yahboom/S26_RobotProgramming_Iron/Lab3/Flynn/roscourse_ws/install/turtle_interfaces/include/turtle_interfaces/turtle_interfaces/srv/detail/set_color__functions.c
[4.222s] -- Installing: /home/yahboom/S26_RobotProgramming_Iron/Lab3/Flynn/roscourse_ws/install/turtle_interfaces/include/turtle_interfaces/turtle_interfaces/srv/detail/set_pose__struct.h
[4.222s] -- Installing: /home/yahboom/S26_RobotProgramming_Iron/Lab3/Flynn/roscourse_ws/install/turtle_interfaces/include/turtle_interfaces/turtle_interfaces/srv/detail/set_pose__type_support.h
[4.222s] -- Installing: /home/yahboom/S26_RobotProgramming_Iron/Lab3/Flynn/roscourse_ws/install/turtle_interfaces/include/turtle_interfaces/turtle_interfaces/srv/detail/set_color__struct.h
[4.222s] -- Installing: /home/yahboom/S26_RobotProgramming_Iron/Lab3/Flynn/roscourse_ws/install/turtle_interfaces/include/turtle_interfaces/turtle_interfaces/srv/detail/set_pose__functions.c
[4.222s] -- Installing: /home/yahboom/S26_RobotProgramming_Iron/Lab3/Flynn/roscourse_ws/install/turtle_interfaces/include/turtle_interfaces/turtle_interfaces/srv/set_pose.h
[4.222s] -- Installing: /home/yahboom/S26_RobotProgramming_Iron/Lab3/Flynn/roscourse_ws/install/turtle_interfaces/include/turtle_interfaces/turtle_interfaces/srv/set_color.h
[4.222s] -- Installing: /home/yahboom/S26_RobotProgramming_Iron/Lab3/Flynn/roscourse_ws/install/turtle_interfaces/include/turtle_interfaces/turtle_interfaces/msg
[4.223s] -- Installing: /home/yahboom/S26_RobotProgramming_Iron/Lab3/Flynn/roscourse_ws/install/turtle_interfaces/include/turtle_interfaces/turtle_interfaces/msg/detail
[4.223s] -- Installing: /home/yahboom/S26_RobotProgramming_Iron/Lab3/Flynn/roscourse_ws/install/turtle_interfaces/include/turtle_interfaces/turtle_interfaces/msg/detail/turtle_msg__functions.c
[4.223s] -- Installing: /home/yahboom/S26_RobotProgramming_Iron/Lab3/Flynn/roscourse_ws/install/turtle_interfaces/include/turtle_interfaces/turtle_interfaces/msg/detail/turtle_msg__type_support.h
[4.223s] -- Installing: /home/yahboom/S26_RobotProgramming_Iron/Lab3/Flynn/roscourse_ws/install/turtle_interfaces/include/turtle_interfaces/turtle_interfaces/msg/detail/turtle_msg__functions.h
[4.223s] -- Installing: /home/yahboom/S26_RobotProgramming_Iron/Lab3/Flynn/roscourse_ws/install/turtle_interfaces/include/turtle_interfaces/turtle_interfaces/msg/detail/turtle_msg__struct.h
[4.223s] -- Installing: /home/yahboom/S26_RobotProgramming_Iron/Lab3/Flynn/roscourse_ws/install/turtle_interfaces/include/turtle_interfaces/turtle_interfaces/msg/turtle_msg.h
[4.223s] -- Installing: /home/yahboom/S26_RobotProgramming_Iron/Lab3/Flynn/roscourse_ws/install/turtle_interfaces/include/turtle_interfaces/turtle_interfaces/msg/rosidl_generator_c__visibility_control.h
[4.223s] -- Installing: /home/yahboom/S26_RobotProgramming_Iron/Lab3/Flynn/roscourse_ws/install/turtle_interfaces/share/turtle_interfaces/environment/library_path.sh
[4.223s] -- Installing: /home/yahboom/S26_RobotProgramming_Iron/Lab3/Flynn/roscourse_ws/install/turtle_interfaces/share/turtle_interfaces/environment/library_path.dsv
[4.223s] -- Installing: /home/yahboom/S26_RobotProgramming_Iron/Lab3/Flynn/roscourse_ws/install/turtle_interfaces/lib/libturtle_interfaces__rosidl_generator_c.so
[4.223s] -- Set runtime path of "/home/yahboom/S26_RobotProgramming_Iron/Lab3/Flynn/roscourse_ws/install/turtle_interfaces/lib/libturtle_interfaces__rosidl_generator_c.so" to ""
[4.223s] -- Up-to-date: /home/yahboom/S26_RobotProgramming_Iron/Lab3/Flynn/roscourse_ws/install/turtle_interfaces/include/turtle_interfaces/turtle_interfaces
[4.223s] -- Up-to-date: /home/yahboom/S26_RobotProgramming_Iron/Lab3/Flynn/roscourse_ws/install/turtle_interfaces/include/turtle_interfaces/turtle_interfaces/srv
[4.223s] -- Up-to-date: /home/yahboom/S26_RobotProgramming_Iron/Lab3/Flynn/roscourse_ws/install/turtle_interfaces/include/turtle_interfaces/turtle_interfaces/srv/detail
[4.224s] -- Installing: /home/yahboom/S26_RobotProgramming_Iron/Lab3/Flynn/roscourse_ws/install/turtle_interfaces/include/turtle_interfaces/turtle_interfaces/srv/detail/set_color__rosidl_typesupport_fastrtps_c.h
[4.224s] -- Installing: /home/yahboom/S26_RobotProgramming_Iron/Lab3/Flynn/roscourse_ws/install/turtle_interfaces/include/turtle_interfaces/turtle_interfaces/srv/detail/set_pose__rosidl_typesupport_fastrtps_c.h
[4.224s] -- Up-to-date: /home/yahboom/S26_RobotProgramming_Iron/Lab3/Flynn/roscourse_ws/install/turtle_interfaces/include/turtle_interfaces/turtle_interfaces/msg
[4.224s] -- Up-to-date: /home/yahboom/S26_RobotProgramming_Iron/Lab3/Flynn/roscourse_ws/install/turtle_interfaces/include/turtle_interfaces/turtle_interfaces/msg/detail
[4.224s] -- Installing: /home/yahboom/S26_RobotProgramming_Iron/Lab3/Flynn/roscourse_ws/install/turtle_interfaces/include/turtle_interfaces/turtle_interfaces/msg/detail/turtle_msg__rosidl_typesupport_fastrtps_c.h
[4.224s] -- Installing: /home/yahboom/S26_RobotProgramming_Iron/Lab3/Flynn/roscourse_ws/install/turtle_interfaces/include/turtle_interfaces/turtle_interfaces/msg/rosidl_typesupport_fastrtps_c__visibility_control.h
[4.224s] -- Installing: /home/yahboom/S26_RobotProgramming_Iron/Lab3/Flynn/roscourse_ws/install/turtle_interfaces/lib/libturtle_interfaces__rosidl_typesupport_fastrtps_c.so
[4.224s] -- Set runtime path of "/home/yahboom/S26_RobotProgramming_Iron/Lab3/Flynn/roscourse_ws/install/turtle_interfaces/lib/libturtle_interfaces__rosidl_typesupport_fastrtps_c.so" to ""
[4.224s] -- Up-to-date: /home/yahboom/S26_RobotProgramming_Iron/Lab3/Flynn/roscourse_ws/install/turtle_interfaces/include/turtle_interfaces/turtle_interfaces
[4.224s] -- Up-to-date: /home/yahboom/S26_RobotProgramming_Iron/Lab3/Flynn/roscourse_ws/install/turtle_interfaces/include/turtle_interfaces/turtle_interfaces/srv
[4.224s] -- Installing: /home/yahboom/S26_RobotProgramming_Iron/Lab3/Flynn/roscourse_ws/install/turtle_interfaces/include/turtle_interfaces/turtle_interfaces/srv/set_pose.hpp
[4.224s] -- Up-to-date: /home/yahboom/S26_RobotProgramming_Iron/Lab3/Flynn/roscourse_ws/install/turtle_interfaces/include/turtle_interfaces/turtle_interfaces/srv/detail
[4.225s] -- Installing: /home/yahboom/S26_RobotProgramming_Iron/Lab3/Flynn/roscourse_ws/install/turtle_interfaces/include/turtle_interfaces/turtle_interfaces/srv/detail/set_color__struct.hpp
[4.225s] -- Installing: /home/yahboom/S26_RobotProgramming_Iron/Lab3/Flynn/roscourse_ws/install/turtle_interfaces/include/turtle_interfaces/turtle_interfaces/srv/detail/set_color__builder.hpp
[4.225s] -- Installing: /home/yahboom/S26_RobotProgramming_Iron/Lab3/Flynn/roscourse_ws/install/turtle_interfaces/include/turtle_interfaces/turtle_interfaces/srv/detail/set_pose__traits.hpp
[4.225s] -- Installing: /home/yahboom/S26_RobotProgramming_Iron/Lab3/Flynn/roscourse_ws/install/turtle_interfaces/include/turtle_interfaces/turtle_interfaces/srv/detail/set_color__traits.hpp
[4.225s] -- Installing: /home/yahboom/S26_RobotProgramming_Iron/Lab3/Flynn/roscourse_ws/install/turtle_interfaces/include/turtle_interfaces/turtle_interfaces/srv/detail/set_pose__builder.hpp
[4.225s] -- Installing: /home/yahboom/S26_RobotProgramming_Iron/Lab3/Flynn/roscourse_ws/install/turtle_interfaces/include/turtle_interfaces/turtle_interfaces/srv/detail/set_pose__struct.hpp
[4.225s] -- Installing: /home/yahboom/S26_RobotProgramming_Iron/Lab3/Flynn/roscourse_ws/install/turtle_interfaces/include/turtle_interfaces/turtle_interfaces/srv/detail/set_pose__type_support.hpp
[4.225s] -- Installing: /home/yahboom/S26_RobotProgramming_Iron/Lab3/Flynn/roscourse_ws/install/turtle_interfaces/include/turtle_interfaces/turtle_interfaces/srv/detail/set_color__type_support.hpp
[4.225s] -- Installing: /home/yahboom/S26_RobotProgramming_Iron/Lab3/Flynn/roscourse_ws/install/turtle_interfaces/include/turtle_interfaces/turtle_interfaces/srv/set_color.hpp
[4.225s] -- Up-to-date: /home/yahboom/S26_RobotProgramming_Iron/Lab3/Flynn/roscourse_ws/install/turtle_interfaces/include/turtle_interfaces/turtle_interfaces/msg
[4.225s] -- Installing: /home/yahboom/S26_RobotProgramming_Iron/Lab3/Flynn/roscourse_ws/install/turtle_interfaces/include/turtle_interfaces/turtle_interfaces/msg/rosidl_generator_cpp__visibility_control.hpp
[4.225s] -- Up-to-date: /home/yahboom/S26_RobotProgramming_Iron/Lab3/Flynn/roscourse_ws/install/turtle_interfaces/include/turtle_interfaces/turtle_interfaces/msg/detail
[4.225s] -- Installing: /home/yahboom/S26_RobotProgramming_Iron/Lab3/Flynn/roscourse_ws/install/turtle_interfaces/include/turtle_interfaces/turtle_interfaces/msg/detail/turtle_msg__traits.hpp
[4.225s] -- Installing: /home/yahboom/S26_RobotProgramming_Iron/Lab3/Flynn/roscourse_ws/install/turtle_interfaces/include/turtle_interfaces/turtle_interfaces/msg/detail/turtle_msg__type_support.hpp
[4.225s] -- Installing: /home/yahboom/S26_RobotProgramming_Iron/Lab3/Flynn/roscourse_ws/install/turtle_interfaces/include/turtle_interfaces/turtle_interfaces/msg/detail/turtle_msg__struct.hpp
[4.225s] -- Installing: /home/yahboom/S26_RobotProgramming_Iron/Lab3/Flynn/roscourse_ws/install/turtle_interfaces/include/turtle_interfaces/turtle_interfaces/msg/detail/turtle_msg__builder.hpp
[4.225s] -- Installing: /home/yahboom/S26_RobotProgramming_Iron/Lab3/Flynn/roscourse_ws/install/turtle_interfaces/include/turtle_interfaces/turtle_interfaces/msg/turtle_msg.hpp
[4.225s] -- Up-to-date: /home/yahboom/S26_RobotProgramming_Iron/Lab3/Flynn/roscourse_ws/install/turtle_interfaces/include/turtle_interfaces/turtle_interfaces
[4.225s] -- Up-to-date: /home/yahboom/S26_RobotProgramming_Iron/Lab3/Flynn/roscourse_ws/install/turtle_interfaces/include/turtle_interfaces/turtle_interfaces/srv
[4.225s] -- Up-to-date: /home/yahboom/S26_RobotProgramming_Iron/Lab3/Flynn/roscourse_ws/install/turtle_interfaces/include/turtle_interfaces/turtle_interfaces/srv/detail
[4.225s] -- Installing: /home/yahboom/S26_RobotProgramming_Iron/Lab3/Flynn/roscourse_ws/install/turtle_interfaces/include/turtle_interfaces/turtle_interfaces/srv/detail/set_color__rosidl_typesupport_fastrtps_cpp.hpp
[4.225s] -- Installing: /home/yahboom/S26_RobotProgramming_Iron/Lab3/Flynn/roscourse_ws/install/turtle_interfaces/include/turtle_interfaces/turtle_interfaces/srv/detail/set_pose__rosidl_typesupport_fastrtps_cpp.hpp
[4.225s] -- Installing: /home/yahboom/S26_RobotProgramming_Iron/Lab3/Flynn/roscourse_ws/install/turtle_interfaces/include/turtle_interfaces/turtle_interfaces/srv/detail/dds_fastrtps
[4.226s] -- Up-to-date: /home/yahboom/S26_RobotProgramming_Iron/Lab3/Flynn/roscourse_ws/install/turtle_interfaces/include/turtle_interfaces/turtle_interfaces/msg
[4.226s] -- Up-to-date: /home/yahboom/S26_RobotProgramming_Iron/Lab3/Flynn/roscourse_ws/install/turtle_interfaces/include/turtle_interfaces/turtle_interfaces/msg/detail
[4.226s] -- Installing: /home/yahboom/S26_RobotProgramming_Iron/Lab3/Flynn/roscourse_ws/install/turtle_interfaces/include/turtle_interfaces/turtle_interfaces/msg/detail/turtle_msg__rosidl_typesupport_fastrtps_cpp.hpp
[4.226s] -- Installing: /home/yahboom/S26_RobotProgramming_Iron/Lab3/Flynn/roscourse_ws/install/turtle_interfaces/include/turtle_interfaces/turtle_interfaces/msg/detail/dds_fastrtps
[4.226s] -- Installing: /home/yahboom/S26_RobotProgramming_Iron/Lab3/Flynn/roscourse_ws/install/turtle_interfaces/include/turtle_interfaces/turtle_interfaces/msg/rosidl_typesupport_fastrtps_cpp__visibility_control.h
[4.226s] -- Installing: /home/yahboom/S26_RobotProgramming_Iron/Lab3/Flynn/roscourse_ws/install/turtle_interfaces/lib/libturtle_interfaces__rosidl_typesupport_fastrtps_cpp.so
[4.226s] -- Set runtime path of "/home/yahboom/S26_RobotProgramming_Iron/Lab3/Flynn/roscourse_ws/install/turtle_interfaces/lib/libturtle_interfaces__rosidl_typesupport_fastrtps_cpp.so" to ""
[4.226s] -- Up-to-date: /home/yahboom/S26_RobotProgramming_Iron/Lab3/Flynn/roscourse_ws/install/turtle_interfaces/include/turtle_interfaces/turtle_interfaces
[4.226s] -- Up-to-date: /home/yahboom/S26_RobotProgramming_Iron/Lab3/Flynn/roscourse_ws/install/turtle_interfaces/include/turtle_interfaces/turtle_interfaces/srv
[4.226s] -- Up-to-date: /home/yahboom/S26_RobotProgramming_Iron/Lab3/Flynn/roscourse_ws/install/turtle_interfaces/include/turtle_interfaces/turtle_interfaces/srv/detail
[4.226s] -- Installing: /home/yahboom/S26_RobotProgramming_Iron/Lab3/Flynn/roscourse_ws/install/turtle_interfaces/include/turtle_interfaces/turtle_interfaces/srv/detail/set_color__type_support.c
[4.226s] -- Installing: /home/yahboom/S26_RobotProgramming_Iron/Lab3/Flynn/roscourse_ws/install/turtle_interfaces/include/turtle_interfaces/turtle_interfaces/srv/detail/set_pose__rosidl_typesupport_introspection_c.h
[4.226s] -- Installing: /home/yahboom/S26_RobotProgramming_Iron/Lab3/Flynn/roscourse_ws/install/turtle_interfaces/include/turtle_interfaces/turtle_interfaces/srv/detail/set_pose__type_support.c
[4.226s] -- Installing: /home/yahboom/S26_RobotProgramming_Iron/Lab3/Flynn/roscourse_ws/install/turtle_interfaces/include/turtle_interfaces/turtle_interfaces/srv/detail/set_color__rosidl_typesupport_introspection_c.h
[4.226s] -- Up-to-date: /home/yahboom/S26_RobotProgramming_Iron/Lab3/Flynn/roscourse_ws/install/turtle_interfaces/include/turtle_interfaces/turtle_interfaces/msg
[4.226s] -- Up-to-date: /home/yahboom/S26_RobotProgramming_Iron/Lab3/Flynn/roscourse_ws/install/turtle_interfaces/include/turtle_interfaces/turtle_interfaces/msg/detail
[4.226s] -- Installing: /home/yahboom/S26_RobotProgramming_Iron/Lab3/Flynn/roscourse_ws/install/turtle_interfaces/include/turtle_interfaces/turtle_interfaces/msg/detail/turtle_msg__rosidl_typesupport_introspection_c.h
[4.226s] -- Installing: /home/yahboom/S26_RobotProgramming_Iron/Lab3/Flynn/roscourse_ws/install/turtle_interfaces/include/turtle_interfaces/turtle_interfaces/msg/detail/turtle_msg__type_support.c
[4.227s] -- Installing: /home/yahboom/S26_RobotProgramming_Iron/Lab3/Flynn/roscourse_ws/install/turtle_interfaces/include/turtle_interfaces/turtle_interfaces/msg/rosidl_typesupport_introspection_c__visibility_control.h
[4.227s] -- Installing: /home/yahboom/S26_RobotProgramming_Iron/Lab3/Flynn/roscourse_ws/install/turtle_interfaces/lib/libturtle_interfaces__rosidl_typesupport_introspection_c.so
[4.227s] -- Set runtime path of "/home/yahboom/S26_RobotProgramming_Iron/Lab3/Flynn/roscourse_ws/install/turtle_interfaces/lib/libturtle_interfaces__rosidl_typesupport_introspection_c.so" to ""
[4.227s] -- Installing: /home/yahboom/S26_RobotProgramming_Iron/Lab3/Flynn/roscourse_ws/install/turtle_interfaces/lib/libturtle_interfaces__rosidl_typesupport_c.so
[4.227s] -- Set runtime path of "/home/yahboom/S26_RobotProgramming_Iron/Lab3/Flynn/roscourse_ws/install/turtle_interfaces/lib/libturtle_interfaces__rosidl_typesupport_c.so" to ""
[4.227s] -- Up-to-date: /home/yahboom/S26_RobotProgramming_Iron/Lab3/Flynn/roscourse_ws/install/turtle_interfaces/include/turtle_interfaces/turtle_interfaces
[4.227s] -- Up-to-date: /home/yahboom/S26_RobotProgramming_Iron/Lab3/Flynn/roscourse_ws/install/turtle_interfaces/include/turtle_interfaces/turtle_interfaces/srv
[4.227s] -- Up-to-date: /home/yahboom/S26_RobotProgramming_Iron/Lab3/Flynn/roscourse_ws/install/turtle_interfaces/include/turtle_interfaces/turtle_interfaces/srv/detail
[4.227s] -- Installing: /home/yahboom/S26_RobotProgramming_Iron/Lab3/Flynn/roscourse_ws/install/turtle_interfaces/include/turtle_interfaces/turtle_interfaces/srv/detail/set_color__type_support.cpp
[4.227s] -- Installing: /home/yahboom/S26_RobotProgramming_Iron/Lab3/Flynn/roscourse_ws/install/turtle_interfaces/include/turtle_interfaces/turtle_interfaces/srv/detail/set_pose__rosidl_typesupport_introspection_cpp.hpp
[4.227s] -- Installing: /home/yahboom/S26_RobotProgramming_Iron/Lab3/Flynn/roscourse_ws/install/turtle_interfaces/include/turtle_interfaces/turtle_interfaces/srv/detail/set_pose__type_support.cpp
[4.227s] -- Installing: /home/yahboom/S26_RobotProgramming_Iron/Lab3/Flynn/roscourse_ws/install/turtle_interfaces/include/turtle_interfaces/turtle_interfaces/srv/detail/set_color__rosidl_typesupport_introspection_cpp.hpp
[4.227s] -- Up-to-date: /home/yahboom/S26_RobotProgramming_Iron/Lab3/Flynn/roscourse_ws/install/turtle_interfaces/include/turtle_interfaces/turtle_interfaces/msg
[4.227s] -- Up-to-date: /home/yahboom/S26_RobotProgramming_Iron/Lab3/Flynn/roscourse_ws/install/turtle_interfaces/include/turtle_interfaces/turtle_interfaces/msg/detail
[4.227s] -- Installing: /home/yahboom/S26_RobotProgramming_Iron/Lab3/Flynn/roscourse_ws/install/turtle_interfaces/include/turtle_interfaces/turtle_interfaces/msg/detail/turtle_msg__type_support.cpp
[4.228s] -- Installing: /home/yahboom/S26_RobotProgramming_Iron/Lab3/Flynn/roscourse_ws/install/turtle_interfaces/include/turtle_interfaces/turtle_interfaces/msg/detail/turtle_msg__rosidl_typesupport_introspection_cpp.hpp
[4.228s] -- Installing: /home/yahboom/S26_RobotProgramming_Iron/Lab3/Flynn/roscourse_ws/install/turtle_interfaces/lib/libturtle_interfaces__rosidl_typesupport_introspection_cpp.so
[4.228s] -- Set runtime path of "/home/yahboom/S26_RobotProgramming_Iron/Lab3/Flynn/roscourse_ws/install/turtle_interfaces/lib/libturtle_interfaces__rosidl_typesupport_introspection_cpp.so" to ""
[4.228s] -- Installing: /home/yahboom/S26_RobotProgramming_Iron/Lab3/Flynn/roscourse_ws/install/turtle_interfaces/lib/libturtle_interfaces__rosidl_typesupport_cpp.so
[4.228s] -- Set runtime path of "/home/yahboom/S26_RobotProgramming_Iron/Lab3/Flynn/roscourse_ws/install/turtle_interfaces/lib/libturtle_interfaces__rosidl_typesupport_cpp.so" to ""
[4.228s] -- Installing: /home/yahboom/S26_RobotProgramming_Iron/Lab3/Flynn/roscourse_ws/install/turtle_interfaces/share/turtle_interfaces/environment/pythonpath.sh
[4.228s] -- Installing: /home/yahboom/S26_RobotProgramming_Iron/Lab3/Flynn/roscourse_ws/install/turtle_interfaces/share/turtle_interfaces/environment/pythonpath.dsv
[4.228s] -- Installing: /home/yahboom/S26_RobotProgramming_Iron/Lab3/Flynn/roscourse_ws/install/turtle_interfaces/local/lib/python3.10/dist-packages/turtle_interfaces-0.0.0-py3.10.egg-info
[4.229s] -- Installing: /home/yahboom/S26_RobotProgramming_Iron/Lab3/Flynn/roscourse_ws/install/turtle_interfaces/local/lib/python3.10/dist-packages/turtle_interfaces-0.0.0-py3.10.egg-info/top_level.txt
[4.229s] -- Installing: /home/yahboom/S26_RobotProgramming_Iron/Lab3/Flynn/roscourse_ws/install/turtle_interfaces/local/lib/python3.10/dist-packages/turtle_interfaces-0.0.0-py3.10.egg-info/PKG-INFO
[4.229s] -- Installing: /home/yahboom/S26_RobotProgramming_Iron/Lab3/Flynn/roscourse_ws/install/turtle_interfaces/local/lib/python3.10/dist-packages/turtle_interfaces-0.0.0-py3.10.egg-info/dependency_links.txt
[4.229s] -- Installing: /home/yahboom/S26_RobotProgramming_Iron/Lab3/Flynn/roscourse_ws/install/turtle_interfaces/local/lib/python3.10/dist-packages/turtle_interfaces-0.0.0-py3.10.egg-info/SOURCES.txt
[4.229s] -- Installing: /home/yahboom/S26_RobotProgramming_Iron/Lab3/Flynn/roscourse_ws/install/turtle_interfaces/local/lib/python3.10/dist-packages/turtle_interfaces
[4.229s] -- Installing: /home/yahboom/S26_RobotProgramming_Iron/Lab3/Flynn/roscourse_ws/install/turtle_interfaces/local/lib/python3.10/dist-packages/turtle_interfaces/libturtle_interfaces__rosidl_generator_py.so
[4.229s] -- Installing: /home/yahboom/S26_RobotProgramming_Iron/Lab3/Flynn/roscourse_ws/install/turtle_interfaces/local/lib/python3.10/dist-packages/turtle_interfaces/_turtle_interfaces_s.ep.rosidl_typesupport_c.c
[4.229s] -- Installing: /home/yahboom/S26_RobotProgramming_Iron/Lab3/Flynn/roscourse_ws/install/turtle_interfaces/local/lib/python3.10/dist-packages/turtle_interfaces/srv
[4.230s] -- Installing: /home/yahboom/S26_RobotProgramming_Iron/Lab3/Flynn/roscourse_ws/install/turtle_interfaces/local/lib/python3.10/dist-packages/turtle_interfaces/srv/_set_color.py
[4.230s] -- Installing: /home/yahboom/S26_RobotProgramming_Iron/Lab3/Flynn/roscourse_ws/install/turtle_interfaces/local/lib/python3.10/dist-packages/turtle_interfaces/srv/_set_pose_s.c
[4.230s] -- Installing: /home/yahboom/S26_RobotProgramming_Iron/Lab3/Flynn/roscourse_ws/install/turtle_interfaces/local/lib/python3.10/dist-packages/turtle_interfaces/srv/__init__.py
[4.230s] -- Installing: /home/yahboom/S26_RobotProgramming_Iron/Lab3/Flynn/roscourse_ws/install/turtle_interfaces/local/lib/python3.10/dist-packages/turtle_interfaces/srv/_set_color_s.c
[4.230s] -- Installing: /home/yahboom/S26_RobotProgramming_Iron/Lab3/Flynn/roscourse_ws/install/turtle_interfaces/local/lib/python3.10/dist-packages/turtle_interfaces/srv/_set_pose.py
[4.230s] -- Installing: /home/yahboom/S26_RobotProgramming_Iron/Lab3/Flynn/roscourse_ws/install/turtle_interfaces/local/lib/python3.10/dist-packages/turtle_interfaces/turtle_interfaces_s__rosidl_typesupport_introspection_c.cpython-310-x86_64-linux-gnu.so
[4.230s] -- Installing: /home/yahboom/S26_RobotProgramming_Iron/Lab3/Flynn/roscourse_ws/install/turtle_interfaces/local/lib/python3.10/dist-packages/turtle_interfaces/__init__.py
[4.230s] -- Installing: /home/yahboom/S26_RobotProgramming_Iron/Lab3/Flynn/roscourse_ws/install/turtle_interfaces/local/lib/python3.10/dist-packages/turtle_interfaces/turtle_interfaces_s__rosidl_typesupport_fastrtps_c.cpython-310-x86_64-linux-gnu.so
[4.230s] -- Installing: /home/yahboom/S26_RobotProgramming_Iron/Lab3/Flynn/roscourse_ws/install/turtle_interfaces/local/lib/python3.10/dist-packages/turtle_interfaces/_turtle_interfaces_s.ep.rosidl_typesupport_introspection_c.c
[4.230s] -- Installing: /home/yahboom/S26_RobotProgramming_Iron/Lab3/Flynn/roscourse_ws/install/turtle_interfaces/local/lib/python3.10/dist-packages/turtle_interfaces/msg
[4.230s] -- Installing: /home/yahboom/S26_RobotProgramming_Iron/Lab3/Flynn/roscourse_ws/install/turtle_interfaces/local/lib/python3.10/dist-packages/turtle_interfaces/msg/_turtle_msg.py
[4.230s] -- Installing: /home/yahboom/S26_RobotProgramming_Iron/Lab3/Flynn/roscourse_ws/install/turtle_interfaces/local/lib/python3.10/dist-packages/turtle_interfaces/msg/__init__.py
[4.230s] -- Installing: /home/yahboom/S26_RobotProgramming_Iron/Lab3/Flynn/roscourse_ws/install/turtle_interfaces/local/lib/python3.10/dist-packages/turtle_interfaces/msg/_turtle_msg_s.c
[4.230s] -- Installing: /home/yahboom/S26_RobotProgramming_Iron/Lab3/Flynn/roscourse_ws/install/turtle_interfaces/local/lib/python3.10/dist-packages/turtle_interfaces/turtle_interfaces_s__rosidl_typesupport_c.cpython-310-x86_64-linux-gnu.so
[4.230s] -- Installing: /home/yahboom/S26_RobotProgramming_Iron/Lab3/Flynn/roscourse_ws/install/turtle_interfaces/local/lib/python3.10/dist-packages/turtle_interfaces/_turtle_interfaces_s.ep.rosidl_typesupport_fastrtps_c.c
[4.271s] Listing '/home/yahboom/S26_RobotProgramming_Iron/Lab3/Flynn/roscourse_ws/install/turtle_interfaces/local/lib/python3.10/dist-packages/turtle_interfaces'...
[4.271s] Compiling '/home/yahboom/S26_RobotProgramming_Iron/Lab3/Flynn/roscourse_ws/install/turtle_interfaces/local/lib/python3.10/dist-packages/turtle_interfaces/__init__.py'...
[4.271s] Listing '/home/yahboom/S26_RobotProgramming_Iron/Lab3/Flynn/roscourse_ws/install/turtle_interfaces/local/lib/python3.10/dist-packages/turtle_interfaces/msg'...
[4.271s] Compiling '/home/yahboom/S26_RobotProgramming_Iron/Lab3/Flynn/roscourse_ws/install/turtle_interfaces/local/lib/python3.10/dist-packages/turtle_interfaces/msg/__init__.py'...
[4.271s] Compiling '/home/yahboom/S26_RobotProgramming_Iron/Lab3/Flynn/roscourse_ws/install/turtle_interfaces/local/lib/python3.10/dist-packages/turtle_interfaces/msg/_turtle_msg.py'...
[4.271s] Listing '/home/yahboom/S26_RobotProgramming_Iron/Lab3/Flynn/roscourse_ws/install/turtle_interfaces/local/lib/python3.10/dist-packages/turtle_interfaces/srv'...
[4.272s] Compiling '/home/yahboom/S26_RobotProgramming_Iron/Lab3/Flynn/roscourse_ws/install/turtle_interfaces/local/lib/python3.10/dist-packages/turtle_interfaces/srv/__init__.py'...
[4.272s] Compiling '/home/yahboom/S26_RobotProgramming_Iron/Lab3/Flynn/roscourse_ws/install/turtle_interfaces/local/lib/python3.10/dist-packages/turtle_interfaces/srv/_set_color.py'...
[4.272s] Compiling '/home/yahboom/S26_RobotProgramming_Iron/Lab3/Flynn/roscourse_ws/install/turtle_interfaces/local/lib/python3.10/dist-packages/turtle_interfaces/srv/_set_pose.py'...
[4.274s] -- Installing: /home/yahboom/S26_RobotProgramming_Iron/Lab3/Flynn/roscourse_ws/install/turtle_interfaces/local/lib/python3.10/dist-packages/turtle_interfaces/turtle_interfaces_s__rosidl_typesupport_fastrtps_c.cpython-310-x86_64-linux-gnu.so
[4.274s] -- Set runtime path of "/home/yahboom/S26_RobotProgramming_Iron/Lab3/Flynn/roscourse_ws/install/turtle_interfaces/local/lib/python3.10/dist-packages/turtle_interfaces/turtle_interfaces_s__rosidl_typesupport_fastrtps_c.cpython-310-x86_64-linux-gnu.so" to ""
[4.274s] -- Installing: /home/yahboom/S26_RobotProgramming_Iron/Lab3/Flynn/roscourse_ws/install/turtle_interfaces/local/lib/python3.10/dist-packages/turtle_interfaces/turtle_interfaces_s__rosidl_typesupport_introspection_c.cpython-310-x86_64-linux-gnu.so
[4.275s] -- Set runtime path of "/home/yahboom/S26_RobotProgramming_Iron/Lab3/Flynn/roscourse_ws/install/turtle_interfaces/local/lib/python3.10/dist-packages/turtle_interfaces/turtle_interfaces_s__rosidl_typesupport_introspection_c.cpython-310-x86_64-linux-gnu.so" to ""
[4.275s] -- Installing: /home/yahboom/S26_RobotProgramming_Iron/Lab3/Flynn/roscourse_ws/install/turtle_interfaces/local/lib/python3.10/dist-packages/turtle_interfaces/turtle_interfaces_s__rosidl_typesupport_c.cpython-310-x86_64-linux-gnu.so
[4.275s] -- Set runtime path of "/home/yahboom/S26_RobotProgramming_Iron/Lab3/Flynn/roscourse_ws/install/turtle_interfaces/local/lib/python3.10/dist-packages/turtle_interfaces/turtle_interfaces_s__rosidl_typesupport_c.cpython-310-x86_64-linux-gnu.so" to ""
[4.275s] -- Installing: /home/yahboom/S26_RobotProgramming_Iron/Lab3/Flynn/roscourse_ws/install/turtle_interfaces/lib/libturtle_interfaces__rosidl_generator_py.so
[4.276s] -- Set runtime path of "/home/yahboom/S26_RobotProgramming_Iron/Lab3/Flynn/roscourse_ws/install/turtle_interfaces/lib/libturtle_interfaces__rosidl_generator_py.so" to ""
[4.276s] -- Installing: /home/yahboom/S26_RobotProgramming_Iron/Lab3/Flynn/roscourse_ws/install/turtle_interfaces/share/turtle_interfaces/msg/TurtleMsg.idl
[4.276s] -- Installing: /home/yahboom/S26_RobotProgramming_Iron/Lab3/Flynn/roscourse_ws/install/turtle_interfaces/share/turtle_interfaces/srv/SetPose.idl
[4.276s] -- Installing: /home/yahboom/S26_RobotProgramming_Iron/Lab3/Flynn/roscourse_ws/install/turtle_interfaces/share/turtle_interfaces/srv/SetColor.idl
[4.276s] -- Installing: /home/yahboom/S26_RobotProgramming_Iron/Lab3/Flynn/roscourse_ws/install/turtle_interfaces/share/turtle_interfaces/msg/TurtleMsg.msg
[4.276s] -- Installing: /home/yahboom/S26_RobotProgramming_Iron/Lab3/Flynn/roscourse_ws/install/turtle_interfaces/share/turtle_interfaces/srv/SetPose.srv
[4.276s] -- Installing: /home/yahboom/S26_RobotProgramming_Iron/Lab3/Flynn/roscourse_ws/install/turtle_interfaces/share/turtle_interfaces/srv/SetPose_Request.msg
[4.276s] -- Installing: /home/yahboom/S26_RobotProgramming_Iron/Lab3/Flynn/roscourse_ws/install/turtle_interfaces/share/turtle_interfaces/srv/SetPose_Response.msg
[4.277s] -- Installing: /home/yahboom/S26_RobotProgramming_Iron/Lab3/Flynn/roscourse_ws/install/turtle_interfaces/share/turtle_interfaces/srv/SetColor.srv
[4.277s] -- Installing: /home/yahboom/S26_RobotProgramming_Iron/Lab3/Flynn/roscourse_ws/install/turtle_interfaces/share/turtle_interfaces/srv/SetColor_Request.msg
[4.277s] -- Installing: /home/yahboom/S26_RobotProgramming_Iron/Lab3/Flynn/roscourse_ws/install/turtle_interfaces/share/turtle_interfaces/srv/SetColor_Response.msg
[4.277s] -- Installing: /home/yahboom/S26_RobotProgramming_Iron/Lab3/Flynn/roscourse_ws/install/turtle_interfaces/share/ament_index/resource_index/package_run_dependencies/turtle_interfaces
[4.277s] -- Installing: /home/yahboom/S26_RobotProgramming_Iron/Lab3/Flynn/roscourse_ws/install/turtle_interfaces/share/ament_index/resource_index/parent_prefix_path/turtle_interfaces
[4.277s] -- Installing: /home/yahboom/S26_RobotProgramming_Iron/Lab3/Flynn/roscourse_ws/install/turtle_interfaces/share/turtle_interfaces/environment/ament_prefix_path.sh
[4.277s] -- Installing: /home/yahboom/S26_RobotProgramming_Iron/Lab3/Flynn/roscourse_ws/install/turtle_interfaces/share/turtle_interfaces/environment/ament_prefix_path.dsv
[4.277s] -- Installing: /home/yahboom/S26_RobotProgramming_Iron/Lab3/Flynn/roscourse_ws/install/turtle_interfaces/share/turtle_interfaces/environment/path.sh
[4.277s] -- Installing: /home/yahboom/S26_RobotProgramming_Iron/Lab3/Flynn/roscourse_ws/install/turtle_interfaces/share/turtle_interfaces/environment/path.dsv
[4.277s] -- Installing: /home/yahboom/S26_RobotProgramming_Iron/Lab3/Flynn/roscourse_ws/install/turtle_interfaces/share/turtle_interfaces/local_setup.bash
[4.277s] -- Installing: /home/yahboom/S26_RobotProgramming_Iron/Lab3/Flynn/roscourse_ws/install/turtle_interfaces/share/turtle_interfaces/local_setup.sh
[4.277s] -- Installing: /home/yahboom/S26_RobotProgramming_Iron/Lab3/Flynn/roscourse_ws/install/turtle_interfaces/share/turtle_interfaces/local_setup.zsh
[4.278s] -- Installing: /home/yahboom/S26_RobotProgramming_Iron/Lab3/Flynn/roscourse_ws/install/turtle_interfaces/share/turtle_interfaces/local_setup.dsv
[4.278s] -- Installing: /home/yahboom/S26_RobotProgramming_Iron/Lab3/Flynn/roscourse_ws/install/turtle_interfaces/share/turtle_interfaces/package.dsv
[4.278s] -- Installing: /home/yahboom/S26_RobotProgramming_Iron/Lab3/Flynn/roscourse_ws/install/turtle_interfaces/share/ament_index/resource_index/packages/turtle_interfaces
[4.278s] -- Installing: /home/yahboom/S26_RobotProgramming_Iron/Lab3/Flynn/roscourse_ws/install/turtle_interfaces/share/turtle_interfaces/cmake/export_turtle_interfaces__rosidl_generator_cExport.cmake
[4.278s] -- Installing: /home/yahboom/S26_RobotProgramming_Iron/Lab3/Flynn/roscourse_ws/install/turtle_interfaces/share/turtle_interfaces/cmake/export_turtle_interfaces__rosidl_generator_cExport-noconfig.cmake
[4.278s] -- Installing: /home/yahboom/S26_RobotProgramming_Iron/Lab3/Flynn/roscourse_ws/install/turtle_interfaces/share/turtle_interfaces/cmake/export_turtle_interfaces__rosidl_typesupport_fastrtps_cExport.cmake
[4.278s] -- Installing: /home/yahboom/S26_RobotProgramming_Iron/Lab3/Flynn/roscourse_ws/install/turtle_interfaces/share/turtle_interfaces/cmake/export_turtle_interfaces__rosidl_typesupport_fastrtps_cExport-noconfig.cmake
[4.278s] -- Installing: /home/yahboom/S26_RobotProgramming_Iron/Lab3/Flynn/roscourse_ws/install/turtle_interfaces/share/turtle_interfaces/cmake/export_turtle_interfaces__rosidl_generator_cppExport.cmake
[4.278s] -- Installing: /home/yahboom/S26_RobotProgramming_Iron/Lab3/Flynn/roscourse_ws/install/turtle_interfaces/share/turtle_interfaces/cmake/export_turtle_interfaces__rosidl_typesupport_fastrtps_cppExport.cmake
[4.278s] -- Installing: /home/yahboom/S26_RobotProgramming_Iron/Lab3/Flynn/roscourse_ws/install/turtle_interfaces/share/turtle_interfaces/cmake/export_turtle_interfaces__rosidl_typesupport_fastrtps_cppExport-noconfig.cmake
[4.278s] -- Installing: /home/yahboom/S26_RobotProgramming_Iron/Lab3/Flynn/roscourse_ws/install/turtle_interfaces/share/turtle_interfaces/cmake/turtle_interfaces__rosidl_typesupport_introspection_cExport.cmake
[4.279s] -- Installing: /home/yahboom/S26_RobotProgramming_Iron/Lab3/Flynn/roscourse_ws/install/turtle_interfaces/share/turtle_interfaces/cmake/turtle_interfaces__rosidl_typesupport_introspection_cExport-noconfig.cmake
[4.279s] -- Installing: /home/yahboom/S26_RobotProgramming_Iron/Lab3/Flynn/roscourse_ws/install/turtle_interfaces/share/turtle_interfaces/cmake/turtle_interfaces__rosidl_typesupport_cExport.cmake
[4.279s] -- Installing: /home/yahboom/S26_RobotProgramming_Iron/Lab3/Flynn/roscourse_ws/install/turtle_interfaces/share/turtle_interfaces/cmake/turtle_interfaces__rosidl_typesupport_cExport-noconfig.cmake
[4.279s] -- Installing: /home/yahboom/S26_RobotProgramming_Iron/Lab3/Flynn/roscourse_ws/install/turtle_interfaces/share/turtle_interfaces/cmake/turtle_interfaces__rosidl_typesupport_introspection_cppExport.cmake
[4.279s] -- Installing: /home/yahboom/S26_RobotProgramming_Iron/Lab3/Flynn/roscourse_ws/install/turtle_interfaces/share/turtle_interfaces/cmake/turtle_interfaces__rosidl_typesupport_introspection_cppExport-noconfig.cmake
[4.279s] -- Installing: /home/yahboom/S26_RobotProgramming_Iron/Lab3/Flynn/roscourse_ws/install/turtle_interfaces/share/turtle_interfaces/cmake/turtle_interfaces__rosidl_typesupport_cppExport.cmake
[4.279s] -- Installing: /home/yahboom/S26_RobotProgramming_Iron/Lab3/Flynn/roscourse_ws/install/turtle_interfaces/share/turtle_interfaces/cmake/turtle_interfaces__rosidl_typesupport_cppExport-noconfig.cmake
[4.279s] -- Installing: /home/yahboom/S26_RobotProgramming_Iron/Lab3/Flynn/roscourse_ws/install/turtle_interfaces/share/turtle_interfaces/cmake/export_turtle_interfaces__rosidl_generator_pyExport.cmake
[4.279s] -- Installing: /home/yahboom/S26_RobotProgramming_Iron/Lab3/Flynn/roscourse_ws/install/turtle_interfaces/share/turtle_interfaces/cmake/export_turtle_interfaces__rosidl_generator_pyExport-noconfig.cmake
[4.279s] -- Installing: /home/yahboom/S26_RobotProgramming_Iron/Lab3/Flynn/roscourse_ws/install/turtle_interfaces/share/turtle_interfaces/cmake/rosidl_cmake-extras.cmake
[4.279s] -- Installing: /home/yahboom/S26_RobotProgramming_Iron/Lab3/Flynn/roscourse_ws/install/turtle_interfaces/share/turtle_interfaces/cmake/ament_cmake_export_dependencies-extras.cmake
[4.280s] -- Installing: /home/yahboom/S26_RobotProgramming_Iron/Lab3/Flynn/roscourse_ws/install/turtle_interfaces/share/turtle_interfaces/cmake/ament_cmake_export_include_directories-extras.cmake
[4.280s] -- Installing: /home/yahboom/S26_RobotProgramming_Iron/Lab3/Flynn/roscourse_ws/install/turtle_interfaces/share/turtle_interfaces/cmake/ament_cmake_export_libraries-extras.cmake
[4.280s] -- Installing: /home/yahboom/S26_RobotProgramming_Iron/Lab3/Flynn/roscourse_ws/install/turtle_interfaces/share/turtle_interfaces/cmake/ament_cmake_export_targets-extras.cmake
[4.280s] -- Installing: /home/yahboom/S26_RobotProgramming_Iron/Lab3/Flynn/roscourse_ws/install/turtle_interfaces/share/turtle_interfaces/cmake/rosidl_cmake_export_typesupport_targets-extras.cmake
[4.280s] -- Installing: /home/yahboom/S26_RobotProgramming_Iron/Lab3/Flynn/roscourse_ws/install/turtle_interfaces/share/turtle_interfaces/cmake/rosidl_cmake_export_typesupport_libraries-extras.cmake
[4.280s] -- Installing: /home/yahboom/S26_RobotProgramming_Iron/Lab3/Flynn/roscourse_ws/install/turtle_interfaces/share/turtle_interfaces/cmake/turtle_interfacesConfig.cmake
[4.280s] -- Installing: /home/yahboom/S26_RobotProgramming_Iron/Lab3/Flynn/roscourse_ws/install/turtle_interfaces/share/turtle_interfaces/cmake/turtle_interfacesConfig-version.cmake
[4.280s] -- Installing: /home/yahboom/S26_RobotProgramming_Iron/Lab3/Flynn/roscourse_ws/install/turtle_interfaces/share/turtle_interfaces/package.xml
[4.282s] Invoked command in '/home/yahboom/S26_RobotProgramming_Iron/Lab3/Flynn/roscourse_ws/build/turtle_interfaces' returned '0': CMAKE_PREFIX_PATH=${CMAKE_PREFIX_PATH}:/home/yahboom/cartoros2/install/yahboomcar_nav:/home/yahboom/cartoros2/install/yahboomcar_ctrl:/home/yahboom/cartoros2/install/yahboom_visual:/home/yahboom/cartoros2/install/yahboom_dog_joint_state:/home/yahboom/cartoros2/install/yahboom_description:/home/yahboom/cartoros2/install/yahboom_color_identify_server:/home/yahboom/cartoros2/install/yahboom_bringup:/home/yahboom/cartoros2/install/yahboom_base:/home/yahboom/cartoros2/install/yahboom_app_save_map:/home/yahboom/cartoros2/install/update_map:/home/yahboom/cartoros2/install/rosboard:/home/yahboom/cartoros2/install/path_planner_server:/home/yahboom/cartoros2/install/nav2_simple_commander:/home/yahboom/cartoros2/install/nav2_gazebo_spawner:/home/yahboom/cartoros2/install/localization_server:/home/yahboom/cartoros2/install/laserscan_to_point_pulisher:/home/yahboom/yahboomcar_ws/install/yahboom_dog_example:/opt/ros/humble /usr/bin/cmake --install /home/yahboom/S26_RobotProgramming_Iron/Lab3/Flynn/roscourse_ws/build/turtle_interfaces
