running egg_info
creating build/my_robot/my_robot.egg-info
writing build/my_robot/my_robot.egg-info/PKG-INFO
writing dependency_links to build/my_robot/my_robot.egg-info/dependency_links.txt
writing entry points to build/my_robot/my_robot.egg-info/entry_points.txt
writing requirements to build/my_robot/my_robot.egg-info/requires.txt
writing top-level names to build/my_robot/my_robot.egg-info/top_level.txt
writing manifest file 'build/my_robot/my_robot.egg-info/SOURCES.txt'
reading manifest file 'build/my_robot/my_robot.egg-info/SOURCES.txt'
writing manifest file 'build/my_robot/my_robot.egg-info/SOURCES.txt'
running build
running build_py
creating /home/yahboom/S26_RobotProgramming_Iron/Lab7/Flynn/roscourse_sim_ws/src/my_robot/build/my_robot/build
creating /home/yahboom/S26_RobotProgramming_Iron/Lab7/Flynn/roscourse_sim_ws/src/my_robot/build/my_robot/build/lib
creating /home/yahboom/S26_RobotProgramming_Iron/Lab7/Flynn/roscourse_sim_ws/src/my_robot/build/my_robot/build/lib/my_robot
copying my_robot/__init__.py -> /home/yahboom/S26_RobotProgramming_Iron/Lab7/Flynn/roscourse_sim_ws/src/my_robot/build/my_robot/build/lib/my_robot
running install
running install_lib
creating /home/yahboom/S26_RobotProgramming_Iron/Lab7/Flynn/roscourse_sim_ws/src/my_robot/install/my_robot/lib/python3.10/site-packages/my_robot
copying /home/yahboom/S26_RobotProgramming_Iron/Lab7/Flynn/roscourse_sim_ws/src/my_robot/build/my_robot/build/lib/my_robot/__init__.py -> /home/yahboom/S26_RobotProgramming_Iron/Lab7/Flynn/roscourse_sim_ws/src/my_robot/install/my_robot/lib/python3.10/site-packages/my_robot
byte-compiling /home/yahboom/S26_RobotProgramming_Iron/Lab7/Flynn/roscourse_sim_ws/src/my_robot/install/my_robot/lib/python3.10/site-packages/my_robot/__init__.py to __init__.cpython-310.pyc
running install_data
creating /home/yahboom/S26_RobotProgramming_Iron/Lab7/Flynn/roscourse_sim_ws/src/my_robot/install/my_robot/share/ament_index
creating /home/yahboom/S26_RobotProgramming_Iron/Lab7/Flynn/roscourse_sim_ws/src/my_robot/install/my_robot/share/ament_index/resource_index
creating /home/yahboom/S26_RobotProgramming_Iron/Lab7/Flynn/roscourse_sim_ws/src/my_robot/install/my_robot/share/ament_index/resource_index/packages
copying resource/my_robot -> /home/yahboom/S26_RobotProgramming_Iron/Lab7/Flynn/roscourse_sim_ws/src/my_robot/install/my_robot/share/ament_index/resource_index/packages
copying package.xml -> /home/yahboom/S26_RobotProgramming_Iron/Lab7/Flynn/roscourse_sim_ws/src/my_robot/install/my_robot/share/my_robot
copying urdf/my_robot.urdf.xacro -> /home/yahboom/S26_RobotProgramming_Iron/Lab7/Flynn/roscourse_sim_ws/src/my_robot/install/my_robot/share/my_robot
copying urdf/my_robot.urdf -> /home/yahboom/S26_RobotProgramming_Iron/Lab7/Flynn/roscourse_sim_ws/src/my_robot/install/my_robot/share/my_robot
error: can't copy 'urdf/install': doesn't exist or not a regular file
