[0.650s] Invoking command in '/home/yahboom/S26_RobotProgramming_Iron/Lab7/Flynn/roscourse_sim_ws/src/my_robot': PYTHONPATH=/home/yahboom/S26_RobotProgramming_Iron/Lab7/Flynn/roscourse_sim_ws/src/my_robot/build/my_robot/prefix_override:/usr/lib/python3/dist-packages/colcon_core/task/python/colcon_distutils_commands:/home/yahboom/S26_RobotProgramming_Iron/Lab7/Flynn/roscourse_sim_ws/src/my_robot/install/my_robot/lib/python3.10/site-packages:${PYTHONPATH} /usr/bin/python3 -W ignore:setup.py install is deprecated -W ignore:easy_install command is deprecated setup.py egg_info --egg-base build/my_robot build --build-base /home/yahboom/S26_RobotProgramming_Iron/Lab7/Flynn/roscourse_sim_ws/src/my_robot/build/my_robot/build install --record /home/yahboom/S26_RobotProgramming_Iron/Lab7/Flynn/roscourse_sim_ws/src/my_robot/build/my_robot/install.log --single-version-externally-managed install_data
[0.904s] running egg_info
[0.904s] creating build/my_robot/my_robot.egg-info
[0.905s] writing build/my_robot/my_robot.egg-info/PKG-INFO
[0.905s] writing dependency_links to build/my_robot/my_robot.egg-info/dependency_links.txt
[0.905s] writing entry points to build/my_robot/my_robot.egg-info/entry_points.txt
[0.905s] writing requirements to build/my_robot/my_robot.egg-info/requires.txt
[0.905s] writing top-level names to build/my_robot/my_robot.egg-info/top_level.txt
[0.905s] writing manifest file 'build/my_robot/my_robot.egg-info/SOURCES.txt'
[0.906s] reading manifest file 'build/my_robot/my_robot.egg-info/SOURCES.txt'
[0.907s] writing manifest file 'build/my_robot/my_robot.egg-info/SOURCES.txt'
[0.907s] running build
[0.907s] running build_py
[0.907s] creating /home/yahboom/S26_RobotProgramming_Iron/Lab7/Flynn/roscourse_sim_ws/src/my_robot/build/my_robot/build
[0.907s] creating /home/yahboom/S26_RobotProgramming_Iron/Lab7/Flynn/roscourse_sim_ws/src/my_robot/build/my_robot/build/lib
[0.907s] creating /home/yahboom/S26_RobotProgramming_Iron/Lab7/Flynn/roscourse_sim_ws/src/my_robot/build/my_robot/build/lib/my_robot
[0.907s] copying my_robot/__init__.py -> /home/yahboom/S26_RobotProgramming_Iron/Lab7/Flynn/roscourse_sim_ws/src/my_robot/build/my_robot/build/lib/my_robot
[0.907s] running install
[0.907s] running install_lib
[0.908s] creating /home/yahboom/S26_RobotProgramming_Iron/Lab7/Flynn/roscourse_sim_ws/src/my_robot/install/my_robot/lib/python3.10/site-packages/my_robot
[0.908s] copying /home/yahboom/S26_RobotProgramming_Iron/Lab7/Flynn/roscourse_sim_ws/src/my_robot/build/my_robot/build/lib/my_robot/__init__.py -> /home/yahboom/S26_RobotProgramming_Iron/Lab7/Flynn/roscourse_sim_ws/src/my_robot/install/my_robot/lib/python3.10/site-packages/my_robot
[0.909s] byte-compiling /home/yahboom/S26_RobotProgramming_Iron/Lab7/Flynn/roscourse_sim_ws/src/my_robot/install/my_robot/lib/python3.10/site-packages/my_robot/__init__.py to __init__.cpython-310.pyc
[0.909s] running install_data
[0.909s] creating /home/yahboom/S26_RobotProgramming_Iron/Lab7/Flynn/roscourse_sim_ws/src/my_robot/install/my_robot/share/ament_index
[0.909s] creating /home/yahboom/S26_RobotProgramming_Iron/Lab7/Flynn/roscourse_sim_ws/src/my_robot/install/my_robot/share/ament_index/resource_index
[0.909s] creating /home/yahboom/S26_RobotProgramming_Iron/Lab7/Flynn/roscourse_sim_ws/src/my_robot/install/my_robot/share/ament_index/resource_index/packages
[0.909s] copying resource/my_robot -> /home/yahboom/S26_RobotProgramming_Iron/Lab7/Flynn/roscourse_sim_ws/src/my_robot/install/my_robot/share/ament_index/resource_index/packages
[0.909s] copying package.xml -> /home/yahboom/S26_RobotProgramming_Iron/Lab7/Flynn/roscourse_sim_ws/src/my_robot/install/my_robot/share/my_robot
[0.909s] copying urdf/my_robot.urdf.xacro -> /home/yahboom/S26_RobotProgramming_Iron/Lab7/Flynn/roscourse_sim_ws/src/my_robot/install/my_robot/share/my_robot
[0.909s] copying urdf/my_robot.urdf -> /home/yahboom/S26_RobotProgramming_Iron/Lab7/Flynn/roscourse_sim_ws/src/my_robot/install/my_robot/share/my_robot
[0.909s] error: can't copy 'urdf/install': doesn't exist or not a regular file
[0.921s] Invoked command in '/home/yahboom/S26_RobotProgramming_Iron/Lab7/Flynn/roscourse_sim_ws/src/my_robot' returned '1': PYTHONPATH=/home/yahboom/S26_RobotProgramming_Iron/Lab7/Flynn/roscourse_sim_ws/src/my_robot/build/my_robot/prefix_override:/usr/lib/python3/dist-packages/colcon_core/task/python/colcon_distutils_commands:/home/yahboom/S26_RobotProgramming_Iron/Lab7/Flynn/roscourse_sim_ws/src/my_robot/install/my_robot/lib/python3.10/site-packages:${PYTHONPATH} /usr/bin/python3 -W ignore:setup.py install is deprecated -W ignore:easy_install command is deprecated setup.py egg_info --egg-base build/my_robot build --build-base /home/yahboom/S26_RobotProgramming_Iron/Lab7/Flynn/roscourse_sim_ws/src/my_robot/build/my_robot/build install --record /home/yahboom/S26_RobotProgramming_Iron/Lab7/Flynn/roscourse_sim_ws/src/my_robot/build/my_robot/install.log --single-version-externally-managed install_data
