[0.046s] Invoking command in '/home/yahboom/Desktop/S26_RobotProgramming_Iron/Lab4/chuang/intro_ws/src/turtle_interfaces/build/turtle_interfaces': CMAKE_PREFIX_PATH=${CMAKE_PREFIX_PATH}:/home/yahboom/cartoros2/install/yahboomcar_nav:/home/yahboom/cartoros2/install/yahboomcar_ctrl:/home/yahboom/cartoros2/install/yahboom_visual:/home/yahboom/cartoros2/install/yahboom_dog_joint_state:/home/yahboom/cartoros2/install/yahboom_description:/home/yahboom/cartoros2/install/yahboom_color_identify_server:/home/yahboom/cartoros2/install/yahboom_bringup:/home/yahboom/cartoros2/install/yahboom_base:/home/yahboom/cartoros2/install/yahboom_app_save_map:/home/yahboom/cartoros2/install/update_map:/home/yahboom/cartoros2/install/rosboard:/home/yahboom/cartoros2/install/path_planner_server:/home/yahboom/cartoros2/install/nav2_simple_commander:/home/yahboom/cartoros2/install/nav2_gazebo_spawner:/home/yahboom/cartoros2/install/localization_server:/home/yahboom/cartoros2/install/laserscan_to_point_pulisher:/home/yahboom/yahboomcar_ws/install/yahboom_dog_example:/opt/ros/humble: /usr/bin/cmake /home/yahboom/Desktop/S26_RobotProgramming_Iron/Lab4/chuang/intro_ws/src/turtle_interfaces -DCMAKE_INSTALL_PREFIX=/home/yahboom/Desktop/S26_RobotProgramming_Iron/Lab4/chuang/intro_ws/src/turtle_interfaces/install/turtle_interfaces
[0.114s] -- Found ament_cmake: 1.3.8 (/opt/ros/humble/share/ament_cmake/cmake)
[0.493s] -- Found rosidl_default_generators: 1.2.0 (/opt/ros/humble/share/rosidl_default_generators/cmake)
[0.528s] -- Using all available rosidl_typesupport_c: rosidl_typesupport_fastrtps_c;rosidl_typesupport_introspection_c
[0.533s] -- Found rosidl_adapter: 3.1.5 (/opt/ros/humble/share/rosidl_adapter/cmake)
[0.623s] -- Using all available rosidl_typesupport_cpp: rosidl_typesupport_fastrtps_cpp;rosidl_typesupport_introspection_cpp
[0.673s] -- Found ament_lint_auto: 0.12.10 (/opt/ros/humble/share/ament_lint_auto/cmake)
[1.385s] [31mCMake Error at /opt/ros/humble/share/rosidl_adapter/cmake/rosidl_adapt_interfaces.cmake:59 (message):
[1.385s]   execute_process(/usr/bin/python3 -m rosidl_adapter --package-name
[1.385s]   turtle_interfaces --arguments-file
[1.385s]   /home/yahboom/Desktop/S26_RobotProgramming_Iron/Lab4/chuang/intro_ws/src/turtle_interfaces/build/turtle_interfaces/rosidl_adapter__arguments__turtle_interfaces.json
[1.385s]   --output-dir
[1.385s]   /home/yahboom/Desktop/S26_RobotProgramming_Iron/Lab4/chuang/intro_ws/src/turtle_interfaces/build/turtle_interfaces/rosidl_adapter/turtle_interfaces
[1.385s]   --output-file
[1.385s]   /home/yahboom/Desktop/S26_RobotProgramming_Iron/Lab4/chuang/intro_ws/src/turtle_interfaces/build/turtle_interfaces/rosidl_adapter/turtle_interfaces.idls)
[1.386s]   returned error code 1:
[1.386s] 
[1.386s]   Error processing 'float32[3] turtleRGB' of
[1.386s]   'turtle_interfaces/SetColors_Request': ''turtleRGB' is an invalid field
[1.386s]   name.  It should have the pattern '^(?!.*__)(?!.*_$)[a-z][a-z0-9_]*$''
[1.386s] 
[1.386s]   Traceback (most recent call last):
[1.386s] 
[1.386s]     File "/usr/lib/python3.10/runpy.py", line 196, in _run_module_as_main
[1.386s]       return _run_code(code, main_globals, None,
[1.387s]     File "/usr/lib/python3.10/runpy.py", line 86, in _run_code
[1.387s]       exec(code, run_globals)
[1.387s]     File "/opt/ros/humble/local/lib/python3.10/dist-packages/rosidl_adapter/__main__.py", line 19, in <module>
[1.387s]       sys.exit(main())
[1.387s]     File "/opt/ros/humble/local/lib/python3.10/dist-packages/rosidl_adapter/main.py", line 53, in main
[1.387s]       abs_idl_file = convert_to_idl(
[1.387s]     File "/opt/ros/humble/local/lib/python3.10/dist-packages/rosidl_adapter/__init__.py", line 24, in convert_to_idl
[1.387s]       return convert_srv_to_idl(
[1.387s]     File "/opt/ros/humble/local/lib/python3.10/dist-packages/rosidl_adapter/srv/__init__.py", line 28, in convert_srv_to_idl
[1.387s]       srv = parse_service_string(package_name, input_file.stem, content)
[1.387s]     File "/opt/ros/humble/local/lib/python3.10/dist-packages/rosidl_adapter/parser.py", line 859, in parse_service_string
[1.388s]       request_message = parse_message_string(
[1.388s]     File "/opt/ros/humble/local/lib/python3.10/dist-packages/rosidl_adapter/parser.py", line 519, in parse_message_string
[1.388s]       fields.append(Field(
[1.388s]     File "/opt/ros/humble/local/lib/python3.10/dist-packages/rosidl_adapter/parser.py", line 354, in __init__
[1.388s]       raise NameError(
[1.388s] 
[1.388s]   NameError: 'turtleRGB' is an invalid field name.  It should have the
[1.388s]   pattern '^(?!.*__)(?!.*_$)[a-z][a-z0-9_]*$'
[1.388s] 
[1.388s] Call Stack (most recent call first):
[1.388s]   /opt/ros/humble/share/rosidl_cmake/cmake/rosidl_generate_interfaces.cmake:130 (rosidl_adapt_interfaces)
[1.388s]   CMakeLists.txt:26 (rosidl_generate_interfaces)
[1.389s] 
[1.389s] [0m
[1.389s] -- Configuring incomplete, errors occurred!
[1.389s] See also "/home/yahboom/Desktop/S26_RobotProgramming_Iron/Lab4/chuang/intro_ws/src/turtle_interfaces/build/turtle_interfaces/CMakeFiles/CMakeOutput.log".
[1.397s] Invoked command in '/home/yahboom/Desktop/S26_RobotProgramming_Iron/Lab4/chuang/intro_ws/src/turtle_interfaces/build/turtle_interfaces' returned '1': CMAKE_PREFIX_PATH=${CMAKE_PREFIX_PATH}:/home/yahboom/cartoros2/install/yahboomcar_nav:/home/yahboom/cartoros2/install/yahboomcar_ctrl:/home/yahboom/cartoros2/install/yahboom_visual:/home/yahboom/cartoros2/install/yahboom_dog_joint_state:/home/yahboom/cartoros2/install/yahboom_description:/home/yahboom/cartoros2/install/yahboom_color_identify_server:/home/yahboom/cartoros2/install/yahboom_bringup:/home/yahboom/cartoros2/install/yahboom_base:/home/yahboom/cartoros2/install/yahboom_app_save_map:/home/yahboom/cartoros2/install/update_map:/home/yahboom/cartoros2/install/rosboard:/home/yahboom/cartoros2/install/path_planner_server:/home/yahboom/cartoros2/install/nav2_simple_commander:/home/yahboom/cartoros2/install/nav2_gazebo_spawner:/home/yahboom/cartoros2/install/localization_server:/home/yahboom/cartoros2/install/laserscan_to_point_pulisher:/home/yahboom/yahboomcar_ws/install/yahboom_dog_example:/opt/ros/humble: /usr/bin/cmake /home/yahboom/Desktop/S26_RobotProgramming_Iron/Lab4/chuang/intro_ws/src/turtle_interfaces -DCMAKE_INSTALL_PREFIX=/home/yahboom/Desktop/S26_RobotProgramming_Iron/Lab4/chuang/intro_ws/src/turtle_interfaces/install/turtle_interfaces
