[0.047s] Invoking command in '/home/yahboom/intro_ws/build/examples_rclcpp_wait_set': CMAKE_PREFIX_PATH=${CMAKE_PREFIX_PATH}:/home/yahboom/cartoros2/install/yahboomcar_nav:/home/yahboom/cartoros2/install/yahboomcar_ctrl:/home/yahboom/cartoros2/install/yahboom_visual:/home/yahboom/cartoros2/install/yahboom_dog_joint_state:/home/yahboom/cartoros2/install/yahboom_description:/home/yahboom/cartoros2/install/yahboom_color_identify_server:/home/yahboom/cartoros2/install/yahboom_bringup:/home/yahboom/cartoros2/install/yahboom_base:/home/yahboom/cartoros2/install/yahboom_app_save_map:/home/yahboom/cartoros2/install/update_map:/home/yahboom/cartoros2/install/rosboard:/home/yahboom/cartoros2/install/path_planner_server:/home/yahboom/cartoros2/install/nav2_simple_commander:/home/yahboom/cartoros2/install/nav2_gazebo_spawner:/home/yahboom/cartoros2/install/localization_server:/home/yahboom/cartoros2/install/laserscan_to_point_pulisher:/home/yahboom/yahboomcar_ws/install/yahboom_dog_example:/opt/ros/humble /usr/bin/cmake /home/yahboom/intro_ws/src/examples/rclcpp/wait_set -DCMAKE_INSTALL_PREFIX=/home/yahboom/intro_ws/install/examples_rclcpp_wait_set
[0.244s] -- The C compiler identification is GNU 11.4.0
[0.395s] -- The CXX compiler identification is GNU 11.4.0
[0.421s] -- Detecting C compiler ABI info
[0.701s] -- Detecting C compiler ABI info - done
[0.716s] -- Check for working C compiler: /usr/bin/cc - skipped
[0.720s] -- Detecting C compile features
[0.720s] -- Detecting C compile features - done
[0.728s] -- Detecting CXX compiler ABI info
[1.012s] -- Detecting CXX compiler ABI info - done
[1.033s] -- Check for working CXX compiler: /usr/bin/c++ - skipped
[1.033s] -- Detecting CXX compile features
[1.034s] -- Detecting CXX compile features - done
[1.065s] -- Found ament_cmake: 1.3.12 (/opt/ros/humble/share/ament_cmake/cmake)
[1.776s] -- Found Python3: /usr/bin/python3 (found version "3.10.12") found components: Interpreter 
[2.469s] -- Found example_interfaces: 0.9.3 (/opt/ros/humble/share/example_interfaces/cmake)
[2.794s] -- Found rosidl_generator_c: 3.1.8 (/opt/ros/humble/share/rosidl_generator_c/cmake)
[2.857s] -- Found rosidl_adapter: 3.1.8 (/opt/ros/humble/share/rosidl_adapter/cmake)
[2.924s] -- Found rosidl_generator_cpp: 3.1.8 (/opt/ros/humble/share/rosidl_generator_cpp/cmake)
[3.007s] -- Using all available rosidl_typesupport_c: rosidl_typesupport_fastrtps_c;rosidl_typesupport_introspection_c
[3.122s] -- Using all available rosidl_typesupport_cpp: rosidl_typesupport_fastrtps_cpp;rosidl_typesupport_introspection_cpp
[3.340s] -- Found rclcpp: 16.0.17 (/opt/ros/humble/share/rclcpp/cmake)
[3.660s] -- Found rmw_implementation_cmake: 6.1.2 (/opt/ros/humble/share/rmw_implementation_cmake/cmake)
[3.698s] -- Found rmw_fastrtps_cpp: 6.2.9 (/opt/ros/humble/share/rmw_fastrtps_cpp/cmake)
[4.207s] -- Found OpenSSL: /usr/lib/x86_64-linux-gnu/libcrypto.so (found version "3.0.2")  
[4.309s] -- Found FastRTPS: /opt/ros/humble/include  
[4.468s] -- Using RMW implementation 'rmw_fastrtps_cpp' as default
[4.560s] -- Looking for pthread.h
[4.818s] -- Looking for pthread.h - found
[4.818s] -- Performing Test CMAKE_HAVE_LIBC_PTHREAD
[5.120s] -- Performing Test CMAKE_HAVE_LIBC_PTHREAD - Success
[5.120s] -- Found Threads: TRUE  
[5.358s] -- Found rclcpp_components: 16.0.17 (/opt/ros/humble/share/rclcpp_components/cmake)
[5.741s] -- Found ament_lint_auto: 0.12.14 (/opt/ros/humble/share/ament_lint_auto/cmake)
[6.208s] -- Added test 'copyright' to check source files copyright and LICENSE
[6.221s] -- Added test 'cppcheck' to perform static code analysis on C / C++ code
[6.223s] -- Configured cppcheck include dirs: /home/yahboom/intro_ws/src/examples/rclcpp/wait_set/include
[6.223s] -- Configured cppcheck exclude dirs and/or files: 
[6.233s] -- Added test 'cpplint' to check C / C++ code against the Google style
[6.234s] -- Configured cpplint exclude dirs and/or files: 
[6.237s] -- Added test 'lint_cmake' to check CMake code style
[6.244s] -- Added test 'uncrustify' to check C / C++ code style
[6.244s] -- Configured uncrustify additional arguments: 
[6.251s] -- Added test 'xmllint' to check XML markup files
[6.259s] -- Configuring done
[6.355s] -- Generating done
[6.400s] -- Build files have been written to: /home/yahboom/intro_ws/build/examples_rclcpp_wait_set
[6.420s] Invoked command in '/home/yahboom/intro_ws/build/examples_rclcpp_wait_set' returned '0': CMAKE_PREFIX_PATH=${CMAKE_PREFIX_PATH}:/home/yahboom/cartoros2/install/yahboomcar_nav:/home/yahboom/cartoros2/install/yahboomcar_ctrl:/home/yahboom/cartoros2/install/yahboom_visual:/home/yahboom/cartoros2/install/yahboom_dog_joint_state:/home/yahboom/cartoros2/install/yahboom_description:/home/yahboom/cartoros2/install/yahboom_color_identify_server:/home/yahboom/cartoros2/install/yahboom_bringup:/home/yahboom/cartoros2/install/yahboom_base:/home/yahboom/cartoros2/install/yahboom_app_save_map:/home/yahboom/cartoros2/install/update_map:/home/yahboom/cartoros2/install/rosboard:/home/yahboom/cartoros2/install/path_planner_server:/home/yahboom/cartoros2/install/nav2_simple_commander:/home/yahboom/cartoros2/install/nav2_gazebo_spawner:/home/yahboom/cartoros2/install/localization_server:/home/yahboom/cartoros2/install/laserscan_to_point_pulisher:/home/yahboom/yahboomcar_ws/install/yahboom_dog_example:/opt/ros/humble /usr/bin/cmake /home/yahboom/intro_ws/src/examples/rclcpp/wait_set -DCMAKE_INSTALL_PREFIX=/home/yahboom/intro_ws/install/examples_rclcpp_wait_set
[6.421s] Invoking command in '/home/yahboom/intro_ws/build/examples_rclcpp_wait_set': CMAKE_PREFIX_PATH=${CMAKE_PREFIX_PATH}:/home/yahboom/cartoros2/install/yahboomcar_nav:/home/yahboom/cartoros2/install/yahboomcar_ctrl:/home/yahboom/cartoros2/install/yahboom_visual:/home/yahboom/cartoros2/install/yahboom_dog_joint_state:/home/yahboom/cartoros2/install/yahboom_description:/home/yahboom/cartoros2/install/yahboom_color_identify_server:/home/yahboom/cartoros2/install/yahboom_bringup:/home/yahboom/cartoros2/install/yahboom_base:/home/yahboom/cartoros2/install/yahboom_app_save_map:/home/yahboom/cartoros2/install/update_map:/home/yahboom/cartoros2/install/rosboard:/home/yahboom/cartoros2/install/path_planner_server:/home/yahboom/cartoros2/install/nav2_simple_commander:/home/yahboom/cartoros2/install/nav2_gazebo_spawner:/home/yahboom/cartoros2/install/localization_server:/home/yahboom/cartoros2/install/laserscan_to_point_pulisher:/home/yahboom/yahboomcar_ws/install/yahboom_dog_example:/opt/ros/humble /usr/bin/cmake --build /home/yahboom/intro_ws/build/examples_rclcpp_wait_set -- -j4 -l4
[6.677s] [  4%] [32mBuilding CXX object CMakeFiles/talker.dir/src/talker.cpp.o[0m
[18.765s] [  8%] [32m[1mLinking CXX shared library libtalker.so[0m
[19.232s] [  8%] Built target talker
[19.326s] [ 12%] [32mBuilding CXX object CMakeFiles/wait_set_listener.dir/rclcpp_components/node_main_wait_set_listener.cpp.o[0m
[26.068s] [ 16%] [32m[1mLinking CXX executable wait_set_listener[0m
[26.416s] [ 16%] Built target wait_set_listener
[26.515s] [ 20%] [32mBuilding CXX object CMakeFiles/wait_set.dir/src/wait_set.cpp.o[0m
[46.558s] [ 25%] [32m[1mLinking CXX executable wait_set[0m
[47.626s] [ 25%] Built target wait_set
[47.722s] [ 29%] [32mBuilding CXX object CMakeFiles/static_wait_set.dir/src/static_wait_set.cpp.o[0m
[53.793s] [ 33%] [32mBuilding CXX object CMakeFiles/thread_safe_wait_set.dir/src/thread_safe_wait_set.cpp.o[0m
[54.952s] [ 37%] [32mBuilding CXX object CMakeFiles/listener.dir/src/listener.cpp.o[0m
[56.055s] [ 41%] [32mBuilding CXX object CMakeFiles/wait_set_talker.dir/rclcpp_components/node_main_wait_set_talker.cpp.o[0m
[76.503s] [ 45%] [32m[1mLinking CXX executable wait_set_talker[0m
[77.245s] [ 45%] Built target wait_set_talker
[80.025s] [ 50%] [32m[1mLinking CXX executable static_wait_set[0m
[81.375s] [ 50%] Built target static_wait_set
[92.571s] [ 54%] [32m[1mLinking CXX executable thread_safe_wait_set[0m
[94.085s] [ 54%] Built target thread_safe_wait_set
[95.054s] [ 58%] [32m[1mLinking CXX shared library liblistener.so[0m
[96.019s] [ 58%] Built target listener
[96.114s] [ 62%] [32mBuilding CXX object CMakeFiles/executor_random_order.dir/src/executor_random_order.cpp.o[0m
[113.893s] [ 66%] [32m[1mLinking CXX executable executor_random_order[0m
[114.779s] [ 66%] Built target executor_random_order
[114.882s] [ 70%] [32mBuilding CXX object CMakeFiles/wait_set_topics_with_different_rates.dir/src/wait_set_topics_with_different_rates.cpp.o[0m
[134.201s] [ 75%] [32m[1mLinking CXX executable wait_set_topics_with_different_rates[0m
[135.150s] [ 75%] Built target wait_set_topics_with_different_rates
[135.249s] [ 79%] [32mBuilding CXX object CMakeFiles/wait_set_composed.dir/src/wait_set_composed.cpp.o[0m
[135.251s] [ 83%] [32mBuilding CXX object CMakeFiles/wait_set_topics_and_timer.dir/src/wait_set_topics_and_timer.cpp.o[0m
[135.256s] [ 87%] [32mBuilding CXX object CMakeFiles/wait_set_random_order.dir/src/wait_set_random_order.cpp.o[0m
[143.270s] [ 91%] [32m[1mLinking CXX executable wait_set_composed[0m
[144.060s] [ 91%] Built target wait_set_composed
[158.633s] [ 95%] [32m[1mLinking CXX executable wait_set_topics_and_timer[0m
[159.686s] [ 95%] Built target wait_set_topics_and_timer
[159.931s] [100%] [32m[1mLinking CXX executable wait_set_random_order[0m
[160.933s] [100%] Built target wait_set_random_order
