[1.427s] Invoking command in '/home/yahboom/S26_RobotProgramming_Iron/Lab7/Flynn/roscourse_sim_ws/src/my_robot': PYTHONPATH=/home/yahboom/S26_RobotProgramming_Iron/Lab7/Flynn/build/my_robot/prefix_override:/usr/lib/python3/dist-packages/colcon_core/task/python/colcon_distutils_commands:/home/yahboom/S26_RobotProgramming_Iron/Lab7/Flynn/install/my_robot/lib/python3.10/site-packages:${PYTHONPATH} /usr/bin/python3 -W ignore:setup.py install is deprecated -W ignore:easy_install command is deprecated setup.py egg_info --egg-base ../../../build/my_robot build --build-base /home/yahboom/S26_RobotProgramming_Iron/Lab7/Flynn/build/my_robot/build install --record /home/yahboom/S26_RobotProgramming_Iron/Lab7/Flynn/build/my_robot/install.log --single-version-externally-managed install_data
[1.871s] running egg_info
[1.872s] creating ../../../build/my_robot/my_robot.egg-info
[1.872s] writing ../../../build/my_robot/my_robot.egg-info/PKG-INFO
[1.873s] writing dependency_links to ../../../build/my_robot/my_robot.egg-info/dependency_links.txt
[1.873s] writing entry points to ../../../build/my_robot/my_robot.egg-info/entry_points.txt
[1.873s] writing requirements to ../../../build/my_robot/my_robot.egg-info/requires.txt
[1.873s] writing top-level names to ../../../build/my_robot/my_robot.egg-info/top_level.txt
[1.874s] writing manifest file '../../../build/my_robot/my_robot.egg-info/SOURCES.txt'
[1.876s] reading manifest file '../../../build/my_robot/my_robot.egg-info/SOURCES.txt'
[1.877s] writing manifest file '../../../build/my_robot/my_robot.egg-info/SOURCES.txt'
[1.878s] running build
[1.878s] running build_py
[1.878s] creating /home/yahboom/S26_RobotProgramming_Iron/Lab7/Flynn/build/my_robot/build
[1.878s] creating /home/yahboom/S26_RobotProgramming_Iron/Lab7/Flynn/build/my_robot/build/lib
[1.879s] creating /home/yahboom/S26_RobotProgramming_Iron/Lab7/Flynn/build/my_robot/build/lib/my_robot
[1.879s] copying my_robot/__init__.py -> /home/yahboom/S26_RobotProgramming_Iron/Lab7/Flynn/build/my_robot/build/lib/my_robot
[1.879s] running install
[1.879s] running install_lib
[1.881s] creating /home/yahboom/S26_RobotProgramming_Iron/Lab7/Flynn/install/my_robot/lib/python3.10/site-packages/my_robot
[1.881s] copying /home/yahboom/S26_RobotProgramming_Iron/Lab7/Flynn/build/my_robot/build/lib/my_robot/__init__.py -> /home/yahboom/S26_RobotProgramming_Iron/Lab7/Flynn/install/my_robot/lib/python3.10/site-packages/my_robot
[1.882s] byte-compiling /home/yahboom/S26_RobotProgramming_Iron/Lab7/Flynn/install/my_robot/lib/python3.10/site-packages/my_robot/__init__.py to __init__.cpython-310.pyc
[1.883s] running install_data
[1.883s] creating /home/yahboom/S26_RobotProgramming_Iron/Lab7/Flynn/install/my_robot/share/ament_index
[1.883s] creating /home/yahboom/S26_RobotProgramming_Iron/Lab7/Flynn/install/my_robot/share/ament_index/resource_index
[1.884s] creating /home/yahboom/S26_RobotProgramming_Iron/Lab7/Flynn/install/my_robot/share/ament_index/resource_index/packages
[1.884s] copying resource/my_robot -> /home/yahboom/S26_RobotProgramming_Iron/Lab7/Flynn/install/my_robot/share/ament_index/resource_index/packages
[1.884s] copying package.xml -> /home/yahboom/S26_RobotProgramming_Iron/Lab7/Flynn/install/my_robot/share/my_robot
[1.884s] copying urdf/my_robot.urdf.xacro -> /home/yahboom/S26_RobotProgramming_Iron/Lab7/Flynn/install/my_robot/share/my_robot
[1.885s] copying urdf/my_robot.urdf -> /home/yahboom/S26_RobotProgramming_Iron/Lab7/Flynn/install/my_robot/share/my_robot
[1.885s] creating /home/yahboom/S26_RobotProgramming_Iron/Lab7/Flynn/install/my_robot/share/my_robot/launch
[1.885s] copying launch/my_robot_rviz.launch.py -> /home/yahboom/S26_RobotProgramming_Iron/Lab7/Flynn/install/my_robot/share/my_robot/launch
[1.885s] copying launch/my_robot_xacro_rviz.launch.py -> /home/yahboom/S26_RobotProgramming_Iron/Lab7/Flynn/install/my_robot/share/my_robot/launch
[1.886s] copying rviz/my_robot.rviz -> /home/yahboom/S26_RobotProgramming_Iron/Lab7/Flynn/install/my_robot/share/my_robot
[1.886s] running install_egg_info
[1.889s] Copying ../../../build/my_robot/my_robot.egg-info to /home/yahboom/S26_RobotProgramming_Iron/Lab7/Flynn/install/my_robot/lib/python3.10/site-packages/my_robot-0.0.0-py3.10.egg-info
[1.891s] running install_scripts
[1.924s] writing list of installed files to '/home/yahboom/S26_RobotProgramming_Iron/Lab7/Flynn/build/my_robot/install.log'
[1.952s] Invoked command in '/home/yahboom/S26_RobotProgramming_Iron/Lab7/Flynn/roscourse_sim_ws/src/my_robot' returned '0': PYTHONPATH=/home/yahboom/S26_RobotProgramming_Iron/Lab7/Flynn/build/my_robot/prefix_override:/usr/lib/python3/dist-packages/colcon_core/task/python/colcon_distutils_commands:/home/yahboom/S26_RobotProgramming_Iron/Lab7/Flynn/install/my_robot/lib/python3.10/site-packages:${PYTHONPATH} /usr/bin/python3 -W ignore:setup.py install is deprecated -W ignore:easy_install command is deprecated setup.py egg_info --egg-base ../../../build/my_robot build --build-base /home/yahboom/S26_RobotProgramming_Iron/Lab7/Flynn/build/my_robot/build install --record /home/yahboom/S26_RobotProgramming_Iron/Lab7/Flynn/build/my_robot/install.log --single-version-externally-managed install_data
