[1.242s] Invoking command in '/home/yahboom/roscourse_sim_ws/src/my_robot': PYTHONPATH=/home/yahboom/roscourse_sim_ws/build/my_robot/prefix_override:/usr/lib/python3/dist-packages/colcon_core/task/python/colcon_distutils_commands:/home/yahboom/roscourse_sim_ws/install/my_robot/lib/python3.10/site-packages:${PYTHONPATH} /usr/bin/python3 -W ignore:setup.py install is deprecated -W ignore:easy_install command is deprecated setup.py egg_info --egg-base ../../build/my_robot build --build-base /home/yahboom/roscourse_sim_ws/build/my_robot/build install --record /home/yahboom/roscourse_sim_ws/build/my_robot/install.log --single-version-externally-managed install_data
[1.670s] running egg_info
[1.670s] creating ../../build/my_robot/my_robot.egg-info
[1.671s] writing ../../build/my_robot/my_robot.egg-info/PKG-INFO
[1.671s] writing dependency_links to ../../build/my_robot/my_robot.egg-info/dependency_links.txt
[1.671s] writing entry points to ../../build/my_robot/my_robot.egg-info/entry_points.txt
[1.671s] writing requirements to ../../build/my_robot/my_robot.egg-info/requires.txt
[1.671s] writing top-level names to ../../build/my_robot/my_robot.egg-info/top_level.txt
[1.671s] writing manifest file '../../build/my_robot/my_robot.egg-info/SOURCES.txt'
[1.673s] reading manifest file '../../build/my_robot/my_robot.egg-info/SOURCES.txt'
[1.673s] writing manifest file '../../build/my_robot/my_robot.egg-info/SOURCES.txt'
[1.674s] running build
[1.674s] running build_py
[1.674s] creating /home/yahboom/roscourse_sim_ws/build/my_robot/build
[1.674s] creating /home/yahboom/roscourse_sim_ws/build/my_robot/build/lib
[1.674s] creating /home/yahboom/roscourse_sim_ws/build/my_robot/build/lib/my_robot
[1.674s] copying my_robot/__init__.py -> /home/yahboom/roscourse_sim_ws/build/my_robot/build/lib/my_robot
[1.675s] running install
[1.675s] running install_lib
[1.676s] creating /home/yahboom/roscourse_sim_ws/install/my_robot/lib/python3.10/site-packages/my_robot
[1.676s] copying /home/yahboom/roscourse_sim_ws/build/my_robot/build/lib/my_robot/__init__.py -> /home/yahboom/roscourse_sim_ws/install/my_robot/lib/python3.10/site-packages/my_robot
[1.677s] byte-compiling /home/yahboom/roscourse_sim_ws/install/my_robot/lib/python3.10/site-packages/my_robot/__init__.py to __init__.cpython-310.pyc
[1.677s] running install_data
[1.678s] creating /home/yahboom/roscourse_sim_ws/install/my_robot/share/ament_index
[1.678s] creating /home/yahboom/roscourse_sim_ws/install/my_robot/share/ament_index/resource_index
[1.678s] creating /home/yahboom/roscourse_sim_ws/install/my_robot/share/ament_index/resource_index/packages
[1.678s] copying resource/my_robot -> /home/yahboom/roscourse_sim_ws/install/my_robot/share/ament_index/resource_index/packages
[1.678s] copying package.xml -> /home/yahboom/roscourse_sim_ws/install/my_robot/share/my_robot
[1.678s] copying urdf/my_robot.urdf -> /home/yahboom/roscourse_sim_ws/install/my_robot/share/my_robot
[1.678s] creating /home/yahboom/roscourse_sim_ws/install/my_robot/share/my_robot/launch
[1.679s] copying launch/my_robot_rviz.launch.py -> /home/yahboom/roscourse_sim_ws/install/my_robot/share/my_robot/launch
[1.679s] copying rviz/my_robot.rviz -> /home/yahboom/roscourse_sim_ws/install/my_robot/share/my_robot
[1.679s] running install_egg_info
[1.681s] Copying ../../build/my_robot/my_robot.egg-info to /home/yahboom/roscourse_sim_ws/install/my_robot/lib/python3.10/site-packages/my_robot-0.0.0-py3.10.egg-info
[1.682s] running install_scripts
[1.713s] writing list of installed files to '/home/yahboom/roscourse_sim_ws/build/my_robot/install.log'
[1.730s] Invoked command in '/home/yahboom/roscourse_sim_ws/src/my_robot' returned '0': PYTHONPATH=/home/yahboom/roscourse_sim_ws/build/my_robot/prefix_override:/usr/lib/python3/dist-packages/colcon_core/task/python/colcon_distutils_commands:/home/yahboom/roscourse_sim_ws/install/my_robot/lib/python3.10/site-packages:${PYTHONPATH} /usr/bin/python3 -W ignore:setup.py install is deprecated -W ignore:easy_install command is deprecated setup.py egg_info --egg-base ../../build/my_robot build --build-base /home/yahboom/roscourse_sim_ws/build/my_robot/build install --record /home/yahboom/roscourse_sim_ws/build/my_robot/install.log --single-version-externally-managed install_data
