[2.334s] Invoking command in '/home/yahboom/intro_ws/src/examples/rclpy/guard_conditions': PYTHONPATH=/home/yahboom/intro_ws/build/examples_rclpy_guard_conditions/prefix_override:/usr/lib/python3/dist-packages/colcon_core/task/python/colcon_distutils_commands:/home/yahboom/intro_ws/install/examples_rclpy_guard_conditions/lib/python3.10/site-packages:${PYTHONPATH} /usr/bin/python3 -W ignore:setup.py install is deprecated -W ignore:easy_install command is deprecated setup.py egg_info --egg-base ../../../../build/examples_rclpy_guard_conditions build --build-base /home/yahboom/intro_ws/build/examples_rclpy_guard_conditions/build install --record /home/yahboom/intro_ws/build/examples_rclpy_guard_conditions/install.log --single-version-externally-managed install_data
[3.102s] running egg_info
[3.107s] creating ../../../../build/examples_rclpy_guard_conditions/examples_rclpy_guard_conditions.egg-info
[3.107s] writing ../../../../build/examples_rclpy_guard_conditions/examples_rclpy_guard_conditions.egg-info/PKG-INFO
[3.107s] writing dependency_links to ../../../../build/examples_rclpy_guard_conditions/examples_rclpy_guard_conditions.egg-info/dependency_links.txt
[3.107s] writing entry points to ../../../../build/examples_rclpy_guard_conditions/examples_rclpy_guard_conditions.egg-info/entry_points.txt
[3.107s] writing requirements to ../../../../build/examples_rclpy_guard_conditions/examples_rclpy_guard_conditions.egg-info/requires.txt
[3.107s] writing top-level names to ../../../../build/examples_rclpy_guard_conditions/examples_rclpy_guard_conditions.egg-info/top_level.txt
[3.108s] writing manifest file '../../../../build/examples_rclpy_guard_conditions/examples_rclpy_guard_conditions.egg-info/SOURCES.txt'
[3.114s] reading manifest file '../../../../build/examples_rclpy_guard_conditions/examples_rclpy_guard_conditions.egg-info/SOURCES.txt'
[3.116s] writing manifest file '../../../../build/examples_rclpy_guard_conditions/examples_rclpy_guard_conditions.egg-info/SOURCES.txt'
[3.117s] running build
[3.117s] running build_py
[3.118s] creating /home/yahboom/intro_ws/build/examples_rclpy_guard_conditions/build
[3.118s] creating /home/yahboom/intro_ws/build/examples_rclpy_guard_conditions/build/lib
[3.119s] creating /home/yahboom/intro_ws/build/examples_rclpy_guard_conditions/build/lib/examples_rclpy_guard_conditions
[3.119s] copying examples_rclpy_guard_conditions/__init__.py -> /home/yahboom/intro_ws/build/examples_rclpy_guard_conditions/build/lib/examples_rclpy_guard_conditions
[3.120s] copying examples_rclpy_guard_conditions/trigger_guard_condition.py -> /home/yahboom/intro_ws/build/examples_rclpy_guard_conditions/build/lib/examples_rclpy_guard_conditions
[3.123s] running install
[3.125s] running install_lib
[3.127s] creating /home/yahboom/intro_ws/install/examples_rclpy_guard_conditions/lib/python3.10/site-packages/examples_rclpy_guard_conditions
[3.127s] copying /home/yahboom/intro_ws/build/examples_rclpy_guard_conditions/build/lib/examples_rclpy_guard_conditions/__init__.py -> /home/yahboom/intro_ws/install/examples_rclpy_guard_conditions/lib/python3.10/site-packages/examples_rclpy_guard_conditions
[3.129s] copying /home/yahboom/intro_ws/build/examples_rclpy_guard_conditions/build/lib/examples_rclpy_guard_conditions/trigger_guard_condition.py -> /home/yahboom/intro_ws/install/examples_rclpy_guard_conditions/lib/python3.10/site-packages/examples_rclpy_guard_conditions
[3.131s] byte-compiling /home/yahboom/intro_ws/install/examples_rclpy_guard_conditions/lib/python3.10/site-packages/examples_rclpy_guard_conditions/__init__.py to __init__.cpython-310.pyc
[3.131s] byte-compiling /home/yahboom/intro_ws/install/examples_rclpy_guard_conditions/lib/python3.10/site-packages/examples_rclpy_guard_conditions/trigger_guard_condition.py to trigger_guard_condition.cpython-310.pyc
[3.132s] running install_data
[3.133s] creating /home/yahboom/intro_ws/install/examples_rclpy_guard_conditions/share/ament_index
[3.134s] creating /home/yahboom/intro_ws/install/examples_rclpy_guard_conditions/share/ament_index/resource_index
[3.134s] creating /home/yahboom/intro_ws/install/examples_rclpy_guard_conditions/share/ament_index/resource_index/packages
[3.134s] copying resource/examples_rclpy_guard_conditions -> /home/yahboom/intro_ws/install/examples_rclpy_guard_conditions/share/ament_index/resource_index/packages
[3.135s] copying package.xml -> /home/yahboom/intro_ws/install/examples_rclpy_guard_conditions/share/examples_rclpy_guard_conditions
[3.136s] running install_egg_info
[3.142s] Copying ../../../../build/examples_rclpy_guard_conditions/examples_rclpy_guard_conditions.egg-info to /home/yahboom/intro_ws/install/examples_rclpy_guard_conditions/lib/python3.10/site-packages/examples_rclpy_guard_conditions-0.15.5-py3.10.egg-info
[3.143s] running install_scripts
[3.217s] Installing trigger_guard_condition script to /home/yahboom/intro_ws/install/examples_rclpy_guard_conditions/lib/examples_rclpy_guard_conditions
[3.219s] writing list of installed files to '/home/yahboom/intro_ws/build/examples_rclpy_guard_conditions/install.log'
[3.275s] Invoked command in '/home/yahboom/intro_ws/src/examples/rclpy/guard_conditions' returned '0': PYTHONPATH=/home/yahboom/intro_ws/build/examples_rclpy_guard_conditions/prefix_override:/usr/lib/python3/dist-packages/colcon_core/task/python/colcon_distutils_commands:/home/yahboom/intro_ws/install/examples_rclpy_guard_conditions/lib/python3.10/site-packages:${PYTHONPATH} /usr/bin/python3 -W ignore:setup.py install is deprecated -W ignore:easy_install command is deprecated setup.py egg_info --egg-base ../../../../build/examples_rclpy_guard_conditions build --build-base /home/yahboom/intro_ws/build/examples_rclpy_guard_conditions/build install --record /home/yahboom/intro_ws/build/examples_rclpy_guard_conditions/install.log --single-version-externally-managed install_data
