[0.494s] Invoking command in '/home/yahboom/S26_RobotProgramming_Iron/Lab7/Flynn/roscourse_sim_ws/src/my_robot': PYTHONPATH=/home/yahboom/S26_RobotProgramming_Iron/Lab7/Flynn/build/my_robot/prefix_override:/usr/lib/python3/dist-packages/colcon_core/task/python/colcon_distutils_commands:/home/yahboom/S26_RobotProgramming_Iron/Lab7/Flynn/install/my_robot/lib/python3.10/site-packages:${PYTHONPATH} /usr/bin/python3 -W ignore:setup.py install is deprecated -W ignore:easy_install command is deprecated setup.py egg_info --egg-base ../../../build/my_robot build --build-base /home/yahboom/S26_RobotProgramming_Iron/Lab7/Flynn/build/my_robot/build install --record /home/yahboom/S26_RobotProgramming_Iron/Lab7/Flynn/build/my_robot/install.log --single-version-externally-managed install_data
[0.684s] running egg_info
[0.684s] writing ../../../build/my_robot/my_robot.egg-info/PKG-INFO
[0.684s] writing dependency_links to ../../../build/my_robot/my_robot.egg-info/dependency_links.txt
[0.685s] writing entry points to ../../../build/my_robot/my_robot.egg-info/entry_points.txt
[0.685s] writing requirements to ../../../build/my_robot/my_robot.egg-info/requires.txt
[0.685s] writing top-level names to ../../../build/my_robot/my_robot.egg-info/top_level.txt
[0.686s] reading manifest file '../../../build/my_robot/my_robot.egg-info/SOURCES.txt'
[0.687s] writing manifest file '../../../build/my_robot/my_robot.egg-info/SOURCES.txt'
[0.687s] running build
[0.687s] running build_py
[0.687s] running install
[0.687s] running install_lib
[0.688s] running install_data
[0.688s] copying urdf/my_robot.urdf.xacro -> /home/yahboom/S26_RobotProgramming_Iron/Lab7/Flynn/install/my_robot/share/my_robot
[0.688s] running install_egg_info
[0.689s] removing '/home/yahboom/S26_RobotProgramming_Iron/Lab7/Flynn/install/my_robot/lib/python3.10/site-packages/my_robot-0.0.0-py3.10.egg-info' (and everything under it)
[0.690s] Copying ../../../build/my_robot/my_robot.egg-info to /home/yahboom/S26_RobotProgramming_Iron/Lab7/Flynn/install/my_robot/lib/python3.10/site-packages/my_robot-0.0.0-py3.10.egg-info
[0.690s] running install_scripts
[0.704s] writing list of installed files to '/home/yahboom/S26_RobotProgramming_Iron/Lab7/Flynn/build/my_robot/install.log'
[0.717s] Invoked command in '/home/yahboom/S26_RobotProgramming_Iron/Lab7/Flynn/roscourse_sim_ws/src/my_robot' returned '0': PYTHONPATH=/home/yahboom/S26_RobotProgramming_Iron/Lab7/Flynn/build/my_robot/prefix_override:/usr/lib/python3/dist-packages/colcon_core/task/python/colcon_distutils_commands:/home/yahboom/S26_RobotProgramming_Iron/Lab7/Flynn/install/my_robot/lib/python3.10/site-packages:${PYTHONPATH} /usr/bin/python3 -W ignore:setup.py install is deprecated -W ignore:easy_install command is deprecated setup.py egg_info --egg-base ../../../build/my_robot build --build-base /home/yahboom/S26_RobotProgramming_Iron/Lab7/Flynn/build/my_robot/build install --record /home/yahboom/S26_RobotProgramming_Iron/Lab7/Flynn/build/my_robot/install.log --single-version-externally-managed install_data
