[2.673s] Invoking command in '/home/yahboom/intro_ws/src/examples/rclpy/topics/minimal_subscriber': PYTHONPATH=/home/yahboom/intro_ws/build/examples_rclpy_minimal_subscriber/prefix_override:/usr/lib/python3/dist-packages/colcon_core/task/python/colcon_distutils_commands:/home/yahboom/intro_ws/install/examples_rclpy_minimal_subscriber/lib/python3.10/site-packages:${PYTHONPATH} /usr/bin/python3 -W ignore:setup.py install is deprecated -W ignore:easy_install command is deprecated setup.py egg_info --egg-base ../../../../../build/examples_rclpy_minimal_subscriber build --build-base /home/yahboom/intro_ws/build/examples_rclpy_minimal_subscriber/build install --record /home/yahboom/intro_ws/build/examples_rclpy_minimal_subscriber/install.log --single-version-externally-managed install_data
[3.372s] running egg_info
[3.373s] creating ../../../../../build/examples_rclpy_minimal_subscriber/examples_rclpy_minimal_subscriber.egg-info
[3.374s] writing ../../../../../build/examples_rclpy_minimal_subscriber/examples_rclpy_minimal_subscriber.egg-info/PKG-INFO
[3.375s] writing dependency_links to ../../../../../build/examples_rclpy_minimal_subscriber/examples_rclpy_minimal_subscriber.egg-info/dependency_links.txt
[3.376s] writing entry points to ../../../../../build/examples_rclpy_minimal_subscriber/examples_rclpy_minimal_subscriber.egg-info/entry_points.txt
[3.377s] writing requirements to ../../../../../build/examples_rclpy_minimal_subscriber/examples_rclpy_minimal_subscriber.egg-info/requires.txt
[3.377s] writing top-level names to ../../../../../build/examples_rclpy_minimal_subscriber/examples_rclpy_minimal_subscriber.egg-info/top_level.txt
[3.377s] writing manifest file '../../../../../build/examples_rclpy_minimal_subscriber/examples_rclpy_minimal_subscriber.egg-info/SOURCES.txt'
[3.385s] reading manifest file '../../../../../build/examples_rclpy_minimal_subscriber/examples_rclpy_minimal_subscriber.egg-info/SOURCES.txt'
[3.387s] writing manifest file '../../../../../build/examples_rclpy_minimal_subscriber/examples_rclpy_minimal_subscriber.egg-info/SOURCES.txt'
[3.387s] running build
[3.388s] running build_py
[3.389s] creating /home/yahboom/intro_ws/build/examples_rclpy_minimal_subscriber/build
[3.390s] creating /home/yahboom/intro_ws/build/examples_rclpy_minimal_subscriber/build/lib
[3.390s] creating /home/yahboom/intro_ws/build/examples_rclpy_minimal_subscriber/build/lib/examples_rclpy_minimal_subscriber
[3.390s] copying examples_rclpy_minimal_subscriber/subscriber_lambda.py -> /home/yahboom/intro_ws/build/examples_rclpy_minimal_subscriber/build/lib/examples_rclpy_minimal_subscriber
[3.391s] copying examples_rclpy_minimal_subscriber/__init__.py -> /home/yahboom/intro_ws/build/examples_rclpy_minimal_subscriber/build/lib/examples_rclpy_minimal_subscriber
[3.391s] copying examples_rclpy_minimal_subscriber/subscriber_old_school.py -> /home/yahboom/intro_ws/build/examples_rclpy_minimal_subscriber/build/lib/examples_rclpy_minimal_subscriber
[3.392s] copying examples_rclpy_minimal_subscriber/subscriber_member_function.py -> /home/yahboom/intro_ws/build/examples_rclpy_minimal_subscriber/build/lib/examples_rclpy_minimal_subscriber
[3.396s] running install
[3.397s] running install_lib
[3.397s] creating /home/yahboom/intro_ws/install/examples_rclpy_minimal_subscriber/lib/python3.10/site-packages/examples_rclpy_minimal_subscriber
[3.398s] copying /home/yahboom/intro_ws/build/examples_rclpy_minimal_subscriber/build/lib/examples_rclpy_minimal_subscriber/subscriber_lambda.py -> /home/yahboom/intro_ws/install/examples_rclpy_minimal_subscriber/lib/python3.10/site-packages/examples_rclpy_minimal_subscriber
[3.400s] copying /home/yahboom/intro_ws/build/examples_rclpy_minimal_subscriber/build/lib/examples_rclpy_minimal_subscriber/__init__.py -> /home/yahboom/intro_ws/install/examples_rclpy_minimal_subscriber/lib/python3.10/site-packages/examples_rclpy_minimal_subscriber
[3.400s] copying /home/yahboom/intro_ws/build/examples_rclpy_minimal_subscriber/build/lib/examples_rclpy_minimal_subscriber/subscriber_old_school.py -> /home/yahboom/intro_ws/install/examples_rclpy_minimal_subscriber/lib/python3.10/site-packages/examples_rclpy_minimal_subscriber
[3.401s] copying /home/yahboom/intro_ws/build/examples_rclpy_minimal_subscriber/build/lib/examples_rclpy_minimal_subscriber/subscriber_member_function.py -> /home/yahboom/intro_ws/install/examples_rclpy_minimal_subscriber/lib/python3.10/site-packages/examples_rclpy_minimal_subscriber
[3.402s] byte-compiling /home/yahboom/intro_ws/install/examples_rclpy_minimal_subscriber/lib/python3.10/site-packages/examples_rclpy_minimal_subscriber/subscriber_lambda.py to subscriber_lambda.cpython-310.pyc
[3.403s] byte-compiling /home/yahboom/intro_ws/install/examples_rclpy_minimal_subscriber/lib/python3.10/site-packages/examples_rclpy_minimal_subscriber/__init__.py to __init__.cpython-310.pyc
[3.404s] byte-compiling /home/yahboom/intro_ws/install/examples_rclpy_minimal_subscriber/lib/python3.10/site-packages/examples_rclpy_minimal_subscriber/subscriber_old_school.py to subscriber_old_school.cpython-310.pyc
[3.405s] byte-compiling /home/yahboom/intro_ws/install/examples_rclpy_minimal_subscriber/lib/python3.10/site-packages/examples_rclpy_minimal_subscriber/subscriber_member_function.py to subscriber_member_function.cpython-310.pyc
[3.408s] running install_data
[3.408s] creating /home/yahboom/intro_ws/install/examples_rclpy_minimal_subscriber/share/ament_index
[3.408s] creating /home/yahboom/intro_ws/install/examples_rclpy_minimal_subscriber/share/ament_index/resource_index
[3.408s] creating /home/yahboom/intro_ws/install/examples_rclpy_minimal_subscriber/share/ament_index/resource_index/packages
[3.408s] copying resource/examples_rclpy_minimal_subscriber -> /home/yahboom/intro_ws/install/examples_rclpy_minimal_subscriber/share/ament_index/resource_index/packages
[3.408s] copying package.xml -> /home/yahboom/intro_ws/install/examples_rclpy_minimal_subscriber/share/examples_rclpy_minimal_subscriber
[3.409s] running install_egg_info
[3.416s] Copying ../../../../../build/examples_rclpy_minimal_subscriber/examples_rclpy_minimal_subscriber.egg-info to /home/yahboom/intro_ws/install/examples_rclpy_minimal_subscriber/lib/python3.10/site-packages/examples_rclpy_minimal_subscriber-0.15.5-py3.10.egg-info
[3.418s] running install_scripts
[3.473s] Installing subscriber_lambda script to /home/yahboom/intro_ws/install/examples_rclpy_minimal_subscriber/lib/examples_rclpy_minimal_subscriber
[3.474s] Installing subscriber_member_function script to /home/yahboom/intro_ws/install/examples_rclpy_minimal_subscriber/lib/examples_rclpy_minimal_subscriber
[3.475s] Installing subscriber_old_school script to /home/yahboom/intro_ws/install/examples_rclpy_minimal_subscriber/lib/examples_rclpy_minimal_subscriber
[3.476s] writing list of installed files to '/home/yahboom/intro_ws/build/examples_rclpy_minimal_subscriber/install.log'
[3.526s] Invoked command in '/home/yahboom/intro_ws/src/examples/rclpy/topics/minimal_subscriber' returned '0': PYTHONPATH=/home/yahboom/intro_ws/build/examples_rclpy_minimal_subscriber/prefix_override:/usr/lib/python3/dist-packages/colcon_core/task/python/colcon_distutils_commands:/home/yahboom/intro_ws/install/examples_rclpy_minimal_subscriber/lib/python3.10/site-packages:${PYTHONPATH} /usr/bin/python3 -W ignore:setup.py install is deprecated -W ignore:easy_install command is deprecated setup.py egg_info --egg-base ../../../../../build/examples_rclpy_minimal_subscriber build --build-base /home/yahboom/intro_ws/build/examples_rclpy_minimal_subscriber/build install --record /home/yahboom/intro_ws/build/examples_rclpy_minimal_subscriber/install.log --single-version-externally-managed install_data
