[0.692s] Invoking command in '/home/yahboom/Desktop/S26_RobotProgramming_Iron/Lab6/chuang/roscourse_sim_ws/src/my_robot': PYTHONPATH=/home/yahboom/Desktop/S26_RobotProgramming_Iron/Lab6/chuang/roscourse_sim_ws/build/my_robot/prefix_override:/home/yahboom/Desktop/S26_RobotProgramming_Iron/Lab6/chuang/roscourse_sim_ws/install/my_robot/lib/python3.10/site-packages:${PYTHONPATH} /usr/bin/python3 -W ignore:setup.py install is deprecated setup.py egg_info --egg-base ../../build/my_robot build --build-base /home/yahboom/Desktop/S26_RobotProgramming_Iron/Lab6/chuang/roscourse_sim_ws/build/my_robot/build install --record /home/yahboom/Desktop/S26_RobotProgramming_Iron/Lab6/chuang/roscourse_sim_ws/build/my_robot/install.log --single-version-externally-managed install_data
[0.957s] running egg_info
[0.958s] creating ../../build/my_robot/my_robot.egg-info
[0.958s] writing ../../build/my_robot/my_robot.egg-info/PKG-INFO
[0.958s] writing dependency_links to ../../build/my_robot/my_robot.egg-info/dependency_links.txt
[0.958s] writing entry points to ../../build/my_robot/my_robot.egg-info/entry_points.txt
[0.958s] writing requirements to ../../build/my_robot/my_robot.egg-info/requires.txt
[0.958s] writing top-level names to ../../build/my_robot/my_robot.egg-info/top_level.txt
[0.959s] writing manifest file '../../build/my_robot/my_robot.egg-info/SOURCES.txt'
[0.960s] reading manifest file '../../build/my_robot/my_robot.egg-info/SOURCES.txt'
[0.961s] writing manifest file '../../build/my_robot/my_robot.egg-info/SOURCES.txt'
[0.961s] running build
[0.961s] running build_py
[0.961s] creating /home/yahboom/Desktop/S26_RobotProgramming_Iron/Lab6/chuang/roscourse_sim_ws/build/my_robot/build
[0.961s] creating /home/yahboom/Desktop/S26_RobotProgramming_Iron/Lab6/chuang/roscourse_sim_ws/build/my_robot/build/lib
[0.961s] creating /home/yahboom/Desktop/S26_RobotProgramming_Iron/Lab6/chuang/roscourse_sim_ws/build/my_robot/build/lib/my_robot
[0.962s] copying my_robot/__init__.py -> /home/yahboom/Desktop/S26_RobotProgramming_Iron/Lab6/chuang/roscourse_sim_ws/build/my_robot/build/lib/my_robot
[0.962s] running install
[0.962s] running install_lib
[0.963s] creating /home/yahboom/Desktop/S26_RobotProgramming_Iron/Lab6/chuang/roscourse_sim_ws/install/my_robot/lib/python3.10/site-packages/my_robot
[0.963s] copying /home/yahboom/Desktop/S26_RobotProgramming_Iron/Lab6/chuang/roscourse_sim_ws/build/my_robot/build/lib/my_robot/__init__.py -> /home/yahboom/Desktop/S26_RobotProgramming_Iron/Lab6/chuang/roscourse_sim_ws/install/my_robot/lib/python3.10/site-packages/my_robot
[0.964s] byte-compiling /home/yahboom/Desktop/S26_RobotProgramming_Iron/Lab6/chuang/roscourse_sim_ws/install/my_robot/lib/python3.10/site-packages/my_robot/__init__.py to __init__.cpython-310.pyc
[0.964s] running install_data
[0.964s] copying urdf/my_robot.urdf -> /home/yahboom/Desktop/S26_RobotProgramming_Iron/Lab6/chuang/roscourse_sim_ws/install/my_robot/share/my_robot
[0.964s] creating /home/yahboom/Desktop/S26_RobotProgramming_Iron/Lab6/chuang/roscourse_sim_ws/install/my_robot/share/my_robot/launch
[0.964s] copying launch/my_robot_rviz.launch.py -> /home/yahboom/Desktop/S26_RobotProgramming_Iron/Lab6/chuang/roscourse_sim_ws/install/my_robot/share/my_robot/launch
[0.964s] copying rviz/my_robot.rviz -> /home/yahboom/Desktop/S26_RobotProgramming_Iron/Lab6/chuang/roscourse_sim_ws/install/my_robot/share/my_robot
[0.964s] creating /home/yahboom/Desktop/S26_RobotProgramming_Iron/Lab6/chuang/roscourse_sim_ws/install/my_robot/share/ament_index
[0.964s] creating /home/yahboom/Desktop/S26_RobotProgramming_Iron/Lab6/chuang/roscourse_sim_ws/install/my_robot/share/ament_index/resource_index
[0.965s] creating /home/yahboom/Desktop/S26_RobotProgramming_Iron/Lab6/chuang/roscourse_sim_ws/install/my_robot/share/ament_index/resource_index/packages
[0.965s] copying resource/my_robot -> /home/yahboom/Desktop/S26_RobotProgramming_Iron/Lab6/chuang/roscourse_sim_ws/install/my_robot/share/ament_index/resource_index/packages
[0.965s] copying package.xml -> /home/yahboom/Desktop/S26_RobotProgramming_Iron/Lab6/chuang/roscourse_sim_ws/install/my_robot/share/my_robot
[0.965s] running install_egg_info
[0.967s] Copying ../../build/my_robot/my_robot.egg-info to /home/yahboom/Desktop/S26_RobotProgramming_Iron/Lab6/chuang/roscourse_sim_ws/install/my_robot/lib/python3.10/site-packages/my_robot-0.0.0-py3.10.egg-info
[0.968s] running install_scripts
[0.991s] writing list of installed files to '/home/yahboom/Desktop/S26_RobotProgramming_Iron/Lab6/chuang/roscourse_sim_ws/build/my_robot/install.log'
[1.030s] Invoked command in '/home/yahboom/Desktop/S26_RobotProgramming_Iron/Lab6/chuang/roscourse_sim_ws/src/my_robot' returned '0': PYTHONPATH=/home/yahboom/Desktop/S26_RobotProgramming_Iron/Lab6/chuang/roscourse_sim_ws/build/my_robot/prefix_override:/home/yahboom/Desktop/S26_RobotProgramming_Iron/Lab6/chuang/roscourse_sim_ws/install/my_robot/lib/python3.10/site-packages:${PYTHONPATH} /usr/bin/python3 -W ignore:setup.py install is deprecated setup.py egg_info --egg-base ../../build/my_robot build --build-base /home/yahboom/Desktop/S26_RobotProgramming_Iron/Lab6/chuang/roscourse_sim_ws/build/my_robot/build install --record /home/yahboom/Desktop/S26_RobotProgramming_Iron/Lab6/chuang/roscourse_sim_ws/build/my_robot/install.log --single-version-externally-managed install_data
