[0.080s] Invoking command in '/home/yahboom/roscourse_sim_ws/build/my_robot': CMAKE_PREFIX_PATH=${CMAKE_PREFIX_PATH}:/home/yahboom/cartoros2/install/yahboomcar_nav:/home/yahboom/cartoros2/install/yahboomcar_ctrl:/home/yahboom/cartoros2/install/yahboom_visual:/home/yahboom/cartoros2/install/yahboom_dog_joint_state:/home/yahboom/cartoros2/install/yahboom_description:/home/yahboom/cartoros2/install/yahboom_color_identify_server:/home/yahboom/cartoros2/install/yahboom_bringup:/home/yahboom/cartoros2/install/yahboom_base:/home/yahboom/cartoros2/install/yahboom_app_save_map:/home/yahboom/cartoros2/install/update_map:/home/yahboom/cartoros2/install/rosboard:/home/yahboom/cartoros2/install/path_planner_server:/home/yahboom/cartoros2/install/nav2_simple_commander:/home/yahboom/cartoros2/install/nav2_gazebo_spawner:/home/yahboom/cartoros2/install/localization_server:/home/yahboom/cartoros2/install/laserscan_to_point_pulisher:/home/yahboom/yahboomcar_ws/install/yahboom_dog_example:/opt/ros/humble /usr/bin/cmake --build /home/yahboom/roscourse_sim_ws/build/my_robot -- -j4 -l4
[0.198s] -- Found ament_cmake: 1.3.8 (/opt/ros/humble/share/ament_cmake/cmake)
[0.909s] -- Configuring done
[0.954s] -- Generating done
[0.957s] -- Build files have been written to: /home/yahboom/roscourse_sim_ws/build/my_robot
[1.062s] Invoked command in '/home/yahboom/roscourse_sim_ws/build/my_robot' returned '0': CMAKE_PREFIX_PATH=${CMAKE_PREFIX_PATH}:/home/yahboom/cartoros2/install/yahboomcar_nav:/home/yahboom/cartoros2/install/yahboomcar_ctrl:/home/yahboom/cartoros2/install/yahboom_visual:/home/yahboom/cartoros2/install/yahboom_dog_joint_state:/home/yahboom/cartoros2/install/yahboom_description:/home/yahboom/cartoros2/install/yahboom_color_identify_server:/home/yahboom/cartoros2/install/yahboom_bringup:/home/yahboom/cartoros2/install/yahboom_base:/home/yahboom/cartoros2/install/yahboom_app_save_map:/home/yahboom/cartoros2/install/update_map:/home/yahboom/cartoros2/install/rosboard:/home/yahboom/cartoros2/install/path_planner_server:/home/yahboom/cartoros2/install/nav2_simple_commander:/home/yahboom/cartoros2/install/nav2_gazebo_spawner:/home/yahboom/cartoros2/install/localization_server:/home/yahboom/cartoros2/install/laserscan_to_point_pulisher:/home/yahboom/yahboomcar_ws/install/yahboom_dog_example:/opt/ros/humble /usr/bin/cmake --build /home/yahboom/roscourse_sim_ws/build/my_robot -- -j4 -l4
[1.338s] Invoking command in '/home/yahboom/roscourse_sim_ws/build/my_robot': CMAKE_PREFIX_PATH=${CMAKE_PREFIX_PATH}:/home/yahboom/cartoros2/install/yahboomcar_nav:/home/yahboom/cartoros2/install/yahboomcar_ctrl:/home/yahboom/cartoros2/install/yahboom_visual:/home/yahboom/cartoros2/install/yahboom_dog_joint_state:/home/yahboom/cartoros2/install/yahboom_description:/home/yahboom/cartoros2/install/yahboom_color_identify_server:/home/yahboom/cartoros2/install/yahboom_bringup:/home/yahboom/cartoros2/install/yahboom_base:/home/yahboom/cartoros2/install/yahboom_app_save_map:/home/yahboom/cartoros2/install/update_map:/home/yahboom/cartoros2/install/rosboard:/home/yahboom/cartoros2/install/path_planner_server:/home/yahboom/cartoros2/install/nav2_simple_commander:/home/yahboom/cartoros2/install/nav2_gazebo_spawner:/home/yahboom/cartoros2/install/localization_server:/home/yahboom/cartoros2/install/laserscan_to_point_pulisher:/home/yahboom/yahboomcar_ws/install/yahboom_dog_example:/opt/ros/humble /usr/bin/cmake --install /home/yahboom/roscourse_sim_ws/build/my_robot
[1.367s] -- Install configuration: ""
[1.367s] -- Up-to-date: /home/yahboom/roscourse_sim_ws/install/my_robot/share/my_robot/urdf
[1.367s] -- Installing: /home/yahboom/roscourse_sim_ws/install/my_robot/share/my_robot/urdf/my_robot.urdf.xacro
[1.367s] -- Up-to-date: /home/yahboom/roscourse_sim_ws/install/my_robot/share/my_robot/urdf/my_robot.urdf
[1.367s] -- Up-to-date: /home/yahboom/roscourse_sim_ws/install/my_robot/share/my_robot/launch
[1.368s] -- Up-to-date: /home/yahboom/roscourse_sim_ws/install/my_robot/share/my_robot/launch/my_robot_rviz.launch.py
[1.368s] -- Installing: /home/yahboom/roscourse_sim_ws/install/my_robot/share/my_robot/launch/my_robot_gazebo_rviz.launch.py
[1.369s] -- Up-to-date: /home/yahboom/roscourse_sim_ws/install/my_robot/share/my_robot/launch/my_robot_xacro_rviz.launch.py
[1.369s] -- Up-to-date: /home/yahboom/roscourse_sim_ws/install/my_robot/share/my_robot/rviz
[1.369s] -- Up-to-date: /home/yahboom/roscourse_sim_ws/install/my_robot/share/my_robot/rviz/my_robot.rviz
[1.369s] -- Installing: /home/yahboom/roscourse_sim_ws/install/my_robot/share/ament_index/resource_index/package_run_dependencies/my_robot
[1.369s] -- Installing: /home/yahboom/roscourse_sim_ws/install/my_robot/share/ament_index/resource_index/parent_prefix_path/my_robot
[1.369s] -- Up-to-date: /home/yahboom/roscourse_sim_ws/install/my_robot/share/my_robot/environment/ament_prefix_path.sh
[1.369s] -- Installing: /home/yahboom/roscourse_sim_ws/install/my_robot/share/my_robot/environment/ament_prefix_path.dsv
[1.370s] -- Up-to-date: /home/yahboom/roscourse_sim_ws/install/my_robot/share/my_robot/environment/path.sh
[1.370s] -- Installing: /home/yahboom/roscourse_sim_ws/install/my_robot/share/my_robot/environment/path.dsv
[1.370s] -- Up-to-date: /home/yahboom/roscourse_sim_ws/install/my_robot/share/my_robot/local_setup.bash
[1.371s] -- Up-to-date: /home/yahboom/roscourse_sim_ws/install/my_robot/share/my_robot/local_setup.sh
[1.372s] -- Up-to-date: /home/yahboom/roscourse_sim_ws/install/my_robot/share/my_robot/local_setup.zsh
[1.372s] -- Installing: /home/yahboom/roscourse_sim_ws/install/my_robot/share/my_robot/local_setup.dsv
[1.372s] -- Installing: /home/yahboom/roscourse_sim_ws/install/my_robot/share/my_robot/package.dsv
[1.372s] -- Up-to-date: /home/yahboom/roscourse_sim_ws/install/my_robot/share/ament_index/resource_index/packages/my_robot
[1.372s] -- Up-to-date: /home/yahboom/roscourse_sim_ws/install/my_robot/share/my_robot/cmake/my_robotConfig.cmake
[1.372s] -- Up-to-date: /home/yahboom/roscourse_sim_ws/install/my_robot/share/my_robot/cmake/my_robotConfig-version.cmake
[1.372s] -- Installing: /home/yahboom/roscourse_sim_ws/install/my_robot/share/my_robot/package.xml
[1.378s] Invoked command in '/home/yahboom/roscourse_sim_ws/build/my_robot' returned '0': CMAKE_PREFIX_PATH=${CMAKE_PREFIX_PATH}:/home/yahboom/cartoros2/install/yahboomcar_nav:/home/yahboom/cartoros2/install/yahboomcar_ctrl:/home/yahboom/cartoros2/install/yahboom_visual:/home/yahboom/cartoros2/install/yahboom_dog_joint_state:/home/yahboom/cartoros2/install/yahboom_description:/home/yahboom/cartoros2/install/yahboom_color_identify_server:/home/yahboom/cartoros2/install/yahboom_bringup:/home/yahboom/cartoros2/install/yahboom_base:/home/yahboom/cartoros2/install/yahboom_app_save_map:/home/yahboom/cartoros2/install/update_map:/home/yahboom/cartoros2/install/rosboard:/home/yahboom/cartoros2/install/path_planner_server:/home/yahboom/cartoros2/install/nav2_simple_commander:/home/yahboom/cartoros2/install/nav2_gazebo_spawner:/home/yahboom/cartoros2/install/localization_server:/home/yahboom/cartoros2/install/laserscan_to_point_pulisher:/home/yahboom/yahboomcar_ws/install/yahboom_dog_example:/opt/ros/humble /usr/bin/cmake --install /home/yahboom/roscourse_sim_ws/build/my_robot
