[0.023s] Invoking command in '/home/yahboom/S26_RobotProgramming_Iron/Lab3/Flynn/roscourse_ws/build/turtle_interfaces': CMAKE_PREFIX_PATH=${CMAKE_PREFIX_PATH}:/home/yahboom/cartoros2/install/yahboomcar_nav:/home/yahboom/cartoros2/install/yahboomcar_ctrl:/home/yahboom/cartoros2/install/yahboom_visual:/home/yahboom/cartoros2/install/yahboom_dog_joint_state:/home/yahboom/cartoros2/install/yahboom_description:/home/yahboom/cartoros2/install/yahboom_color_identify_server:/home/yahboom/cartoros2/install/yahboom_bringup:/home/yahboom/cartoros2/install/yahboom_base:/home/yahboom/cartoros2/install/yahboom_app_save_map:/home/yahboom/cartoros2/install/update_map:/home/yahboom/cartoros2/install/rosboard:/home/yahboom/cartoros2/install/path_planner_server:/home/yahboom/cartoros2/install/nav2_simple_commander:/home/yahboom/cartoros2/install/nav2_gazebo_spawner:/home/yahboom/cartoros2/install/localization_server:/home/yahboom/cartoros2/install/laserscan_to_point_pulisher:/home/yahboom/yahboomcar_ws/install/yahboom_dog_example:/opt/ros/humble /usr/bin/cmake /home/yahboom/S26_RobotProgramming_Iron/Lab3/Flynn/roscourse_ws/src/turtle_interfaces -DCMAKE_INSTALL_PREFIX=/home/yahboom/S26_RobotProgramming_Iron/Lab3/Flynn/roscourse_ws/install/turtle_interfaces
[0.258s] -- The C compiler identification is GNU 11.4.0
[0.455s] -- The CXX compiler identification is GNU 11.4.0
[0.468s] -- Detecting C compiler ABI info
[0.575s] -- Detecting C compiler ABI info - done
[0.580s] -- Check for working C compiler: /usr/bin/cc - skipped
[0.580s] -- Detecting C compile features
[0.581s] -- Detecting C compile features - done
[0.584s] -- Detecting CXX compiler ABI info
[0.688s] -- Detecting CXX compiler ABI info - done
[0.693s] -- Check for working CXX compiler: /usr/bin/c++ - skipped
[0.693s] -- Detecting CXX compile features
[0.693s] -- Detecting CXX compile features - done
[0.704s] -- Found ament_cmake: 1.3.12 (/opt/ros/humble/share/ament_cmake/cmake)
[0.879s] -- Found Python3: /usr/bin/python3 (found version "3.10.12") found components: Interpreter 
[1.109s] -- Found ament_lint_auto: 0.12.14 (/opt/ros/humble/share/ament_lint_auto/cmake)
[1.246s] -- Found geometry_msgs: 4.9.0 (/opt/ros/humble/share/geometry_msgs/cmake)
[1.374s] -- Found rosidl_generator_c: 3.1.8 (/opt/ros/humble/share/rosidl_generator_c/cmake)
[1.394s] -- Found rosidl_adapter: 3.1.8 (/opt/ros/humble/share/rosidl_adapter/cmake)
[1.420s] -- Found rosidl_generator_cpp: 3.1.8 (/opt/ros/humble/share/rosidl_generator_cpp/cmake)
[1.453s] -- Using all available rosidl_typesupport_c: rosidl_typesupport_fastrtps_c;rosidl_typesupport_introspection_c
[1.495s] -- Using all available rosidl_typesupport_cpp: rosidl_typesupport_fastrtps_cpp;rosidl_typesupport_introspection_cpp
[1.565s] -- Found rosidl_default_generators: 1.2.0 (/opt/ros/humble/share/rosidl_default_generators/cmake)
[1.588s] [31mCMake Error at /opt/ros/humble/share/rosidl_cmake/cmake/rosidl_generate_interfaces.cmake:93 (message):
[1.588s]   rosidl_generate_interfaces() the passed file 'msg/TurtleMsg.msg' doesn't
[1.588s]   exist relative to the CMAKE_CURRENT_SOURCE_DIR
[1.588s]   '/home/yahboom/S26_RobotProgramming_Iron/Lab3/Flynn/roscourse_ws/src/turtle_interfaces'
[1.588s] Call Stack (most recent call first):
[1.588s]   CMakeLists.txt:27 (rosidl_generate_interfaces)
[1.588s] 
[1.588s] [0m
[1.588s] -- Configuring incomplete, errors occurred!
[1.588s] See also "/home/yahboom/S26_RobotProgramming_Iron/Lab3/Flynn/roscourse_ws/build/turtle_interfaces/CMakeFiles/CMakeOutput.log".
[1.592s] Invoked command in '/home/yahboom/S26_RobotProgramming_Iron/Lab3/Flynn/roscourse_ws/build/turtle_interfaces' returned '1': CMAKE_PREFIX_PATH=${CMAKE_PREFIX_PATH}:/home/yahboom/cartoros2/install/yahboomcar_nav:/home/yahboom/cartoros2/install/yahboomcar_ctrl:/home/yahboom/cartoros2/install/yahboom_visual:/home/yahboom/cartoros2/install/yahboom_dog_joint_state:/home/yahboom/cartoros2/install/yahboom_description:/home/yahboom/cartoros2/install/yahboom_color_identify_server:/home/yahboom/cartoros2/install/yahboom_bringup:/home/yahboom/cartoros2/install/yahboom_base:/home/yahboom/cartoros2/install/yahboom_app_save_map:/home/yahboom/cartoros2/install/update_map:/home/yahboom/cartoros2/install/rosboard:/home/yahboom/cartoros2/install/path_planner_server:/home/yahboom/cartoros2/install/nav2_simple_commander:/home/yahboom/cartoros2/install/nav2_gazebo_spawner:/home/yahboom/cartoros2/install/localization_server:/home/yahboom/cartoros2/install/laserscan_to_point_pulisher:/home/yahboom/yahboomcar_ws/install/yahboom_dog_example:/opt/ros/humble /usr/bin/cmake /home/yahboom/S26_RobotProgramming_Iron/Lab3/Flynn/roscourse_ws/src/turtle_interfaces -DCMAKE_INSTALL_PREFIX=/home/yahboom/S26_RobotProgramming_Iron/Lab3/Flynn/roscourse_ws/install/turtle_interfaces
