[0.876s] Invoking command in '/home/yahboom/Desktop/S26_RobotProgramming_Iron/Lab4/chuang/intro_ws/src/python_parameters': PYTHONPATH=/home/yahboom/Desktop/S26_RobotProgramming_Iron/Lab4/chuang/intro_ws/build/python_parameters/prefix_override:/home/yahboom/Desktop/S26_RobotProgramming_Iron/Lab4/chuang/intro_ws/install/python_parameters/lib/python3.10/site-packages:${PYTHONPATH} /usr/bin/python3 -W ignore:setup.py install is deprecated setup.py egg_info --egg-base ../../build/python_parameters build --build-base /home/yahboom/Desktop/S26_RobotProgramming_Iron/Lab4/chuang/intro_ws/build/python_parameters/build install --record /home/yahboom/Desktop/S26_RobotProgramming_Iron/Lab4/chuang/intro_ws/build/python_parameters/install.log --single-version-externally-managed install_data
[1.259s] running egg_info
[1.260s] writing ../../build/python_parameters/python_parameters.egg-info/PKG-INFO
[1.261s] writing dependency_links to ../../build/python_parameters/python_parameters.egg-info/dependency_links.txt
[1.261s] writing entry points to ../../build/python_parameters/python_parameters.egg-info/entry_points.txt
[1.261s] writing requirements to ../../build/python_parameters/python_parameters.egg-info/requires.txt
[1.261s] writing top-level names to ../../build/python_parameters/python_parameters.egg-info/top_level.txt
[1.264s] reading manifest file '../../build/python_parameters/python_parameters.egg-info/SOURCES.txt'
[1.265s] writing manifest file '../../build/python_parameters/python_parameters.egg-info/SOURCES.txt'
[1.265s] running build
[1.265s] running build_py
[1.266s] running install
[1.266s] running install_lib
[1.267s] running install_data
[1.268s] copying launch/run_multi_launch.py -> /home/yahboom/Desktop/S26_RobotProgramming_Iron/Lab4/chuang/intro_ws/install/python_parameters/share/python_parameters/launch
[1.268s] running install_egg_info
[1.271s] removing '/home/yahboom/Desktop/S26_RobotProgramming_Iron/Lab4/chuang/intro_ws/install/python_parameters/lib/python3.10/site-packages/python_parameters-0.0.0-py3.10.egg-info' (and everything under it)
[1.272s] Copying ../../build/python_parameters/python_parameters.egg-info to /home/yahboom/Desktop/S26_RobotProgramming_Iron/Lab4/chuang/intro_ws/install/python_parameters/lib/python3.10/site-packages/python_parameters-0.0.0-py3.10.egg-info
[1.273s] running install_scripts
[1.307s] Installing minimal_param_node script to /home/yahboom/Desktop/S26_RobotProgramming_Iron/Lab4/chuang/intro_ws/install/python_parameters/lib/python_parameters
[1.307s] writing list of installed files to '/home/yahboom/Desktop/S26_RobotProgramming_Iron/Lab4/chuang/intro_ws/build/python_parameters/install.log'
[1.333s] Invoked command in '/home/yahboom/Desktop/S26_RobotProgramming_Iron/Lab4/chuang/intro_ws/src/python_parameters' returned '0': PYTHONPATH=/home/yahboom/Desktop/S26_RobotProgramming_Iron/Lab4/chuang/intro_ws/build/python_parameters/prefix_override:/home/yahboom/Desktop/S26_RobotProgramming_Iron/Lab4/chuang/intro_ws/install/python_parameters/lib/python3.10/site-packages:${PYTHONPATH} /usr/bin/python3 -W ignore:setup.py install is deprecated setup.py egg_info --egg-base ../../build/python_parameters build --build-base /home/yahboom/Desktop/S26_RobotProgramming_Iron/Lab4/chuang/intro_ws/build/python_parameters/build install --record /home/yahboom/Desktop/S26_RobotProgramming_Iron/Lab4/chuang/intro_ws/build/python_parameters/install.log --single-version-externally-managed install_data
