[  2%] [32mBuilding C object CMakeFiles/turtle_interfaces__rosidl_generator_c.dir/rosidl_generator_c/turtle_interfaces/msg/detail/turtle_msg__functions.c.o[0m
[  4%] Built target turtle_interfaces__cpp
[  6%] [32mBuilding C object CMakeFiles/turtle_interfaces__rosidl_generator_c.dir/rosidl_generator_c/turtle_interfaces/srv/detail/set_pose__functions.c.o[0m
In file included from [01m[K/home/yahboom/Desktop/S26_RobotProgramming_Iron/Lab3/chuang/roscourse_ws/build/turtle_interfaces/rosidl_generator_c/turtle_interfaces/msg/detail/turtle_msg__functions.c:4[m[K:
[01m[K/home/yahboom/Desktop/S26_RobotProgramming_Iron/Lab3/chuang/roscourse_ws/build/turtle_interfaces/rosidl_generator_c/turtle_interfaces/msg/detail/turtle_msg__functions.h:14:10:[m[K [01;31m[Kfatal error: [m[Kstdlib.h: No such file or directory
   14 | #include [01;31m[K<stdlib.h>[m[K
      |          [01;31m[K^~~~~~~~~~[m[K
compilation terminated.
gmake[2]: *** [CMakeFiles/turtle_interfaces__rosidl_generator_c.dir/build.make:196: CMakeFiles/turtle_interfaces__rosidl_generator_c.dir/rosidl_generator_c/turtle_interfaces/msg/detail/turtle_msg__functions.c.o] Error 1
gmake[2]: *** Waiting for unfinished jobs....
[  6%] Built target ament_cmake_python_copy_turtle_interfaces
In file included from [01m[K/home/yahboom/Desktop/S26_RobotProgramming_Iron/Lab3/chuang/roscourse_ws/build/turtle_interfaces/rosidl_generator_c/turtle_interfaces/srv/detail/set_pose__functions.c:4[m[K:
[01m[K/home/yahboom/Desktop/S26_RobotProgramming_Iron/Lab3/chuang/roscourse_ws/build/turtle_interfaces/rosidl_generator_c/turtle_interfaces/srv/detail/set_pose__functions.h:14:10:[m[K [01;31m[Kfatal error: [m[Kstdlib.h: No such file or directory
   14 | #include [01;31m[K<stdlib.h>[m[K
      |          [01;31m[K^~~~~~~~~~[m[K
compilation terminated.
gmake[2]: *** [CMakeFiles/turtle_interfaces__rosidl_generator_c.dir/build.make:210: CMakeFiles/turtle_interfaces__rosidl_generator_c.dir/rosidl_generator_c/turtle_interfaces/srv/detail/set_pose__functions.c.o] Error 1
gmake[1]: *** [CMakeFiles/Makefile2:213: CMakeFiles/turtle_interfaces__rosidl_generator_c.dir/all] Error 2
gmake[1]: *** Waiting for unfinished jobs....
[  8%] [32mBuilding CXX object CMakeFiles/turtle_interfaces__rosidl_typesupport_fastrtps_cpp.dir/rosidl_typesupport_fastrtps_cpp/turtle_interfaces/msg/detail/dds_fastrtps/turtle_msg__type_support.cpp.o[0m
[ 10%] [32mBuilding CXX object CMakeFiles/turtle_interfaces__rosidl_typesupport_introspection_cpp.dir/rosidl_typesupport_introspection_cpp/turtle_interfaces/msg/detail/turtle_msg__type_support.cpp.o[0m
In file included from [01m[K/usr/include/x86_64-linux-gnu/c++/11/bits/c++config.h:586[m[K,
                 from [01m[K/usr/include/c++/11/utility:68[m[K,
                 from [01m[K/usr/include/c++/11/algorithm:60[m[K,
                 from [01m[K/home/yahboom/Desktop/S26_RobotProgramming_Iron/Lab3/chuang/roscourse_ws/build/turtle_interfaces/rosidl_generator_cpp/turtle_interfaces/msg/detail/turtle_msg__struct.hpp:8[m[K,
                 from [01m[K/home/yahboom/Desktop/S26_RobotProgramming_Iron/Lab3/chuang/roscourse_ws/build/turtle_interfaces/rosidl_typesupport_fastrtps_cpp/turtle_interfaces/msg/detail/turtle_msg__rosidl_typesupport_fastrtps_cpp.hpp:11[m[K,
                 from [01m[K/home/yahboom/Desktop/S26_RobotProgramming_Iron/Lab3/chuang/roscourse_ws/build/turtle_interfaces/rosidl_typesupport_fastrtps_cpp/turtle_interfaces/msg/detail/dds_fastrtps/turtle_msg__type_support.cpp:4[m[K:
[01m[K/usr/include/x86_64-linux-gnu/c++/11/bits/os_defines.h:39:10:[m[K [01;31m[Kfatal error: [m[Kfeatures.h: No such file or directory
   39 | #include [01;31m[K<features.h>[m[K
      |          [01;31m[K^~~~~~~~~~~~[m[K
compilation terminated.
gmake[2]: *** [CMakeFiles/turtle_interfaces__rosidl_typesupport_fastrtps_cpp.dir/build.make:164: CMakeFiles/turtle_interfaces__rosidl_typesupport_fastrtps_cpp.dir/rosidl_typesupport_fastrtps_cpp/turtle_interfaces/msg/detail/dds_fastrtps/turtle_msg__type_support.cpp.o] Error 1
gmake[2]: *** Waiting for unfinished jobs....
[ 12%] [32mBuilding CXX object CMakeFiles/turtle_interfaces__rosidl_typesupport_fastrtps_cpp.dir/rosidl_typesupport_fastrtps_cpp/turtle_interfaces/srv/detail/dds_fastrtps/set_pose__type_support.cpp.o[0m
In file included from [01m[K/usr/include/x86_64-linux-gnu/c++/11/bits/c++config.h:586[m[K,
                 from [01m[K/usr/include/c++/11/utility:68[m[K,
                 from [01m[K/usr/include/c++/11/array:38[m[K,
                 from [01m[K/home/yahboom/Desktop/S26_RobotProgramming_Iron/Lab3/chuang/roscourse_ws/build/turtle_interfaces/rosidl_typesupport_introspection_cpp/turtle_interfaces/msg/detail/turtle_msg__type_support.cpp:5[m[K:
[01m[K/usr/include/x86_64-linux-gnu/c++/11/bits/os_defines.h:39:10:[m[K [01;31m[Kfatal error: [m[Kfeatures.h: No such file or directory
   39 | #include [01;31m[K<features.h>[m[K
      |          [01;31m[K^~~~~~~~~~~~[m[K
compilation terminated.
gmake[2]: *** [CMakeFiles/turtle_interfaces__rosidl_typesupport_introspection_cpp.dir/build.make:164: CMakeFiles/turtle_interfaces__rosidl_typesupport_introspection_cpp.dir/rosidl_typesupport_introspection_cpp/turtle_interfaces/msg/detail/turtle_msg__type_support.cpp.o] Error 1
gmake[1]: *** [CMakeFiles/Makefile2:369: CMakeFiles/turtle_interfaces__rosidl_typesupport_introspection_cpp.dir/all] Error 2
[ 14%] [32mBuilding CXX object CMakeFiles/turtle_interfaces__rosidl_typesupport_cpp.dir/rosidl_typesupport_cpp/turtle_interfaces/msg/turtle_msg__type_support.cpp.o[0m
[ 17%] [32mBuilding CXX object CMakeFiles/turtle_interfaces__rosidl_typesupport_cpp.dir/rosidl_typesupport_cpp/turtle_interfaces/srv/set_pose__type_support.cpp.o[0m
In file included from [01m[K/usr/include/x86_64-linux-gnu/c++/11/bits/c++config.h:586[m[K,
                 from [01m[K/usr/include/c++/11/utility:68[m[K,
                 from [01m[K/usr/include/c++/11/algorithm:60[m[K,
                 from [01m[K/home/yahboom/Desktop/S26_RobotProgramming_Iron/Lab3/chuang/roscourse_ws/build/turtle_interfaces/rosidl_generator_cpp/turtle_interfaces/srv/detail/set_pose__struct.hpp:8[m[K,
                 from [01m[K/home/yahboom/Desktop/S26_RobotProgramming_Iron/Lab3/chuang/roscourse_ws/build/turtle_interfaces/rosidl_typesupport_fastrtps_cpp/turtle_interfaces/srv/detail/set_pose__rosidl_typesupport_fastrtps_cpp.hpp:11[m[K,
                 from [01m[K/home/yahboom/Desktop/S26_RobotProgramming_Iron/Lab3/chuang/roscourse_ws/build/turtle_interfaces/rosidl_typesupport_fastrtps_cpp/turtle_interfaces/srv/detail/dds_fastrtps/set_pose__type_support.cpp:4[m[K:
[01m[K/usr/include/x86_64-linux-gnu/c++/11/bits/os_defines.h:39:10:[m[K [01;31m[Kfatal error: [m[Kfeatures.h: No such file or directory
   39 | #include [01;31m[K<features.h>[m[K
      |          [01;31m[K^~~~~~~~~~~~[m[K
compilation terminated.
gmake[2]: *** [CMakeFiles/turtle_interfaces__rosidl_typesupport_fastrtps_cpp.dir/build.make:178: CMakeFiles/turtle_interfaces__rosidl_typesupport_fastrtps_cpp.dir/rosidl_typesupport_fastrtps_cpp/turtle_interfaces/srv/detail/dds_fastrtps/set_pose__type_support.cpp.o] Error 1
gmake[1]: *** [CMakeFiles/Makefile2:291: CMakeFiles/turtle_interfaces__rosidl_typesupport_fastrtps_cpp.dir/all] Error 2
In file included from [01m[K/usr/include/x86_64-linux-gnu/c++/11/bits/c++config.h:586[m[K,
                 from [01m[K/usr/include/c++/11/cstddef:49[m[K,
                 from [01m[K/home/yahboom/Desktop/S26_RobotProgramming_Iron/Lab3/chuang/roscourse_ws/build/turtle_interfaces/rosidl_typesupport_cpp/turtle_interfaces/msg/turtle_msg__type_support.cpp:5[m[K:
[01m[K/usr/include/x86_64-linux-gnu/c++/11/bits/os_defines.h:39:10:[m[K [01;31m[Kfatal error: [m[Kfeatures.h: No such file or directory
   39 | #include [01;31m[K<features.h>[m[K
      |          [01;31m[K^~~~~~~~~~~~[m[K
compilation terminated.
gmake[2]: *** [CMakeFiles/turtle_interfaces__rosidl_typesupport_cpp.dir/build.make:153: CMakeFiles/turtle_interfaces__rosidl_typesupport_cpp.dir/rosidl_typesupport_cpp/turtle_interfaces/msg/turtle_msg__type_support.cpp.o] Error 1
gmake[2]: *** Waiting for unfinished jobs....
[ 19%] [32mBuilding CXX object CMakeFiles/turtle_interfaces__rosidl_typesupport_cpp.dir/rosidl_typesupport_cpp/turtle_interfaces/srv/set_color__type_support.cpp.o[0m
In file included from [01m[K/usr/include/x86_64-linux-gnu/c++/11/bits/c++config.h:586[m[K,
                 from [01m[K/usr/include/c++/11/cstddef:49[m[K,
                 from [01m[K/home/yahboom/Desktop/S26_RobotProgramming_Iron/Lab3/chuang/roscourse_ws/build/turtle_interfaces/rosidl_typesupport_cpp/turtle_interfaces/srv/set_pose__type_support.cpp:5[m[K:
[01m[K/usr/include/x86_64-linux-gnu/c++/11/bits/os_defines.h:39:10:[m[K [01;31m[Kfatal error: [m[Kfeatures.h: No such file or directory
   39 | #include [01;31m[K<features.h>[m[K
      |          [01;31m[K^~~~~~~~~~~~[m[K
compilation terminated.
gmake[2]: *** [CMakeFiles/turtle_interfaces__rosidl_typesupport_cpp.dir/build.make:167: CMakeFiles/turtle_interfaces__rosidl_typesupport_cpp.dir/rosidl_typesupport_cpp/turtle_interfaces/srv/set_pose__type_support.cpp.o] Error 1
In file included from [01m[K/usr/include/x86_64-linux-gnu/c++/11/bits/c++config.h:586[m[K,
                 from [01m[K/usr/include/c++/11/cstddef:49[m[K,
                 from [01m[K/home/yahboom/Desktop/S26_RobotProgramming_Iron/Lab3/chuang/roscourse_ws/build/turtle_interfaces/rosidl_typesupport_cpp/turtle_interfaces/srv/set_color__type_support.cpp:5[m[K:
[01m[K/usr/include/x86_64-linux-gnu/c++/11/bits/os_defines.h:39:10:[m[K [01;31m[Kfatal error: [m[Kfeatures.h: No such file or directory
   39 | #include [01;31m[K<features.h>[m[K
      |          [01;31m[K^~~~~~~~~~~~[m[K
compilation terminated.
gmake[2]: *** [CMakeFiles/turtle_interfaces__rosidl_typesupport_cpp.dir/build.make:181: CMakeFiles/turtle_interfaces__rosidl_typesupport_cpp.dir/rosidl_typesupport_cpp/turtle_interfaces/srv/set_color__type_support.cpp.o] Error 1
gmake[1]: *** [CMakeFiles/Makefile2:395: CMakeFiles/turtle_interfaces__rosidl_typesupport_cpp.dir/all] Error 2
gmake: *** [Makefile:146: all] Error 2
