[0.031s] Invoking command in '/home/yahboom/Desktop/S26_RobotProgramming_Iron/Lab3/chuang/roscourse_ws/build/turtle_interfaces': CMAKE_PREFIX_PATH=${CMAKE_PREFIX_PATH}:/home/yahboom/Desktop/S26_RobotProgramming_Iron/Lab3/chuang/roscourse_ws/install/webcam:/opt/ros/humble:/home/yahboom/cartoros2/install/yahboomcar_nav:/home/yahboom/cartoros2/install/yahboomcar_ctrl:/home/yahboom/cartoros2/install/yahboom_visual:/home/yahboom/cartoros2/install/yahboom_dog_joint_state:/home/yahboom/cartoros2/install/yahboom_description:/home/yahboom/cartoros2/install/yahboom_color_identify_server:/home/yahboom/cartoros2/install/yahboom_bringup:/home/yahboom/cartoros2/install/yahboom_base:/home/yahboom/cartoros2/install/yahboom_app_save_map:/home/yahboom/cartoros2/install/update_map:/home/yahboom/cartoros2/install/rosboard:/home/yahboom/cartoros2/install/path_planner_server:/home/yahboom/cartoros2/install/nav2_simple_commander:/home/yahboom/cartoros2/install/nav2_gazebo_spawner:/home/yahboom/cartoros2/install/localization_server:/home/yahboom/cartoros2/install/laserscan_to_point_pulisher:/home/yahboom/yahboomcar_ws/install/yahboom_dog_example /usr/bin/cmake --build /home/yahboom/Desktop/S26_RobotProgramming_Iron/Lab3/chuang/roscourse_ws/build/turtle_interfaces -- -j4 -l4
[0.153s] [  2%] [32mBuilding C object CMakeFiles/turtle_interfaces__rosidl_generator_c.dir/rosidl_generator_c/turtle_interfaces/msg/detail/turtle_msg__functions.c.o[0m
[0.153s] [  4%] Built target turtle_interfaces__cpp
[0.168s] [  6%] [32mBuilding C object CMakeFiles/turtle_interfaces__rosidl_generator_c.dir/rosidl_generator_c/turtle_interfaces/srv/detail/set_pose__functions.c.o[0m
[0.168s] In file included from [01m[K/home/yahboom/Desktop/S26_RobotProgramming_Iron/Lab3/chuang/roscourse_ws/build/turtle_interfaces/rosidl_generator_c/turtle_interfaces/msg/detail/turtle_msg__functions.c:4[m[K:
[0.168s] [01m[K/home/yahboom/Desktop/S26_RobotProgramming_Iron/Lab3/chuang/roscourse_ws/build/turtle_interfaces/rosidl_generator_c/turtle_interfaces/msg/detail/turtle_msg__functions.h:14:10:[m[K [01;31m[Kfatal error: [m[Kstdlib.h: No such file or directory
[0.168s]    14 | #include [01;31m[K<stdlib.h>[m[K
[0.168s]       |          [01;31m[K^~~~~~~~~~[m[K
[0.168s] compilation terminated.
[0.168s] gmake[2]: *** [CMakeFiles/turtle_interfaces__rosidl_generator_c.dir/build.make:196: CMakeFiles/turtle_interfaces__rosidl_generator_c.dir/rosidl_generator_c/turtle_interfaces/msg/detail/turtle_msg__functions.c.o] Error 1
[0.168s] gmake[2]: *** Waiting for unfinished jobs....
[0.182s] [  6%] Built target ament_cmake_python_copy_turtle_interfaces
[0.193s] In file included from [01m[K/home/yahboom/Desktop/S26_RobotProgramming_Iron/Lab3/chuang/roscourse_ws/build/turtle_interfaces/rosidl_generator_c/turtle_interfaces/srv/detail/set_pose__functions.c:4[m[K:
[0.193s] [01m[K/home/yahboom/Desktop/S26_RobotProgramming_Iron/Lab3/chuang/roscourse_ws/build/turtle_interfaces/rosidl_generator_c/turtle_interfaces/srv/detail/set_pose__functions.h:14:10:[m[K [01;31m[Kfatal error: [m[Kstdlib.h: No such file or directory
[0.193s]    14 | #include [01;31m[K<stdlib.h>[m[K
[0.193s]       |          [01;31m[K^~~~~~~~~~[m[K
[0.193s] compilation terminated.
[0.195s] gmake[2]: *** [CMakeFiles/turtle_interfaces__rosidl_generator_c.dir/build.make:210: CMakeFiles/turtle_interfaces__rosidl_generator_c.dir/rosidl_generator_c/turtle_interfaces/srv/detail/set_pose__functions.c.o] Error 1
[0.195s] gmake[1]: *** [CMakeFiles/Makefile2:213: CMakeFiles/turtle_interfaces__rosidl_generator_c.dir/all] Error 2
[0.195s] gmake[1]: *** Waiting for unfinished jobs....
[0.203s] [  8%] [32mBuilding CXX object CMakeFiles/turtle_interfaces__rosidl_typesupport_fastrtps_cpp.dir/rosidl_typesupport_fastrtps_cpp/turtle_interfaces/msg/detail/dds_fastrtps/turtle_msg__type_support.cpp.o[0m
[0.225s] [ 10%] [32mBuilding CXX object CMakeFiles/turtle_interfaces__rosidl_typesupport_introspection_cpp.dir/rosidl_typesupport_introspection_cpp/turtle_interfaces/msg/detail/turtle_msg__type_support.cpp.o[0m
[0.228s] In file included from [01m[K/usr/include/x86_64-linux-gnu/c++/11/bits/c++config.h:586[m[K,
[0.228s]                  from [01m[K/usr/include/c++/11/utility:68[m[K,
[0.228s]                  from [01m[K/usr/include/c++/11/algorithm:60[m[K,
[0.228s]                  from [01m[K/home/yahboom/Desktop/S26_RobotProgramming_Iron/Lab3/chuang/roscourse_ws/build/turtle_interfaces/rosidl_generator_cpp/turtle_interfaces/msg/detail/turtle_msg__struct.hpp:8[m[K,
[0.228s]                  from [01m[K/home/yahboom/Desktop/S26_RobotProgramming_Iron/Lab3/chuang/roscourse_ws/build/turtle_interfaces/rosidl_typesupport_fastrtps_cpp/turtle_interfaces/msg/detail/turtle_msg__rosidl_typesupport_fastrtps_cpp.hpp:11[m[K,
[0.228s]                  from [01m[K/home/yahboom/Desktop/S26_RobotProgramming_Iron/Lab3/chuang/roscourse_ws/build/turtle_interfaces/rosidl_typesupport_fastrtps_cpp/turtle_interfaces/msg/detail/dds_fastrtps/turtle_msg__type_support.cpp:4[m[K:
[0.228s] [01m[K/usr/include/x86_64-linux-gnu/c++/11/bits/os_defines.h:39:10:[m[K [01;31m[Kfatal error: [m[Kfeatures.h: No such file or directory
[0.228s]    39 | #include [01;31m[K<features.h>[m[K
[0.228s]       |          [01;31m[K^~~~~~~~~~~~[m[K
[0.228s] compilation terminated.
[0.229s] gmake[2]: *** [CMakeFiles/turtle_interfaces__rosidl_typesupport_fastrtps_cpp.dir/build.make:164: CMakeFiles/turtle_interfaces__rosidl_typesupport_fastrtps_cpp.dir/rosidl_typesupport_fastrtps_cpp/turtle_interfaces/msg/detail/dds_fastrtps/turtle_msg__type_support.cpp.o] Error 1
[0.229s] gmake[2]: *** Waiting for unfinished jobs....
[0.229s] [ 12%] [32mBuilding CXX object CMakeFiles/turtle_interfaces__rosidl_typesupport_fastrtps_cpp.dir/rosidl_typesupport_fastrtps_cpp/turtle_interfaces/srv/detail/dds_fastrtps/set_pose__type_support.cpp.o[0m
[0.240s] In file included from [01m[K/usr/include/x86_64-linux-gnu/c++/11/bits/c++config.h:586[m[K,
[0.241s]                  from [01m[K/usr/include/c++/11/utility:68[m[K,
[0.241s]                  from [01m[K/usr/include/c++/11/array:38[m[K,
[0.241s]                  from [01m[K/home/yahboom/Desktop/S26_RobotProgramming_Iron/Lab3/chuang/roscourse_ws/build/turtle_interfaces/rosidl_typesupport_introspection_cpp/turtle_interfaces/msg/detail/turtle_msg__type_support.cpp:5[m[K:
[0.241s] [01m[K/usr/include/x86_64-linux-gnu/c++/11/bits/os_defines.h:39:10:[m[K [01;31m[Kfatal error: [m[Kfeatures.h: No such file or directory
[0.241s]    39 | #include [01;31m[K<features.h>[m[K
[0.241s]       |          [01;31m[K^~~~~~~~~~~~[m[K
[0.241s] compilation terminated.
[0.241s] gmake[2]: *** [CMakeFiles/turtle_interfaces__rosidl_typesupport_introspection_cpp.dir/build.make:164: CMakeFiles/turtle_interfaces__rosidl_typesupport_introspection_cpp.dir/rosidl_typesupport_introspection_cpp/turtle_interfaces/msg/detail/turtle_msg__type_support.cpp.o] Error 1
[0.242s] gmake[1]: *** [CMakeFiles/Makefile2:369: CMakeFiles/turtle_interfaces__rosidl_typesupport_introspection_cpp.dir/all] Error 2
[0.247s] [ 14%] [32mBuilding CXX object CMakeFiles/turtle_interfaces__rosidl_typesupport_cpp.dir/rosidl_typesupport_cpp/turtle_interfaces/msg/turtle_msg__type_support.cpp.o[0m
[0.249s] [ 17%] [32mBuilding CXX object CMakeFiles/turtle_interfaces__rosidl_typesupport_cpp.dir/rosidl_typesupport_cpp/turtle_interfaces/srv/set_pose__type_support.cpp.o[0m
[0.259s] In file included from [01m[K/usr/include/x86_64-linux-gnu/c++/11/bits/c++config.h:586[m[K,
[0.259s]                  from [01m[K/usr/include/c++/11/utility:68[m[K,
[0.259s]                  from [01m[K/usr/include/c++/11/algorithm:60[m[K,
[0.259s]                  from [01m[K/home/yahboom/Desktop/S26_RobotProgramming_Iron/Lab3/chuang/roscourse_ws/build/turtle_interfaces/rosidl_generator_cpp/turtle_interfaces/srv/detail/set_pose__struct.hpp:8[m[K,
[0.259s]                  from [01m[K/home/yahboom/Desktop/S26_RobotProgramming_Iron/Lab3/chuang/roscourse_ws/build/turtle_interfaces/rosidl_typesupport_fastrtps_cpp/turtle_interfaces/srv/detail/set_pose__rosidl_typesupport_fastrtps_cpp.hpp:11[m[K,
[0.259s]                  from [01m[K/home/yahboom/Desktop/S26_RobotProgramming_Iron/Lab3/chuang/roscourse_ws/build/turtle_interfaces/rosidl_typesupport_fastrtps_cpp/turtle_interfaces/srv/detail/dds_fastrtps/set_pose__type_support.cpp:4[m[K:
[0.259s] [01m[K/usr/include/x86_64-linux-gnu/c++/11/bits/os_defines.h:39:10:[m[K [01;31m[Kfatal error: [m[Kfeatures.h: No such file or directory
[0.259s]    39 | #include [01;31m[K<features.h>[m[K
[0.259s]       |          [01;31m[K^~~~~~~~~~~~[m[K
[0.259s] compilation terminated.
[0.261s] gmake[2]: *** [CMakeFiles/turtle_interfaces__rosidl_typesupport_fastrtps_cpp.dir/build.make:178: CMakeFiles/turtle_interfaces__rosidl_typesupport_fastrtps_cpp.dir/rosidl_typesupport_fastrtps_cpp/turtle_interfaces/srv/detail/dds_fastrtps/set_pose__type_support.cpp.o] Error 1
[0.261s] gmake[1]: *** [CMakeFiles/Makefile2:291: CMakeFiles/turtle_interfaces__rosidl_typesupport_fastrtps_cpp.dir/all] Error 2
[0.263s] In file included from [01m[K/usr/include/x86_64-linux-gnu/c++/11/bits/c++config.h:586[m[K,
[0.263s]                  from [01m[K/usr/include/c++/11/cstddef:49[m[K,
[0.263s]                  from [01m[K/home/yahboom/Desktop/S26_RobotProgramming_Iron/Lab3/chuang/roscourse_ws/build/turtle_interfaces/rosidl_typesupport_cpp/turtle_interfaces/msg/turtle_msg__type_support.cpp:5[m[K:
[0.263s] [01m[K/usr/include/x86_64-linux-gnu/c++/11/bits/os_defines.h:39:10:[m[K [01;31m[Kfatal error: [m[Kfeatures.h: No such file or directory
[0.263s]    39 | #include [01;31m[K<features.h>[m[K
[0.263s]       |          [01;31m[K^~~~~~~~~~~~[m[K
[0.263s] compilation terminated.
[0.264s] gmake[2]: *** [CMakeFiles/turtle_interfaces__rosidl_typesupport_cpp.dir/build.make:153: CMakeFiles/turtle_interfaces__rosidl_typesupport_cpp.dir/rosidl_typesupport_cpp/turtle_interfaces/msg/turtle_msg__type_support.cpp.o] Error 1
[0.264s] gmake[2]: *** Waiting for unfinished jobs....
[0.264s] [ 19%] [32mBuilding CXX object CMakeFiles/turtle_interfaces__rosidl_typesupport_cpp.dir/rosidl_typesupport_cpp/turtle_interfaces/srv/set_color__type_support.cpp.o[0m
[0.269s] In file included from [01m[K/usr/include/x86_64-linux-gnu/c++/11/bits/c++config.h:586[m[K,
[0.269s]                  from [01m[K/usr/include/c++/11/cstddef:49[m[K,
[0.269s]                  from [01m[K/home/yahboom/Desktop/S26_RobotProgramming_Iron/Lab3/chuang/roscourse_ws/build/turtle_interfaces/rosidl_typesupport_cpp/turtle_interfaces/srv/set_pose__type_support.cpp:5[m[K:
[0.269s] [01m[K/usr/include/x86_64-linux-gnu/c++/11/bits/os_defines.h:39:10:[m[K [01;31m[Kfatal error: [m[Kfeatures.h: No such file or directory
[0.269s]    39 | #include [01;31m[K<features.h>[m[K
[0.269s]       |          [01;31m[K^~~~~~~~~~~~[m[K
[0.269s] compilation terminated.
[0.270s] gmake[2]: *** [CMakeFiles/turtle_interfaces__rosidl_typesupport_cpp.dir/build.make:167: CMakeFiles/turtle_interfaces__rosidl_typesupport_cpp.dir/rosidl_typesupport_cpp/turtle_interfaces/srv/set_pose__type_support.cpp.o] Error 1
[0.279s] In file included from [01m[K/usr/include/x86_64-linux-gnu/c++/11/bits/c++config.h:586[m[K,
[0.279s]                  from [01m[K/usr/include/c++/11/cstddef:49[m[K,
[0.279s]                  from [01m[K/home/yahboom/Desktop/S26_RobotProgramming_Iron/Lab3/chuang/roscourse_ws/build/turtle_interfaces/rosidl_typesupport_cpp/turtle_interfaces/srv/set_color__type_support.cpp:5[m[K:
[0.279s] [01m[K/usr/include/x86_64-linux-gnu/c++/11/bits/os_defines.h:39:10:[m[K [01;31m[Kfatal error: [m[Kfeatures.h: No such file or directory
[0.279s]    39 | #include [01;31m[K<features.h>[m[K
[0.279s]       |          [01;31m[K^~~~~~~~~~~~[m[K
[0.279s] compilation terminated.
[0.280s] gmake[2]: *** [CMakeFiles/turtle_interfaces__rosidl_typesupport_cpp.dir/build.make:181: CMakeFiles/turtle_interfaces__rosidl_typesupport_cpp.dir/rosidl_typesupport_cpp/turtle_interfaces/srv/set_color__type_support.cpp.o] Error 1
[0.280s] gmake[1]: *** [CMakeFiles/Makefile2:395: CMakeFiles/turtle_interfaces__rosidl_typesupport_cpp.dir/all] Error 2
[0.280s] gmake: *** [Makefile:146: all] Error 2
[0.382s] Invoked command in '/home/yahboom/Desktop/S26_RobotProgramming_Iron/Lab3/chuang/roscourse_ws/build/turtle_interfaces' returned '2': CMAKE_PREFIX_PATH=${CMAKE_PREFIX_PATH}:/home/yahboom/Desktop/S26_RobotProgramming_Iron/Lab3/chuang/roscourse_ws/install/webcam:/opt/ros/humble:/home/yahboom/cartoros2/install/yahboomcar_nav:/home/yahboom/cartoros2/install/yahboomcar_ctrl:/home/yahboom/cartoros2/install/yahboom_visual:/home/yahboom/cartoros2/install/yahboom_dog_joint_state:/home/yahboom/cartoros2/install/yahboom_description:/home/yahboom/cartoros2/install/yahboom_color_identify_server:/home/yahboom/cartoros2/install/yahboom_bringup:/home/yahboom/cartoros2/install/yahboom_base:/home/yahboom/cartoros2/install/yahboom_app_save_map:/home/yahboom/cartoros2/install/update_map:/home/yahboom/cartoros2/install/rosboard:/home/yahboom/cartoros2/install/path_planner_server:/home/yahboom/cartoros2/install/nav2_simple_commander:/home/yahboom/cartoros2/install/nav2_gazebo_spawner:/home/yahboom/cartoros2/install/localization_server:/home/yahboom/cartoros2/install/laserscan_to_point_pulisher:/home/yahboom/yahboomcar_ws/install/yahboom_dog_example /usr/bin/cmake --build /home/yahboom/Desktop/S26_RobotProgramming_Iron/Lab3/chuang/roscourse_ws/build/turtle_interfaces -- -j4 -l4
