[0.169s] DEBUG:colcon:Command line arguments: ['/usr/bin/colcon', 'build']
[0.169s] DEBUG:colcon:Parsed command line arguments: Namespace(log_base=None, log_level=None, verb_name='build', build_base='build', install_base='install', merge_install=False, symlink_install=False, test_result_base=None, continue_on_error=False, executor='parallel', parallel_workers=4, event_handlers=None, ignore_user_meta=False, metas=['./colcon.meta'], base_paths=['.'], packages_ignore=None, packages_ignore_regex=None, paths=None, packages_up_to=None, packages_up_to_regex=None, packages_above=None, packages_above_and_dependencies=None, packages_above_depth=None, packages_select_by_dep=None, packages_skip_by_dep=None, packages_skip_up_to=None, packages_select_build_failed=False, packages_skip_build_finished=False, packages_select_test_failures=False, packages_skip_test_passed=False, packages_select=None, packages_skip=None, packages_select_regex=None, packages_skip_regex=None, packages_start=None, packages_end=None, allow_overriding=[], cmake_args=None, cmake_target=None, cmake_target_skip_unavailable=False, cmake_clean_cache=False, cmake_clean_first=False, cmake_force_configure=False, ament_cmake_args=None, catkin_cmake_args=None, catkin_skip_building_tests=False, mixin_files=None, mixin=None, verb_parser=<colcon_mixin.mixin.mixin_argument.MixinArgumentDecorator object at 0x7cbb2e7a6200>, verb_extension=<colcon_core.verb.build.BuildVerb object at 0x7cbb2e8ab820>, main=<bound method BuildVerb.main of <colcon_core.verb.build.BuildVerb object at 0x7cbb2e8ab820>>, mixin_verb=('build',))
[0.427s] Level 1:colcon.colcon_core.package_discovery:discover_packages(colcon_meta) check parameters
[0.427s] Level 1:colcon.colcon_core.package_discovery:discover_packages(recursive) check parameters
[0.427s] Level 1:colcon.colcon_core.package_discovery:discover_packages(ignore) check parameters
[0.427s] Level 1:colcon.colcon_core.package_discovery:discover_packages(path) check parameters
[0.427s] Level 1:colcon.colcon_core.package_discovery:discover_packages(colcon_meta) discover
[0.427s] Level 1:colcon.colcon_core.package_discovery:discover_packages(recursive) discover
[0.427s] INFO:colcon.colcon_core.package_discovery:Crawling recursively for packages in '/home/yahboom/S26_RobotProgramming_Iron/Lab7/Flynn'
[0.428s] Level 1:colcon.colcon_core.package_identification:_identify(.) by extensions ['ignore', 'ignore_ament_install']
[0.428s] Level 1:colcon.colcon_core.package_identification:_identify(.) by extension 'ignore'
[0.428s] Level 1:colcon.colcon_core.package_identification:_identify(.) by extension 'ignore_ament_install'
[0.428s] Level 1:colcon.colcon_core.package_identification:_identify(.) by extensions ['colcon_pkg']
[0.428s] Level 1:colcon.colcon_core.package_identification:_identify(.) by extension 'colcon_pkg'
[0.428s] Level 1:colcon.colcon_core.package_identification:_identify(.) by extensions ['colcon_meta']
[0.428s] Level 1:colcon.colcon_core.package_identification:_identify(.) by extension 'colcon_meta'
[0.428s] Level 1:colcon.colcon_core.package_identification:_identify(.) by extensions ['ros']
[0.428s] Level 1:colcon.colcon_core.package_identification:_identify(.) by extension 'ros'
[0.453s] Level 1:colcon.colcon_core.package_identification:_identify(.) by extensions ['cmake', 'python']
[0.453s] Level 1:colcon.colcon_core.package_identification:_identify(.) by extension 'cmake'
[0.453s] Level 1:colcon.colcon_core.package_identification:_identify(.) by extension 'python'
[0.453s] Level 1:colcon.colcon_core.package_identification:_identify(.) by extensions ['python_setup_py']
[0.453s] Level 1:colcon.colcon_core.package_identification:_identify(.) by extension 'python_setup_py'
[0.454s] Level 1:colcon.colcon_core.package_identification:_identify(build) by extensions ['ignore', 'ignore_ament_install']
[0.454s] Level 1:colcon.colcon_core.package_identification:_identify(build) by extension 'ignore'
[0.454s] Level 1:colcon.colcon_core.package_identification:_identify(build) ignored
[0.454s] Level 1:colcon.colcon_core.package_identification:_identify(install) by extensions ['ignore', 'ignore_ament_install']
[0.454s] Level 1:colcon.colcon_core.package_identification:_identify(install) by extension 'ignore'
[0.454s] Level 1:colcon.colcon_core.package_identification:_identify(install) ignored
[0.454s] Level 1:colcon.colcon_core.package_identification:_identify(log) by extensions ['ignore', 'ignore_ament_install']
[0.454s] Level 1:colcon.colcon_core.package_identification:_identify(log) by extension 'ignore'
[0.454s] Level 1:colcon.colcon_core.package_identification:_identify(log) ignored
[0.454s] Level 1:colcon.colcon_core.package_identification:_identify(roscourse_sim_ws) by extensions ['ignore', 'ignore_ament_install']
[0.454s] Level 1:colcon.colcon_core.package_identification:_identify(roscourse_sim_ws) by extension 'ignore'
[0.455s] Level 1:colcon.colcon_core.package_identification:_identify(roscourse_sim_ws) by extension 'ignore_ament_install'
[0.455s] Level 1:colcon.colcon_core.package_identification:_identify(roscourse_sim_ws) by extensions ['colcon_pkg']
[0.455s] Level 1:colcon.colcon_core.package_identification:_identify(roscourse_sim_ws) by extension 'colcon_pkg'
[0.455s] Level 1:colcon.colcon_core.package_identification:_identify(roscourse_sim_ws) by extensions ['colcon_meta']
[0.455s] Level 1:colcon.colcon_core.package_identification:_identify(roscourse_sim_ws) by extension 'colcon_meta'
[0.455s] Level 1:colcon.colcon_core.package_identification:_identify(roscourse_sim_ws) by extensions ['ros']
[0.455s] Level 1:colcon.colcon_core.package_identification:_identify(roscourse_sim_ws) by extension 'ros'
[0.455s] Level 1:colcon.colcon_core.package_identification:_identify(roscourse_sim_ws) by extensions ['cmake', 'python']
[0.455s] Level 1:colcon.colcon_core.package_identification:_identify(roscourse_sim_ws) by extension 'cmake'
[0.455s] Level 1:colcon.colcon_core.package_identification:_identify(roscourse_sim_ws) by extension 'python'
[0.455s] Level 1:colcon.colcon_core.package_identification:_identify(roscourse_sim_ws) by extensions ['python_setup_py']
[0.455s] Level 1:colcon.colcon_core.package_identification:_identify(roscourse_sim_ws) by extension 'python_setup_py'
[0.455s] Level 1:colcon.colcon_core.package_identification:_identify(roscourse_sim_ws/build) by extensions ['ignore', 'ignore_ament_install']
[0.456s] Level 1:colcon.colcon_core.package_identification:_identify(roscourse_sim_ws/build) by extension 'ignore'
[0.456s] Level 1:colcon.colcon_core.package_identification:_identify(roscourse_sim_ws/build) ignored
[0.456s] Level 1:colcon.colcon_core.package_identification:_identify(roscourse_sim_ws/install) by extensions ['ignore', 'ignore_ament_install']
[0.456s] Level 1:colcon.colcon_core.package_identification:_identify(roscourse_sim_ws/install) by extension 'ignore'
[0.456s] Level 1:colcon.colcon_core.package_identification:_identify(roscourse_sim_ws/install) ignored
[0.456s] Level 1:colcon.colcon_core.package_identification:_identify(roscourse_sim_ws/log) by extensions ['ignore', 'ignore_ament_install']
[0.456s] Level 1:colcon.colcon_core.package_identification:_identify(roscourse_sim_ws/log) by extension 'ignore'
[0.456s] Level 1:colcon.colcon_core.package_identification:_identify(roscourse_sim_ws/log) ignored
[0.456s] Level 1:colcon.colcon_core.package_identification:_identify(roscourse_sim_ws/src) by extensions ['ignore', 'ignore_ament_install']
[0.456s] Level 1:colcon.colcon_core.package_identification:_identify(roscourse_sim_ws/src) by extension 'ignore'
[0.456s] Level 1:colcon.colcon_core.package_identification:_identify(roscourse_sim_ws/src) by extension 'ignore_ament_install'
[0.457s] Level 1:colcon.colcon_core.package_identification:_identify(roscourse_sim_ws/src) by extensions ['colcon_pkg']
[0.457s] Level 1:colcon.colcon_core.package_identification:_identify(roscourse_sim_ws/src) by extension 'colcon_pkg'
[0.457s] Level 1:colcon.colcon_core.package_identification:_identify(roscourse_sim_ws/src) by extensions ['colcon_meta']
[0.457s] Level 1:colcon.colcon_core.package_identification:_identify(roscourse_sim_ws/src) by extension 'colcon_meta'
[0.457s] Level 1:colcon.colcon_core.package_identification:_identify(roscourse_sim_ws/src) by extensions ['ros']
[0.457s] Level 1:colcon.colcon_core.package_identification:_identify(roscourse_sim_ws/src) by extension 'ros'
[0.457s] Level 1:colcon.colcon_core.package_identification:_identify(roscourse_sim_ws/src) by extensions ['cmake', 'python']
[0.457s] Level 1:colcon.colcon_core.package_identification:_identify(roscourse_sim_ws/src) by extension 'cmake'
[0.457s] Level 1:colcon.colcon_core.package_identification:_identify(roscourse_sim_ws/src) by extension 'python'
[0.457s] Level 1:colcon.colcon_core.package_identification:_identify(roscourse_sim_ws/src) by extensions ['python_setup_py']
[0.457s] Level 1:colcon.colcon_core.package_identification:_identify(roscourse_sim_ws/src) by extension 'python_setup_py'
[0.457s] Level 1:colcon.colcon_core.package_identification:_identify(roscourse_sim_ws/src/my_robot) by extensions ['ignore', 'ignore_ament_install']
[0.457s] Level 1:colcon.colcon_core.package_identification:_identify(roscourse_sim_ws/src/my_robot) by extension 'ignore'
[0.457s] Level 1:colcon.colcon_core.package_identification:_identify(roscourse_sim_ws/src/my_robot) by extension 'ignore_ament_install'
[0.457s] Level 1:colcon.colcon_core.package_identification:_identify(roscourse_sim_ws/src/my_robot) by extensions ['colcon_pkg']
[0.457s] Level 1:colcon.colcon_core.package_identification:_identify(roscourse_sim_ws/src/my_robot) by extension 'colcon_pkg'
[0.457s] Level 1:colcon.colcon_core.package_identification:_identify(roscourse_sim_ws/src/my_robot) by extensions ['colcon_meta']
[0.457s] Level 1:colcon.colcon_core.package_identification:_identify(roscourse_sim_ws/src/my_robot) by extension 'colcon_meta'
[0.458s] Level 1:colcon.colcon_core.package_identification:_identify(roscourse_sim_ws/src/my_robot) by extensions ['ros']
[0.458s] Level 1:colcon.colcon_core.package_identification:_identify(roscourse_sim_ws/src/my_robot) by extension 'ros'
[0.460s] DEBUG:colcon.colcon_core.package_identification:Package 'roscourse_sim_ws/src/my_robot' with type 'ros.ament_python' and name 'my_robot'
[0.461s] Level 1:colcon.colcon_core.package_discovery:discover_packages(recursive) using defaults
[0.461s] Level 1:colcon.colcon_core.package_discovery:discover_packages(ignore) discover
[0.461s] Level 1:colcon.colcon_core.package_discovery:discover_packages(ignore) using defaults
[0.461s] Level 1:colcon.colcon_core.package_discovery:discover_packages(path) discover
[0.461s] Level 1:colcon.colcon_core.package_discovery:discover_packages(path) using defaults
[0.495s] Level 1:colcon.colcon_core.package_discovery:discover_packages(prefix_path) check parameters
[0.495s] Level 1:colcon.colcon_core.package_discovery:discover_packages(prefix_path) discover
[0.502s] DEBUG:colcon.colcon_installed_package_information.package_discovery:Found 1 installed packages in /home/yahboom/S26_RobotProgramming_Iron/Lab7/Flynn/install
[0.502s] DEBUG:colcon.colcon_installed_package_information.package_discovery:Found 1 installed packages in /home/yahboom/roscourse_sim_ws/install
[0.504s] DEBUG:colcon.colcon_installed_package_information.package_discovery:Found 19 installed packages in /home/yahboom/yahboomcar_ws/install
[0.504s] DEBUG:colcon.colcon_installed_package_information.package_discovery:Found 2 installed packages in /home/yahboom/gmapping_ws/install
[0.507s] DEBUG:colcon.colcon_installed_package_information.package_discovery:Found 76 installed packages in /home/yahboom/cartoros2/install
[0.513s] DEBUG:colcon.colcon_installed_package_information.package_discovery:Found 356 installed packages in /opt/ros/humble
[0.517s] Level 1:colcon.colcon_core.package_discovery:discover_packages(prefix_path) using defaults
[0.578s] Level 5:colcon.colcon_core.verb:set package 'my_robot' build argument 'cmake_args' from command line to 'None'
[0.578s] Level 5:colcon.colcon_core.verb:set package 'my_robot' build argument 'cmake_target' from command line to 'None'
[0.578s] Level 5:colcon.colcon_core.verb:set package 'my_robot' build argument 'cmake_target_skip_unavailable' from command line to 'False'
[0.578s] Level 5:colcon.colcon_core.verb:set package 'my_robot' build argument 'cmake_clean_cache' from command line to 'False'
[0.578s] Level 5:colcon.colcon_core.verb:set package 'my_robot' build argument 'cmake_clean_first' from command line to 'False'
[0.578s] Level 5:colcon.colcon_core.verb:set package 'my_robot' build argument 'cmake_force_configure' from command line to 'False'
[0.578s] Level 5:colcon.colcon_core.verb:set package 'my_robot' build argument 'ament_cmake_args' from command line to 'None'
[0.578s] Level 5:colcon.colcon_core.verb:set package 'my_robot' build argument 'catkin_cmake_args' from command line to 'None'
[0.578s] Level 5:colcon.colcon_core.verb:set package 'my_robot' build argument 'catkin_skip_building_tests' from command line to 'False'
[0.578s] DEBUG:colcon.colcon_core.verb:Building package 'my_robot' with the following arguments: {'ament_cmake_args': None, 'build_base': '/home/yahboom/S26_RobotProgramming_Iron/Lab7/Flynn/build/my_robot', 'catkin_cmake_args': None, 'catkin_skip_building_tests': False, 'cmake_args': None, 'cmake_clean_cache': False, 'cmake_clean_first': False, 'cmake_force_configure': False, 'cmake_target': None, 'cmake_target_skip_unavailable': False, 'install_base': '/home/yahboom/S26_RobotProgramming_Iron/Lab7/Flynn/install/my_robot', 'merge_install': False, 'path': '/home/yahboom/S26_RobotProgramming_Iron/Lab7/Flynn/roscourse_sim_ws/src/my_robot', 'symlink_install': False, 'test_result_base': None}
[0.578s] INFO:colcon.colcon_core.executor:Executing jobs using 'parallel' executor
[0.580s] DEBUG:colcon.colcon_parallel_executor.executor.parallel:run_until_complete
[0.581s] INFO:colcon.colcon_ros.task.ament_python.build:Building ROS package in '/home/yahboom/S26_RobotProgramming_Iron/Lab7/Flynn/roscourse_sim_ws/src/my_robot' with build type 'ament_python'
[0.581s] Level 1:colcon.colcon_core.shell:create_environment_hook('my_robot', 'ament_prefix_path')
[0.586s] INFO:colcon.colcon_core.plugin_system:Skipping extension 'colcon_core.shell.bat': Not used on non-Windows systems
[0.586s] INFO:colcon.colcon_core.shell:Creating environment hook '/home/yahboom/S26_RobotProgramming_Iron/Lab7/Flynn/install/my_robot/share/my_robot/hook/ament_prefix_path.ps1'
[0.587s] INFO:colcon.colcon_core.shell:Creating environment descriptor '/home/yahboom/S26_RobotProgramming_Iron/Lab7/Flynn/install/my_robot/share/my_robot/hook/ament_prefix_path.dsv'
[0.588s] INFO:colcon.colcon_core.shell:Creating environment hook '/home/yahboom/S26_RobotProgramming_Iron/Lab7/Flynn/install/my_robot/share/my_robot/hook/ament_prefix_path.sh'
[0.589s] INFO:colcon.colcon_core.shell:Skip shell extension 'powershell' for command environment: Not usable outside of PowerShell
[0.589s] DEBUG:colcon.colcon_core.shell:Skip shell extension 'dsv' for command environment
[1.083s] INFO:colcon.colcon_core.task.python.build:Building Python package in '/home/yahboom/S26_RobotProgramming_Iron/Lab7/Flynn/roscourse_sim_ws/src/my_robot'
[1.084s] INFO:colcon.colcon_core.shell:Skip shell extension 'powershell' for command environment: Not usable outside of PowerShell
[1.084s] DEBUG:colcon.colcon_core.shell:Skip shell extension 'dsv' for command environment
[1.736s] DEBUG:colcon.colcon_core.event_handler.log_command:Invoking command in '/home/yahboom/S26_RobotProgramming_Iron/Lab7/Flynn/roscourse_sim_ws/src/my_robot': PYTHONPATH=/home/yahboom/S26_RobotProgramming_Iron/Lab7/Flynn/build/my_robot/prefix_override:/usr/lib/python3/dist-packages/colcon_core/task/python/colcon_distutils_commands:/home/yahboom/S26_RobotProgramming_Iron/Lab7/Flynn/install/my_robot/lib/python3.10/site-packages:${PYTHONPATH} /usr/bin/python3 -W ignore:setup.py install is deprecated -W ignore:easy_install command is deprecated setup.py egg_info --egg-base ../../../build/my_robot build --build-base /home/yahboom/S26_RobotProgramming_Iron/Lab7/Flynn/build/my_robot/build install --record /home/yahboom/S26_RobotProgramming_Iron/Lab7/Flynn/build/my_robot/install.log --single-version-externally-managed install_data
[2.257s] DEBUG:colcon.colcon_core.event_handler.log_command:Invoked command in '/home/yahboom/S26_RobotProgramming_Iron/Lab7/Flynn/roscourse_sim_ws/src/my_robot' returned '0': PYTHONPATH=/home/yahboom/S26_RobotProgramming_Iron/Lab7/Flynn/build/my_robot/prefix_override:/usr/lib/python3/dist-packages/colcon_core/task/python/colcon_distutils_commands:/home/yahboom/S26_RobotProgramming_Iron/Lab7/Flynn/install/my_robot/lib/python3.10/site-packages:${PYTHONPATH} /usr/bin/python3 -W ignore:setup.py install is deprecated -W ignore:easy_install command is deprecated setup.py egg_info --egg-base ../../../build/my_robot build --build-base /home/yahboom/S26_RobotProgramming_Iron/Lab7/Flynn/build/my_robot/build install --record /home/yahboom/S26_RobotProgramming_Iron/Lab7/Flynn/build/my_robot/install.log --single-version-externally-managed install_data
[2.262s] Level 1:colcon.colcon_core.environment:checking '/home/yahboom/S26_RobotProgramming_Iron/Lab7/Flynn/install/my_robot' for CMake module files
[2.262s] Level 1:colcon.colcon_core.environment:checking '/home/yahboom/S26_RobotProgramming_Iron/Lab7/Flynn/install/my_robot' for CMake config files
[2.264s] Level 1:colcon.colcon_core.environment:checking '/home/yahboom/S26_RobotProgramming_Iron/Lab7/Flynn/install/my_robot/lib'
[2.264s] Level 1:colcon.colcon_core.environment:checking '/home/yahboom/S26_RobotProgramming_Iron/Lab7/Flynn/install/my_robot/bin'
[2.264s] Level 1:colcon.colcon_core.environment:checking '/home/yahboom/S26_RobotProgramming_Iron/Lab7/Flynn/install/my_robot/lib/pkgconfig/my_robot.pc'
[2.264s] Level 1:colcon.colcon_core.environment:checking '/home/yahboom/S26_RobotProgramming_Iron/Lab7/Flynn/install/my_robot/lib/python3.10/site-packages'
[2.264s] Level 1:colcon.colcon_core.shell:create_environment_hook('my_robot', 'pythonpath')
[2.265s] INFO:colcon.colcon_core.shell:Creating environment hook '/home/yahboom/S26_RobotProgramming_Iron/Lab7/Flynn/install/my_robot/share/my_robot/hook/pythonpath.ps1'
[2.266s] INFO:colcon.colcon_core.shell:Creating environment descriptor '/home/yahboom/S26_RobotProgramming_Iron/Lab7/Flynn/install/my_robot/share/my_robot/hook/pythonpath.dsv'
[2.267s] INFO:colcon.colcon_core.shell:Creating environment hook '/home/yahboom/S26_RobotProgramming_Iron/Lab7/Flynn/install/my_robot/share/my_robot/hook/pythonpath.sh'
[2.268s] Level 1:colcon.colcon_core.environment:checking '/home/yahboom/S26_RobotProgramming_Iron/Lab7/Flynn/install/my_robot/bin'
[2.268s] Level 1:colcon.colcon_core.environment:create_environment_scripts_only(my_robot)
[2.269s] INFO:colcon.colcon_core.shell:Creating package script '/home/yahboom/S26_RobotProgramming_Iron/Lab7/Flynn/install/my_robot/share/my_robot/package.ps1'
[2.270s] INFO:colcon.colcon_core.shell:Creating package descriptor '/home/yahboom/S26_RobotProgramming_Iron/Lab7/Flynn/install/my_robot/share/my_robot/package.dsv'
[2.271s] INFO:colcon.colcon_core.shell:Creating package script '/home/yahboom/S26_RobotProgramming_Iron/Lab7/Flynn/install/my_robot/share/my_robot/package.sh'
[2.272s] INFO:colcon.colcon_core.shell:Creating package script '/home/yahboom/S26_RobotProgramming_Iron/Lab7/Flynn/install/my_robot/share/my_robot/package.bash'
[2.274s] INFO:colcon.colcon_core.shell:Creating package script '/home/yahboom/S26_RobotProgramming_Iron/Lab7/Flynn/install/my_robot/share/my_robot/package.zsh'
[2.274s] Level 1:colcon.colcon_core.environment:create_file_with_runtime_dependencies(/home/yahboom/S26_RobotProgramming_Iron/Lab7/Flynn/install/my_robot/share/colcon-core/packages/my_robot)
[2.275s] DEBUG:colcon.colcon_parallel_executor.executor.parallel:closing loop
[2.275s] DEBUG:colcon.colcon_parallel_executor.executor.parallel:loop closed
[2.275s] DEBUG:colcon.colcon_parallel_executor.executor.parallel:run_until_complete finished with '0'
[2.275s] DEBUG:colcon.colcon_core.event_reactor:joining thread
[2.288s] INFO:colcon.colcon_core.plugin_system:Skipping extension 'colcon_notification.desktop_notification.terminal_notifier': Not used on non-Darwin systems
[2.288s] INFO:colcon.colcon_core.plugin_system:Skipping extension 'colcon_notification.desktop_notification.win32': Not used on non-Windows systems
[2.288s] INFO:colcon.colcon_notification.desktop_notification:Sending desktop notification using 'notify2'
[2.308s] DEBUG:colcon.colcon_core.event_reactor:joined thread
[2.309s] INFO:colcon.colcon_core.shell:Creating prefix script '/home/yahboom/S26_RobotProgramming_Iron/Lab7/Flynn/install/local_setup.ps1'
[2.311s] INFO:colcon.colcon_core.shell:Creating prefix util module '/home/yahboom/S26_RobotProgramming_Iron/Lab7/Flynn/install/_local_setup_util_ps1.py'
[2.313s] INFO:colcon.colcon_core.shell:Creating prefix chain script '/home/yahboom/S26_RobotProgramming_Iron/Lab7/Flynn/install/setup.ps1'
[2.321s] INFO:colcon.colcon_core.shell:Creating prefix script '/home/yahboom/S26_RobotProgramming_Iron/Lab7/Flynn/install/local_setup.sh'
[2.322s] INFO:colcon.colcon_core.shell:Creating prefix util module '/home/yahboom/S26_RobotProgramming_Iron/Lab7/Flynn/install/_local_setup_util_sh.py'
[2.323s] INFO:colcon.colcon_core.shell:Creating prefix chain script '/home/yahboom/S26_RobotProgramming_Iron/Lab7/Flynn/install/setup.sh'
[2.332s] INFO:colcon.colcon_core.shell:Creating prefix script '/home/yahboom/S26_RobotProgramming_Iron/Lab7/Flynn/install/local_setup.bash'
[2.334s] INFO:colcon.colcon_core.shell:Creating prefix chain script '/home/yahboom/S26_RobotProgramming_Iron/Lab7/Flynn/install/setup.bash'
[2.342s] INFO:colcon.colcon_core.shell:Creating prefix script '/home/yahboom/S26_RobotProgramming_Iron/Lab7/Flynn/install/local_setup.zsh'
[2.343s] INFO:colcon.colcon_core.shell:Creating prefix chain script '/home/yahboom/S26_RobotProgramming_Iron/Lab7/Flynn/install/setup.zsh'
