[0.225s] Invoking command in '/home/yahboom/roscourse_sim_ws/build/my_robot': CMAKE_PREFIX_PATH=${CMAKE_PREFIX_PATH}:/home/yahboom/cartoros2/install/yahboomcar_nav:/home/yahboom/cartoros2/install/yahboomcar_ctrl:/home/yahboom/cartoros2/install/yahboom_visual:/home/yahboom/cartoros2/install/yahboom_dog_joint_state:/home/yahboom/cartoros2/install/yahboom_description:/home/yahboom/cartoros2/install/yahboom_color_identify_server:/home/yahboom/cartoros2/install/yahboom_bringup:/home/yahboom/cartoros2/install/yahboom_base:/home/yahboom/cartoros2/install/yahboom_app_save_map:/home/yahboom/cartoros2/install/update_map:/home/yahboom/cartoros2/install/rosboard:/home/yahboom/cartoros2/install/path_planner_server:/home/yahboom/cartoros2/install/nav2_simple_commander:/home/yahboom/cartoros2/install/nav2_gazebo_spawner:/home/yahboom/cartoros2/install/localization_server:/home/yahboom/cartoros2/install/laserscan_to_point_pulisher:/home/yahboom/yahboomcar_ws/install/yahboom_dog_example:/opt/ros/humble /usr/bin/cmake --build /home/yahboom/roscourse_sim_ws/build/my_robot -- -j4 -l4
[0.836s] -- Found ament_cmake: 1.3.8 (/opt/ros/humble/share/ament_cmake/cmake)
[3.495s] -- Configuring done
[3.544s] -- Generating done
[3.555s] -- Build files have been written to: /home/yahboom/roscourse_sim_ws/build/my_robot
[3.959s] Invoked command in '/home/yahboom/roscourse_sim_ws/build/my_robot' returned '0': CMAKE_PREFIX_PATH=${CMAKE_PREFIX_PATH}:/home/yahboom/cartoros2/install/yahboomcar_nav:/home/yahboom/cartoros2/install/yahboomcar_ctrl:/home/yahboom/cartoros2/install/yahboom_visual:/home/yahboom/cartoros2/install/yahboom_dog_joint_state:/home/yahboom/cartoros2/install/yahboom_description:/home/yahboom/cartoros2/install/yahboom_color_identify_server:/home/yahboom/cartoros2/install/yahboom_bringup:/home/yahboom/cartoros2/install/yahboom_base:/home/yahboom/cartoros2/install/yahboom_app_save_map:/home/yahboom/cartoros2/install/update_map:/home/yahboom/cartoros2/install/rosboard:/home/yahboom/cartoros2/install/path_planner_server:/home/yahboom/cartoros2/install/nav2_simple_commander:/home/yahboom/cartoros2/install/nav2_gazebo_spawner:/home/yahboom/cartoros2/install/localization_server:/home/yahboom/cartoros2/install/laserscan_to_point_pulisher:/home/yahboom/yahboomcar_ws/install/yahboom_dog_example:/opt/ros/humble /usr/bin/cmake --build /home/yahboom/roscourse_sim_ws/build/my_robot -- -j4 -l4
[5.019s] Invoking command in '/home/yahboom/roscourse_sim_ws/build/my_robot': CMAKE_PREFIX_PATH=${CMAKE_PREFIX_PATH}:/home/yahboom/cartoros2/install/yahboomcar_nav:/home/yahboom/cartoros2/install/yahboomcar_ctrl:/home/yahboom/cartoros2/install/yahboom_visual:/home/yahboom/cartoros2/install/yahboom_dog_joint_state:/home/yahboom/cartoros2/install/yahboom_description:/home/yahboom/cartoros2/install/yahboom_color_identify_server:/home/yahboom/cartoros2/install/yahboom_bringup:/home/yahboom/cartoros2/install/yahboom_base:/home/yahboom/cartoros2/install/yahboom_app_save_map:/home/yahboom/cartoros2/install/update_map:/home/yahboom/cartoros2/install/rosboard:/home/yahboom/cartoros2/install/path_planner_server:/home/yahboom/cartoros2/install/nav2_simple_commander:/home/yahboom/cartoros2/install/nav2_gazebo_spawner:/home/yahboom/cartoros2/install/localization_server:/home/yahboom/cartoros2/install/laserscan_to_point_pulisher:/home/yahboom/yahboomcar_ws/install/yahboom_dog_example:/opt/ros/humble /usr/bin/cmake --install /home/yahboom/roscourse_sim_ws/build/my_robot
[5.132s] -- Install configuration: ""
[5.142s] -- Up-to-date: /home/yahboom/roscourse_sim_ws/install/my_robot/share/my_robot/urdf
[5.144s] -- Installing: /home/yahboom/roscourse_sim_ws/install/my_robot/share/my_robot/urdf/my_robot.urdf.xacro
[5.150s] -- Up-to-date: /home/yahboom/roscourse_sim_ws/install/my_robot/share/my_robot/urdf/my_robot.urdf
[5.154s] -- Up-to-date: /home/yahboom/roscourse_sim_ws/install/my_robot/share/my_robot/launch
[5.154s] -- Up-to-date: /home/yahboom/roscourse_sim_ws/install/my_robot/share/my_robot/launch/my_robot_rviz.launch.py
[5.154s] -- Installing: /home/yahboom/roscourse_sim_ws/install/my_robot/share/my_robot/launch/my_robot_gazebo_rviz.launch.py
[5.155s] -- Up-to-date: /home/yahboom/roscourse_sim_ws/install/my_robot/share/my_robot/launch/my_robot_xacro_rviz.launch.py
[5.159s] -- Up-to-date: /home/yahboom/roscourse_sim_ws/install/my_robot/share/my_robot/rviz
[5.159s] -- Up-to-date: /home/yahboom/roscourse_sim_ws/install/my_robot/share/my_robot/rviz/my_robot.rviz
[5.160s] -- Up-to-date: /home/yahboom/roscourse_sim_ws/install/my_robot/share/ament_index/resource_index/package_run_dependencies/my_robot
[5.160s] -- Up-to-date: /home/yahboom/roscourse_sim_ws/install/my_robot/share/ament_index/resource_index/parent_prefix_path/my_robot
[5.163s] -- Up-to-date: /home/yahboom/roscourse_sim_ws/install/my_robot/share/my_robot/environment/ament_prefix_path.sh
[5.169s] -- Installing: /home/yahboom/roscourse_sim_ws/install/my_robot/share/my_robot/environment/ament_prefix_path.dsv
[5.169s] -- Up-to-date: /home/yahboom/roscourse_sim_ws/install/my_robot/share/my_robot/environment/path.sh
[5.169s] -- Installing: /home/yahboom/roscourse_sim_ws/install/my_robot/share/my_robot/environment/path.dsv
[5.170s] -- Up-to-date: /home/yahboom/roscourse_sim_ws/install/my_robot/share/my_robot/local_setup.bash
[5.171s] -- Up-to-date: /home/yahboom/roscourse_sim_ws/install/my_robot/share/my_robot/local_setup.sh
[5.172s] -- Up-to-date: /home/yahboom/roscourse_sim_ws/install/my_robot/share/my_robot/local_setup.zsh
[5.173s] -- Installing: /home/yahboom/roscourse_sim_ws/install/my_robot/share/my_robot/local_setup.dsv
[5.192s] -- Installing: /home/yahboom/roscourse_sim_ws/install/my_robot/share/my_robot/package.dsv
[5.198s] -- Up-to-date: /home/yahboom/roscourse_sim_ws/install/my_robot/share/ament_index/resource_index/packages/my_robot
[5.209s] -- Up-to-date: /home/yahboom/roscourse_sim_ws/install/my_robot/share/my_robot/cmake/my_robotConfig.cmake
[5.216s] -- Up-to-date: /home/yahboom/roscourse_sim_ws/install/my_robot/share/my_robot/cmake/my_robotConfig-version.cmake
[5.231s] -- Installing: /home/yahboom/roscourse_sim_ws/install/my_robot/share/my_robot/package.xml
[5.236s] Invoked command in '/home/yahboom/roscourse_sim_ws/build/my_robot' returned '0': CMAKE_PREFIX_PATH=${CMAKE_PREFIX_PATH}:/home/yahboom/cartoros2/install/yahboomcar_nav:/home/yahboom/cartoros2/install/yahboomcar_ctrl:/home/yahboom/cartoros2/install/yahboom_visual:/home/yahboom/cartoros2/install/yahboom_dog_joint_state:/home/yahboom/cartoros2/install/yahboom_description:/home/yahboom/cartoros2/install/yahboom_color_identify_server:/home/yahboom/cartoros2/install/yahboom_bringup:/home/yahboom/cartoros2/install/yahboom_base:/home/yahboom/cartoros2/install/yahboom_app_save_map:/home/yahboom/cartoros2/install/update_map:/home/yahboom/cartoros2/install/rosboard:/home/yahboom/cartoros2/install/path_planner_server:/home/yahboom/cartoros2/install/nav2_simple_commander:/home/yahboom/cartoros2/install/nav2_gazebo_spawner:/home/yahboom/cartoros2/install/localization_server:/home/yahboom/cartoros2/install/laserscan_to_point_pulisher:/home/yahboom/yahboomcar_ws/install/yahboom_dog_example:/opt/ros/humble /usr/bin/cmake --install /home/yahboom/roscourse_sim_ws/build/my_robot
