[0.032s] Invoking command in '/home/yahboom/Desktop/S26_RobotProgramming_Iron/Lab3/chuang/roscourse_ws/build/turtle_interfaces': CMAKE_PREFIX_PATH=${CMAKE_PREFIX_PATH}:/home/yahboom/Desktop/S26_RobotProgramming_Iron/Lab3/chuang/roscourse_ws/install/webcam:/opt/ros/humble:/home/yahboom/cartoros2/install/yahboomcar_nav:/home/yahboom/cartoros2/install/yahboomcar_ctrl:/home/yahboom/cartoros2/install/yahboom_visual:/home/yahboom/cartoros2/install/yahboom_dog_joint_state:/home/yahboom/cartoros2/install/yahboom_description:/home/yahboom/cartoros2/install/yahboom_color_identify_server:/home/yahboom/cartoros2/install/yahboom_bringup:/home/yahboom/cartoros2/install/yahboom_base:/home/yahboom/cartoros2/install/yahboom_app_save_map:/home/yahboom/cartoros2/install/update_map:/home/yahboom/cartoros2/install/rosboard:/home/yahboom/cartoros2/install/path_planner_server:/home/yahboom/cartoros2/install/nav2_simple_commander:/home/yahboom/cartoros2/install/nav2_gazebo_spawner:/home/yahboom/cartoros2/install/localization_server:/home/yahboom/cartoros2/install/laserscan_to_point_pulisher:/home/yahboom/yahboomcar_ws/install/yahboom_dog_example /usr/bin/cmake --build /home/yahboom/Desktop/S26_RobotProgramming_Iron/Lab3/chuang/roscourse_ws/build/turtle_interfaces -- -j4 -l4
[0.154s] [  2%] Built target turtle_interfaces__cpp
[0.169s] [  6%] [32mBuilding C object CMakeFiles/turtle_interfaces__rosidl_generator_c.dir/rosidl_generator_c/turtle_interfaces/msg/detail/turtle_msg__functions.c.o[0m
[0.169s] [  6%] [32mBuilding C object CMakeFiles/turtle_interfaces__rosidl_generator_c.dir/rosidl_generator_c/turtle_interfaces/srv/detail/set_pose__functions.c.o[0m
[0.180s] [  6%] Built target ament_cmake_python_copy_turtle_interfaces
[0.185s] [  8%] [32mBuilding C object CMakeFiles/turtle_interfaces__rosidl_generator_c.dir/rosidl_generator_c/turtle_interfaces/srv/detail/set_color__functions.c.o[0m
[0.186s] In file included from [01m[K/home/yahboom/Desktop/S26_RobotProgramming_Iron/Lab3/chuang/roscourse_ws/build/turtle_interfaces/rosidl_generator_c/turtle_interfaces/msg/detail/turtle_msg__functions.c:4[m[K:
[0.186s] [01m[K/home/yahboom/Desktop/S26_RobotProgramming_Iron/Lab3/chuang/roscourse_ws/build/turtle_interfaces/rosidl_generator_c/turtle_interfaces/msg/detail/turtle_msg__functions.h:14:10:[m[K [01;31m[Kfatal error: [m[Kstdlib.h: No such file or directory
[0.186s]    14 | #include [01;31m[K<stdlib.h>[m[K
[0.186s]       |          [01;31m[K^~~~~~~~~~[m[K
[0.186s] compilation terminated.
[0.188s] gmake[2]: *** [CMakeFiles/turtle_interfaces__rosidl_generator_c.dir/build.make:196: CMakeFiles/turtle_interfaces__rosidl_generator_c.dir/rosidl_generator_c/turtle_interfaces/msg/detail/turtle_msg__functions.c.o] Error 1
[0.190s] gmake[2]: *** Waiting for unfinished jobs....
[0.193s] In file included from [01m[K/home/yahboom/Desktop/S26_RobotProgramming_Iron/Lab3/chuang/roscourse_ws/build/turtle_interfaces/rosidl_generator_c/turtle_interfaces/srv/detail/set_pose__functions.c:4[m[K:
[0.193s] [01m[K/home/yahboom/Desktop/S26_RobotProgramming_Iron/Lab3/chuang/roscourse_ws/build/turtle_interfaces/rosidl_generator_c/turtle_interfaces/srv/detail/set_pose__functions.h:14:10:[m[K [01;31m[Kfatal error: [m[Kstdlib.h: No such file or directory
[0.193s]    14 | #include [01;31m[K<stdlib.h>[m[K
[0.193s]       |          [01;31m[K^~~~~~~~~~[m[K
[0.193s] compilation terminated.
[0.195s] gmake[2]: *** [CMakeFiles/turtle_interfaces__rosidl_generator_c.dir/build.make:210: CMakeFiles/turtle_interfaces__rosidl_generator_c.dir/rosidl_generator_c/turtle_interfaces/srv/detail/set_pose__functions.c.o] Error 1
[0.204s] In file included from [01m[K/home/yahboom/Desktop/S26_RobotProgramming_Iron/Lab3/chuang/roscourse_ws/build/turtle_interfaces/rosidl_generator_c/turtle_interfaces/srv/detail/set_color__functions.c:4[m[K:
[0.204s] [01m[K/home/yahboom/Desktop/S26_RobotProgramming_Iron/Lab3/chuang/roscourse_ws/build/turtle_interfaces/rosidl_generator_c/turtle_interfaces/srv/detail/set_color__functions.h:14:10:[m[K [01;31m[Kfatal error: [m[Kstdlib.h: No such file or directory
[0.204s]    14 | #include [01;31m[K<stdlib.h>[m[K
[0.204s]       |          [01;31m[K^~~~~~~~~~[m[K
[0.204s] compilation terminated.
[0.206s] gmake[2]: *** [CMakeFiles/turtle_interfaces__rosidl_generator_c.dir/build.make:224: CMakeFiles/turtle_interfaces__rosidl_generator_c.dir/rosidl_generator_c/turtle_interfaces/srv/detail/set_color__functions.c.o] Error 1
[0.206s] gmake[1]: *** [CMakeFiles/Makefile2:213: CMakeFiles/turtle_interfaces__rosidl_generator_c.dir/all] Error 2
[0.206s] gmake[1]: *** Waiting for unfinished jobs....
[0.240s] [ 10%] [32mBuilding CXX object CMakeFiles/turtle_interfaces__rosidl_typesupport_fastrtps_cpp.dir/rosidl_typesupport_fastrtps_cpp/turtle_interfaces/srv/detail/dds_fastrtps/set_pose__type_support.cpp.o[0m
[0.241s] [ 12%] [32mBuilding CXX object CMakeFiles/turtle_interfaces__rosidl_typesupport_introspection_cpp.dir/rosidl_typesupport_introspection_cpp/turtle_interfaces/msg/detail/turtle_msg__type_support.cpp.o[0m
[0.252s] [ 14%] [32mBuilding CXX object CMakeFiles/turtle_interfaces__rosidl_typesupport_fastrtps_cpp.dir/rosidl_typesupport_fastrtps_cpp/turtle_interfaces/msg/detail/dds_fastrtps/turtle_msg__type_support.cpp.o[0m
[0.260s] In file included from [01m[K/usr/include/x86_64-linux-gnu/c++/11/bits/c++config.h:586[m[K,
[0.260s]                  from [01m[K/usr/include/c++/11/utility:68[m[K,
[0.260s]                  from [01m[K/usr/include/c++/11/array:38[m[K,
[0.260s]                  from [01m[K/home/yahboom/Desktop/S26_RobotProgramming_Iron/Lab3/chuang/roscourse_ws/build/turtle_interfaces/rosidl_typesupport_introspection_cpp/turtle_interfaces/msg/detail/turtle_msg__type_support.cpp:5[m[K:
[0.260s] [01m[K/usr/include/x86_64-linux-gnu/c++/11/bits/os_defines.h:39:10:[m[K [01;31m[Kfatal error: [m[Kfeatures.h: No such file or directory
[0.260s]    39 | #include [01;31m[K<features.h>[m[K
[0.260s]       |          [01;31m[K^~~~~~~~~~~~[m[K
[0.260s] compilation terminated.
[0.261s] In file included from [01m[K/usr/include/x86_64-linux-gnu/c++/11/bits/c++config.h:586[m[K,
[0.261s]                  from [01m[K/usr/include/c++/11/utility:68[m[K,
[0.261s]                  from [01m[K/usr/include/c++/11/algorithm:60[m[K,
[0.261s]                  from [01m[K/home/yahboom/Desktop/S26_RobotProgramming_Iron/Lab3/chuang/roscourse_ws/build/turtle_interfaces/rosidl_generator_cpp/turtle_interfaces/srv/detail/set_pose__struct.hpp:8[m[K,
[0.261s]                  from [01m[K/home/yahboom/Desktop/S26_RobotProgramming_Iron/Lab3/chuang/roscourse_ws/build/turtle_interfaces/rosidl_typesupport_fastrtps_cpp/turtle_interfaces/srv/detail/set_pose__rosidl_typesupport_fastrtps_cpp.hpp:11[m[K,
[0.261s]                  from [01m[K/home/yahboom/Desktop/S26_RobotProgramming_Iron/Lab3/chuang/roscourse_ws/build/turtle_interfaces/rosidl_typesupport_fastrtps_cpp/turtle_interfaces/srv/detail/dds_fastrtps/set_pose__type_support.cpp:4[m[K:
[0.261s] [01m[K/usr/include/x86_64-linux-gnu/c++/11/bits/os_defines.h:39:10:[m[K [01;31m[Kfatal error: [m[Kfeatures.h: No such file or directory
[0.261s]    39 | #include [01;31m[K<features.h>[m[K
[0.261s]       |          [01;31m[K^~~~~~~~~~~~[m[K
[0.262s] compilation terminated.
[0.262s] gmake[2]: *** [CMakeFiles/turtle_interfaces__rosidl_typesupport_introspection_cpp.dir/build.make:164: CMakeFiles/turtle_interfaces__rosidl_typesupport_introspection_cpp.dir/rosidl_typesupport_introspection_cpp/turtle_interfaces/msg/detail/turtle_msg__type_support.cpp.o] Error 1
[0.262s] gmake[1]: *** [CMakeFiles/Makefile2:369: CMakeFiles/turtle_interfaces__rosidl_typesupport_introspection_cpp.dir/all] Error 2
[0.262s] gmake[2]: *** [CMakeFiles/turtle_interfaces__rosidl_typesupport_fastrtps_cpp.dir/build.make:178: CMakeFiles/turtle_interfaces__rosidl_typesupport_fastrtps_cpp.dir/rosidl_typesupport_fastrtps_cpp/turtle_interfaces/srv/detail/dds_fastrtps/set_pose__type_support.cpp.o] Error 1
[0.262s] gmake[2]: *** Waiting for unfinished jobs....
[0.270s] In file included from [01m[K/usr/include/x86_64-linux-gnu/c++/11/bits/c++config.h:586[m[K,
[0.270s]                  from [01m[K/usr/include/c++/11/utility:68[m[K,
[0.270s]                  from [01m[K/usr/include/c++/11/algorithm:60[m[K,
[0.270s]                  from [01m[K/home/yahboom/Desktop/S26_RobotProgramming_Iron/Lab3/chuang/roscourse_ws/build/turtle_interfaces/rosidl_generator_cpp/turtle_interfaces/msg/detail/turtle_msg__struct.hpp:8[m[K,
[0.270s]                  from [01m[K/home/yahboom/Desktop/S26_RobotProgramming_Iron/Lab3/chuang/roscourse_ws/build/turtle_interfaces/rosidl_typesupport_fastrtps_cpp/turtle_interfaces/msg/detail/turtle_msg__rosidl_typesupport_fastrtps_cpp.hpp:11[m[K,
[0.270s]                  from [01m[K/home/yahboom/Desktop/S26_RobotProgramming_Iron/Lab3/chuang/roscourse_ws/build/turtle_interfaces/rosidl_typesupport_fastrtps_cpp/turtle_interfaces/msg/detail/dds_fastrtps/turtle_msg__type_support.cpp:4[m[K:
[0.271s] [01m[K/usr/include/x86_64-linux-gnu/c++/11/bits/os_defines.h:39:10:[m[K [01;31m[Kfatal error: [m[Kfeatures.h: No such file or directory
[0.271s]    39 | #include [01;31m[K<features.h>[m[K
[0.271s]       |          [01;31m[K^~~~~~~~~~~~[m[K
[0.271s] compilation terminated.
[0.272s] gmake[2]: *** [CMakeFiles/turtle_interfaces__rosidl_typesupport_fastrtps_cpp.dir/build.make:164: CMakeFiles/turtle_interfaces__rosidl_typesupport_fastrtps_cpp.dir/rosidl_typesupport_fastrtps_cpp/turtle_interfaces/msg/detail/dds_fastrtps/turtle_msg__type_support.cpp.o] Error 1
[0.272s] gmake[1]: *** [CMakeFiles/Makefile2:291: CMakeFiles/turtle_interfaces__rosidl_typesupport_fastrtps_cpp.dir/all] Error 2
[0.276s] [ 17%] [32mBuilding CXX object CMakeFiles/turtle_interfaces__rosidl_typesupport_cpp.dir/rosidl_typesupport_cpp/turtle_interfaces/msg/turtle_msg__type_support.cpp.o[0m
[0.286s] [ 19%] [32mBuilding CXX object CMakeFiles/turtle_interfaces__rosidl_typesupport_cpp.dir/rosidl_typesupport_cpp/turtle_interfaces/srv/set_pose__type_support.cpp.o[0m
[0.294s] In file included from [01m[K/usr/include/x86_64-linux-gnu/c++/11/bits/c++config.h:586[m[K,
[0.295s]                  from [01m[K/usr/include/c++/11/cstddef:49[m[K,
[0.295s]                  from [01m[K/home/yahboom/Desktop/S26_RobotProgramming_Iron/Lab3/chuang/roscourse_ws/build/turtle_interfaces/rosidl_typesupport_cpp/turtle_interfaces/msg/turtle_msg__type_support.cpp:5[m[K:
[0.295s] [01m[K/usr/include/x86_64-linux-gnu/c++/11/bits/os_defines.h:39:10:[m[K [01;31m[Kfatal error: [m[Kfeatures.h: No such file or directory
[0.295s] [ 21%] [32mBuilding CXX object CMakeFiles/turtle_interfaces__rosidl_typesupport_cpp.dir/rosidl_typesupport_cpp/turtle_interfaces/srv/set_color__type_support.cpp.o[0m
[0.295s]    39 | #include [01;31m[K<features.h>[m[K
[0.296s]       |          [01;31m[K^~~~~~~~~~~~[m[K
[0.296s] compilation terminated.
[0.300s] gmake[2]: *** [CMakeFiles/turtle_interfaces__rosidl_typesupport_cpp.dir/build.make:153: CMakeFiles/turtle_interfaces__rosidl_typesupport_cpp.dir/rosidl_typesupport_cpp/turtle_interfaces/msg/turtle_msg__type_support.cpp.o] Error 1
[0.300s] gmake[2]: *** Waiting for unfinished jobs....
[0.306s] In file included from [01m[K/usr/include/x86_64-linux-gnu/c++/11/bits/c++config.h:586[m[K,
[0.306s]                  from [01m[K/usr/include/c++/11/cstddef:49[m[K,
[0.306s]                  from [01m[K/home/yahboom/Desktop/S26_RobotProgramming_Iron/Lab3/chuang/roscourse_ws/build/turtle_interfaces/rosidl_typesupport_cpp/turtle_interfaces/srv/set_pose__type_support.cpp:5[m[K:
[0.306s] [01m[K/usr/include/x86_64-linux-gnu/c++/11/bits/os_defines.h:39:10:[m[K [01;31m[Kfatal error: [m[Kfeatures.h: No such file or directory
[0.307s]    39 | #include [01;31m[K<features.h>[m[K
[0.307s]       |          [01;31m[K^~~~~~~~~~~~[m[K
[0.307s] compilation terminated.
[0.307s] gmake[2]: *** [CMakeFiles/turtle_interfaces__rosidl_typesupport_cpp.dir/build.make:167: CMakeFiles/turtle_interfaces__rosidl_typesupport_cpp.dir/rosidl_typesupport_cpp/turtle_interfaces/srv/set_pose__type_support.cpp.o] Error 1
[0.312s] In file included from [01m[K/usr/include/x86_64-linux-gnu/c++/11/bits/c++config.h:586[m[K,
[0.312s]                  from [01m[K/usr/include/c++/11/cstddef:49[m[K,
[0.312s]                  from [01m[K/home/yahboom/Desktop/S26_RobotProgramming_Iron/Lab3/chuang/roscourse_ws/build/turtle_interfaces/rosidl_typesupport_cpp/turtle_interfaces/srv/set_color__type_support.cpp:5[m[K:
[0.312s] [01m[K/usr/include/x86_64-linux-gnu/c++/11/bits/os_defines.h:39:10:[m[K [01;31m[Kfatal error: [m[Kfeatures.h: No such file or directory
[0.312s]    39 | #include [01;31m[K<features.h>[m[K
[0.312s]       |          [01;31m[K^~~~~~~~~~~~[m[K
[0.312s] compilation terminated.
[0.313s] gmake[2]: *** [CMakeFiles/turtle_interfaces__rosidl_typesupport_cpp.dir/build.make:181: CMakeFiles/turtle_interfaces__rosidl_typesupport_cpp.dir/rosidl_typesupport_cpp/turtle_interfaces/srv/set_color__type_support.cpp.o] Error 1
[0.314s] gmake[1]: *** [CMakeFiles/Makefile2:395: CMakeFiles/turtle_interfaces__rosidl_typesupport_cpp.dir/all] Error 2
[0.314s] gmake: *** [Makefile:146: all] Error 2
[0.395s] Invoked command in '/home/yahboom/Desktop/S26_RobotProgramming_Iron/Lab3/chuang/roscourse_ws/build/turtle_interfaces' returned '2': CMAKE_PREFIX_PATH=${CMAKE_PREFIX_PATH}:/home/yahboom/Desktop/S26_RobotProgramming_Iron/Lab3/chuang/roscourse_ws/install/webcam:/opt/ros/humble:/home/yahboom/cartoros2/install/yahboomcar_nav:/home/yahboom/cartoros2/install/yahboomcar_ctrl:/home/yahboom/cartoros2/install/yahboom_visual:/home/yahboom/cartoros2/install/yahboom_dog_joint_state:/home/yahboom/cartoros2/install/yahboom_description:/home/yahboom/cartoros2/install/yahboom_color_identify_server:/home/yahboom/cartoros2/install/yahboom_bringup:/home/yahboom/cartoros2/install/yahboom_base:/home/yahboom/cartoros2/install/yahboom_app_save_map:/home/yahboom/cartoros2/install/update_map:/home/yahboom/cartoros2/install/rosboard:/home/yahboom/cartoros2/install/path_planner_server:/home/yahboom/cartoros2/install/nav2_simple_commander:/home/yahboom/cartoros2/install/nav2_gazebo_spawner:/home/yahboom/cartoros2/install/localization_server:/home/yahboom/cartoros2/install/laserscan_to_point_pulisher:/home/yahboom/yahboomcar_ws/install/yahboom_dog_example /usr/bin/cmake --build /home/yahboom/Desktop/S26_RobotProgramming_Iron/Lab3/chuang/roscourse_ws/build/turtle_interfaces -- -j4 -l4
