[0.605s] Invoking command in '/home/yahboom/Desktop/S26_RobotProgramming_Iron/Lab3/chuang/roscourse_ws/build/webcam': PYTHONPATH=/home/yahboom/Desktop/S26_RobotProgramming_Iron/Lab3/chuang/roscourse_ws/build/webcam/prefix_override:/home/yahboom/Desktop/S26_RobotProgramming_Iron/Lab3/chuang/roscourse_ws/install/webcam/lib/python3.10/site-packages:${PYTHONPATH} /usr/bin/python3 -W ignore:setup.py install is deprecated setup.py develop --editable --build-directory /home/yahboom/Desktop/S26_RobotProgramming_Iron/Lab3/chuang/roscourse_ws/build/webcam/build --no-deps symlink_data
[0.918s] running develop
[0.919s] /usr/lib/python3/dist-packages/setuptools/command/easy_install.py:158: EasyInstallDeprecationWarning: easy_install command is deprecated. Use build and pip and other standards-based tools.
[0.919s]   warnings.warn(
[1.090s] running egg_info
[1.090s] writing webcam.egg-info/PKG-INFO
[1.090s] writing dependency_links to webcam.egg-info/dependency_links.txt
[1.091s] writing entry points to webcam.egg-info/entry_points.txt
[1.091s] writing requirements to webcam.egg-info/requires.txt
[1.091s] writing top-level names to webcam.egg-info/top_level.txt
[1.093s] reading manifest file 'webcam.egg-info/SOURCES.txt'
[1.093s] writing manifest file 'webcam.egg-info/SOURCES.txt'
[1.095s] running build_ext
[1.095s] Creating /home/yahboom/Desktop/S26_RobotProgramming_Iron/Lab3/chuang/roscourse_ws/install/webcam/lib/python3.10/site-packages/webcam.egg-link (link to .)
[1.096s] Installing webcam_pub script to /home/yahboom/Desktop/S26_RobotProgramming_Iron/Lab3/chuang/roscourse_ws/install/webcam/lib/webcam
[1.096s] Installing webcam_sub script to /home/yahboom/Desktop/S26_RobotProgramming_Iron/Lab3/chuang/roscourse_ws/install/webcam/lib/webcam
[1.096s] 
[1.096s] Installed /home/yahboom/Desktop/S26_RobotProgramming_Iron/Lab3/chuang/roscourse_ws/build/webcam
[1.096s] running symlink_data
[1.119s] Invoked command in '/home/yahboom/Desktop/S26_RobotProgramming_Iron/Lab3/chuang/roscourse_ws/build/webcam' returned '0': PYTHONPATH=/home/yahboom/Desktop/S26_RobotProgramming_Iron/Lab3/chuang/roscourse_ws/build/webcam/prefix_override:/home/yahboom/Desktop/S26_RobotProgramming_Iron/Lab3/chuang/roscourse_ws/install/webcam/lib/python3.10/site-packages:${PYTHONPATH} /usr/bin/python3 -W ignore:setup.py install is deprecated setup.py develop --editable --build-directory /home/yahboom/Desktop/S26_RobotProgramming_Iron/Lab3/chuang/roscourse_ws/build/webcam/build --no-deps symlink_data
