[0.166s] Invoking command in '/home/yahboom/roscourse_sim_ws/build/my_robot': CMAKE_PREFIX_PATH=${CMAKE_PREFIX_PATH}:/home/yahboom/cartoros2/install/yahboomcar_nav:/home/yahboom/cartoros2/install/yahboomcar_ctrl:/home/yahboom/cartoros2/install/yahboom_visual:/home/yahboom/cartoros2/install/yahboom_dog_joint_state:/home/yahboom/cartoros2/install/yahboom_description:/home/yahboom/cartoros2/install/yahboom_color_identify_server:/home/yahboom/cartoros2/install/yahboom_bringup:/home/yahboom/cartoros2/install/yahboom_base:/home/yahboom/cartoros2/install/yahboom_app_save_map:/home/yahboom/cartoros2/install/update_map:/home/yahboom/cartoros2/install/rosboard:/home/yahboom/cartoros2/install/path_planner_server:/home/yahboom/cartoros2/install/nav2_simple_commander:/home/yahboom/cartoros2/install/nav2_gazebo_spawner:/home/yahboom/cartoros2/install/localization_server:/home/yahboom/cartoros2/install/laserscan_to_point_pulisher:/home/yahboom/yahboomcar_ws/install/yahboom_dog_example:/opt/ros/humble /usr/bin/cmake --build /home/yahboom/roscourse_sim_ws/build/my_robot -- -j4 -l4
[0.673s] Invoked command in '/home/yahboom/roscourse_sim_ws/build/my_robot' returned '0': CMAKE_PREFIX_PATH=${CMAKE_PREFIX_PATH}:/home/yahboom/cartoros2/install/yahboomcar_nav:/home/yahboom/cartoros2/install/yahboomcar_ctrl:/home/yahboom/cartoros2/install/yahboom_visual:/home/yahboom/cartoros2/install/yahboom_dog_joint_state:/home/yahboom/cartoros2/install/yahboom_description:/home/yahboom/cartoros2/install/yahboom_color_identify_server:/home/yahboom/cartoros2/install/yahboom_bringup:/home/yahboom/cartoros2/install/yahboom_base:/home/yahboom/cartoros2/install/yahboom_app_save_map:/home/yahboom/cartoros2/install/update_map:/home/yahboom/cartoros2/install/rosboard:/home/yahboom/cartoros2/install/path_planner_server:/home/yahboom/cartoros2/install/nav2_simple_commander:/home/yahboom/cartoros2/install/nav2_gazebo_spawner:/home/yahboom/cartoros2/install/localization_server:/home/yahboom/cartoros2/install/laserscan_to_point_pulisher:/home/yahboom/yahboomcar_ws/install/yahboom_dog_example:/opt/ros/humble /usr/bin/cmake --build /home/yahboom/roscourse_sim_ws/build/my_robot -- -j4 -l4
[1.200s] Invoking command in '/home/yahboom/roscourse_sim_ws/build/my_robot': CMAKE_PREFIX_PATH=${CMAKE_PREFIX_PATH}:/home/yahboom/cartoros2/install/yahboomcar_nav:/home/yahboom/cartoros2/install/yahboomcar_ctrl:/home/yahboom/cartoros2/install/yahboom_visual:/home/yahboom/cartoros2/install/yahboom_dog_joint_state:/home/yahboom/cartoros2/install/yahboom_description:/home/yahboom/cartoros2/install/yahboom_color_identify_server:/home/yahboom/cartoros2/install/yahboom_bringup:/home/yahboom/cartoros2/install/yahboom_base:/home/yahboom/cartoros2/install/yahboom_app_save_map:/home/yahboom/cartoros2/install/update_map:/home/yahboom/cartoros2/install/rosboard:/home/yahboom/cartoros2/install/path_planner_server:/home/yahboom/cartoros2/install/nav2_simple_commander:/home/yahboom/cartoros2/install/nav2_gazebo_spawner:/home/yahboom/cartoros2/install/localization_server:/home/yahboom/cartoros2/install/laserscan_to_point_pulisher:/home/yahboom/yahboomcar_ws/install/yahboom_dog_example:/opt/ros/humble /usr/bin/cmake --install /home/yahboom/roscourse_sim_ws/build/my_robot
[1.294s] -- Install configuration: ""
[1.295s] -- Up-to-date: /home/yahboom/roscourse_sim_ws/install/my_robot/share/my_robot/urdf
[1.295s] -- Up-to-date: /home/yahboom/roscourse_sim_ws/install/my_robot/share/my_robot/urdf/my_robot.urdf.xacro
[1.316s] -- Up-to-date: /home/yahboom/roscourse_sim_ws/install/my_robot/share/my_robot/urdf/my_robot.urdf
[1.317s] -- Up-to-date: /home/yahboom/roscourse_sim_ws/install/my_robot/share/my_robot/launch
[1.317s] -- Up-to-date: /home/yahboom/roscourse_sim_ws/install/my_robot/share/my_robot/launch/my_robot_rviz.launch.py
[1.318s] -- Up-to-date: /home/yahboom/roscourse_sim_ws/install/my_robot/share/my_robot/launch/my_robot_gazebo_rviz.launch.py
[1.318s] -- Up-to-date: /home/yahboom/roscourse_sim_ws/install/my_robot/share/my_robot/launch/my_robot_xacro_rviz.launch.py
[1.318s] -- Up-to-date: /home/yahboom/roscourse_sim_ws/install/my_robot/share/my_robot/rviz
[1.319s] -- Up-to-date: /home/yahboom/roscourse_sim_ws/install/my_robot/share/my_robot/rviz/my_robot.rviz
[1.324s] -- Up-to-date: /home/yahboom/roscourse_sim_ws/install/my_robot/share/ament_index/resource_index/package_run_dependencies/my_robot
[1.332s] -- Up-to-date: /home/yahboom/roscourse_sim_ws/install/my_robot/share/ament_index/resource_index/parent_prefix_path/my_robot
[1.337s] -- Up-to-date: /home/yahboom/roscourse_sim_ws/install/my_robot/share/my_robot/environment/ament_prefix_path.sh
[1.339s] -- Up-to-date: /home/yahboom/roscourse_sim_ws/install/my_robot/share/my_robot/environment/ament_prefix_path.dsv
[1.341s] -- Up-to-date: /home/yahboom/roscourse_sim_ws/install/my_robot/share/my_robot/environment/path.sh
[1.342s] -- Up-to-date: /home/yahboom/roscourse_sim_ws/install/my_robot/share/my_robot/environment/path.dsv
[1.349s] -- Up-to-date: /home/yahboom/roscourse_sim_ws/install/my_robot/share/my_robot/local_setup.bash
[1.356s] -- Up-to-date: /home/yahboom/roscourse_sim_ws/install/my_robot/share/my_robot/local_setup.sh
[1.359s] -- Up-to-date: /home/yahboom/roscourse_sim_ws/install/my_robot/share/my_robot/local_setup.zsh
[1.369s] -- Up-to-date: /home/yahboom/roscourse_sim_ws/install/my_robot/share/my_robot/local_setup.dsv
[1.378s] -- Installing: /home/yahboom/roscourse_sim_ws/install/my_robot/share/my_robot/package.dsv
[1.385s] -- Up-to-date: /home/yahboom/roscourse_sim_ws/install/my_robot/share/ament_index/resource_index/packages/my_robot
[1.386s] -- Up-to-date: /home/yahboom/roscourse_sim_ws/install/my_robot/share/my_robot/cmake/my_robotConfig.cmake
[1.402s] -- Up-to-date: /home/yahboom/roscourse_sim_ws/install/my_robot/share/my_robot/cmake/my_robotConfig-version.cmake
[1.426s] -- Up-to-date: /home/yahboom/roscourse_sim_ws/install/my_robot/share/my_robot/package.xml
[1.438s] Invoked command in '/home/yahboom/roscourse_sim_ws/build/my_robot' returned '0': CMAKE_PREFIX_PATH=${CMAKE_PREFIX_PATH}:/home/yahboom/cartoros2/install/yahboomcar_nav:/home/yahboom/cartoros2/install/yahboomcar_ctrl:/home/yahboom/cartoros2/install/yahboom_visual:/home/yahboom/cartoros2/install/yahboom_dog_joint_state:/home/yahboom/cartoros2/install/yahboom_description:/home/yahboom/cartoros2/install/yahboom_color_identify_server:/home/yahboom/cartoros2/install/yahboom_bringup:/home/yahboom/cartoros2/install/yahboom_base:/home/yahboom/cartoros2/install/yahboom_app_save_map:/home/yahboom/cartoros2/install/update_map:/home/yahboom/cartoros2/install/rosboard:/home/yahboom/cartoros2/install/path_planner_server:/home/yahboom/cartoros2/install/nav2_simple_commander:/home/yahboom/cartoros2/install/nav2_gazebo_spawner:/home/yahboom/cartoros2/install/localization_server:/home/yahboom/cartoros2/install/laserscan_to_point_pulisher:/home/yahboom/yahboomcar_ws/install/yahboom_dog_example:/opt/ros/humble /usr/bin/cmake --install /home/yahboom/roscourse_sim_ws/build/my_robot
