[0.027s] Invoking command in '/home/yahboom/S26_RobotProgramming_Iron/Lab3/Flynn/roscourse_ws/build/turtle_interfaces': CMAKE_PREFIX_PATH=${CMAKE_PREFIX_PATH}:/home/yahboom/S26_RobotProgramming_Iron/Lab3/Flynn/roscourse_ws/install/webcam:/home/yahboom/S26_RobotProgramming_Iron/Lab3/Flynn/roscourse_ws/install/python_turtle:/home/yahboom/cartoros2/install/yahboomcar_nav:/home/yahboom/cartoros2/install/yahboomcar_ctrl:/home/yahboom/cartoros2/install/yahboom_visual:/home/yahboom/cartoros2/install/yahboom_dog_joint_state:/home/yahboom/cartoros2/install/yahboom_description:/home/yahboom/cartoros2/install/yahboom_color_identify_server:/home/yahboom/cartoros2/install/yahboom_bringup:/home/yahboom/cartoros2/install/yahboom_base:/home/yahboom/cartoros2/install/yahboom_app_save_map:/home/yahboom/cartoros2/install/update_map:/home/yahboom/cartoros2/install/rosboard:/home/yahboom/cartoros2/install/path_planner_server:/home/yahboom/cartoros2/install/nav2_simple_commander:/home/yahboom/cartoros2/install/nav2_gazebo_spawner:/home/yahboom/cartoros2/install/localization_server:/home/yahboom/cartoros2/install/laserscan_to_point_pulisher:/home/yahboom/yahboomcar_ws/install/yahboom_dog_example:/opt/ros/humble /usr/bin/cmake /home/yahboom/S26_RobotProgramming_Iron/Lab3/Flynn/roscourse_ws/src/turtle_interfaces -DCMAKE_INSTALL_PREFIX=/home/yahboom/S26_RobotProgramming_Iron/Lab3/Flynn/roscourse_ws/install/turtle_interfaces
[0.064s] -- Found ament_cmake: 1.3.12 (/opt/ros/humble/share/ament_cmake/cmake)
[0.189s] -- Override CMake install command with custom implementation using symlinks instead of copying resources
[0.203s] -- Found ament_lint_auto: 0.12.14 (/opt/ros/humble/share/ament_lint_auto/cmake)
[0.268s] -- Found geometry_msgs: 4.9.0 (/opt/ros/humble/share/geometry_msgs/cmake)
[0.301s] -- Found rosidl_generator_c: 3.1.8 (/opt/ros/humble/share/rosidl_generator_c/cmake)
[0.304s] -- Found rosidl_adapter: 3.1.8 (/opt/ros/humble/share/rosidl_adapter/cmake)
[0.311s] -- Found rosidl_generator_cpp: 3.1.8 (/opt/ros/humble/share/rosidl_generator_cpp/cmake)
[0.324s] -- Using all available rosidl_typesupport_c: rosidl_typesupport_fastrtps_c;rosidl_typesupport_introspection_c
[0.341s] -- Using all available rosidl_typesupport_cpp: rosidl_typesupport_fastrtps_cpp;rosidl_typesupport_introspection_cpp
[0.377s] -- Found rosidl_default_generators: 1.2.0 (/opt/ros/humble/share/rosidl_default_generators/cmake)
[0.612s] -- Found ament_cmake_ros: 0.10.0 (/opt/ros/humble/share/ament_cmake_ros/cmake)
[1.000s] -- Using all available rosidl_typesupport_c: rosidl_typesupport_fastrtps_c;rosidl_typesupport_introspection_c
[1.149s] -- Using all available rosidl_typesupport_cpp: rosidl_typesupport_fastrtps_cpp;rosidl_typesupport_introspection_cpp
[1.174s] -- Found python_cmake_module: 0.10.0 (/opt/ros/humble/share/python_cmake_module/cmake)
[1.200s] -- Using PYTHON_EXECUTABLE: /usr/bin/python3
[1.200s] -- Using PYTHON_INCLUDE_DIRS: /usr/include/python3.10
[1.200s] -- Using PYTHON_LIBRARIES: /usr/lib/x86_64-linux-gnu/libpython3.10.so
[1.282s] -- Added test 'lint_cmake' to check CMake code style
[1.283s] -- Added test 'xmllint' to check XML markup files
[1.291s] -- Configuring done
[1.345s] -- Generating done
[1.354s] -- Build files have been written to: /home/yahboom/S26_RobotProgramming_Iron/Lab3/Flynn/roscourse_ws/build/turtle_interfaces
[1.359s] Invoked command in '/home/yahboom/S26_RobotProgramming_Iron/Lab3/Flynn/roscourse_ws/build/turtle_interfaces' returned '0': CMAKE_PREFIX_PATH=${CMAKE_PREFIX_PATH}:/home/yahboom/S26_RobotProgramming_Iron/Lab3/Flynn/roscourse_ws/install/webcam:/home/yahboom/S26_RobotProgramming_Iron/Lab3/Flynn/roscourse_ws/install/python_turtle:/home/yahboom/cartoros2/install/yahboomcar_nav:/home/yahboom/cartoros2/install/yahboomcar_ctrl:/home/yahboom/cartoros2/install/yahboom_visual:/home/yahboom/cartoros2/install/yahboom_dog_joint_state:/home/yahboom/cartoros2/install/yahboom_description:/home/yahboom/cartoros2/install/yahboom_color_identify_server:/home/yahboom/cartoros2/install/yahboom_bringup:/home/yahboom/cartoros2/install/yahboom_base:/home/yahboom/cartoros2/install/yahboom_app_save_map:/home/yahboom/cartoros2/install/update_map:/home/yahboom/cartoros2/install/rosboard:/home/yahboom/cartoros2/install/path_planner_server:/home/yahboom/cartoros2/install/nav2_simple_commander:/home/yahboom/cartoros2/install/nav2_gazebo_spawner:/home/yahboom/cartoros2/install/localization_server:/home/yahboom/cartoros2/install/laserscan_to_point_pulisher:/home/yahboom/yahboomcar_ws/install/yahboom_dog_example:/opt/ros/humble /usr/bin/cmake /home/yahboom/S26_RobotProgramming_Iron/Lab3/Flynn/roscourse_ws/src/turtle_interfaces -DCMAKE_INSTALL_PREFIX=/home/yahboom/S26_RobotProgramming_Iron/Lab3/Flynn/roscourse_ws/install/turtle_interfaces
[1.360s] Invoking command in '/home/yahboom/S26_RobotProgramming_Iron/Lab3/Flynn/roscourse_ws/build/turtle_interfaces': CMAKE_PREFIX_PATH=${CMAKE_PREFIX_PATH}:/home/yahboom/S26_RobotProgramming_Iron/Lab3/Flynn/roscourse_ws/install/webcam:/home/yahboom/S26_RobotProgramming_Iron/Lab3/Flynn/roscourse_ws/install/python_turtle:/home/yahboom/cartoros2/install/yahboomcar_nav:/home/yahboom/cartoros2/install/yahboomcar_ctrl:/home/yahboom/cartoros2/install/yahboom_visual:/home/yahboom/cartoros2/install/yahboom_dog_joint_state:/home/yahboom/cartoros2/install/yahboom_description:/home/yahboom/cartoros2/install/yahboom_color_identify_server:/home/yahboom/cartoros2/install/yahboom_bringup:/home/yahboom/cartoros2/install/yahboom_base:/home/yahboom/cartoros2/install/yahboom_app_save_map:/home/yahboom/cartoros2/install/update_map:/home/yahboom/cartoros2/install/rosboard:/home/yahboom/cartoros2/install/path_planner_server:/home/yahboom/cartoros2/install/nav2_simple_commander:/home/yahboom/cartoros2/install/nav2_gazebo_spawner:/home/yahboom/cartoros2/install/localization_server:/home/yahboom/cartoros2/install/laserscan_to_point_pulisher:/home/yahboom/yahboomcar_ws/install/yahboom_dog_example:/opt/ros/humble /usr/bin/cmake --build /home/yahboom/S26_RobotProgramming_Iron/Lab3/Flynn/roscourse_ws/build/turtle_interfaces -- -j4 -l4
[1.411s] [35m[1mConsolidate compiler generated dependencies of target turtle_interfaces__rosidl_generator_c[0m
[1.422s] failed to create symbolic link '/home/yahboom/S26_RobotProgramming_Iron/Lab3/Flynn/roscourse_ws/build/turtle_interfaces/ament_cmake_python/turtle_interfaces/turtle_interfaces' because existing path cannot be removed: Is a directory
[1.422s] gmake[2]: *** [CMakeFiles/ament_cmake_python_symlink_turtle_interfaces.dir/build.make:70: CMakeFiles/ament_cmake_python_symlink_turtle_interfaces] Error 1
[1.423s] gmake[1]: *** [CMakeFiles/Makefile2:421: CMakeFiles/ament_cmake_python_symlink_turtle_interfaces.dir/all] Error 2
[1.423s] gmake[1]: *** Waiting for unfinished jobs....
[1.424s] [  2%] Built target turtle_interfaces__cpp
[1.430s] [ 12%] Built target turtle_interfaces__rosidl_generator_c
[1.431s] gmake: *** [Makefile:146: all] Error 2
[1.433s] Invoked command in '/home/yahboom/S26_RobotProgramming_Iron/Lab3/Flynn/roscourse_ws/build/turtle_interfaces' returned '2': CMAKE_PREFIX_PATH=${CMAKE_PREFIX_PATH}:/home/yahboom/S26_RobotProgramming_Iron/Lab3/Flynn/roscourse_ws/install/webcam:/home/yahboom/S26_RobotProgramming_Iron/Lab3/Flynn/roscourse_ws/install/python_turtle:/home/yahboom/cartoros2/install/yahboomcar_nav:/home/yahboom/cartoros2/install/yahboomcar_ctrl:/home/yahboom/cartoros2/install/yahboom_visual:/home/yahboom/cartoros2/install/yahboom_dog_joint_state:/home/yahboom/cartoros2/install/yahboom_description:/home/yahboom/cartoros2/install/yahboom_color_identify_server:/home/yahboom/cartoros2/install/yahboom_bringup:/home/yahboom/cartoros2/install/yahboom_base:/home/yahboom/cartoros2/install/yahboom_app_save_map:/home/yahboom/cartoros2/install/update_map:/home/yahboom/cartoros2/install/rosboard:/home/yahboom/cartoros2/install/path_planner_server:/home/yahboom/cartoros2/install/nav2_simple_commander:/home/yahboom/cartoros2/install/nav2_gazebo_spawner:/home/yahboom/cartoros2/install/localization_server:/home/yahboom/cartoros2/install/laserscan_to_point_pulisher:/home/yahboom/yahboomcar_ws/install/yahboom_dog_example:/opt/ros/humble /usr/bin/cmake --build /home/yahboom/S26_RobotProgramming_Iron/Lab3/Flynn/roscourse_ws/build/turtle_interfaces -- -j4 -l4
