[1.154s] Invoking command in '/home/yahboom/S26_RobotProgramming_Iron/Lab7/Flynn/roscourse_sim_ws/src/my_robot': PYTHONPATH=/home/yahboom/S26_RobotProgramming_Iron/Lab7/Flynn/build/my_robot/prefix_override:/usr/lib/python3/dist-packages/colcon_core/task/python/colcon_distutils_commands:/home/yahboom/S26_RobotProgramming_Iron/Lab7/Flynn/install/my_robot/lib/python3.10/site-packages:${PYTHONPATH} /usr/bin/python3 -W ignore:setup.py install is deprecated -W ignore:easy_install command is deprecated setup.py egg_info --egg-base ../../../build/my_robot build --build-base /home/yahboom/S26_RobotProgramming_Iron/Lab7/Flynn/build/my_robot/build install --record /home/yahboom/S26_RobotProgramming_Iron/Lab7/Flynn/build/my_robot/install.log --single-version-externally-managed install_data
[1.594s] running egg_info
[1.595s] writing ../../../build/my_robot/my_robot.egg-info/PKG-INFO
[1.596s] writing dependency_links to ../../../build/my_robot/my_robot.egg-info/dependency_links.txt
[1.596s] writing entry points to ../../../build/my_robot/my_robot.egg-info/entry_points.txt
[1.596s] writing requirements to ../../../build/my_robot/my_robot.egg-info/requires.txt
[1.597s] writing top-level names to ../../../build/my_robot/my_robot.egg-info/top_level.txt
[1.599s] reading manifest file '../../../build/my_robot/my_robot.egg-info/SOURCES.txt'
[1.601s] writing manifest file '../../../build/my_robot/my_robot.egg-info/SOURCES.txt'
[1.601s] running build
[1.601s] running build_py
[1.601s] running install
[1.602s] running install_lib
[1.604s] running install_data
[1.604s] copying launch/my_robot_xacro_rviz.launch.py -> /home/yahboom/S26_RobotProgramming_Iron/Lab7/Flynn/install/my_robot/share/my_robot/launch
[1.604s] running install_egg_info
[1.608s] removing '/home/yahboom/S26_RobotProgramming_Iron/Lab7/Flynn/install/my_robot/lib/python3.10/site-packages/my_robot-0.0.0-py3.10.egg-info' (and everything under it)
[1.608s] Copying ../../../build/my_robot/my_robot.egg-info to /home/yahboom/S26_RobotProgramming_Iron/Lab7/Flynn/install/my_robot/lib/python3.10/site-packages/my_robot-0.0.0-py3.10.egg-info
[1.609s] running install_scripts
[1.642s] writing list of installed files to '/home/yahboom/S26_RobotProgramming_Iron/Lab7/Flynn/build/my_robot/install.log'
[1.674s] Invoked command in '/home/yahboom/S26_RobotProgramming_Iron/Lab7/Flynn/roscourse_sim_ws/src/my_robot' returned '0': PYTHONPATH=/home/yahboom/S26_RobotProgramming_Iron/Lab7/Flynn/build/my_robot/prefix_override:/usr/lib/python3/dist-packages/colcon_core/task/python/colcon_distutils_commands:/home/yahboom/S26_RobotProgramming_Iron/Lab7/Flynn/install/my_robot/lib/python3.10/site-packages:${PYTHONPATH} /usr/bin/python3 -W ignore:setup.py install is deprecated -W ignore:easy_install command is deprecated setup.py egg_info --egg-base ../../../build/my_robot build --build-base /home/yahboom/S26_RobotProgramming_Iron/Lab7/Flynn/build/my_robot/build install --record /home/yahboom/S26_RobotProgramming_Iron/Lab7/Flynn/build/my_robot/install.log --single-version-externally-managed install_data
