[0.038s] Invoking command in '/home/yahboom/roscourse_sim_ws/build/my_robot': CMAKE_PREFIX_PATH=${CMAKE_PREFIX_PATH}:/home/yahboom/cartoros2/install/yahboomcar_nav:/home/yahboom/cartoros2/install/yahboomcar_ctrl:/home/yahboom/cartoros2/install/yahboom_visual:/home/yahboom/cartoros2/install/yahboom_dog_joint_state:/home/yahboom/cartoros2/install/yahboom_description:/home/yahboom/cartoros2/install/yahboom_color_identify_server:/home/yahboom/cartoros2/install/yahboom_bringup:/home/yahboom/cartoros2/install/yahboom_base:/home/yahboom/cartoros2/install/yahboom_app_save_map:/home/yahboom/cartoros2/install/update_map:/home/yahboom/cartoros2/install/rosboard:/home/yahboom/cartoros2/install/path_planner_server:/home/yahboom/cartoros2/install/nav2_simple_commander:/home/yahboom/cartoros2/install/nav2_gazebo_spawner:/home/yahboom/cartoros2/install/localization_server:/home/yahboom/cartoros2/install/laserscan_to_point_pulisher:/home/yahboom/yahboomcar_ws/install/yahboom_dog_example:/opt/ros/humble /usr/bin/cmake /home/yahboom/roscourse_sim_ws/src/my_robot -DCMAKE_INSTALL_PREFIX=/home/yahboom/roscourse_sim_ws/install/my_robot
[0.419s] -- The C compiler identification is GNU 11.4.0
[0.659s] -- The CXX compiler identification is GNU 11.4.0
[0.681s] -- Detecting C compiler ABI info
[0.993s] -- Detecting C compiler ABI info - done
[1.007s] -- Check for working C compiler: /usr/bin/cc - skipped
[1.009s] -- Detecting C compile features
[1.011s] -- Detecting C compile features - done
[1.018s] -- Detecting CXX compiler ABI info
[1.244s] -- Detecting CXX compiler ABI info - done
[1.252s] -- Check for working CXX compiler: /usr/bin/c++ - skipped
[1.252s] -- Detecting CXX compile features
[1.253s] -- Detecting CXX compile features - done
[1.289s] -- Found ament_cmake: 1.3.8 (/opt/ros/humble/share/ament_cmake/cmake)
[1.850s] -- Found Python3: /usr/bin/python3 (found version "3.10.12") found components: Interpreter 
[2.625s] -- Configuring done
[2.631s] -- Generating done
[2.632s] -- Build files have been written to: /home/yahboom/roscourse_sim_ws/build/my_robot
[2.645s] Invoked command in '/home/yahboom/roscourse_sim_ws/build/my_robot' returned '0': CMAKE_PREFIX_PATH=${CMAKE_PREFIX_PATH}:/home/yahboom/cartoros2/install/yahboomcar_nav:/home/yahboom/cartoros2/install/yahboomcar_ctrl:/home/yahboom/cartoros2/install/yahboom_visual:/home/yahboom/cartoros2/install/yahboom_dog_joint_state:/home/yahboom/cartoros2/install/yahboom_description:/home/yahboom/cartoros2/install/yahboom_color_identify_server:/home/yahboom/cartoros2/install/yahboom_bringup:/home/yahboom/cartoros2/install/yahboom_base:/home/yahboom/cartoros2/install/yahboom_app_save_map:/home/yahboom/cartoros2/install/update_map:/home/yahboom/cartoros2/install/rosboard:/home/yahboom/cartoros2/install/path_planner_server:/home/yahboom/cartoros2/install/nav2_simple_commander:/home/yahboom/cartoros2/install/nav2_gazebo_spawner:/home/yahboom/cartoros2/install/localization_server:/home/yahboom/cartoros2/install/laserscan_to_point_pulisher:/home/yahboom/yahboomcar_ws/install/yahboom_dog_example:/opt/ros/humble /usr/bin/cmake /home/yahboom/roscourse_sim_ws/src/my_robot -DCMAKE_INSTALL_PREFIX=/home/yahboom/roscourse_sim_ws/install/my_robot
[2.659s] Invoking command in '/home/yahboom/roscourse_sim_ws/build/my_robot': CMAKE_PREFIX_PATH=${CMAKE_PREFIX_PATH}:/home/yahboom/cartoros2/install/yahboomcar_nav:/home/yahboom/cartoros2/install/yahboomcar_ctrl:/home/yahboom/cartoros2/install/yahboom_visual:/home/yahboom/cartoros2/install/yahboom_dog_joint_state:/home/yahboom/cartoros2/install/yahboom_description:/home/yahboom/cartoros2/install/yahboom_color_identify_server:/home/yahboom/cartoros2/install/yahboom_bringup:/home/yahboom/cartoros2/install/yahboom_base:/home/yahboom/cartoros2/install/yahboom_app_save_map:/home/yahboom/cartoros2/install/update_map:/home/yahboom/cartoros2/install/rosboard:/home/yahboom/cartoros2/install/path_planner_server:/home/yahboom/cartoros2/install/nav2_simple_commander:/home/yahboom/cartoros2/install/nav2_gazebo_spawner:/home/yahboom/cartoros2/install/localization_server:/home/yahboom/cartoros2/install/laserscan_to_point_pulisher:/home/yahboom/yahboomcar_ws/install/yahboom_dog_example:/opt/ros/humble /usr/bin/cmake --build /home/yahboom/roscourse_sim_ws/build/my_robot -- -j4 -l4
[2.819s] Invoked command in '/home/yahboom/roscourse_sim_ws/build/my_robot' returned '0': CMAKE_PREFIX_PATH=${CMAKE_PREFIX_PATH}:/home/yahboom/cartoros2/install/yahboomcar_nav:/home/yahboom/cartoros2/install/yahboomcar_ctrl:/home/yahboom/cartoros2/install/yahboom_visual:/home/yahboom/cartoros2/install/yahboom_dog_joint_state:/home/yahboom/cartoros2/install/yahboom_description:/home/yahboom/cartoros2/install/yahboom_color_identify_server:/home/yahboom/cartoros2/install/yahboom_bringup:/home/yahboom/cartoros2/install/yahboom_base:/home/yahboom/cartoros2/install/yahboom_app_save_map:/home/yahboom/cartoros2/install/update_map:/home/yahboom/cartoros2/install/rosboard:/home/yahboom/cartoros2/install/path_planner_server:/home/yahboom/cartoros2/install/nav2_simple_commander:/home/yahboom/cartoros2/install/nav2_gazebo_spawner:/home/yahboom/cartoros2/install/localization_server:/home/yahboom/cartoros2/install/laserscan_to_point_pulisher:/home/yahboom/yahboomcar_ws/install/yahboom_dog_example:/opt/ros/humble /usr/bin/cmake --build /home/yahboom/roscourse_sim_ws/build/my_robot -- -j4 -l4
[3.055s] Invoking command in '/home/yahboom/roscourse_sim_ws/build/my_robot': CMAKE_PREFIX_PATH=${CMAKE_PREFIX_PATH}:/home/yahboom/cartoros2/install/yahboomcar_nav:/home/yahboom/cartoros2/install/yahboomcar_ctrl:/home/yahboom/cartoros2/install/yahboom_visual:/home/yahboom/cartoros2/install/yahboom_dog_joint_state:/home/yahboom/cartoros2/install/yahboom_description:/home/yahboom/cartoros2/install/yahboom_color_identify_server:/home/yahboom/cartoros2/install/yahboom_bringup:/home/yahboom/cartoros2/install/yahboom_base:/home/yahboom/cartoros2/install/yahboom_app_save_map:/home/yahboom/cartoros2/install/update_map:/home/yahboom/cartoros2/install/rosboard:/home/yahboom/cartoros2/install/path_planner_server:/home/yahboom/cartoros2/install/nav2_simple_commander:/home/yahboom/cartoros2/install/nav2_gazebo_spawner:/home/yahboom/cartoros2/install/localization_server:/home/yahboom/cartoros2/install/laserscan_to_point_pulisher:/home/yahboom/yahboomcar_ws/install/yahboom_dog_example:/opt/ros/humble /usr/bin/cmake --install /home/yahboom/roscourse_sim_ws/build/my_robot
[3.084s] -- Install configuration: ""
[3.084s] -- Installing: /home/yahboom/roscourse_sim_ws/install/my_robot/share/my_robot/urdf
[3.084s] -- Installing: /home/yahboom/roscourse_sim_ws/install/my_robot/share/my_robot/urdf/my_robot.urdf.xacro
[3.085s] -- Installing: /home/yahboom/roscourse_sim_ws/install/my_robot/share/my_robot/urdf/my_robot.urdf
[3.085s] -- Installing: /home/yahboom/roscourse_sim_ws/install/my_robot/share/my_robot/launch
[3.085s] -- Installing: /home/yahboom/roscourse_sim_ws/install/my_robot/share/my_robot/launch/my_robot_rviz.launch.py
[3.085s] -- Installing: /home/yahboom/roscourse_sim_ws/install/my_robot/share/my_robot/launch/my_robot_xacro_rviz.launch.py
[3.085s] -- Installing: /home/yahboom/roscourse_sim_ws/install/my_robot/share/my_robot/rviz
[3.085s] -- Installing: /home/yahboom/roscourse_sim_ws/install/my_robot/share/my_robot/rviz/my_robot.rviz
[3.085s] -- Installing: /home/yahboom/roscourse_sim_ws/install/my_robot/share/ament_index/resource_index/package_run_dependencies/my_robot
[3.086s] -- Installing: /home/yahboom/roscourse_sim_ws/install/my_robot/share/ament_index/resource_index/parent_prefix_path/my_robot
[3.086s] -- Installing: /home/yahboom/roscourse_sim_ws/install/my_robot/share/my_robot/environment/ament_prefix_path.sh
[3.086s] -- Installing: /home/yahboom/roscourse_sim_ws/install/my_robot/share/my_robot/environment/ament_prefix_path.dsv
[3.086s] -- Installing: /home/yahboom/roscourse_sim_ws/install/my_robot/share/my_robot/environment/path.sh
[3.087s] -- Installing: /home/yahboom/roscourse_sim_ws/install/my_robot/share/my_robot/environment/path.dsv
[3.087s] -- Installing: /home/yahboom/roscourse_sim_ws/install/my_robot/share/my_robot/local_setup.bash
[3.087s] -- Installing: /home/yahboom/roscourse_sim_ws/install/my_robot/share/my_robot/local_setup.sh
[3.088s] -- Installing: /home/yahboom/roscourse_sim_ws/install/my_robot/share/my_robot/local_setup.zsh
[3.088s] -- Installing: /home/yahboom/roscourse_sim_ws/install/my_robot/share/my_robot/local_setup.dsv
[3.088s] -- Installing: /home/yahboom/roscourse_sim_ws/install/my_robot/share/my_robot/package.dsv
[3.089s] -- Installing: /home/yahboom/roscourse_sim_ws/install/my_robot/share/ament_index/resource_index/packages/my_robot
[3.090s] -- Installing: /home/yahboom/roscourse_sim_ws/install/my_robot/share/my_robot/cmake/my_robotConfig.cmake
[3.090s] -- Installing: /home/yahboom/roscourse_sim_ws/install/my_robot/share/my_robot/cmake/my_robotConfig-version.cmake
[3.090s] -- Installing: /home/yahboom/roscourse_sim_ws/install/my_robot/share/my_robot/package.xml
[3.098s] Invoked command in '/home/yahboom/roscourse_sim_ws/build/my_robot' returned '0': CMAKE_PREFIX_PATH=${CMAKE_PREFIX_PATH}:/home/yahboom/cartoros2/install/yahboomcar_nav:/home/yahboom/cartoros2/install/yahboomcar_ctrl:/home/yahboom/cartoros2/install/yahboom_visual:/home/yahboom/cartoros2/install/yahboom_dog_joint_state:/home/yahboom/cartoros2/install/yahboom_description:/home/yahboom/cartoros2/install/yahboom_color_identify_server:/home/yahboom/cartoros2/install/yahboom_bringup:/home/yahboom/cartoros2/install/yahboom_base:/home/yahboom/cartoros2/install/yahboom_app_save_map:/home/yahboom/cartoros2/install/update_map:/home/yahboom/cartoros2/install/rosboard:/home/yahboom/cartoros2/install/path_planner_server:/home/yahboom/cartoros2/install/nav2_simple_commander:/home/yahboom/cartoros2/install/nav2_gazebo_spawner:/home/yahboom/cartoros2/install/localization_server:/home/yahboom/cartoros2/install/laserscan_to_point_pulisher:/home/yahboom/yahboomcar_ws/install/yahboom_dog_example:/opt/ros/humble /usr/bin/cmake --install /home/yahboom/roscourse_sim_ws/build/my_robot
