[2.793s] Invoking command in '/home/yahboom/intro_ws/src/examples/rclpy/services/minimal_client': PYTHONPATH=/home/yahboom/intro_ws/build/examples_rclpy_minimal_client/prefix_override:/usr/lib/python3/dist-packages/colcon_core/task/python/colcon_distutils_commands:/home/yahboom/intro_ws/install/examples_rclpy_minimal_client/lib/python3.10/site-packages:${PYTHONPATH} /usr/bin/python3 -W ignore:setup.py install is deprecated -W ignore:easy_install command is deprecated setup.py egg_info --egg-base ../../../../../build/examples_rclpy_minimal_client build --build-base /home/yahboom/intro_ws/build/examples_rclpy_minimal_client/build install --record /home/yahboom/intro_ws/build/examples_rclpy_minimal_client/install.log --single-version-externally-managed install_data
[3.597s] running egg_info
[3.597s] creating ../../../../../build/examples_rclpy_minimal_client/examples_rclpy_minimal_client.egg-info
[3.597s] writing ../../../../../build/examples_rclpy_minimal_client/examples_rclpy_minimal_client.egg-info/PKG-INFO
[3.597s] writing dependency_links to ../../../../../build/examples_rclpy_minimal_client/examples_rclpy_minimal_client.egg-info/dependency_links.txt
[3.600s] writing entry points to ../../../../../build/examples_rclpy_minimal_client/examples_rclpy_minimal_client.egg-info/entry_points.txt
[3.601s] writing requirements to ../../../../../build/examples_rclpy_minimal_client/examples_rclpy_minimal_client.egg-info/requires.txt
[3.601s] writing top-level names to ../../../../../build/examples_rclpy_minimal_client/examples_rclpy_minimal_client.egg-info/top_level.txt
[3.601s] writing manifest file '../../../../../build/examples_rclpy_minimal_client/examples_rclpy_minimal_client.egg-info/SOURCES.txt'
[3.612s] reading manifest file '../../../../../build/examples_rclpy_minimal_client/examples_rclpy_minimal_client.egg-info/SOURCES.txt'
[3.612s] writing manifest file '../../../../../build/examples_rclpy_minimal_client/examples_rclpy_minimal_client.egg-info/SOURCES.txt'
[3.612s] running build
[3.612s] running build_py
[3.612s] creating /home/yahboom/intro_ws/build/examples_rclpy_minimal_client/build
[3.613s] creating /home/yahboom/intro_ws/build/examples_rclpy_minimal_client/build/lib
[3.615s] creating /home/yahboom/intro_ws/build/examples_rclpy_minimal_client/build/lib/examples_rclpy_minimal_client
[3.615s] copying examples_rclpy_minimal_client/client_async_member_function.py -> /home/yahboom/intro_ws/build/examples_rclpy_minimal_client/build/lib/examples_rclpy_minimal_client
[3.619s] copying examples_rclpy_minimal_client/client.py -> /home/yahboom/intro_ws/build/examples_rclpy_minimal_client/build/lib/examples_rclpy_minimal_client
[3.623s] copying examples_rclpy_minimal_client/__init__.py -> /home/yahboom/intro_ws/build/examples_rclpy_minimal_client/build/lib/examples_rclpy_minimal_client
[3.623s] copying examples_rclpy_minimal_client/client_async.py -> /home/yahboom/intro_ws/build/examples_rclpy_minimal_client/build/lib/examples_rclpy_minimal_client
[3.625s] copying examples_rclpy_minimal_client/client_async_callback.py -> /home/yahboom/intro_ws/build/examples_rclpy_minimal_client/build/lib/examples_rclpy_minimal_client
[3.627s] running install
[3.627s] running install_lib
[3.631s] creating /home/yahboom/intro_ws/install/examples_rclpy_minimal_client/lib/python3.10/site-packages/examples_rclpy_minimal_client
[3.632s] copying /home/yahboom/intro_ws/build/examples_rclpy_minimal_client/build/lib/examples_rclpy_minimal_client/client_async_member_function.py -> /home/yahboom/intro_ws/install/examples_rclpy_minimal_client/lib/python3.10/site-packages/examples_rclpy_minimal_client
[3.632s] copying /home/yahboom/intro_ws/build/examples_rclpy_minimal_client/build/lib/examples_rclpy_minimal_client/client.py -> /home/yahboom/intro_ws/install/examples_rclpy_minimal_client/lib/python3.10/site-packages/examples_rclpy_minimal_client
[3.632s] copying /home/yahboom/intro_ws/build/examples_rclpy_minimal_client/build/lib/examples_rclpy_minimal_client/__init__.py -> /home/yahboom/intro_ws/install/examples_rclpy_minimal_client/lib/python3.10/site-packages/examples_rclpy_minimal_client
[3.632s] copying /home/yahboom/intro_ws/build/examples_rclpy_minimal_client/build/lib/examples_rclpy_minimal_client/client_async.py -> /home/yahboom/intro_ws/install/examples_rclpy_minimal_client/lib/python3.10/site-packages/examples_rclpy_minimal_client
[3.632s] copying /home/yahboom/intro_ws/build/examples_rclpy_minimal_client/build/lib/examples_rclpy_minimal_client/client_async_callback.py -> /home/yahboom/intro_ws/install/examples_rclpy_minimal_client/lib/python3.10/site-packages/examples_rclpy_minimal_client
[3.632s] byte-compiling /home/yahboom/intro_ws/install/examples_rclpy_minimal_client/lib/python3.10/site-packages/examples_rclpy_minimal_client/client_async_member_function.py to client_async_member_function.cpython-310.pyc
[3.634s] byte-compiling /home/yahboom/intro_ws/install/examples_rclpy_minimal_client/lib/python3.10/site-packages/examples_rclpy_minimal_client/client.py to client.cpython-310.pyc
[3.634s] byte-compiling /home/yahboom/intro_ws/install/examples_rclpy_minimal_client/lib/python3.10/site-packages/examples_rclpy_minimal_client/__init__.py to __init__.cpython-310.pyc
[3.635s] byte-compiling /home/yahboom/intro_ws/install/examples_rclpy_minimal_client/lib/python3.10/site-packages/examples_rclpy_minimal_client/client_async.py to client_async.cpython-310.pyc
[3.636s] byte-compiling /home/yahboom/intro_ws/install/examples_rclpy_minimal_client/lib/python3.10/site-packages/examples_rclpy_minimal_client/client_async_callback.py to client_async_callback.cpython-310.pyc
[3.637s] running install_data
[3.639s] creating /home/yahboom/intro_ws/install/examples_rclpy_minimal_client/share/ament_index
[3.639s] creating /home/yahboom/intro_ws/install/examples_rclpy_minimal_client/share/ament_index/resource_index
[3.639s] creating /home/yahboom/intro_ws/install/examples_rclpy_minimal_client/share/ament_index/resource_index/packages
[3.639s] copying resource/examples_rclpy_minimal_client -> /home/yahboom/intro_ws/install/examples_rclpy_minimal_client/share/ament_index/resource_index/packages
[3.639s] copying package.xml -> /home/yahboom/intro_ws/install/examples_rclpy_minimal_client/share/examples_rclpy_minimal_client
[3.642s] running install_egg_info
[3.645s] Copying ../../../../../build/examples_rclpy_minimal_client/examples_rclpy_minimal_client.egg-info to /home/yahboom/intro_ws/install/examples_rclpy_minimal_client/lib/python3.10/site-packages/examples_rclpy_minimal_client-0.15.5-py3.10.egg-info
[3.648s] running install_scripts
[3.703s] Installing client script to /home/yahboom/intro_ws/install/examples_rclpy_minimal_client/lib/examples_rclpy_minimal_client
[3.704s] Installing client_async script to /home/yahboom/intro_ws/install/examples_rclpy_minimal_client/lib/examples_rclpy_minimal_client
[3.704s] Installing client_async_callback script to /home/yahboom/intro_ws/install/examples_rclpy_minimal_client/lib/examples_rclpy_minimal_client
[3.705s] Installing client_async_member_function script to /home/yahboom/intro_ws/install/examples_rclpy_minimal_client/lib/examples_rclpy_minimal_client
[3.706s] writing list of installed files to '/home/yahboom/intro_ws/build/examples_rclpy_minimal_client/install.log'
[3.764s] Invoked command in '/home/yahboom/intro_ws/src/examples/rclpy/services/minimal_client' returned '0': PYTHONPATH=/home/yahboom/intro_ws/build/examples_rclpy_minimal_client/prefix_override:/usr/lib/python3/dist-packages/colcon_core/task/python/colcon_distutils_commands:/home/yahboom/intro_ws/install/examples_rclpy_minimal_client/lib/python3.10/site-packages:${PYTHONPATH} /usr/bin/python3 -W ignore:setup.py install is deprecated -W ignore:easy_install command is deprecated setup.py egg_info --egg-base ../../../../../build/examples_rclpy_minimal_client build --build-base /home/yahboom/intro_ws/build/examples_rclpy_minimal_client/build install --record /home/yahboom/intro_ws/build/examples_rclpy_minimal_client/install.log --single-version-externally-managed install_data
