[0.621s] Invoking command in '/home/yahboom/Desktop/S26_RobotProgramming_Iron/Lab3/chuang/roscourse_ws/src/build/webcam': PYTHONPATH=/home/yahboom/Desktop/S26_RobotProgramming_Iron/Lab3/chuang/roscourse_ws/src/build/webcam/prefix_override:/home/yahboom/Desktop/S26_RobotProgramming_Iron/Lab3/chuang/roscourse_ws/src/install/webcam/lib/python3.10/site-packages:${PYTHONPATH} /usr/bin/python3 -W ignore:setup.py install is deprecated setup.py develop --editable --build-directory /home/yahboom/Desktop/S26_RobotProgramming_Iron/Lab3/chuang/roscourse_ws/src/build/webcam/build --no-deps symlink_data
[0.828s] running develop
[0.830s] /usr/lib/python3/dist-packages/setuptools/command/easy_install.py:158: EasyInstallDeprecationWarning: easy_install command is deprecated. Use build and pip and other standards-based tools.
[0.830s]   warnings.warn(
[0.933s] running egg_info
[0.933s] creating webcam.egg-info
[0.933s] writing webcam.egg-info/PKG-INFO
[0.933s] writing dependency_links to webcam.egg-info/dependency_links.txt
[0.933s] writing entry points to webcam.egg-info/entry_points.txt
[0.933s] writing requirements to webcam.egg-info/requires.txt
[0.933s] writing top-level names to webcam.egg-info/top_level.txt
[0.934s] writing manifest file 'webcam.egg-info/SOURCES.txt'
[0.935s] reading manifest file 'webcam.egg-info/SOURCES.txt'
[0.936s] writing manifest file 'webcam.egg-info/SOURCES.txt'
[0.938s] running build_ext
[0.938s] Creating /home/yahboom/Desktop/S26_RobotProgramming_Iron/Lab3/chuang/roscourse_ws/src/install/webcam/lib/python3.10/site-packages/webcam.egg-link (link to .)
[0.939s] Installing webcam_pub script to /home/yahboom/Desktop/S26_RobotProgramming_Iron/Lab3/chuang/roscourse_ws/src/install/webcam/lib/webcam
[0.939s] Installing webcam_sub script to /home/yahboom/Desktop/S26_RobotProgramming_Iron/Lab3/chuang/roscourse_ws/src/install/webcam/lib/webcam
[0.939s] 
[0.939s] Installed /home/yahboom/Desktop/S26_RobotProgramming_Iron/Lab3/chuang/roscourse_ws/src/build/webcam
[0.939s] running symlink_data
[0.940s] creating /home/yahboom/Desktop/S26_RobotProgramming_Iron/Lab3/chuang/roscourse_ws/src/install/webcam/share/ament_index
[0.940s] creating /home/yahboom/Desktop/S26_RobotProgramming_Iron/Lab3/chuang/roscourse_ws/src/install/webcam/share/ament_index/resource_index
[0.940s] creating /home/yahboom/Desktop/S26_RobotProgramming_Iron/Lab3/chuang/roscourse_ws/src/install/webcam/share/ament_index/resource_index/packages
[0.940s] symbolically linking /home/yahboom/Desktop/S26_RobotProgramming_Iron/Lab3/chuang/roscourse_ws/src/build/webcam/resource/webcam -> /home/yahboom/Desktop/S26_RobotProgramming_Iron/Lab3/chuang/roscourse_ws/src/install/webcam/share/ament_index/resource_index/packages
[0.940s] symbolically linking /home/yahboom/Desktop/S26_RobotProgramming_Iron/Lab3/chuang/roscourse_ws/src/build/webcam/package.xml -> /home/yahboom/Desktop/S26_RobotProgramming_Iron/Lab3/chuang/roscourse_ws/src/install/webcam/share/webcam
[0.962s] Invoked command in '/home/yahboom/Desktop/S26_RobotProgramming_Iron/Lab3/chuang/roscourse_ws/src/build/webcam' returned '0': PYTHONPATH=/home/yahboom/Desktop/S26_RobotProgramming_Iron/Lab3/chuang/roscourse_ws/src/build/webcam/prefix_override:/home/yahboom/Desktop/S26_RobotProgramming_Iron/Lab3/chuang/roscourse_ws/src/install/webcam/lib/python3.10/site-packages:${PYTHONPATH} /usr/bin/python3 -W ignore:setup.py install is deprecated setup.py develop --editable --build-directory /home/yahboom/Desktop/S26_RobotProgramming_Iron/Lab3/chuang/roscourse_ws/src/build/webcam/build --no-deps symlink_data
