[1.872s] Invoking command in '/home/yahboom/S26_RobotProgramming_Iron/Lab4/Flynn/roscourse_ws/src/teleop_twist_keyboard': PYTHONPATH=/home/yahboom/S26_RobotProgramming_Iron/Lab4/Flynn/roscourse_ws/build/teleop_twist_keyboard/prefix_override:/usr/lib/python3/dist-packages/colcon_core/task/python/colcon_distutils_commands:/home/yahboom/S26_RobotProgramming_Iron/Lab4/Flynn/roscourse_ws/install/teleop_twist_keyboard/lib/python3.10/site-packages:${PYTHONPATH} /usr/bin/python3 -W ignore:setup.py install is deprecated -W ignore:easy_install command is deprecated setup.py egg_info --egg-base ../../build/teleop_twist_keyboard build --build-base /home/yahboom/S26_RobotProgramming_Iron/Lab4/Flynn/roscourse_ws/build/teleop_twist_keyboard/build install --record /home/yahboom/S26_RobotProgramming_Iron/Lab4/Flynn/roscourse_ws/build/teleop_twist_keyboard/install.log --single-version-externally-managed install_data
[2.592s] running egg_info
[2.593s] writing ../../build/teleop_twist_keyboard/teleop_twist_keyboard.egg-info/PKG-INFO
[2.594s] writing dependency_links to ../../build/teleop_twist_keyboard/teleop_twist_keyboard.egg-info/dependency_links.txt
[2.595s] writing entry points to ../../build/teleop_twist_keyboard/teleop_twist_keyboard.egg-info/entry_points.txt
[2.596s] writing requirements to ../../build/teleop_twist_keyboard/teleop_twist_keyboard.egg-info/requires.txt
[2.596s] writing top-level names to ../../build/teleop_twist_keyboard/teleop_twist_keyboard.egg-info/top_level.txt
[2.600s] reading manifest file '../../build/teleop_twist_keyboard/teleop_twist_keyboard.egg-info/SOURCES.txt'
[2.601s] adding license file 'LICENSE'
[2.602s] writing manifest file '../../build/teleop_twist_keyboard/teleop_twist_keyboard.egg-info/SOURCES.txt'
[2.603s] running build
[2.604s] running build_py
[2.604s] copying teleop_twist_keyboard.py -> /home/yahboom/S26_RobotProgramming_Iron/Lab4/Flynn/roscourse_ws/build/teleop_twist_keyboard/build/lib
[2.604s] running install
[2.604s] running install_lib
[2.607s] copying /home/yahboom/S26_RobotProgramming_Iron/Lab4/Flynn/roscourse_ws/build/teleop_twist_keyboard/build/lib/teleop_twist_keyboard.py -> /home/yahboom/S26_RobotProgramming_Iron/Lab4/Flynn/roscourse_ws/install/teleop_twist_keyboard/lib/python3.10/site-packages
[2.609s] byte-compiling /home/yahboom/S26_RobotProgramming_Iron/Lab4/Flynn/roscourse_ws/install/teleop_twist_keyboard/lib/python3.10/site-packages/teleop_twist_keyboard.py to teleop_twist_keyboard.cpython-310.pyc
[2.612s] running install_data
[2.612s] running install_egg_info
[2.617s] removing '/home/yahboom/S26_RobotProgramming_Iron/Lab4/Flynn/roscourse_ws/install/teleop_twist_keyboard/lib/python3.10/site-packages/teleop_twist_keyboard-2.4.1-py3.10.egg-info' (and everything under it)
[2.618s] Copying ../../build/teleop_twist_keyboard/teleop_twist_keyboard.egg-info to /home/yahboom/S26_RobotProgramming_Iron/Lab4/Flynn/roscourse_ws/install/teleop_twist_keyboard/lib/python3.10/site-packages/teleop_twist_keyboard-2.4.1-py3.10.egg-info
[2.620s] running install_scripts
[2.674s] Installing teleop_twist_keyboard script to /home/yahboom/S26_RobotProgramming_Iron/Lab4/Flynn/roscourse_ws/install/teleop_twist_keyboard/lib/teleop_twist_keyboard
[2.675s] writing list of installed files to '/home/yahboom/S26_RobotProgramming_Iron/Lab4/Flynn/roscourse_ws/build/teleop_twist_keyboard/install.log'
[2.725s] Invoked command in '/home/yahboom/S26_RobotProgramming_Iron/Lab4/Flynn/roscourse_ws/src/teleop_twist_keyboard' returned '0': PYTHONPATH=/home/yahboom/S26_RobotProgramming_Iron/Lab4/Flynn/roscourse_ws/build/teleop_twist_keyboard/prefix_override:/usr/lib/python3/dist-packages/colcon_core/task/python/colcon_distutils_commands:/home/yahboom/S26_RobotProgramming_Iron/Lab4/Flynn/roscourse_ws/install/teleop_twist_keyboard/lib/python3.10/site-packages:${PYTHONPATH} /usr/bin/python3 -W ignore:setup.py install is deprecated -W ignore:easy_install command is deprecated setup.py egg_info --egg-base ../../build/teleop_twist_keyboard build --build-base /home/yahboom/S26_RobotProgramming_Iron/Lab4/Flynn/roscourse_ws/build/teleop_twist_keyboard/build install --record /home/yahboom/S26_RobotProgramming_Iron/Lab4/Flynn/roscourse_ws/build/teleop_twist_keyboard/install.log --single-version-externally-managed install_data
