[0.055s] Invoking command in '/home/yahboom/roscourse_sim_ws/build/my_robot': CMAKE_PREFIX_PATH=${CMAKE_PREFIX_PATH}:/home/yahboom/cartoros2/install/yahboomcar_nav:/home/yahboom/cartoros2/install/yahboomcar_ctrl:/home/yahboom/cartoros2/install/yahboom_visual:/home/yahboom/cartoros2/install/yahboom_dog_joint_state:/home/yahboom/cartoros2/install/yahboom_description:/home/yahboom/cartoros2/install/yahboom_color_identify_server:/home/yahboom/cartoros2/install/yahboom_bringup:/home/yahboom/cartoros2/install/yahboom_base:/home/yahboom/cartoros2/install/yahboom_app_save_map:/home/yahboom/cartoros2/install/update_map:/home/yahboom/cartoros2/install/rosboard:/home/yahboom/cartoros2/install/path_planner_server:/home/yahboom/cartoros2/install/nav2_simple_commander:/home/yahboom/cartoros2/install/nav2_gazebo_spawner:/home/yahboom/cartoros2/install/localization_server:/home/yahboom/cartoros2/install/laserscan_to_point_pulisher:/home/yahboom/yahboomcar_ws/install/yahboom_dog_example:/opt/ros/humble /usr/bin/cmake --build /home/yahboom/roscourse_sim_ws/build/my_robot -- -j4 -l4
[0.170s] Invoked command in '/home/yahboom/roscourse_sim_ws/build/my_robot' returned '0': CMAKE_PREFIX_PATH=${CMAKE_PREFIX_PATH}:/home/yahboom/cartoros2/install/yahboomcar_nav:/home/yahboom/cartoros2/install/yahboomcar_ctrl:/home/yahboom/cartoros2/install/yahboom_visual:/home/yahboom/cartoros2/install/yahboom_dog_joint_state:/home/yahboom/cartoros2/install/yahboom_description:/home/yahboom/cartoros2/install/yahboom_color_identify_server:/home/yahboom/cartoros2/install/yahboom_bringup:/home/yahboom/cartoros2/install/yahboom_base:/home/yahboom/cartoros2/install/yahboom_app_save_map:/home/yahboom/cartoros2/install/update_map:/home/yahboom/cartoros2/install/rosboard:/home/yahboom/cartoros2/install/path_planner_server:/home/yahboom/cartoros2/install/nav2_simple_commander:/home/yahboom/cartoros2/install/nav2_gazebo_spawner:/home/yahboom/cartoros2/install/localization_server:/home/yahboom/cartoros2/install/laserscan_to_point_pulisher:/home/yahboom/yahboomcar_ws/install/yahboom_dog_example:/opt/ros/humble /usr/bin/cmake --build /home/yahboom/roscourse_sim_ws/build/my_robot -- -j4 -l4
[0.340s] Invoking command in '/home/yahboom/roscourse_sim_ws/build/my_robot': CMAKE_PREFIX_PATH=${CMAKE_PREFIX_PATH}:/home/yahboom/cartoros2/install/yahboomcar_nav:/home/yahboom/cartoros2/install/yahboomcar_ctrl:/home/yahboom/cartoros2/install/yahboom_visual:/home/yahboom/cartoros2/install/yahboom_dog_joint_state:/home/yahboom/cartoros2/install/yahboom_description:/home/yahboom/cartoros2/install/yahboom_color_identify_server:/home/yahboom/cartoros2/install/yahboom_bringup:/home/yahboom/cartoros2/install/yahboom_base:/home/yahboom/cartoros2/install/yahboom_app_save_map:/home/yahboom/cartoros2/install/update_map:/home/yahboom/cartoros2/install/rosboard:/home/yahboom/cartoros2/install/path_planner_server:/home/yahboom/cartoros2/install/nav2_simple_commander:/home/yahboom/cartoros2/install/nav2_gazebo_spawner:/home/yahboom/cartoros2/install/localization_server:/home/yahboom/cartoros2/install/laserscan_to_point_pulisher:/home/yahboom/yahboomcar_ws/install/yahboom_dog_example:/opt/ros/humble /usr/bin/cmake --install /home/yahboom/roscourse_sim_ws/build/my_robot
[0.368s] -- Install configuration: ""
[0.368s] -- Up-to-date: /home/yahboom/roscourse_sim_ws/install/my_robot/share/my_robot/urdf
[0.369s] -- Up-to-date: /home/yahboom/roscourse_sim_ws/install/my_robot/share/my_robot/urdf/my_robot.urdf.xacro
[0.370s] -- Up-to-date: /home/yahboom/roscourse_sim_ws/install/my_robot/share/my_robot/urdf/my_robot.urdf
[0.371s] -- Up-to-date: /home/yahboom/roscourse_sim_ws/install/my_robot/share/my_robot/launch
[0.371s] -- Up-to-date: /home/yahboom/roscourse_sim_ws/install/my_robot/share/my_robot/launch/my_robot_rviz.launch.py
[0.372s] -- Up-to-date: /home/yahboom/roscourse_sim_ws/install/my_robot/share/my_robot/launch/my_robot_xacro_rviz.launch.py
[0.372s] -- Up-to-date: /home/yahboom/roscourse_sim_ws/install/my_robot/share/my_robot/rviz
[0.372s] -- Up-to-date: /home/yahboom/roscourse_sim_ws/install/my_robot/share/my_robot/rviz/my_robot.rviz
[0.372s] -- Up-to-date: /home/yahboom/roscourse_sim_ws/install/my_robot/share/ament_index/resource_index/package_run_dependencies/my_robot
[0.373s] -- Up-to-date: /home/yahboom/roscourse_sim_ws/install/my_robot/share/ament_index/resource_index/parent_prefix_path/my_robot
[0.373s] -- Up-to-date: /home/yahboom/roscourse_sim_ws/install/my_robot/share/my_robot/environment/ament_prefix_path.sh
[0.373s] -- Up-to-date: /home/yahboom/roscourse_sim_ws/install/my_robot/share/my_robot/environment/ament_prefix_path.dsv
[0.374s] -- Up-to-date: /home/yahboom/roscourse_sim_ws/install/my_robot/share/my_robot/environment/path.sh
[0.375s] -- Up-to-date: /home/yahboom/roscourse_sim_ws/install/my_robot/share/my_robot/environment/path.dsv
[0.378s] -- Up-to-date: /home/yahboom/roscourse_sim_ws/install/my_robot/share/my_robot/local_setup.bash
[0.379s] -- Up-to-date: /home/yahboom/roscourse_sim_ws/install/my_robot/share/my_robot/local_setup.sh
[0.380s] -- Up-to-date: /home/yahboom/roscourse_sim_ws/install/my_robot/share/my_robot/local_setup.zsh
[0.382s] -- Up-to-date: /home/yahboom/roscourse_sim_ws/install/my_robot/share/my_robot/local_setup.dsv
[0.383s] -- Installing: /home/yahboom/roscourse_sim_ws/install/my_robot/share/my_robot/package.dsv
[0.385s] -- Up-to-date: /home/yahboom/roscourse_sim_ws/install/my_robot/share/ament_index/resource_index/packages/my_robot
[0.388s] -- Up-to-date: /home/yahboom/roscourse_sim_ws/install/my_robot/share/my_robot/cmake/my_robotConfig.cmake
[0.389s] -- Up-to-date: /home/yahboom/roscourse_sim_ws/install/my_robot/share/my_robot/cmake/my_robotConfig-version.cmake
[0.390s] -- Up-to-date: /home/yahboom/roscourse_sim_ws/install/my_robot/share/my_robot/package.xml
[0.391s] Invoked command in '/home/yahboom/roscourse_sim_ws/build/my_robot' returned '0': CMAKE_PREFIX_PATH=${CMAKE_PREFIX_PATH}:/home/yahboom/cartoros2/install/yahboomcar_nav:/home/yahboom/cartoros2/install/yahboomcar_ctrl:/home/yahboom/cartoros2/install/yahboom_visual:/home/yahboom/cartoros2/install/yahboom_dog_joint_state:/home/yahboom/cartoros2/install/yahboom_description:/home/yahboom/cartoros2/install/yahboom_color_identify_server:/home/yahboom/cartoros2/install/yahboom_bringup:/home/yahboom/cartoros2/install/yahboom_base:/home/yahboom/cartoros2/install/yahboom_app_save_map:/home/yahboom/cartoros2/install/update_map:/home/yahboom/cartoros2/install/rosboard:/home/yahboom/cartoros2/install/path_planner_server:/home/yahboom/cartoros2/install/nav2_simple_commander:/home/yahboom/cartoros2/install/nav2_gazebo_spawner:/home/yahboom/cartoros2/install/localization_server:/home/yahboom/cartoros2/install/laserscan_to_point_pulisher:/home/yahboom/yahboomcar_ws/install/yahboom_dog_example:/opt/ros/humble /usr/bin/cmake --install /home/yahboom/roscourse_sim_ws/build/my_robot
